K Beam Energy|xy|TestSize|0.5|try 0 Model: |(x0*(x0 + x1)/(-0.45331246) + x1 + 0.2349902)/(x1**3*(-0.07629793) + x1/x0)|R2:|0.24747654927294083
K Beam Energy|xy|TestSize|0.5|try 1 Model: |(-0.7460851 + (x0 + x1 + 0.03450861/(x1**3 - 0.5997729))/(x1 - 1*1.4857702))*x0*(-0.89626485)|R2:|-0.17594288440320027
K Beam Energy|xy|TestSize|0.5|try 2 Model: |-(-1.1701186)*x0 + (x0 - 1*(-0.88876545) + (x0*1.4901526 - 0.037561525)/x1)**3*(-0.089885674) - 0.3274407|R2:|0.3635825906970993
K Beam Energy|xy|TestSize|0.5|try 3 Model: |(x1**4/(0.4783854 - x1**2) + x1*14.855858)*(-(x0/1.0527967 + x1)**3 - 0.049964067)|R2:|-0.05752632929074375
K Beam Energy|xy|TestSize|0.5|try 4 Model: |x0 + (-0.2091798 + (x0 + 0.03400291)**3/x1**3)*(0.12807202 - (x0 + x1))/(1.1745495 - x1)|R2:|-467.2250913664506
K Beam Energy|xy|TestSize|0.25|try 0 Model: |x1*(-(x0 + x1) - 0.82317424) + 0.044173863 + 0.047750246/(x0**3*x1*1.7581059 - x0)|R2:|-0.9638996529325519
K Beam Energy|xy|TestSize|0.25|try 1 Model: |(x0**2 - x1**2 + (-x1 - 0.13769639/(x0**2 + x1 - 1.8988006))*0.8631825)*0.8145479|R2:|0.527944851135979
K Beam Energy|xy|TestSize|0.25|try 2 Model: |(x0 - (x0 + x1)/((x1 - 1*0.8610948)/(x1**2)))/(1.3324516 - 0.023755537*x1**4)|R2:|0.7312016456884507
K Beam Energy|xy|TestSize|0.25|try 3 Model: |-(-x0*(x0*0.96303463 + x1) + x1/1.235946) + 0.110551976/(1.3286968 - (-x0**3 + x1))|R2:|0.523506365502491
K Beam Energy|xy|TestSize|0.25|try 4 Model: |-0.10931644*x1**4/(x1 - 0.705028) + (x0 - 1.4246957)*(x0 + x1 + 0.43058434) + 0.72975785|R2:|0.7698065824961047
K Beam Energy|xy|TestSize|0.15|try 0 Model: |x1**3*(-0.18328287) + (-(x0 + x1) - 0.25118357)*(0.7348156 - (x0 - x1))*0.86541694 - 1*(-0.21700215)|R2:|0.6055494453547419
K Beam Energy|xy|TestSize|0.15|try 1 Model: |(x0 + 0.39957142/(x0**2 + x0 + x0))*(x0 + x1 - 0.1724529) - (x1 - 1*(-0.05011471))|R2:|0.6666227024505709
K Beam Energy|xy|TestSize|0.15|try 2 Model: |(-x1**3 - 0.15630932/x0)*0.16354778 + (x0 + x0 - 0.1109569)*(x0 + x1 + 0.2795967)|R2:|0.5334321226732497
K Beam Energy|xy|TestSize|0.15|try 3 Model: |(x0 - 1*1.7219192)*(x0 + (1.1995418 + 0.018763024/(x1**4 - 0.2487056))*(x1 + 0.33416808)) + 0.8722575|R2:|0.0715432729479345
K Beam Energy|xy|TestSize|0.15|try 4 Model: |x0*(x1**2*((x0 + x1)/(x1**2 - 1*0.66961914) - 1*(-0.5223161))**3 - 1*(-0.182677))/0.6683073|R2:|0.5912243799279497
K Beam Energy|xy|TestSize|0.1|try 0 Model: |(x0 - (-0.09644808)*x1**2 + x1)*(x0 - 0.47547424)*1.3833593 - (x1/1.9293082 - 0.09310585)|R2:|0.8952988038708758
K Beam Energy|xy|TestSize|0.1|try 1 Model: |x1*(-0.83971786) + (x0 + x1)/(0.36972195*(-x1 - 0.14560558 + 0.62643766/(x1**3))) - 1*0.0024505202|R2:|0.634867609891641
K Beam Energy|xy|TestSize|0.1|try 2 Model: |(-x0 - x1 + (x1 - 1*0.041355748)**2*(-0.083647) - 0.3977528)*1.469247*(0.7781934 - x0) - 1*(-0.54481745)|R2:|0.4684595526206239
K Beam Energy|xy|TestSize|0.1|try 3 Model: |(1.8382353 + (x0 - 0.47695714)*1.1994321/x1)*(x0 - 0.149035230814364*(x1 + 0.58285207)**3) - 0.5643919|R2:|0.6962864632776626
K Beam Energy|xy|TestSize|0.1|try 4 Model: |(x0*(x0 - 1*0.3057275) + x1/0.8634322 - (0.59388494*x1 + 1.0683067)**3 + 1.3769754)*0.8487472|R2:|0.48441714699794414
K Beam Energy|xy|TestSize|0.05|try 0 Model: |x0*(x1**2 + (x0 + x1)*11.566149)/(6.708613 - 0.94430965/x1) - 0.5684411*x1|R2:|0.925086600048671
K Beam Energy|xy|TestSize|0.05|try 1 Model: |(x0**4*(-0.100930564) + x1*(-0.8363537) - 2.8912168)*(x0/2.33767 + x1 - 1*1.3219198) - 1*3.556503|R2:|0.3058910883632565
K Beam Energy|xy|TestSize|0.05|try 2 Model: |0.163188816321092*x0**3 - (1.2513776 + x0*(-1.9749433))*(x0 + x1 + 0.28024787) + 0.39113998|R2:|-0.6859291473702713
K Beam Energy|xy|TestSize|0.05|try 3 Model: |x0**2 - 0.16757682*x1*(x1 + 3.0190134)**2 + x1 - (-1)*0.0036678582/(x1 - 1*0.06441405)|R2:|0.721672146344916
K Beam Energy|xy|TestSize|0.05|try 4 Model: |-x0*(x0 + x1)/((-0.5671188)*(x1**2 - 0.9598154*(-0.5998808/x0))) + x1*(-0.77985984)|R2:|-0.18793927963557922
