$K$ Beam Energy|150|TestSize|0.5|try 0 Model:|(x0*1.0660132 + x1)*(-(-x0 - 4.9475813) + 0.4814471/(x0/(-0.8798436) - x1**2)) - 0.12248729 |R2:| -0.10561044744223524
$K$ Beam Energy|150|TestSize|0.5|try 1 Model:|(x0 + x1/1.0575479)*(-x1**3 + 6.533172 + 0.14545342/(x0 - (x0 - x1)**3)) |R2:| -1.2361744575400304
$K$ Beam Energy|150|TestSize|0.5|try 2 Model:|(x0 - (-0.89176327)*x1)*(-(x0 - 0.99065983)**2 + 9.51838 + (x0 + 0.2814211)/x1) - 1*0.19056371 |R2:| 0.47599931961732267
$K$ Beam Energy|150|TestSize|0.5|try 3 Model:|(x1*(x0*1.1354104 + x1) + 0.0045250794)*(-(1.5996866 - x0) + 5.5194893/x1) - 0.17737919 |R2:| 0.3090134104001796
$K$ Beam Energy|150|TestSize|0.5|try 4 Model:|(x0 + (x1 - 0.28201163/(x0/(-0.0064911875) - 1*5.0384974))*0.9395808)*(-x0**2 - x1 + 7.371279) |R2:| 0.45546747071131577
$K$ Beam Energy|150|TestSize|0.25|try 0 Model:|(x0 + x1/1.0908225 - 1*(-0.07608978))*(-(x0 - 1*1.2748785)**2 + 7.5661707 - 0.5538367/x0) - 0.58872235 |R2:| -58.76801826078939
$K$ Beam Energy|150|TestSize|0.25|try 1 Model:|x0*6.9168596 + x1*6.5822525 + (x1/(-2.0265286) - 0.03007403)**16 - 0.011072223/x0 |R2:| -0.10168812513133751
$K$ Beam Energy|150|TestSize|0.25|try 2 Model:|(x0 + x1/(2.2011852 + x1/x0) - 1*0.048085373)*(6.894822 - (x0 - 1*0.67587805)**2)*0.7180176 |R2:| 0.1976662442677668
$K$ Beam Energy|150|TestSize|0.25|try 3 Model:|-0.06663836*x1**3 + (8.249377 - (x0 - 1.0502728)**2)*(x0*1.0542761 + x1) - 0.1567566 |R2:| 0.5534056487750932
$K$ Beam Energy|150|TestSize|0.25|try 4 Model:|(7.651654 - (x0 - 0.6508391 + 0.113358244/x0)**2)*(x1 + (x0 + 0.015191773)/0.93109167) - 1*0.18679556 |R2:| -4.245076870068076
$K$ Beam Energy|150|TestSize|0.15|try 0 Model:|((x1 + 0.7051497)**3*(-0.077301376) - 1*(-0.9964939))*(x0*7.1954 - (-6.7640796)*x1 - 1*(-0.4998319)) - 0.5444741 |R2:| 0.3028042345122587
$K$ Beam Energy|150|TestSize|0.15|try 1 Model:|(x0 + x1 - 0.106412925)*(5.2767057 - (x0 - 0.7463976)**2)*1.3967901 + (x0 + 0.79524237)*0.64839876 |R2:| 0.4019742814173106
$K$ Beam Energy|150|TestSize|0.15|try 2 Model:|(x0 + (x1 - 0.20858513)*0.89945036)*(x0 + (x1 - 0.15069264)**4*(-0.21705242) + 6.716684) + 1.0808254 |R2:| 0.2879497768367858
$K$ Beam Energy|150|TestSize|0.15|try 3 Model:|x1*(-0.3589843) + (x0 + x1 - 0.010985171)/(0.000474074821099116*(x1 + 0.48249677)**16 - 1*(-0.14394227)) |R2:| 0.46274999040428777
$K$ Beam Energy|150|TestSize|0.15|try 4 Model:|(6.6306376 - 0.517627661874105*(x1 + 0.4589506)**3)*(x0*1.0658071 + x1) - 0.017587023/(0.1853371 - x0) |R2:| 0.23215647710713294
$K$ Beam Energy|150|TestSize|0.1|try 0 Model:|(7.653051 - (x0 - 0.83472675)**2)*(x0*1.0585417 + x1**3*(-0.01125479) + x1) - 1*0.17062469 |R2:| 0.42834467695216505
$K$ Beam Energy|150|TestSize|0.1|try 1 Model:|(x0 + (x1 - 1*0.022371888)*0.9190429)*((x1 + (x0 + x1*0.45761308)**4)/(-0.62689924) + 6.3269215) |R2:| 0.6034847231344322
$K$ Beam Energy|150|TestSize|0.1|try 2 Model:|x1*5.5585356 + (6.0095716 - (-0.19482268)*x1)*(x0 + (x0 - 0.14942205)**4*0.016518777 - 1*0.010169954) |R2:| 0.4320645863021928
$K$ Beam Energy|150|TestSize|0.1|try 3 Model:|((x0 - 0.62538147)**2 - 7.3964376)*(-0.017704278*x0**3 - x0 + x1*(-0.95842147) + 0.022079688) |R2:| -0.2516938752041058
$K$ Beam Energy|150|TestSize|0.1|try 4 Model:|(x0 + x1*0.9217875)*(x0*(x1*0.22636326 + 1.0220184)**3 + 6.326218) - 0.124030136 |R2:| 0.6817220995870409
$K$ Beam Energy|150|TestSize|0.05|try 0 Model:|(7.2286444 - 0.794672351649361*(x0 - x1/(0.027667169 - x0))**2)*(x0*1.091319 + x1 - 1*0.024100618) |R2:| -0.5055880193592643
$K$ Beam Energy|150|TestSize|0.05|try 1 Model:|(6.8592095 - (-x0 + (x0*(-0.63680935) - 0.10573052)**4))*(x0 + (x1 - 0.2293728)*0.9103599) + 1.2712461 |R2:| 0.058853315440704046
$K$ Beam Energy|150|TestSize|0.05|try 2 Model:|(7.8061643 - (x0 - x1*(x0 + x1) - 1.0442605)**2)*(x0*1.0810031 + x1) - 1*0.15606365 |R2:| 0.3264961071137512
$K$ Beam Energy|150|TestSize|0.05|try 3 Model:|(7.0990434 - 0.777069853296433*(x0 + x1/(x0 - 0.032503042))**2)*(x1 + (x0 - 0.02207053)/0.91419744) |R2:| -2.094564962832072
$K$ Beam Energy|150|TestSize|0.05|try 4 Model:|(7.6025677 - (0.81476516 - x0)**2)*(x0 + x1*(0.94563866 + x1**2*(-0.014289685))) - 1*0.17053974 |R2:| 0.704657853189621
$K$ Beam Energy|250|TestSize|0.5|try 0 Model:|0.86303115 - (x0 + x1*1.3004162 + 0.8229887 - (-1)*0.0028055545/(x0*(-x1 - 0.22680354)/0.95788777))**4 |R2:| 0.5254576091280614
$K$ Beam Energy|250|TestSize|0.5|try 1 Model:|x0*x1*((-x0 - 0.31914344)**3*0.20375279 - 3.8389897)/x1 + x1*(-4.6336284) + 0.3991872 |R2:| 0.4680952064465106
$K$ Beam Energy|250|TestSize|0.5|try 2 Model:|((-x0/(-1.2979304) + x1)*(-2.3966937) - 0.55667)**3 + 0.6196804 + 0.042159155/(((x0 + 0.040244013)*1.0688236)) |R2:| 0.4447332236178978
$K$ Beam Energy|250|TestSize|0.5|try 3 Model:|-3.7175038*x0 + x1*(-3.8843558) + (-1*2.2063367 + 7.00807/(x0*x0 + x1 + 2.3589222))**3 |R2:| 0.36639191386474323
$K$ Beam Energy|250|TestSize|0.5|try 4 Model:|(x0*1.3026168 + x1 - (0.33815438 - (x0*(-2.763475) + x1*(-2.9307425)))**3 + 0.19646868)/0.48843518 |R2:| 0.1818022697927304
$K$ Beam Energy|250|TestSize|0.25|try 0 Model:|x1*(-(-1)*0.203898932670103*x0**3 - 5.00291) - (x0*4.302752 - 0.40273607 + 0.031948388/(x0 + 1.2417686)) |R2:| 0.37595650916236667
$K$ Beam Energy|250|TestSize|0.25|try 1 Model:|0.86060697 + (x1 - ((x0 + x1)*(x1*x1**2 - 3.7455626) - 1.8550962))**3*(-0.064462416) |R2:| 0.6657731897691008
$K$ Beam Energy|250|TestSize|0.25|try 2 Model:|(-x1 + (x0 - 14.009462)*(x0 + x1 - 1*(-0.11084341))**2)*(x1 - 1*(-2.5753415))*0.27668276 + 0.58286226 |R2:| 0.4494218149495395
$K$ Beam Energy|250|TestSize|0.25|try 3 Model:|0.89032406 - (x0*1.99484 + x1*(x1*(-(x0 + x1) - 0.038164653) + 2.4224854) + 0.7378179)**3 |R2:| 0.5986284912133248
$K$ Beam Energy|250|TestSize|0.25|try 4 Model:|(-x0**4 - 14.092079)*((x0*0.80318 + x1 + 0.24023691)**3 - 0.0039933017/x0) + 0.636662 |R2:| 0.008423896517291363
$K$ Beam Energy|250|TestSize|0.15|try 0 Model:|(x1 + 1.6386243)*(-x1 - ((x0 + x1)/0.3533021 + 0.75415766)**3 - 0.9885726)*0.24647333 + 0.97970736 |R2:| 0.30119040719062984
$K$ Beam Energy|250|TestSize|0.15|try 1 Model:|x0*(x1*0.52534634 - 3.986764) + x1*(-4.6820855) + 0.55181664 + 0.05890073/(0.09616723 - x1) |R2:| -1.0457099297464847
$K$ Beam Energy|250|TestSize|0.15|try 2 Model:|((x0 - 1*0.5817431)**6*0.0038754588 + (x0 - (-1.1907008)*x1 + 0.65812725)**4 - 0.37892553)*(-2.456823) |R2:| 0.49104904609156286
$K$ Beam Energy|250|TestSize|0.15|try 3 Model:|(x0 - 0.70331776)**2*(-0.24072292) - (x0 + x1*1.1354092 - 1*(-0.70969707))**4/0.47644284 + 1.1255046 |R2:| 0.511883908954281
$K$ Beam Energy|250|TestSize|0.15|try 4 Model:|x1*(-4.1814704) + (x0 - 1*(-0.051045023))*(-0.157237185869689*x0**3 - 3.5242994 - (-1)*0.48327857/(x0 - 0.009302042)) |R2:| 0.3729850066481616
$K$ Beam Energy|250|TestSize|0.1|try 0 Model:|x0*(-2.4936574) + (x1 + 2.34693790238961*(x0 + x1)**2)*(x1*(-0.34778476) - 3.2333858) + 0.47577465 |R2:| -0.3233008414636225
$K$ Beam Energy|250|TestSize|0.1|try 1 Model:|x0*(-3.5331378) + x1*(-4.9005795) - (x1*0.6730666 - 0.50488144 + 0.033619713/x0)**2 - 1*(-0.69216406) |R2:| 0.7206918891311667
$K$ Beam Energy|250|TestSize|0.1|try 2 Model:|(x0*(-2.6851392) - (x1*3.0745206 + 0.37391192))**3 - ((x0*0.5608598 - 1*0.4728676)**2 - 1*0.95275843)**3 |R2:| 0.35403078650038533
$K$ Beam Energy|250|TestSize|0.1|try 3 Model:|-1*(-0.40017116) - 33.774033/(-x0**4 - (x0 + 2.1992133)**3 + 8.593289/(x0/1.333719 + x1)) |R2:| 0.4130672321140636
$K$ Beam Energy|250|TestSize|0.1|try 4 Model:|(-(x0 - 1*(-0.7653103)) + (-x1 + (x0 + x1)**2*(-x1**2 - 1.1882671))*1.3642585)**3 + 0.8891278 |R2:| 0.06009556384648895
$K$ Beam Energy|250|TestSize|0.05|try 0 Model:|(x1 + 6.987132 + 0.0094188275/(x0**4 + x0))*(-0.52847743*x0 - x1 + 2.5192947) - 17.130625 |R2:| 0.3674840455552635
$K$ Beam Energy|250|TestSize|0.05|try 1 Model:|-(0.4425157 - 0.47980967*x0)**2 + (x0*(-2.2899165) + x1*(-2.6774607) - 1*0.5058695)**3 - 1*(-0.84829634) |R2:| -0.06497490103309667
$K$ Beam Energy|250|TestSize|0.05|try 2 Model:|x0*(-3.381005) - x1*(x1*0.43621692 + 4.1144714) + 0.43692443 - 0.01621895/(x1 - 1*0.07485282) |R2:| 0.1979744357869314
$K$ Beam Energy|250|TestSize|0.05|try 3 Model:|x0*(-3.3899117) + (-4.662029 - (-1)*0.31284/(0.24160846 - (x0 - 1.5595211)**3))*(x1 - 1*0.07671508) - 1*(-0.0706115) |R2:| -0.07682837132878007
$K$ Beam Energy|250|TestSize|0.05|try 4 Model:|x0*(-3.3844266) + x1*(-(-0.16419035)*x0**3 - 4.026075) + 0.3148239 - (-1)*0.04836844/(x0 - 0.014188745) |R2:| 0.024117425809372373
$K$ Beam Energy|400|TestSize|0.5|try 0 Model:|x0*(-6.3356566) - (0.82599305389056*x0**2 + x1*7.1054964 - 1*0.8693371 - 0.021016741/(-x1 - 0.35159385)) |R2:| 0.7436570358681225
$K$ Beam Energy|400|TestSize|0.5|try 1 Model:|(x0 - 1*0.4693155)**2*(-0.79439986) + (-x0 - x1 - 1.5400757)**3 + 4.693844 - 0.00020123225/(x1**3) |R2:| -12057805.342091242
$K$ Beam Energy|400|TestSize|0.5|try 2 Model:|x0*((7.612188 - x1)*(-0.8165324) - 0.0245245/(x0**2 - 1*2.1019278)) + x1*(-6.961952) + 0.7763196 |R2:| -9.663831894860383
$K$ Beam Energy|400|TestSize|0.5|try 3 Model:|(-x0 + x1/(-x1/(-8.445418) - 0.9009209) + 0.00034408717/(x0 + x1))*6.1709027 + 0.88552827 |R2:| 0.7538604090863203
$K$ Beam Energy|400|TestSize|0.5|try 4 Model:|(x0*(x0 + 7.60296) + x1*8.464188 - (0.92992246 + 0.025149684/(x1 - 1*(-1.3988179))))*(-0.9096711) |R2:| 0.7140915809895627
$K$ Beam Energy|400|TestSize|0.25|try 0 Model:|x0*x1*(0.6376581 - (x0 + x1)) + x0*(-6.630806) - 7.426094*x1 + 0.7331709 |R2:| 0.6478241739314652
$K$ Beam Energy|400|TestSize|0.25|try 1 Model:|x0*(x0**4*0.047214624 - 5.9118004) - x1*(x0 + x1*1.6780514 - 1*(-6.6488423)) + 0.6707304 |R2:| 0.7299079644833284
$K$ Beam Energy|400|TestSize|0.25|try 2 Model:|(x0 + x1)*((x0 + 0.27387837)**2 - 8.380518) + (-x0**2 + x0 + 1.1296682)*0.7576159 |R2:| 0.6959555838642031
$K$ Beam Energy|400|TestSize|0.25|try 3 Model:|x1*(x0 - 0.82310325) - ((x0 + x1)/0.13598993 - 0.9861725 + 0.019381868/(0.075892866 - x0)) |R2:| 0.6806951499249172
$K$ Beam Energy|400|TestSize|0.25|try 4 Model:|x0*(x1*0.6269438 - 5.13411) + x1 + (x1 + (x0 + x1)**2)*(-6.8215623) - 1*(-0.74525285) |R2:| 0.6702512343474158
$K$ Beam Energy|400|TestSize|0.15|try 0 Model:|x0*(-(6.1723056 - x1/1.7367578) + (x0 - 1*0.15334952)**3*(-0.0720999)) + x1*(-6.8910966) + 0.7070614 |R2:| 0.7132824009308691
$K$ Beam Energy|400|TestSize|0.15|try 1 Model:|x0/(x0 - x1) + (-x0*(7.534635 - x1) + x1*(-8.450323) + 0.40495816)*0.8301229 |R2:| 0.6847887018196882
$K$ Beam Energy|400|TestSize|0.15|try 2 Model:|x0*(x1 - 7.142878 + 0.0587482/(-2.777234 + 0.9963462/x0)) + x1*(-7.8453536) + 1.0136505 |R2:| 0.6825932777560761
$K$ Beam Energy|400|TestSize|0.15|try 3 Model:|(x0*(-7.326969) - (0.123508714 - x1)*(-x1/((-x1 - 0.21206139)/x0) - 8.6197405))*0.7983083 |R2:| 0.0007738280269427023
$K$ Beam Energy|400|TestSize|0.15|try 4 Model:|x0*(-5.6449184) - x1*(x0*(-0.7205359) + 6.424856 + 0.00056606*x1/(x0**4)) + 0.7384813 |R2:| 0.5872793433393024
$K$ Beam Energy|400|TestSize|0.1|try 0 Model:|x0*(-6.3871145) - (x1*(-(x0*0.79793626 - 7.1596704) - 3.3478245e-5/x1**3) - 0.7772861) |R2:| 0.623906389851868
$K$ Beam Energy|400|TestSize|0.1|try 1 Model:|-6.591963*x0 + (x1 - 0.10445438)*(x0 + (x1 - (-1)*0.4359583/x1)*0.14012162 - 7.4507813) |R2:| 0.8188757491063512
$K$ Beam Energy|400|TestSize|0.1|try 2 Model:|x0**2*(x0 + x1) + x0*(-7.2916727) - (x1*(8.005067 + x0*(-0.71823573)) - 0.8133043) |R2:| 0.8201633326875195
$K$ Beam Energy|400|TestSize|0.1|try 3 Model:|(x0*(x1 - (7.8999376 - (-1)*6.90677984554755e-6/(x1 + 1.1799719)**3)) + x1*(-8.733012))*0.8338055 - 1*(-0.8065171) |R2:| 0.8289810914617359
$K$ Beam Energy|400|TestSize|0.1|try 4 Model:|0.7420282 - ((x1 - 8.16788)*x0*(-0.7457785) + x1*6.879852 - 0.012443498/(x0 - 0.12220853)) |R2:| 0.6147973080257286
$K$ Beam Energy|400|TestSize|0.05|try 0 Model:|(x1*(x0 - 8.526621) - (x0*7.6633096 + 0.013024252/(x1 + 1.1974235)) + 0.985824)*0.8817014 |R2:| 0.7406417889229369
$K$ Beam Energy|400|TestSize|0.05|try 1 Model:|(x0*(-7.2203245) + x1*(x0 - 8.112258) + 0.9981259 - 1.23976640134923e-5/(x0 - 0.45313466)**3)*0.9154359 |R2:| 0.5573504958227526
$K$ Beam Energy|400|TestSize|0.05|try 2 Model:|(x0*(-7.807024) - x1*(8.728158 - x0) + 0.963931 - 0.018909998/(x0 - 1.2645088))*0.8446802 |R2:| -4.20165165490549
$K$ Beam Energy|400|TestSize|0.05|try 3 Model:|x0/0.43894568 + ((x0 + 0.62155634)**2 - 8.717766)*(x0 + x1*0.9273648 - 0.82216877) - 6.036632 |R2:| 0.6245478812743142
$K$ Beam Energy|400|TestSize|0.05|try 4 Model:|x1 + (x1*(x0 - 1*9.256781 - 0.019573119/x0**2) - (x0*7.1681476 - 1*1.0313264))*0.87070775 |R2:| -0.06965384780431072
$K$ Beam Energy|600|TestSize|0.5|try 0 Model:|(x0**2 - (x0 - (10.905324 + x0**6*(-0.10089406))*(x0 + x1 - 0.10661691)))*(-0.55829614) |R2:| 0.5844837024643801
$K$ Beam Energy|600|TestSize|0.5|try 1 Model:|-0.78802705*x0*(x0 + 5.733367) + x1*(-5.229879) + (x0 + x1)**2*8.892307 - 1*(-0.5871462) |R2:| 0.47090141849682265
$K$ Beam Energy|600|TestSize|0.5|try 2 Model:|x0*(-5.9618287) + x1*(-6.973308) - (x0**2 - 1*0.98074824) - 0.009166226/(x0*(x1 + 1.0869609)) |R2:| 0.4943843953317667
$K$ Beam Energy|600|TestSize|0.5|try 3 Model:|-x0*(4.8922586 - 0.9158751*x1) + x1*(-5.691889) + 0.8587083 - (-1)*6.78471177300527e-6/(x1 - 1*0.512722)**3 |R2:| 0.5532111799238734
$K$ Beam Energy|600|TestSize|0.5|try 4 Model:|(x0*(x0*(-0.12715562) - 0.86784655) - x1)*(x1 - 1*(-6.30002) - 0.25951406/x1) + 0.8599532 |R2:| 0.5399037481821072
$K$ Beam Energy|600|TestSize|0.25|try 0 Model:|x1*(-5.4234347) - (x0*(x1 - 5.847956)*(-0.7951686) - 0.79881483 - (-1)*0.022010239/(0.5914046 - x1)) |R2:| 0.49990906292666093
$K$ Beam Energy|600|TestSize|0.25|try 1 Model:|-(-0.61801)*x0*(x1 - 1*8.359663) - x1*(5.5960283 - 0.38115627/(x1 - 1*1.8912661)) + 0.7729291 |R2:| 0.4893658337009821
$K$ Beam Energy|600|TestSize|0.25|try 2 Model:|(-5.8355675*x0 - (x0**2 + x1*6.794402) + 0.98378307)/(1.2489082 + 0.007650376/(x0 - 1*(-0.23737529))) |R2:| 0.3173603867346524
$K$ Beam Energy|600|TestSize|0.25|try 3 Model:|x0*(-4.696333) + x1*(-(-0.6881142)*x0 - 5.4555445) + 0.64904106 - (-1)*0.007746386/(x1 - 1*0.6302921) |R2:| 0.777331136376995
$K$ Beam Energy|600|TestSize|0.25|try 4 Model:|-4.464451*x0 + x1*(-0.6556125*x1 + (0.26767144 - x0)**4*(-0.04071521) - 5.216702) + 0.692492 |R2:| 0.8148358647654244
$K$ Beam Energy|600|TestSize|0.15|try 0 Model:|(x1/(-0.8664067) - (0.159454455066195*x0**2 + x0))*(x0/((-1.7831259)*x1) + 4.231956) + 0.7701018 |R2:| 0.8435536692396468
$K$ Beam Energy|600|TestSize|0.15|try 1 Model:|(0.7886836 + 0.007817825/(x1 + 0.9633425))*(x0*(-x0 - 6.309412) + x1*(-7.2825856) + 1.0321792) |R2:| 0.7541721478465913
$K$ Beam Energy|600|TestSize|0.15|try 2 Model:|-x1*(5.531143 + x0*(-0.7807403)) + (-4.6136312 - 0.0323781408881329/x1**2)*(x0 - 0.16236018) + 0.01634257 |R2:| 0.27434247797660505
$K$ Beam Energy|600|TestSize|0.15|try 3 Model:|x0*(-0.7961487*x0 - 4.8164988) - ((x1 - 0.0042785374/(x0**4 - 1*1.1217521))*5.5673356 - 0.80445164) |R2:| 0.5982955520512361
$K$ Beam Energy|600|TestSize|0.15|try 4 Model:|(x0*(-x0 - 6.145369) - 7.049407*x1 + 0.983155)/((x1*1.3426323/(x1 - 1*0.015566544))) |R2:| 0.855590443562342
$K$ Beam Energy|600|TestSize|0.1|try 0 Model:|(x1*(-7.895627) + (-x0 - 7.130228)*(x0 - 1*(-0.11390821)))*(x1*0.14547496 + 0.63602704) + 1.2448019 |R2:| 0.9038281138834505
$K$ Beam Energy|600|TestSize|0.1|try 1 Model:|((-x0**2 + x0*(-6.1902914) - 7.165034*x1)*0.13716502 - 1.2081822)**3 + 2.5320275 |R2:| 0.6990605479634854
$K$ Beam Energy|600|TestSize|0.1|try 2 Model:|x1*(-5.3348665) + (x0 - 0.15782589)*(-(-0.7468262)*(x0**16*3.695846e-5 + x1) - 4.7299757) |R2:| 0.6811348024233883
$K$ Beam Energy|600|TestSize|0.1|try 3 Model:|((1.6878712 - x1)*8.344058 - (x0 + 3.5875127)**2)/(1.6107699 - (-(-0.21135005)*x0 + x1*0.5130872)) |R2:| 0.8111777362481258
$K$ Beam Energy|600|TestSize|0.1|try 4 Model:|x1*(-x0 + (0.14098958600164*x0**2 + x1)/(-0.87657124) - 1*(-0.15698162))/(((x1 + 0.026379362)*0.20662849)) |R2:| 0.8117700127877284
$K$ Beam Energy|600|TestSize|0.05|try 0 Model:|(x0 - 1*(-0.024743328))**3*0.116249755 + (x0*(-6.363512) + x1*(x0 - 1*7.080753) - 1*(-0.9746409))*0.7924286 |R2:| 0.7433357599163548
$K$ Beam Energy|600|TestSize|0.05|try 1 Model:|x0*(-4.9242635) + (x1 - 0.12570071)*((x0 + 0.00209680441642913/(x0 + 0.19649307)**2)*0.78221095 - 1*5.8561597) |R2:| 0.20312278820396779
$K$ Beam Energy|600|TestSize|0.05|try 2 Model:|x0*(x0*(-0.7829536) - 4.749568) + x1*(-5.504219) + 0.76160586 + 0.00577874/(x1**3 - 0.1497997) |R2:| 0.6692020005898008
$K$ Beam Energy|600|TestSize|0.05|try 3 Model:|x0*(0.00019169611784826*x0**12 + x1*0.7335628 - 4.648141) + x1*(-5.3807096) - 1*(-0.7281915) |R2:| 0.7440349332519683
$K$ Beam Energy|600|TestSize|0.05|try 4 Model:|(x0*(x0*(-0.121588185) - 0.87247425) - x1)*(x1 + 5.18033 + 0.057068706/x0) + 0.74369496 |R2:| -0.12719864859634678
$K$ Beam Energy|800|TestSize|0.5|try 0 Model:|x0*(x1**4*0.04144024 - 1*1.4560465) + (x0 - 2.7971704)*(x0 + x1*1.8616027 - 1*0.27935958) |R2:| 0.8381013037099433
$K$ Beam Energy|800|TestSize|0.5|try 1 Model:|(x1 - 6.565399)*x0*0.64937305 + x1*(-5.0649567) - 1*(-0.6364669) + 0.014623954/(x1**2 - 0.31172487) |R2:| 0.782092805400217
$K$ Beam Energy|800|TestSize|0.5|try 2 Model:|x0**2*(-0.66209656) + (-x0 + x1*(-1.1942704))*((x0 + x1)*1.4994676 + 3.8873901) - 1*(-0.73989636) |R2:| 0.8330299047328265
$K$ Beam Energy|800|TestSize|0.5|try 3 Model:|x0*x1 + x0*(-5.266636) + x1*(-6.157824) - 1*(-0.9630932) - 3.9082865e-5/(x0 + x1) |R2:| 0.8498619883792655
$K$ Beam Energy|800|TestSize|0.5|try 4 Model:|(x0*(-(-0.2512705)*x0 + x1 - 4.2005005) + x1*(-4.859266) + 0.7470979)/0.87034786 - 1*0.02349322 |R2:| 0.8435761548850838
$K$ Beam Energy|800|TestSize|0.25|try 0 Model:|-0.087026924*x0*(50.786716 - (-x0**3 + x1*6.6561832 + 0.19893767)) + x1*(-5.1498632) + 0.740548 |R2:| 0.7949923045833618
$K$ Beam Energy|800|TestSize|0.25|try 1 Model:|x0*(-4.466298) + (0.8118356 - 0.0052084853/x0)*(x1*(x0 - 6.4257007) + 0.17326427) + 0.6990533 |R2:| 0.8219978668564558
$K$ Beam Energy|800|TestSize|0.25|try 2 Model:|x0*(-4.9941883) - (x1*(7.00922 - x0)/(1.2162163 - (x0*1.1021621 + x1)**4) - 1*0.8579586) |R2:| 0.9016352771587909
$K$ Beam Energy|800|TestSize|0.25|try 3 Model:|x0*(-4.5571027) - (x1 + (x0 + x1*0.77942616)**4)*(x1*0.67350835 - 1*(-5.3534536)) + 0.78505486 |R2:| 0.8512519025171765
$K$ Beam Energy|800|TestSize|0.25|try 4 Model:|-x0*(4.4375067 - 0.000378938693169358*x0**12) + (x0 - 1*6.4309816)*(x1*0.82105106 - 0.12658173) |R2:| 0.8755308448556854
$K$ Beam Energy|800|TestSize|0.15|try 0 Model:|x0*(-4.4599657) - (x1*(0.00538973652978063*x0**8 + x1*0.8321151 + 5.283527) - 0.83150107) |R2:| 0.761363393808367
$K$ Beam Energy|800|TestSize|0.15|try 1 Model:|(-x0*(-x1 - (-1)*0.14647302451282*(x0 - 0.005693542)**3 + 7.586925) - 8.799385*x1 + 1.2498816)*0.6359333 |R2:| 0.8707082021255004
$K$ Beam Energy|800|TestSize|0.15|try 2 Model:|x0*(-4.65499) + (5.4396663 + x0*(-0.60657746))*(-x1 + (x0 + 0.087184764)**4*(-0.019770548)) + 0.78653055 |R2:| 0.9260017018600756
$K$ Beam Energy|800|TestSize|0.15|try 3 Model:|x0**16*(-6.881624e-5) - 5.378887*x1 + (x1 - 6.3860664)*(x0*0.74110854 - 0.12133019) |R2:| 0.8565499361750981
$K$ Beam Energy|800|TestSize|0.15|try 4 Model:|(-x1 - 5.387554 + 0.043614507/(x1 + 0.70763427))*(x1 + 0.12705474896676*(x0 - 1*(-3.424068))**2 - 1*1.6412027) |R2:| 0.9055104190638685
$K$ Beam Energy|800|TestSize|0.1|try 0 Model:|(x1 + 4.83907)*(x0*(-0.93895453) - (0.138173178675241*x0**2 + x1*1.1077192 - 0.19511944)) - 1*0.100733094 |R2:| 0.8378095359464185
$K$ Beam Energy|800|TestSize|0.1|try 1 Model:|x0*(-4.663899) + (x1 + (x0 - 1*(-0.0019255662))**4*0.016034493)*(x0*0.61928684 - 5.4351773) + 0.76955014 |R2:| 0.909149831950716
$K$ Beam Energy|800|TestSize|0.1|try 2 Model:|(8.607344 - x0)*(x0**4*(-0.016620368) - x1)*0.62432426 - (x0*4.670081 - 0.78064287) |R2:| 0.900185424137078
$K$ Beam Energy|800|TestSize|0.1|try 3 Model:|x1*(x1*(-0.73438644) - 5.1620417) + (x0 - 1*0.17227553)*(-(-0.01645668)*x0**6 - 4.480884) |R2:| 0.8509231445616277
$K$ Beam Energy|800|TestSize|0.1|try 4 Model:|(-0.068275854*x0**4 - x0/0.28826055 + x1/(-(-0.028145153)*x1 - 0.24973151) + 0.56891584)*1.345355 |R2:| 0.7970051658428904
$K$ Beam Energy|800|TestSize|0.05|try 0 Model:|x0*(0.04134135822675*(0.3169655 - x0)**4 - 4.7045574) + x1*(x1/(-1.4805282) - 1*5.3429456) - 1*(-0.7924586) |R2:| 0.8856014843574491
$K$ Beam Energy|800|TestSize|0.05|try 1 Model:|(-(-6.008054e-5)*x0**16 + x1 - 1*5.5816975)*x0*0.85163695 + x1*(-5.475859) - 1*(-0.85293734) |R2:| 0.77725402044487
$K$ Beam Energy|800|TestSize|0.05|try 2 Model:|x1*(-5.403611) + (x0*(4.72104921391452e-5*x0**16 + x1 - 5.538884) - 1*(-0.9948113))*0.8424023 |R2:| 0.8633671266664946
$K$ Beam Energy|800|TestSize|0.05|try 3 Model:|(x0*(-6.1325817) - (7.1541905 - x0)*(9.26337959966247e-5*x0**12 + x1) + 1.0419916)*0.7429233 |R2:| 0.6561996187913235
$K$ Beam Energy|800|TestSize|0.05|try 4 Model:|x0*(x1*0.80632484 - 4.744977 + 0.00147780680061909/(-x0 - 1.999003)**4) + x1*(-5.4954724) - 1*(-0.8220566) |R2:| 0.8760382225823965
$K$ Beam Energy|1000|TestSize|0.5|try 0 Model:|x0 + (x1 - (x0 - 1.5556772)/(-0.9912011))*(0.428219139278702*(x0 - 1*(-0.18404579))**2 - 5.458719) - 7.80844 |R2:| 0.8567046028387958
$K$ Beam Energy|1000|TestSize|0.5|try 1 Model:|(-x1/(2.768115 + x1/x0) - 5.1423464)*(x1 + (x0*0.37080207 + 1.1682186)**2 - 1.5160338) |R2:| 0.8174185811476131
$K$ Beam Energy|1000|TestSize|0.5|try 2 Model:|x0*(-x0 - 5.841792 + 0.007625709/((-x1 - 0.06938888)**4))*0.78398466 + (0.14508526 - x1)*5.304391 |R2:| -1360532923.228745
$K$ Beam Energy|1000|TestSize|0.5|try 3 Model:|x0*(-0.51273656*x0 - 4.1592584) - (x1*4.9780107 + 2.0863073/(-x0**4*x1**4 - 2.9072273)) |R2:| 0.8328828115758777
$K$ Beam Energy|1000|TestSize|0.5|try 4 Model:|x0*(x0 - 1*(-5.4005957) - (-1)*0.07563623/(x0**2/x1**2))*(-0.7582132) + x1*(-4.9114003) + 0.77023387 |R2:| 0.8275725757848453
$K$ Beam Energy|1000|TestSize|0.25|try 0 Model:|(-(-0.8405345)*x0 + x1)/(-0.1995693) - (-(-0.6915367)*x0 + x1*(-0.1860669))**2 - 1*(-0.76472557) |R2:| 0.8421333049119673
$K$ Beam Energy|1000|TestSize|0.25|try 1 Model:|(x1 - 1*(-6.5077176))*0.75510335*(x1/(-1.0005273) - (x0 + 0.13941426727684*(0.40079013 - x0)**2)) + 0.89212304 |R2:| 0.869939723377348
$K$ Beam Energy|1000|TestSize|0.25|try 2 Model:|x0*(-0.7408896*x0 - 4.2154875) + (0.14819023 - x1)*(4.9106627 + 0.03674984/(-x0 - 1.4449322)) |R2:| 0.762633563460357
$K$ Beam Energy|1000|TestSize|0.25|try 3 Model:|(0.6985529 - (-0.11006576)*x1)*(-x0**2 + x0*(-7.1128316) + x0 + x1*(-7.261567) + 1.1797203) |R2:| 0.7754573687263275
$K$ Beam Energy|1000|TestSize|0.25|try 4 Model:|x0*(-4.22603) + x1*(x0 - 6.4808927)*(0.00065495540890018*x0**8 + 0.7676645) + 0.75977594 |R2:| 0.877893739681305
$K$ Beam Energy|1000|TestSize|0.15|try 0 Model:|-x0 + ((x0 + x1)/(-1.8652695) - (x0*(x0 - 1*2.518524)*0.06704008 + 1.7457284))**3 + 6.1334906 |R2:| 0.8297755786472109
$K$ Beam Energy|1000|TestSize|0.15|try 1 Model:|(x1 - (-0.15197928*x0*(x0 - 1*(-6.005957)) - 0.21160348))*(-0.8160162*x1 - 4.7473087) + 1.8031851 |R2:| 0.8265434460376513
$K$ Beam Energy|1000|TestSize|0.15|try 2 Model:|(0.67887574 - (x0*0.3560463 - 1*(-0.07842652))**3)*(-x0*(x0 + 6.8637953) + x1*(-7.868871)) + 0.736145 |R2:| 0.818582041026365
$K$ Beam Energy|1000|TestSize|0.15|try 3 Model:|-x0**2*(x0*x1*(-0.10085376) - 1*(-0.5676665)) + x1*(-5.2265744) - (x0*4.5510163 - 1*0.74158776) |R2:| 0.9196317959422833
$K$ Beam Energy|1000|TestSize|0.15|try 4 Model:|x0*(-4.38875) + x1*(-32.515656)/(x0 + 6.483148) + 0.7797359 - (-1)*0.011622654/(x1**2 - x1) |R2:| 0.9236885238780352
$K$ Beam Energy|1000|TestSize|0.1|try 0 Model:|x0 + (x1*(-0.86826956) - 5.012871)*(x0*(x0*0.16138245 + 1.0726013) + x1 - 1*0.15049765) |R2:| 0.884592239289012
$K$ Beam Energy|1000|TestSize|0.1|try 1 Model:|-(x0 - 1*6.812635)*(x1 - 1*5.9265428)*(-0.0005760617*x0**4*(x0 - 0.2131413) - 0.75404096) - 29.688038 |R2:| 0.7818608109893341
$K$ Beam Energy|1000|TestSize|0.1|try 2 Model:|(x0*(-x0 - 6.388376) + x1*(-7.5181646) + 1.1441514)/(1.3249774 - (x1*0.20947053 - 0.5136599)**3) |R2:| 0.7662811248810555
$K$ Beam Energy|1000|TestSize|0.1|try 3 Model:|-(-0.11272001)*x1 + (x0*(-x0 - 5.966922) + x1*(-7.101426) - 4.9159713)**2*(-0.061450776) + 2.2717342 |R2:| 0.8826943719849721
$K$ Beam Energy|1000|TestSize|0.1|try 4 Model:|x0*(-4.4585695) + x1*(-0.651383*x1 + (x0 - 0.24822575)**4*(-0.05370106) - 5.0603976) + 0.75033754 |R2:| 0.5818140031919955
$K$ Beam Energy|1000|TestSize|0.05|try 0 Model:|x0*(-0.71699244*x0 - 4.2509937) - 4.9714713*x1 - (x0*0.8521374 + x1)**2 + 0.7769543 |R2:| 0.7465968395044285
$K$ Beam Energy|1000|TestSize|0.05|try 1 Model:|1.8435298 + (x1 - (-5.9012074)*x1 + (x0 + 2.9326768)**2 - 4.9164467)**2*(-0.078256406) |R2:| 0.6068025717903015
$K$ Beam Energy|1000|TestSize|0.05|try 2 Model:|x0*((x0**4*0.114652365 + x1 + x1)*0.40229732 - 4.532164) - 5.1444454*x1 + 0.7894983 |R2:| 0.9668008245207551
$K$ Beam Energy|1000|TestSize|0.05|try 3 Model:|(x0*(x0*0.14830044 - 1*(-0.86276305)) + x1)*(-(x0 + x1/0.6117245) - 4.7013783) + 0.80465686 |R2:| 0.7736538962811231
$K$ Beam Energy|1000|TestSize|0.05|try 4 Model:|x0*(-(-0.66021943)*x1 - (-0.02000134)*(0.44656876 - x0)**4 - 4.2840853) - 4.9928837*(x1 - 1*0.14469516) |R2:| 0.3019951912989485
$K$ Beam Energy|1200|TestSize|0.5|try 0 Model:|(x0*(-4.793442) + x1*(x0 - 5.8763504) - 1*(-0.9702989) + 0.044502925/(x0 + 1.6101176))/1.404161 |R2:| 0.7136264325249435
$K$ Beam Energy|1200|TestSize|0.5|try 1 Model:|-3.118072*x0 + x1*(x0 - 1*5.93293)*0.6583016 + 0.6483088 - 2.76255401351657e-5/(-x1 - 0.029454648)**3 |R2:| 0.6977237169309403
$K$ Beam Energy|1200|TestSize|0.5|try 2 Model:|-0.19331427*x0**4 - 2.574549*x0 + x1*(-3.3299754) + 0.3705285 - 0.034769867/(x0 - 0.18437196) |R2:| -0.07489308406012851
$K$ Beam Energy|1200|TestSize|0.5|try 3 Model:|x0/(-0.3158513) - (x1*(-0.1446527)*x0 + x1 - 1*0.13736355)/0.25165257 - 0.00010523598/x1 |R2:| 0.6433444783723309
$K$ Beam Energy|1200|TestSize|0.5|try 4 Model:|-x0*(x0 + x1 + 0.45910433) + x1 + 2.3971448/(x0/((x1 - 0.17144789)**2) - 1*(-0.34162825)) |R2:| -0.10769509444379533
$K$ Beam Energy|1200|TestSize|0.25|try 0 Model:|(x0 + x1 + (x0*0.42290437 - 1*0.21200117)**2 - 0.22439885)*(-3.8805587) - (-1)*2.6401407e-5/(x1**3) |R2:| 0.5241324931059755
$K$ Beam Energy|1200|TestSize|0.25|try 1 Model:|(2.569576 - 0.6020823*x0)*(-x0 + (x0**4*0.029899929 + x1)*(-1.5310522) + 1.0060047) - 2.0695896 |R2:| 0.5153845075333525
$K$ Beam Energy|1200|TestSize|0.25|try 2 Model:|(4.197216 - (-1)*0.27530274/(x0**4 + x1))*(x0*(x0*(-0.18337223) - 0.8374852) - x1 - 1*(-0.18862605)) |R2:| 0.23850483125443678
$K$ Beam Energy|1200|TestSize|0.25|try 3 Model:|x0*(-3.2318566) + (0.16258478 - x1)*(4.145786 + x0*(-0.67969424)) - 0.013328741/(x0 + 1.1193768) |R2:| 0.621545492171492
$K$ Beam Energy|1200|TestSize|0.25|try 4 Model:|(-0.057208065*x0**4 - x0 + x1/(-0.77632374) + 0.15906538)/(0.39721724 - 0.07142209*x1) |R2:| 0.6317807477752905
$K$ Beam Energy|1200|TestSize|0.15|try 0 Model:|(4.0133643 - 0.0406296584969884/x1**2)*(-x1 - (0.9393392 - (-0.43059894)*x0)**2 + 1.0772501) |R2:| 0.28972809124723786
$K$ Beam Energy|1200|TestSize|0.15|try 1 Model:|x0/(-0.3143351) - x1/(0.26480186 - (-0.041950993)*x0) + 0.5938039 - 0.00047602778/(x0 + 1.4553331) |R2:| 0.7577218512165431
$K$ Beam Energy|1200|TestSize|0.15|try 2 Model:|(-x0*(x0 - 1*(-5.2937794)) - 6.763682*x1 + 1.2137684)/((1.2132508 - 0.06443342*x1)**3 + 0.0047207796) |R2:| 0.6852423433827513
$K$ Beam Energy|1200|TestSize|0.15|try 3 Model:|x0*(-3.062293) + x1*(x0*0.69017774 - 3.8445182) - 1*(-0.6977211) - 0.012407267/(x0 - 0.15896915) |R2:| 0.7331957821122165
$K$ Beam Energy|1200|TestSize|0.15|try 4 Model:|x0*0.40283507/(x0 - 1*(-0.017605789)) + (-0.070421670269197*x0**4 - x0 + x1*(-1.2165704))*3.1101334 |R2:| 0.4347084130994411
$K$ Beam Energy|1200|TestSize|0.1|try 0 Model:|-(-0.6974977)*x0*(x1 - 4.4713287) + x1*(-3.9474313) + 0.6925366 - 0.013994209/(x0 - 1*0.16708505) |R2:| 0.8241771606535444
$K$ Beam Energy|1200|TestSize|0.1|try 1 Model:|x0*(-3.2055004) - (x1*(4.0315585 - 0.6859325*x0) - 1*0.67564505 - (-1)*0.015685553/(x0 - 0.16524391)) |R2:| 0.8570566583381464
$K$ Beam Energy|1200|TestSize|0.1|try 2 Model:|x0*(-(-0.66428053)*x1 - 3.0202708) + x1*(-3.8428366) + 0.6194383 + 0.017889865/(2.2991235 - x1**3) |R2:| 0.8319659952575365
$K$ Beam Energy|1200|TestSize|0.1|try 3 Model:|x0*(x0**3*(x0 + x1)**3 + (x1 - 1*5.8555555)*0.5631285) + (x1 - 1*0.14959437)*(-4.013142) |R2:| 0.5372774367202231
$K$ Beam Energy|1200|TestSize|0.1|try 4 Model:|-2.9231086*x0 + x1*(-x0*x0/(-0.55690914*x0 + x1) - 3.7039943) + 0.6410891 |R2:| 0.08918749103569967
$K$ Beam Energy|1200|TestSize|0.05|try 0 Model:|x1*(-(-0.64070064)*x0 - 3.9084098) - (x0*3.0894816 - (-1*(-0.5857583) - 0.0628162/(x1**3 - 1*2.2891824))) |R2:| 0.2483928646892195
$K$ Beam Energy|1200|TestSize|0.05|try 1 Model:|(4.6746783 - x1)*(-0.6596562*x0 - 0.0012988786/(x0 - 1*0.19360207)) - (x1*3.9296098 - 0.64590174) |R2:| 0.6958966855081015
$K$ Beam Energy|1200|TestSize|0.05|try 2 Model:|x0*(-(-0.6904737)*x1 - 3.1742334) - (x1*3.9831743 - (-1)*0.015346367/(x0 - 0.1744729)) + 0.69009054 |R2:| 0.8865309830583751
$K$ Beam Energy|1200|TestSize|0.05|try 3 Model:|x0*(x1 + 1.7364335e-6/(x1**4))*0.6293529 - x1/0.26226786 - (x0/0.336287 - 1*0.6049659) |R2:| -1.3163422274186236
$K$ Beam Energy|1200|TestSize|0.05|try 4 Model:|x0*(x0**3*(-0.1967458) - 2.808389) - 3.5581024*x1 + 0.36565796 - 0.024608584/(x0 - 0.20873149) |R2:| -20.35166769825974
