K Beam Energy|xy|TestSize|0.5|try 0 Model: |x0**2 + 72.08447 + (x1*(-1971.3881 + 12.459313/(x0 - 1*0.31795865)) + 3.36834)/(x0 - 1*0.081394754)|R2:|-2.6665070308672494
K Beam Energy|xy|TestSize|0.5|try 1 Model: |662.1673 + (x1 - 0.012331783)*(-442.6832)/(-x0**4 + (x0 - x1)**3) - 298.60098/x0|R2:|0.4241506081418567
K Beam Energy|xy|TestSize|0.5|try 2 Model: |(x0 + (0.026826903 - x1)**2/x0**4)*444.62833 + (-x1 - 3.662479 - 0.045072626/x1)**4|R2:|-1374990593.32139
K Beam Energy|xy|TestSize|0.5|try 3 Model: |x0*(567.33215 + 19.786135/x1) - 0.16813646/(x0 + x1**3 - 0.35761556) + 118.212715/x0|R2:|-127.30571012856618
K Beam Energy|xy|TestSize|0.5|try 4 Model: |-x0 + x0*591.492 + 54.644108 - 0.99438906/(x0 - 0.25235754) - 0.00146231243715764/(x0 - 0.35454202)**2|R2:|-39.7399486437156
K Beam Energy|xy|TestSize|0.25|try 0 Model: |((x1 - 0.017190985)*(-2037.6714) - 0.986052)/(x0 - 2.19692952775352e-6*x1**3/(x0 - 1*0.35823825)**3 + x1)|R2:|0.6702506419825114
K Beam Energy|xy|TestSize|0.25|try 1 Model: |-(-401.6456 - 4.629186/x1)*(1.1002332 - 438221.165013766*x1**6) + (x0*19.078066 - 8.580481)**4|R2:|-354.7687021909595
K Beam Energy|xy|TestSize|0.25|try 2 Model: |x0*7.161801 - 1*(-64.08725) + (-(-337.9429)*x0**3 - 779.3695*x1 - 5.8023744)/(x0 - 0.2026126)|R2:|-72.89727107695295
K Beam Energy|xy|TestSize|0.25|try 3 Model: |0.33521637 + (x1*(-2686.654 - 3.9917/(x0 - 0.36755574)) + 6.4881/x0)/(1.0023062*x0)|R2:|0.43180545017976524
K Beam Energy|xy|TestSize|0.25|try 4 Model: |494.24423 + 0.20977479/(x0 - 1*0.3689201) + (-249.26 + (x1 - 1*0.037773848)*(-917.2939)/x0)/x0|R2:|0.7649415716350649
K Beam Energy|xy|TestSize|0.15|try 0 Model: |-(108.96934 - (x1 + 0.12935592)/(x0 - 0.35966083)) + (42.847504 - 2346.672*x1)*1.2522949/x0|R2:|-0.01828222909447552
K Beam Energy|xy|TestSize|0.15|try 1 Model: |-(x0**2 + 145.16685 + 0.036093608/(-x0 - x1 + 0.3255729)) + (58.03216 - 3187.97*x1)/x0|R2:|0.7027896448789386
K Beam Energy|xy|TestSize|0.15|try 2 Model: |x0 + (42.07172 + x1*(-2971.3174))/(x0 - 0.04459841) - 138.46004 + 0.28727692/(x0 - 0.36921695)|R2:|0.7099411171168737
K Beam Energy|xy|TestSize|0.15|try 3 Model: |-(-1*(-7.738901) - 0.034187857/(9.06693e-5 - (-0.7367642)*(-x1 - 0.034232967))) + (0.01335775 - x1)*2442.8743/x0|R2:|0.14917276094727672
K Beam Energy|xy|TestSize|0.15|try 4 Model: |-(-x0**4 - 20.129646) + (x1*(-2059.5322 + 0.12717126/(x1 - 1*(-0.03384272))) + 1.164244)/(x0 - 0.121738866)|R2:|0.5029425952926257
K Beam Energy|xy|TestSize|0.1|try 0 Model: |(0.017971314 - x1)*(-x1**3/x0**6/(x0 - 0.3590082) + 2949.9648/x0) - 108.22269|R2:|0.8143414541500247
K Beam Energy|xy|TestSize|0.1|try 1 Model: |-x1/(x0 + (x1**2 + x1)/0.09064023) - 1*115.7903 + (x1 - 0.017931828)*(-3000.8174)/x0|R2:|0.632882441165778
K Beam Energy|xy|TestSize|0.1|try 2 Model: |-x0 - 1*150.59099 + (x1*(-3174.3008) + x1/((-0.3421271)*(x0 - 1*0.3694566)) + 59.13433)/x0|R2:|0.4128848864650394
K Beam Energy|xy|TestSize|0.1|try 3 Model: |-0.38063655413376*x1**4/(x0 - 0.35097277)**4 - 1*79.05411 + (0.01680833 - x1)*2804.1057/x0|R2:|0.678672651807187
K Beam Energy|xy|TestSize|0.1|try 4 Model: |(x0 - 0.93318415 + (x1 - 1*(-0.4656434))/x0)*(x1*(-16056.185) - 44.894005 + 0.14147325/(x0**4))|R2:|0.5147953017493513
K Beam Energy|xy|TestSize|0.05|try 0 Model: |-1*89.6388 - 1*(-0.0001329251) + (x1 - 1*0.013615607)*(-2776.8596)/(x0 - 1*0.0332444) + 0.24023084/(x0 - 0.3687856)|R2:|0.8775917687758805
K Beam Energy|xy|TestSize|0.05|try 1 Model: |-(-1393.4882)*x0**3 - 297.96753 + (x1*(x1 - 1*(-0.13436686))*(-29107.098) - 1*(-78.98385))/(x0 + x1)|R2:|0.3031048395813174
K Beam Energy|xy|TestSize|0.05|try 2 Model: |-((0.292403 - (-1)*0.62405014/((x0 - 0.3532222)/x1))**4 - (44.267914 - 2767.0818*x1)/x0) - 68.07686|R2:|-0.8085016721519611
K Beam Energy|xy|TestSize|0.05|try 3 Model: |(-1*117.80088 + 54.36648/x0)/0.9735306 + 0.2405201/(x0 - 1*0.36891872) + x1*(-2981.472)/x0|R2:|0.790976335144103
K Beam Energy|xy|TestSize|0.05|try 4 Model: |(x0*16.61978 - 7.7274294)**4 + 208.1057 + (-x1 - 0.021809217)*822.1149/((x0 + x1)*x0)|R2:|0.6870004981724986
