$K$ Beam Energy|150|TestSize|0.5|try 0 Model:|(x0*(x0 - (-55.147152 - (0.8695298 - 4.438456*x0)/x1)) + x1*162.37048)**2 + 65.46163|R2:|0.1283668630443232
$K$ Beam Energy|150|TestSize|0.5|try 1 Model:|(x0*78.97941 - x1*(-191.36673 - 0.45585574420681/x0**2))**2 - 0.095349476/(-x1 - 0.05020892)|R2:|-752.5007084581708
$K$ Beam Energy|150|TestSize|0.5|try 2 Model:|-36575.1164624854*x0**12 + 22259.5046476961*(x0 - (-2.274381)*x1)**3 + 12.238843/x0|R2:|0.3831649850034994
$K$ Beam Energy|150|TestSize|0.5|try 3 Model:|(x0*25.374458 + x1*58.973774)**3 + 98.51159 + (-1*0.5451027 + 0.0036706892/(x0**3))/x1|R2:|0.4180979294811472
$K$ Beam Energy|150|TestSize|0.5|try 4 Model:|-(x0*(-3122.3928) + (x1 + 0.0026204998/x0)*(-7188.1465) + 0.2392565/(x1 - 1*0.0004159417)) - 468.10336|R2:|0.10927183452672273
$K$ Beam Energy|150|TestSize|0.25|try 0 Model:|(2777.9822 - 29.251463*x0**2/x1)*(x0 + x1/0.43333077 - 0.13515735) + 13.151739/x0|R2:|0.4903101048196341
$K$ Beam Energy|150|TestSize|0.25|try 1 Model:|x0**3/(x1 - 1*(-0.14952247)) + (x0/2.356834 + x1)*7489.6987 - 450.33438 + 13.32005/x0|R2:|-0.12294367600455547
$K$ Beam Energy|150|TestSize|0.25|try 2 Model:|x1*7176.6875 - (x0*((2.5996022 + 0.057683647/x1)**2 - 3053.103) - (-423.9996 + 12.938359/x0))|R2:|-0.5242678721712446
$K$ Beam Energy|150|TestSize|0.25|try 3 Model:|(x0**4/x1 - 81.38786*x0 + x1*(-194.47522))**2 - 64.841995 + 8.731306/x0|R2:|0.5620042251608055
$K$ Beam Energy|150|TestSize|0.25|try 4 Model:|x0*(3048.4307 - 3.360342*x0/x1) - (-7064.705)*x1 - 446.61612 + 15.753668/x0|R2:|0.3541051061472549
$K$ Beam Energy|150|TestSize|0.15|try 0 Model:|x0**3*(-9.93692)/x1 - ((x0 + 0.0038767583/x0)*(-2946.9238) + (x1 - 0.056976344)*(-6990.206))|R2:|0.30211865858598774
$K$ Beam Energy|150|TestSize|0.15|try 1 Model:|(x1/(x1/(-0.17490071) - 0.17838289) + (x0*18.36004 - (-33.340485)*x1)**3 - 0.30015382)/x0|R2:|0.26916339695013725
$K$ Beam Energy|150|TestSize|0.15|try 2 Model:|-x0**2/x1 + (x0*79.32171 + x1*183.96556)**2 - 59.5803 + 10.924822/x0|R2:|0.42484837107450546
$K$ Beam Energy|150|TestSize|0.15|try 3 Model:|(2706.0886 - 45.0861620689774*x0**3/x1)*(x0 + x1*2.3240595) - 361.84238 - (-1)*13.46296/x0|R2:|0.6557069569327341
$K$ Beam Energy|150|TestSize|0.15|try 4 Model:|x0*2926.3853 + x1*6938.356 - 398.23117 - 10.184713*x0**3/x1 - (-1)*12.349635/x0|R2:|0.3254539425335953
$K$ Beam Energy|150|TestSize|0.1|try 0 Model:|x0*2931.845 + x1*6881.368 - (x0**3*9.011946/x1 + 406.90594) + 13.3598795/x0|R2:|0.436814336002315
$K$ Beam Energy|150|TestSize|0.1|try 1 Model:|(x0**4/x1 - 78.6972*x0 + x1*(-188.4036))**2 - 45.520863 + 9.157506/x0|R2:|0.5574369789174116
$K$ Beam Energy|150|TestSize|0.1|try 2 Model:|x0*2825.3901 + x1*6551.6274 - (384.19382 - 12.925777/x0) + (0.14097148 - x0)/x1|R2:|0.5074491652124284
$K$ Beam Energy|150|TestSize|0.1|try 3 Model:|x0*3642.5132 + x1*8457.391 - 1*590.1043 + 0.9138564/((x0 + x1 + x1*1.0124651)**3)|R2:|-0.30177030604011956
$K$ Beam Energy|150|TestSize|0.1|try 4 Model:|-x0 + (x0*(91.17299 - 0.011885178/x1) + x1*213.49203 - 1*4.2855096)**2 + 10.645507/x0|R2:|0.6757024888563301
$K$ Beam Energy|150|TestSize|0.05|try 0 Model:|x0*(-8.405999*x0**2/x1 + 2933.36) + x1*6823.4365 - 414.48212 - (-1)*14.339903/x0|R2:|-0.42222857883596565
$K$ Beam Energy|150|TestSize|0.05|try 1 Model:|-(-(-0.3585549)*x0/x1 - 11.224921/x0) + 8905.1382383616*(x0 - x1/(-0.4283094) - 0.054145608)**2|R2:|-0.02820815186160286
$K$ Beam Energy|150|TestSize|0.05|try 2 Model:|x0*3013.5535 + x1*7074.906 - 1*419.76483 - (x0 - 0.13297287)/x1 + 12.997024/x0|R2:|0.45129484436759626
$K$ Beam Energy|150|TestSize|0.05|try 3 Model:|(x0*94.893425 + x1*220.73647 - 5.3713517)**2 - (x0 - 0.13124827)/x1 + 11.425074/x0|R2:|-2.0379587166437836
$K$ Beam Energy|150|TestSize|0.05|try 4 Model:|x1*(6388.7026 - 4.6638694/(x0 - 0.26361844)) - (x0*(-2766.397) - 12.932583/x0) - 371.25296|R2:|0.7287053510946688
$K$ Beam Energy|250|TestSize|0.5|try 0 Model:|416.99246 - (-x0*(x1*2534.8147 - 1131.7084 + 0.58736086/(x0 - 0.6079904)) + x1*5239.2314)|R2:|-0.687267869847328
$K$ Beam Energy|250|TestSize|0.5|try 1 Model:|-x0 - (x1*4079.6467 - (x0**2*(-1493.7224) - x1/(x0 + x1 - 1*0.37852722))) + 230.45508|R2:|0.5145200103277372
$K$ Beam Energy|250|TestSize|0.5|try 2 Model:|-((0.9407625 - 4.046241/x0)*(20.355112 + x1*(-490.99475)) - 0.5715418/(0.6679836 - x0)) - 241.11186|R2:|-5193.296852305378
$K$ Beam Energy|250|TestSize|0.5|try 3 Model:|x0**4*(-838.9748) + (-1*1711.742 + (x1 - 0.035296716)*(-6699.437)/x0)*(x0 + x1) - 1*(-256.88562)|R2:|0.4106143492045382
$K$ Beam Energy|250|TestSize|0.5|try 4 Model:|-1*164.06367 - 0.23186731/(x0 + x1*0.3611149 - 0.2846905) + (64.47271 + x1*(-1462.9279))/x0|R2:|0.3979205116216863
$K$ Beam Energy|250|TestSize|0.25|try 0 Model:|358.0656 - ((-x0*(x0*48.166527 + 59.568924) + x1*(-308.05292))**2 + 0.29307303/(x0 - 1*0.20692913))|R2:|0.45740375183511595
$K$ Beam Energy|250|TestSize|0.25|try 1 Model:|-(-315.0476 - (-x0 - 10.350745 + 2.2773218/x0)/x1) + (x0*(-28.615543) + x1*(-90.810585))**3|R2:|0.6600287616939147
$K$ Beam Energy|250|TestSize|0.25|try 2 Model:|x1*(x0*4749.1973 - 5572.971) - (x0 + 145.06499) + (x0*16.814808 - 1*3.019384)/(x0**4)|R2:|0.5070222420451393
$K$ Beam Energy|250|TestSize|0.25|try 3 Model:|(x1 - 0.036714043)*(-1010.6453 - 0.49322927/(x0 - 0.24830921) + 0.00136101722912909/(0.58888835 - x0)**2)/x0|R2:|-11895.28505113831
$K$ Beam Energy|250|TestSize|0.25|try 4 Model:|x1**3*5437.92 - 309.64548 + ((x1 - 0.046907943)*(-1959.0903) - 0.15815027/(x0 - 1*0.41255003))/x0|R2:|-3.8288778635466203
$K$ Beam Energy|250|TestSize|0.15|try 0 Model:|x1*(-4747.8423) - (-x0*(x1*x1*(-5380.6123) - 1*1349.3918) - 477.46515 + 0.060296938/(x0**4))|R2:|0.3432615511040856
$K$ Beam Energy|250|TestSize|0.15|try 1 Model:|x0*(-558.0551) + 5268.453605165*x1**2/(x0 + x1**2)**2 - 1*(-328.13135) + 1.1800374e-5/(x1**3)|R2:|0.13053806273130542
$K$ Beam Energy|250|TestSize|0.15|try 2 Model:|(22.687521 - 71.70546/(x0 - 1*(-0.023934523)))**2*(x1 - 0.039917953)**2 + 0.00257743470310736/(x0 - 0.32943437)**2|R2:|0.5477077596518539
$K$ Beam Energy|250|TestSize|0.15|try 3 Model:|x1*(-4547.3506) - (-x0*(x0**4*(-811.4865) - 1*1331.8) - x1 - 485.966 - 0.24044704/x1)|R2:|0.41305825047369216
$K$ Beam Energy|250|TestSize|0.15|try 4 Model:|-1293.388 + (x0 + (x1 + x1)**3)*(-1589.238*x0 + x1*(-5489.4307) + 1808.483)/x0|R2:|0.3871148418665936
$K$ Beam Energy|250|TestSize|0.1|try 0 Model:|(-1*271.79193 + (x1 - 0.052027967)*((-2.664979 - (-1)*0.90315294/x0)**12 - 1729.2557)/x0)*1.0051908|R2:|0.07311315028164567
$K$ Beam Energy|250|TestSize|0.1|try 1 Model:|x0*(-x0 - 1361.0469) + (x1**2 + x1)*(-5058.8877) + 476.1729 - 0.16939361/(x1 + 0.11016749)|R2:|-17.647979315954263
$K$ Beam Energy|250|TestSize|0.1|try 2 Model:|(-x1 + 0.8001371/x0)*(x1*(-1771.1449) - 1*(-145.17416)) - (x0*11.641021 - 1*5.7181635)**4 - 295.8687|R2:|0.6126830689533533
$K$ Beam Energy|250|TestSize|0.1|try 3 Model:|x1*(-5983.076) - (x1*x1*6720.1533 - (513.1396 + x0*(-1586.1943)) - (-1)*0.028672462/(x0**4))|R2:|0.45107517614536163
$K$ Beam Energy|250|TestSize|0.1|try 4 Model:|(498.23776 + x1*(-6350.686))*(x1 + 0.9180369) - (x0*1340.8221 - x1/(0.2930334 - x0))|R2:|0.5077569762245278
$K$ Beam Energy|250|TestSize|0.05|try 0 Model:|(11.407108 - x0)*(-1*36.60738 + (x1*(-171.56519) + 13.82321 + (x1 - 0.02774624)/(x0**3))/x0)|R2:|0.5672305896305776
$K$ Beam Energy|250|TestSize|0.05|try 1 Model:|(56.84638 + x1*(-1276.0321))/(x0 - x1**3) - 1*102.057465 - 0.1353258/(x0*x1 - 1*(-0.05522728))|R2:|-0.07078126188109746
$K$ Beam Energy|250|TestSize|0.05|try 2 Model:|(1367.0844 - 0.0231691362832819/x0**6)*(-x0 + x1*(x1**2*10.734092 - 3.357209) + 0.35953653)|R2:|0.21875852583418265
$K$ Beam Energy|250|TestSize|0.05|try 3 Model:|x0*(-1181.0372) - x1*(4319.9214 - 2178.4817*x0**3) + 441.86444 + 0.27583557/(x0 - 1*0.49098533)|R2:|0.14276357859764433
$K$ Beam Energy|250|TestSize|0.05|try 4 Model:|x0*(-(-2541.8096)*x0**4*x1 - 1221.802) + x1*(-3957.1116) - 1*(-482.0456) + 0.5083104/x1|R2:|0.745283729676367
$K$ Beam Energy|400|TestSize|0.5|try 0 Model:|x0*(-1157.7122) + (221.83073 + x1*(-5987.799))/(x0 + 0.42347157) - (-1)*0.15556048/(x0 - 0.24701716)|R2:|0.7940299150086785
$K$ Beam Energy|400|TestSize|0.5|try 1 Model:|(-(170.56557 - (-1144.66)*x0) + (x1*(-4729.9644 + 182.8355/(x0**2)) + 128.98302)/x0)*1.0061405|R2:|0.6864913259025518
$K$ Beam Energy|400|TestSize|0.5|try 2 Model:|(358.28754 + 7208.4066582569*x1**2/x0**2)/(x0 - 1*(-0.41408327)) - 396.0432 + 9.590987e-8/(x1**4)|R2:|0.48380022919349286
$K$ Beam Energy|400|TestSize|0.5|try 3 Model:|-x0 - (-1)*0.1123995/(x0 - 0.7007698) + ((1.208061 + 59.571968*x1/x0)**2 + 38.849075)/x0|R2:|0.7189518165549567
$K$ Beam Energy|400|TestSize|0.5|try 4 Model:|x0*(x0*(-1822.8829) - 617.63043) + x1*(-7422.732) - 1*(-331.0489) + 0.124002778683816/(0.70478255 - x0)|R2:|-0.859693988436206
$K$ Beam Energy|400|TestSize|0.25|try 0 Model:|(8.194919 - 728.574253760336*x1**4)*(x0*73.73983/(x1 - 0.11041775) - 1*(-257.65854) - 22.208628/x0)|R2:|0.6236582788888971
$K$ Beam Energy|400|TestSize|0.25|try 1 Model:|x0*(-647.0623 - 7.1979876/(-x1**4 + x1)) - 1*232.06863 + (x1 - 1*0.014849553)*(-3607.8489)/x0|R2:|0.5606850430671928
$K$ Beam Energy|400|TestSize|0.25|try 2 Model:|x0*(x1*(4601.3765 - 9726.562/x0) - 1*1962.9264) - x1 + 550.1931 - 0.062389836/(x0**4)|R2:|0.6942500714016351
$K$ Beam Energy|400|TestSize|0.25|try 3 Model:|(x0 + x1 - 1*0.07438791)*(x0*48.511673 - 1*(-5.11163) - (x1*(-208.49303) - 1*(-9.281637))/x0)**2|R2:|0.7566313744519884
$K$ Beam Energy|400|TestSize|0.25|try 4 Model:|(x0 - 297.54626701473*x1**4)*(-1729.4781*x0 - 757.7246 + x1*(-7653.168)/x0) + 353.12946|R2:|0.7760569093411104
$K$ Beam Energy|400|TestSize|0.15|try 0 Model:|(x0*6.4480405 - x1*(-x1 - x1 - 43.19886)/(x0 - x1 + 1.008023) - 4.7425137)**4|R2:|0.6973978035271216
$K$ Beam Energy|400|TestSize|0.15|try 1 Model:|-x1/(x0 - 0.506662241448727) + (46.170383 - 18468.8670547511*x1**3/x0**3)/(x0**3 + x0)|R2:|0.45332261390495165
$K$ Beam Energy|400|TestSize|0.15|try 2 Model:|x1*(-178.85623 - 2773.245/x0) + (-1151.2678 - 3.749614/x1)*(x0 + x1) + 186.6296|R2:|0.5207020743585941
$K$ Beam Energy|400|TestSize|0.15|try 3 Model:|(x0 - 0.029297633)*1.0622505*(x1*5032.19 - 1889.704 + (0.053409286 - x1)*9849.781/x0)|R2:|0.6684942031161332
$K$ Beam Energy|400|TestSize|0.15|try 4 Model:|(x0**3 + x0)*(-17296.0570487747*x1**4 - 1*1602.0884 + 1647.9497/(x0 + x1)) - 1267.3285|R2:|0.630972487292815
$K$ Beam Energy|400|TestSize|0.1|try 0 Model:|(x0 - 1*0.010218631)*((-1*(-116.704636) - 112.116646/(x0 + x1))**2*(x1 - 0.06211064)**2 - 75.48735) + 0.42088857|R2:|0.623751842328386
$K$ Beam Energy|400|TestSize|0.1|try 1 Model:|x0*(-1291.2113) + x1*(-8635.686) + (x0 + x1*(-1.3216606))**2*(-835.82916) - 0.42930272 + 428.12885|R2:|0.8197179854915342
$K$ Beam Energy|400|TestSize|0.1|try 2 Model:|x0*(-1409.1694) + (x1 - 0.04295379)*(-8635.365)/(x0 + x1**4*26.803541 + 0.7147597)|R2:|0.8331620380227325
$K$ Beam Energy|400|TestSize|0.1|try 3 Model:|x0*(-(1.1082819 - x0)*(x0*(-13.268998) - 48.155735*x1 + 5.5270977) - 2.7186434)**4 - 0.26379037|R2:|0.8208141655635843
$K$ Beam Energy|400|TestSize|0.1|try 4 Model:|(x0*x1 + x0)*(-(x0*1788.8722 + 894.50653) + (377.93787 + x1*(-8612.714))/x0)|R2:|0.5339441102236365
$K$ Beam Energy|400|TestSize|0.05|try 0 Model:|(-(x0**6 - x0*(x1*(-1*72.14005 + 133.88034/x0) - 1*(-24.344011))) - 39.062485)**2 - 1034.0518|R2:|0.7362269617494203
$K$ Beam Energy|400|TestSize|0.05|try 1 Model:|x0*(-870.373) + x1*(-7771.411) - 1604.2185*(x0**2 + x1**4*19.015514) + 374.9891|R2:|0.6023749638029409
$K$ Beam Energy|400|TestSize|0.05|try 2 Model:|(39.229248 + 11068.6264728516/(x0**4 - 2.5026278*x0/x1 - 4.095058)**2)/(x0**3 + x0)|R2:|0.4340494401702648
$K$ Beam Energy|400|TestSize|0.05|try 3 Model:|-1759.4065*x0 + x1*(1.1366425 - x1**2)*(-8706.705)/(x0 + 0.86601937) - 1*(-471.98425)|R2:|0.6570138401417822
$K$ Beam Energy|400|TestSize|0.05|try 4 Model:|(-x1 - 1.2763095)*(x0**2*1817.5408 + x1*6262.242) + 44.57367/(x0 + x1)|R2:|-0.10425195179767255
$K$ Beam Energy|600|TestSize|0.5|try 0 Model:|-(x0**6*326.89383 + 565.9155 + 0.47307053/(x0**4)) + (190.2965 + x1*(-3245.0908))/x0|R2:|0.589883631367428
$K$ Beam Energy|600|TestSize|0.5|try 1 Model:|-x1/(x1 - 1*(-0.022405874)) + (-x0 + 2.2854488 + x1*(-4.3936152)/x0)**6 + 87.22958|R2:|0.6988473403179056
$K$ Beam Energy|600|TestSize|0.5|try 2 Model:|(1.2100332 - x1**2)*(x0*(-857.32764) - 2491.622*x1/(x0 + x1 - 1*(-0.06704131)) + 289.59213)|R2:|0.5200417710717201
$K$ Beam Energy|600|TestSize|0.5|try 3 Model:|x0 - 1*144.02454 + (-x0**4*(x1 + x1 + 4.857327)**4 + x1*(-2564.251) - 1*(-60.894447))/x0|R2:|0.70150341776553
$K$ Beam Energy|600|TestSize|0.5|try 4 Model:|x0**4 + (x0*x0*(-1829.6744) - (x1*7300.062 - 1*169.27234))/(0.69511116 - x1/0.42817158)|R2:|0.5717207402583173
$K$ Beam Energy|600|TestSize|0.25|try 0 Model:|x1*(-4856.7607) + (-1596.0988 - (-1)*52.20577/x1)*(x0 - 0.13893667)**2/1.0068414 - 1*(-1.6687512) + 232.00906|R2:|0.6897486966998323
$K$ Beam Energy|600|TestSize|0.25|try 1 Model:|-1*(-26.873116) + (x0**2*(-1405.7859) + x1*(-6289.632) + 107.04973)/(x0 + 0.20355795 - x1/x0)|R2:|0.484719187070475
$K$ Beam Energy|600|TestSize|0.25|try 2 Model:|-x1 + ((x0**3*10.442673 - (x1 - 2.2149463)**4)**2 - 535.23376)/(((x0 + x1)/0.83387184))|R2:|0.7369553672790364
$K$ Beam Energy|600|TestSize|0.25|try 3 Model:|-x0 - 0.31875318/(0.71955454 - 0.20500995/x0) + (-1*(-48.48167) + 4353.96796503682*x1**2/x0**2)/x0|R2:|0.7036186056611462
$K$ Beam Energy|600|TestSize|0.25|try 4 Model:|0.648445970645645*(-(-29.242989)*x0 - x1*(x0 - 130.71829/(x0 - 1*(-0.29376188))) - 30.112783)**2 - 204.32538|R2:|0.8199139481706638
$K$ Beam Energy|600|TestSize|0.15|try 0 Model:|-497.93127*x0 - 1*(-62.066483) - 0.11963215/(x0 - 0.47401506) + (x1*(-2718.9724) - 1*(-37.08667))/x0|R2:|0.3698426267437649
$K$ Beam Energy|600|TestSize|0.15|try 1 Model:|1.073144*(x0*(-1014.04095) + x1*(-4553.855)/(x0 - 1*(-0.30441442)) - (x1 - 0.46144995)**3 + 356.98843)|R2:|0.807915310748268
$K$ Beam Energy|600|TestSize|0.15|try 2 Model:|(0.08324804 - x0)*499.7522 - (-1)*0.01331327/(x0**3 + x1) + (x1 - 0.014370405)*(-2800.8064)/x0|R2:|0.30147620857297774
$K$ Beam Energy|600|TestSize|0.15|try 3 Model:|(x0 + x1)*(x0*(-1368.939) - 396.7778 - (x1*5365.6475 + 807.0449)/x0) + 1097.8981|R2:|0.6042016385183924
$K$ Beam Energy|600|TestSize|0.15|try 4 Model:|(x0*(x0*(-1479.7599) - 1*(-92.03775)) + x1*(-5354.601 - 52.219196/x0**3) + 187.30338)*0.99627084|R2:|0.8736459045023531
$K$ Beam Energy|600|TestSize|0.1|try 0 Model:|x0*(x1*(5199.2925 + 2.4027922/(-x1 - 0.022330789)) - 1228.5696) + x1*(-8749.094) + 448.42172|R2:|0.9220437273626705
$K$ Beam Energy|600|TestSize|0.1|try 1 Model:|(x0 + x1 + x1)*(-2615.3896*x0 - 1*158.54228 + (0.027689027 - x1)*11324.383/x0)|R2:|0.7212463512863666
$K$ Beam Energy|600|TestSize|0.1|try 2 Model:|x0**2*(-1636.7537) + x1*(-5974.811) - x1 + 255.58873 - (-1)*0.07553837/(x0 + x0 - 1*0.94475216)|R2:|0.5364444423014567
$K$ Beam Energy|600|TestSize|0.1|try 3 Model:|x0**6 + (x0 + x1)**4*(-1192.3497) - 228.26657 + (x1 - 1*0.030603172)*(-2669.9941)/x0|R2:|0.7741186104935517
$K$ Beam Energy|600|TestSize|0.1|try 4 Model:|x0**2*(-1711.4031 + 0.36414984/(x0 - 0.47127208 - 0.000511375294246113)) + x1*(-6197.476) + 260.4454|R2:|0.6054231820287233
$K$ Beam Energy|600|TestSize|0.05|try 0 Model:|x1/(-0.23548374) - 705.2256*(x0 + x1)**2 - 1*82.20354 + (0.019858785 - x1)/((x0/2653.2004))|R2:|0.7654912570702704
$K$ Beam Energy|600|TestSize|0.05|try 1 Model:|x0*(-467.66217) - 7232.2425533984*(x0 + x1)**12 + (x1 - 0.01688849)*(-2876.3445)/x0|R2:|0.2500265388514965
$K$ Beam Energy|600|TestSize|0.05|try 2 Model:|(x0 + x1)**2*(-926.6896) + ((0.027706666 - x1)*3282.6628/(x0 + 0.13401328) - 1*69.340294)/0.9963517|R2:|0.6075748818477915
$K$ Beam Energy|600|TestSize|0.05|try 3 Model:|x1*(-4318.2495 - 1464.5664/x0) - (x0**2 + x0*(1060.7175 - 2202.6995*x1)) + 364.27686|R2:|0.6192856857051533
$K$ Beam Energy|600|TestSize|0.05|try 4 Model:|x0**2*((x0**6 - x0/x1)*(-37.650726) - 1254.4639) + x1*(-5113.9053) + 287.38248|R2:|-0.11020374038072789
$K$ Beam Energy|800|TestSize|0.5|try 0 Model:|(x0**3*(-401.39545) - x0/x1 - 279.95566 + (0.029027566 - x1)/((x0/3492.581)))*1.039889|R2:|0.7904390972046562
$K$ Beam Energy|800|TestSize|0.5|try 1 Model:|x0*(-x0 - 826.13556) - 6318.351*(x1 - 0.039045483)/(x0 + x1**3*(-17.318207) - 1*(-0.3530328))|R2:|0.7689937277732722
$K$ Beam Energy|800|TestSize|0.5|try 2 Model:|x0*(-945.0466) + x1*(-4327.2007)/(x0 + 0.11167668) - (-364.27127 - 0.41866732/(x0 - 0.2622964))|R2:|0.613055765358544
$K$ Beam Energy|800|TestSize|0.5|try 3 Model:|-x0/(x0 - 0.28968108) + (-789.4625 + 2655.0083/(x0 + x1))*(x0 - x1**4) - 2304.913|R2:|0.7875993451969211
$K$ Beam Energy|800|TestSize|0.5|try 4 Model:|-x1 + (293.22333 + x1*(-4804.006))/(x0 - 1*(-0.16030522)) + (x0 - 1*(-0.056476384))**4*(-420.10132) - 526.44147|R2:|0.828520180632773
$K$ Beam Energy|800|TestSize|0.25|try 0 Model:|(x0*((-3.981409 - 0.54057306/(x1 - 0.23495188))**4/(x0 - 1*(-0.38237923))**4) - x0)**2*1.0752789|R2:|0.7915814747479968
$K$ Beam Energy|800|TestSize|0.25|try 1 Model:|-454.3109*x0 - (0.6795165 + x0*(-3.1928601))**6 + (66.29693 + x1*(-3398.0457))/x0|R2:|0.8104372087739566
$K$ Beam Energy|800|TestSize|0.25|try 2 Model:|1119.423 - ((-28.108221*x0 - x1*(188.4077 + x0*(-105.628006)) - 20.679993)**2 - (-1)*45.556557/x0)|R2:|0.9019130473805438
$K$ Beam Energy|800|TestSize|0.25|try 3 Model:|-(-1*1.6556925 + 0.92851657/x0)**6 + (x0 - 1.6772108)**3*(-(-27.611254)*x1 - 5.8287067)**3 - 368.2748|R2:|0.8831198027655377
$K$ Beam Energy|800|TestSize|0.25|try 4 Model:|(-1*1089.2766 + (83.95619 + x1*(-5225.768))/(x0**2))*(x0 + x1**3 - 0.1573988) + 144.25473|R2:|0.8642971571612897
$K$ Beam Energy|800|TestSize|0.15|try 0 Model:|x0*(-0.35470173)/x1 - (466.3885117609*x0**2 - 1*(-154.86453)) - 3582.7717*(x1 - 1*0.021788193)/x0|R2:|0.6881121640530756
$K$ Beam Energy|800|TestSize|0.15|try 1 Model:|x0*(x0*(x0 - 1*301.83755) + x1*(-9045.318)/(x0**3 + x0) - 967.10876) + 441.57675|R2:|0.8552736654996814
$K$ Beam Energy|800|TestSize|0.15|try 2 Model:|x0*(-1058.4188) - 4723.233*x1/(x0 - 25.4691446115561*x1**3 + x1 + 0.2373141) + 429.59583|R2:|0.9131631153703025
$K$ Beam Energy|800|TestSize|0.15|try 3 Model:|x0*(-1272.2803) + 491.47104 - 813.9321/(x0 + x1) + (811.90656 + x1*(-5731.8574))/x0|R2:|0.8724653607245082
$K$ Beam Energy|800|TestSize|0.15|try 4 Model:|x0*(-1065.6876 - 0.2687686/x1) - 1*(-408.93533) + x1*(-4636.41 + 481.36835/x0)/x0|R2:|0.9096645183656222
$K$ Beam Energy|800|TestSize|0.1|try 0 Model:|((-1*(-2.5793056) + x1*(-27.994087)/x0)**3 + 119.30981)/(x0**4 + x0 + 0.20365119) - 113.78395|R2:|0.8037590661363858
$K$ Beam Energy|800|TestSize|0.1|try 1 Model:|x1/((x0/(-3748.6514))) - (-x0*(-818.9179 - (-1*(-2.2634046) + 0.0023987733/x1)/x1) - 258.31894)|R2:|0.894182309666847
$K$ Beam Energy|800|TestSize|0.1|try 2 Model:|-x0*(898.0126 + 0.3787218/x1) - 4191.2896*(-x1**3 + x1/(x0 - 1*(-0.10009359))) + 347.37897|R2:|0.8844593480094751
$K$ Beam Energy|800|TestSize|0.1|try 3 Model:|x0*(-853.1803 - 0.512782/x1) - 264.89444*x1 + 307.7124 + x1*(-3466.7258)/x0|R2:|0.8439909830240636
$K$ Beam Energy|800|TestSize|0.1|try 4 Model:|(8.320821 - (x1*82.30701 - 0.43089783/x0))**2/(x0**3 + x1**4 - 1*(-0.17757276)) - 339.87015|R2:|0.783057449720082
$K$ Beam Energy|800|TestSize|0.05|try 0 Model:|x0*(-1338.3505) + 492.9233 - 13355.059*x1/(x0 - (x1 - 0.98014796)**3) - 0.036386512/x1|R2:|0.9270833958175855
$K$ Beam Energy|800|TestSize|0.05|try 1 Model:|-(x0*1201.1025 - 493.31134) + (x1*(-7265.896) - 0.092131376/x0**4)/(x0**2 + 0.77035517)|R2:|0.7775524554641802
$K$ Beam Energy|800|TestSize|0.05|try 2 Model:|x0**2*(-323.40134) - (x0**2*39.855965 + x0 - (-224.93622)*x1 + 18.681622)**2 + 646.3935|R2:|0.8779344782221917
$K$ Beam Energy|800|TestSize|0.05|try 3 Model:|-1081.9861*(x0 - x1**3) + 437.13452 + x1*(-4642.5684 + 632.5939/(x0 - x1))/x0|R2:|0.5960426484994421
$K$ Beam Energy|800|TestSize|0.05|try 4 Model:|(-x1 - 38.756805)*7347.236 + (x1**3 + 14.893227)*(x0**4 + x0**2*(-107.93925) + 19138.678)|R2:|0.8751053122267214
$K$ Beam Energy|1000|TestSize|0.5|try 0 Model:|-1462.3987*x0**3/x0 + x1*(-6644.2646) + 345.23206 - (-x0**2 - 0.28709257)/x1|R2:|0.6728251179722928
$K$ Beam Energy|1000|TestSize|0.5|try 1 Model:|(-1108.4128 - 0.2828017/x1)*(x0 - 0.43046528 + x1*(4.6332793 - 0.60951203/x0)/x0)|R2:|0.8327677664163481
$K$ Beam Energy|1000|TestSize|0.5|try 2 Model:|x0*(-937.8354) + (-1275.889 - 2875.4912/(x0 + 0.004596662))*(x1 - 7.134345e-6/x1) - 1*(-419.23502)|R2:|0.8366683878899461
$K$ Beam Energy|1000|TestSize|0.5|try 3 Model:|(x0*(-1278.2305) + 816.83044 - 5434.327*(x1 + 0.056749173)/(x0 - 1*(-0.42256635)))/0.82283473 - 1*(-136.19891)|R2:|0.8559847748313465
$K$ Beam Energy|1000|TestSize|0.5|try 4 Model:|-x0 + ((x0 - 1.9426924)*(x1*146.73947 - 46.369484) - 54.86137 - 2.509762/x0)**2 - 1*4.9652605|R2:|0.8409503647333614
$K$ Beam Energy|1000|TestSize|0.25|try 0 Model:|x0*(-x0 + x1)*(x1 + 1432.6155) + (x1**4*5.964401 + x1 - 1*0.036258195)*(-8072.315)|R2:|0.8402129601774782
$K$ Beam Energy|1000|TestSize|0.25|try 1 Model:|(x0*(-960.8424 + 2706.3652/(x0 + x1)) - 2247.379)*(x0 + x1**2*(-5.4799457) + 0.5908702)|R2:|0.8667158452096815
$K$ Beam Energy|1000|TestSize|0.25|try 2 Model:|(334.99158 - (-(-1906.2745)*x0*x0 + x1*10635.233))/((1.0133979 - x1)**4) - (-1)*0.04939407/x1|R2:|0.8888530698195445
$K$ Beam Energy|1000|TestSize|0.25|try 3 Model:|x0*(-674.35876) + (x1*(-1*(-38.43759) - 121.24981/x0) + 8.309102)**2 - 1*(-295.67288) - (-1)*0.03521107/x1|R2:|0.7578088215237617
$K$ Beam Energy|1000|TestSize|0.25|try 4 Model:|(x0**2*(-1051.3798) - 6093.8916*x1 + 176.93567)/(-x1 + (0.83665663 - x1)**3 - 0.022749525)|R2:|0.8983992813158879
$K$ Beam Energy|1000|TestSize|0.15|try 0 Model:|-x0*(x0**4 + 997.1198) + 184.81126 + (0.029829266 - x1)*(-1*(-5596.6284) - 868.2395/x0)/x0|R2:|0.8041777772463078
$K$ Beam Energy|1000|TestSize|0.15|try 1 Model:|x0 + (x1 - 0.03716878)*(-8116.757) + x0**4*(223.52203 - 1570.0382/(x0 + x1))/x0|R2:|0.8182890205830718
$K$ Beam Energy|1000|TestSize|0.15|try 2 Model:|x0*(-1023.2536) + x1*(-1*4963.836 + 9.779773e-7/(x0**16))/(x0 + 0.1890462) + 455.59503|R2:|0.8016042033117547
$K$ Beam Energy|1000|TestSize|0.15|try 3 Model:|-x0*(x0 - x1)*((7.1781282 - 0.054388028/x1)**2 + 1356.8477) + x1*(-7786.7046) - 1*(-305.57303)|R2:|0.9276205492570151
$K$ Beam Energy|1000|TestSize|0.15|try 4 Model:|-7166.85*(8.58892348352142*x1**4 + x1) - 1*(-335.60495) + (x0**4 + 0.0014541642)*(-1529.8164)/x0**2|R2:|0.9122605901363952
$K$ Beam Energy|1000|TestSize|0.1|try 0 Model:|(x0 - 1*0.15587233)*x0*(-1826.9769) + x1*(-7352.5513) - 1*(-247.53456) + 0.052207295/(x0 - 0.3292491)|R2:|0.8673579340587487
$K$ Beam Energy|1000|TestSize|0.1|try 1 Model:|x1*2031.3666 + (-1*(-0.14401007) + (x1 - 0.08090451)/x0)*(-5498.9243) - 48.90753/(x0**2 + x1)|R2:|0.7523371257128848
$K$ Beam Energy|1000|TestSize|0.1|try 2 Model:|(x1 + 0.4493544)*(-3876.0921833929*x0**2 + x1*(-20495.76) + 700.89294) - (-1)*0.0111623695/(x0*x1)|R2:|0.7734134719706739
$K$ Beam Energy|1000|TestSize|0.1|try 3 Model:|-1533.2301*x0*x0 + x1*(x1 - 1*(-1.4984113))*(-5307.756) - 1*(-302.75366) + 0.041454453/x1|R2:|0.8549529224223131
$K$ Beam Energy|1000|TestSize|0.1|try 4 Model:|x0*(-1*886.7245 + 3028.375/(x0 + x1)) - (12283.0594694816*x1**4 + 2616.8235 - 0.075562514/x1)|R2:|0.5173260364736353
$K$ Beam Energy|1000|TestSize|0.05|try 0 Model:|-8154.2134*x1 - 365.71826*(x0 - (-x0 + x1))**2 + 299.2099 - 0.00359086045688315/x0**6|R2:|0.6824863605875418
$K$ Beam Energy|1000|TestSize|0.05|try 1 Model:|(x1**2 + x1)*(-1717.9906*x0*x0/x1 - 7595.8696) + 395.79343 - 22.84769/x0|R2:|0.5317466498654612
$K$ Beam Energy|1000|TestSize|0.05|try 2 Model:|x0**2*(-1848.1653) - 6782.9707*x1 + (x0 - x1)*(x0*x1 + 358.02728) - 1*(-229.22253)|R2:|0.9713047673760021
$K$ Beam Energy|1000|TestSize|0.05|try 3 Model:|1270.5326 - (x0**3 + x0 - x1*(-7.8333564 + (x0 - 1*1.6374731)/x0) + 5.459542)**4|R2:|0.7688292370235787
$K$ Beam Energy|1000|TestSize|0.05|try 4 Model:|(x1 + 1.5886135)*x1*(-4846.241) - (x0*x0*1486.6472 - 0.041755494/x1) + 301.24695|R2:|0.2010704630587966
$K$ Beam Energy|1200|TestSize|0.5|try 0 Model:|x1*(-7122.941) - (-x0 + x1)**2*(-0.29868388*x1/(x0 - 0.5629291) + 1022.27216) + 285.83975|R2:|0.7627391303366393
$K$ Beam Energy|1200|TestSize|0.5|try 1 Model:|298.93533 - (x0**2 + x1*5.56113)*(x1*(6234.395 + 30.878273/(x0**6)) + 1405.5212)|R2:|0.7017559274117504
$K$ Beam Energy|1200|TestSize|0.5|try 2 Model:|-x0*(992.7018 - x0) + x1*(120.37297/(x0**3 + x1) - 4203.4746/x0) + 486.5921|R2:|0.6957733914274689
$K$ Beam Energy|1200|TestSize|0.5|try 3 Model:|x0 + (-1*619.36835 - 2591.789/x0)*(x1 - 1*0.030639684) + (x0 + x1)**4*(-872.74005) - 110.36859|R2:|0.633457616642402
$K$ Beam Energy|1200|TestSize|0.5|try 4 Model:|x0*(-575.9819) + x1*(-2751.3752)/(x0 + 0.0108798793203556/x0**2) - 1*(-1.1184438) + 359.1708|R2:|0.7653058768473546
$K$ Beam Energy|1200|TestSize|0.25|try 0 Model:|((379.75742 + x1*(-5878.26))/(x0**2 + 0.15641396) - 931.87146)*(x0 + x1**3 + x1)|R2:|0.5491744656078851
$K$ Beam Energy|1200|TestSize|0.25|try 1 Model:|(-1*695.228 + 2683.5024/(x0 + x1))*(x0 - x1**4) - 2303.9631 - 0.24996276/(x0 - 0.32930392)|R2:|0.15764514797510254
$K$ Beam Energy|1200|TestSize|0.25|try 2 Model:|-(x0*1162.3945 - 1*620.0167) + (x1*995.4912 - 1*7.5067387)/(x0**2) + x1*(-5266.3774)/x0|R2:|0.6843913996317019
$K$ Beam Energy|1200|TestSize|0.25|try 3 Model:|(x0 + 1.1311383)**4*(-66.12714) + (x1*17.533817 + 20.185211)*(x0 + x1*(-351.50085) - 1*(-22.89986))|R2:|0.6378457294367673
$K$ Beam Energy|1200|TestSize|0.25|try 4 Model:|-679.17175*x0 + x1*(-3751.0378)/(x0 + 0.1515661) - (-377.2176 - 0.054577347/(x0 - 0.5638017))|R2:|0.6406979545630945
$K$ Beam Energy|1200|TestSize|0.15|try 0 Model:|x1*(-7239.8735) + (-x0 + x1)**2*(-1044.126) - 1*(-283.9031) - 3.8687226e-8/((x0**4 + x1)**2)|R2:|0.6985029671726632
$K$ Beam Energy|1200|TestSize|0.15|try 1 Model:|(-1091.5514*x0 + 785.0044 - 4172.192*(x1 + 0.03607496)/(x0 + (x1 - 1*(-0.62325925))**3))/0.99236315|R2:|0.7483298900725008
$K$ Beam Energy|1200|TestSize|0.15|try 2 Model:|x1*(-7016.282) - (2.923404 - 1.2147881/x0)**4 - 999.8478*(-x0 + x1)**2 + 279.96182|R2:|0.691066972383759
$K$ Beam Energy|1200|TestSize|0.15|try 3 Model:|((x0*6.453276 - 3.5775368)**2 + (x1*16.135984 + (x0 + 0.2784381)*3.4100118)**3 - 24.54982)**2|R2:|0.7038112106685165
$K$ Beam Energy|1200|TestSize|0.15|try 4 Model:|(x0 + x1 - 1*(-0.17488767))*(-1226.939*x0 + 340.7883 + x1*(-5016.21)/x0) + 185.65636|R2:|0.5700341991607484
$K$ Beam Energy|1200|TestSize|0.1|try 0 Model:|x1*(-5723.538) + (0.40860125 - (x0 + 0.2073644)**3)*691.43304 - 0.12611088/(x0 + x1 - 0.5751021)|R2:|0.7928177700687444
$K$ Beam Energy|1200|TestSize|0.1|try 1 Model:|x1 + (456.53357 - x1)*7465.2363 - 1077.7682*(-x0 + x1)**2 - (x0/0.29975963 + 3407845.8)|R2:|0.8583769910445215
$K$ Beam Energy|1200|TestSize|0.1|try 2 Model:|(x1 + 2707.49)*(-(x1 - 1*0.028326798) + (x0**3*(-0.4009292) - x1 + 0.03454672)/(x0 + 0.30901715))|R2:|0.8488406659913563
$K$ Beam Energy|1200|TestSize|0.1|try 3 Model:|-x0 + 0.26364353/(x0 - x1 - 0.28995773) + (-1*(-3.6725142) + x1*(-17.676294)/x0)**3/x0|R2:|0.6135248379815137
$K$ Beam Energy|1200|TestSize|0.1|try 4 Model:|(x0*(-17.632856) - (-18.01591 + x1*89.06255/x0))**2 - 1*(-1.4099224) + 0.023123866/(x0 - 0.5633145)|R2:|-0.0735994771181454
$K$ Beam Energy|1200|TestSize|0.05|try 0 Model:|-388.50418*x0*x0 - (x1*304.26007 - 1*8.166332) + (56.82317 - 2881.9897*x1)/x0|R2:|0.09333226181946996
$K$ Beam Energy|1200|TestSize|0.05|try 1 Model:|x1*(-6020.7446) - (-226.29132 - 0.845799/(x1*40.02728 - 1*(-0.29693955))) - (5.9137263 - 40.02728*x0)**2|R2:|0.7269735163600423
$K$ Beam Energy|1200|TestSize|0.05|try 2 Model:|x1*(-6322.174)/(x0 + 0.55986816) + (-536.09174 + 0.022000233/x1)*(x0 + 0.29912236)**2 + 373.35803|R2:|0.8814647218404701
$K$ Beam Energy|1200|TestSize|0.05|try 3 Model:|x1*(-6896.5107) - (0.979949 - x1**3)*(x0**2*1150.3357 + x1**2*7904.2754) + 284.38|R2:|-1.1337087795523826
$K$ Beam Energy|1200|TestSize|0.05|try 4 Model:|(-11.642522 + x1*83.23416/x0)**2 + (-x0 + 42.9651079012502*x1**3)*582.61053 + 221.43245|R2:|0.1995717858001944
