$K$ Beam Energy|150|TestSize|0.5|try 0 Model:|(x0*1.0603135 + x1)*5.6531234|R2:|0.33127397965647365
$K$ Beam Energy|150|TestSize|0.5|try 1 Model:|(x0 + x1)*6.316913|R2:|0.25539504268485547
$K$ Beam Energy|150|TestSize|0.5|try 2 Model:|x0*5.740819 + x1*5.237542|R2:|0.4355873489921164
$K$ Beam Energy|150|TestSize|0.5|try 3 Model:|x0*0.4826445|R2:|-0.01895964654444393
$K$ Beam Energy|150|TestSize|0.5|try 4 Model:|(x0 + x1)*5.9040785|R2:|0.2871530395915879
$K$ Beam Energy|150|TestSize|0.25|try 0 Model:|(x0 + x1/1.0758373)*5.624909|R2:|0.4393071507092231
$K$ Beam Energy|150|TestSize|0.25|try 1 Model:|(x0 + x1)*6.0032663|R2:|-0.005015144896401091
$K$ Beam Energy|150|TestSize|0.25|try 2 Model:|x0*5.934671 - (-5.5627604)*x1|R2:|0.47293732482356454
$K$ Beam Energy|150|TestSize|0.25|try 3 Model:|x0*5.984417 + x1*5.588806|R2:|0.46231033872791005
$K$ Beam Energy|150|TestSize|0.25|try 4 Model:|(x0 + x1)*5.8861966|R2:|0.3831185531093607
$K$ Beam Energy|150|TestSize|0.15|try 0 Model:|(x0 + x1)*6.00498|R2:|0.023730910939723016
$K$ Beam Energy|150|TestSize|0.15|try 1 Model:|x0*5.836446 + x1*5.4510503|R2:|0.41063852966258485
$K$ Beam Energy|150|TestSize|0.15|try 2 Model:|x0*5.4674563 + x1*5.0334697|R2:|0.38498975086923404
$K$ Beam Energy|150|TestSize|0.15|try 3 Model:|x0*5.5121574 - (-5.152603)*x1|R2:|0.5619842071059913
$K$ Beam Energy|150|TestSize|0.15|try 4 Model:|x0*6.217148 + x1*5.8538733|R2:|0.2586412595945248
$K$ Beam Energy|150|TestSize|0.1|try 0 Model:|(x0 + x1)*5.739252|R2:|0.24825295927390856
$K$ Beam Energy|150|TestSize|0.1|try 1 Model:|(x0 + x1)*5.5831814|R2:|0.3272383487669771
$K$ Beam Energy|150|TestSize|0.1|try 2 Model:|(x0 + x1)*5.410384|R2:|0.28837384686288037
$K$ Beam Energy|150|TestSize|0.1|try 3 Model:|(x0 + x1)*5.6677904|R2:|-1.0172334520258919
$K$ Beam Energy|150|TestSize|0.1|try 4 Model:|(x0 + x1)*5.384381|R2:|0.23012931614220278
$K$ Beam Energy|150|TestSize|0.05|try 0 Model:|x0*5.9035726 + x1*5.5329356|R2:|-0.1068923114039746
$K$ Beam Energy|150|TestSize|0.05|try 1 Model:|(x0 + x1)*5.632346|R2:|0.055738335183266985
$K$ Beam Energy|150|TestSize|0.05|try 2 Model:|(x0 + x1)*5.735192|R2:|-0.31746135910750084
$K$ Beam Energy|150|TestSize|0.05|try 3 Model:|x0*5.8662987 + x1*5.482491|R2:|-1.2818610819015333
$K$ Beam Energy|150|TestSize|0.05|try 4 Model:|x0*5.568832 + x1*5.188532|R2:|0.7395306006111482
$K$ Beam Energy|250|TestSize|0.5|try 0 Model:|0.8351843 - (x0 + x1*1.3057108 + 0.8120224)**4|R2:|0.574357493862411
$K$ Beam Energy|250|TestSize|0.5|try 1 Model:|x1*(-0.61709046)|R2:|0.4817693145645211
$K$ Beam Energy|250|TestSize|0.5|try 2 Model:|0.9961368 - (-x0/(-1.3303103) + x1 + 0.9071974)**4|R2:|0.5590253411153199
$K$ Beam Energy|250|TestSize|0.5|try 3 Model:|(-x0 + x1*(-1.3717662) - 0.8377261)**3 - 1*(-0.96023095)|R2:|0.44384189425368004
$K$ Beam Energy|250|TestSize|0.5|try 4 Model:|x1*(-0.7216987)|R2:|0.29661272807183015
$K$ Beam Energy|250|TestSize|0.25|try 0 Model:|(-x0 + x1*(-1.3492787) - 0.86904573)**3 - 1*(-0.99496686)|R2:|0.4860746038435291
$K$ Beam Energy|250|TestSize|0.25|try 1 Model:|x1*(-0.6578693)|R2:|0.4309501135354443
$K$ Beam Energy|250|TestSize|0.25|try 2 Model:|x1/(-1.4705616)|R2:|0.3569174055590224
$K$ Beam Energy|250|TestSize|0.25|try 3 Model:|x1*(-0.652731)|R2:|0.448335073196111
$K$ Beam Energy|250|TestSize|0.25|try 4 Model:|(x1*(-1.3734576) - (x0 - 1*(-0.8376878)))**3 + 0.9505228|R2:|0.4458997562868219
$K$ Beam Energy|250|TestSize|0.15|try 0 Model:|x1*(-0.68156517)|R2:|0.2463940449341906
$K$ Beam Energy|250|TestSize|0.15|try 1 Model:|(-x0 + x1*(-1.3688726) - 1*0.85461354)**3 + 0.9860977|R2:|0.21174722029403847
$K$ Beam Energy|250|TestSize|0.15|try 2 Model:|(-(x0 + x1*1.3339531) - 0.87520915)**3 + 0.9880025|R2:|0.632434170097258
$K$ Beam Energy|250|TestSize|0.15|try 3 Model:|x1*(-0.6378687)|R2:|0.5665943357937779
$K$ Beam Energy|250|TestSize|0.15|try 4 Model:|x1*(-0.65172166)|R2:|0.3499170478808239
$K$ Beam Energy|250|TestSize|0.1|try 0 Model:|x1*(-0.6906078)|R2:|-0.5702761915846788
$K$ Beam Energy|250|TestSize|0.1|try 1 Model:|x1*(-0.6373162)|R2:|0.6062063305215999
$K$ Beam Energy|250|TestSize|0.1|try 2 Model:|x1*(-0.649127)|R2:|0.5352370691611837
$K$ Beam Energy|250|TestSize|0.1|try 3 Model:|x1*(-0.6489393)|R2:|0.47965468251885013
$K$ Beam Energy|250|TestSize|0.1|try 4 Model:|x1*(-0.66443086)|R2:|0.2554717301463225
$K$ Beam Energy|250|TestSize|0.05|try 0 Model:|x1*(-0.65241605)|R2:|0.5339546171838845
$K$ Beam Energy|250|TestSize|0.05|try 1 Model:|x1*(-0.6847425)|R2:|-0.21671763588824922
$K$ Beam Energy|250|TestSize|0.05|try 2 Model:|x1*(-0.684697)|R2:|-0.3527310246066022
$K$ Beam Energy|250|TestSize|0.05|try 3 Model:|x1*(-0.6679954)|R2:|-0.13584563027469532
$K$ Beam Energy|250|TestSize|0.05|try 4 Model:|x1*(-0.6495508)|R2:|0.699652879891159
$K$ Beam Energy|400|TestSize|0.5|try 0 Model:|x0*(-7.2382927) - x1*(8.15619 - x0) + 0.9904562|R2:|0.8304799979677926
$K$ Beam Energy|400|TestSize|0.5|try 1 Model:|x0*(x1 - 7.278899) - (x1*8.175193 - 1*0.9898658)|R2:|0.7728954843695199
$K$ Beam Energy|400|TestSize|0.5|try 2 Model:|(-x0 + x1*(-1.3161355) - 1*0.92819124)**3 + 1.1144186|R2:|0.672326981317204
$K$ Beam Energy|400|TestSize|0.5|try 3 Model:|-6.707427*x0 + x1*(x0 - 1*7.5540953) + 0.99110633|R2:|0.7828626123618609
$K$ Beam Energy|400|TestSize|0.5|try 4 Model:|1.0000001 - (x0*(x0 + 7.3194737) + x1*8.182348)|R2:|0.7876095460481328
$K$ Beam Energy|400|TestSize|0.25|try 0 Model:|x0*(-7.1560287) - (x1*(7.9977145 - x0) - 0.9899116)|R2:|0.6030759828501087
$K$ Beam Energy|400|TestSize|0.25|try 1 Model:|(x1*(-1.2975311) - (x0 - 1*(-0.96586764)))**3 - 1*(-1.196519)|R2:|0.5889579606765989
$K$ Beam Energy|400|TestSize|0.25|try 2 Model:|x0*(-7.363544) - x1*(8.219237 - x0) + 0.9905451|R2:|0.6999890984917919
$K$ Beam Energy|400|TestSize|0.25|try 3 Model:|-7.304588*x0 + x1*(x0 - 1*8.146799) - 1*(-0.9897492)|R2:|0.7331389748180923
$K$ Beam Energy|400|TestSize|0.25|try 4 Model:|(x1*(-1.3881867) - (x0 + 0.82740724))**3 + 0.9572404|R2:|0.6103932295996435
$K$ Beam Energy|400|TestSize|0.15|try 0 Model:|(-x0 + x1*(-1.3355157) - 0.9185337)**3 + 1.1152377|R2:|0.4540163724679791
$K$ Beam Energy|400|TestSize|0.15|try 1 Model:|-x0*(7.338732 - x1) + x1*(-8.127624) + 0.9904398|R2:|0.7632615303042678
$K$ Beam Energy|400|TestSize|0.15|try 2 Model:|(x0 - 7.7870545)*(x1 - 7.108254) - 54.361374|R2:|0.6854719762882122
$K$ Beam Energy|400|TestSize|0.15|try 3 Model:|0.9905241 - (x0*7.2443027 - x1*(x0 - 1*8.017077))|R2:|0.6544138505617838
$K$ Beam Energy|400|TestSize|0.15|try 4 Model:|(x0 - 2.4052765)*(-7.0885167) - (x1 + 4.00621)**2|R2:|0.5515377792937362
$K$ Beam Energy|400|TestSize|0.1|try 0 Model:|x0*(x1 - 7.3290772) - 8.133011*x1 + 0.99001056|R2:|0.6409720201346797
$K$ Beam Energy|400|TestSize|0.1|try 1 Model:|x1*(x0 - 8.115005) + (0.13562924 - x0)*7.2993765|R2:|0.8198852725217898
$K$ Beam Energy|400|TestSize|0.1|try 2 Model:|x0*(-7.3734226) + x1*(x0 - 8.147041) - 1*(-0.99024993)|R2:|0.8368046417527962
$K$ Beam Energy|400|TestSize|0.1|try 3 Model:|x0*(x1 - 1*7.2670197) + x1*(-7.99143) - 1*(-0.98988235)|R2:|0.8542516334423171
$K$ Beam Energy|400|TestSize|0.1|try 4 Model:|-x0*(x0 + 7.579642) + x1*(-8.326282) + 1.0000015|R2:|0.5699161900232269
$K$ Beam Energy|400|TestSize|0.05|try 0 Model:|-7.1967454*x0 + x1*(x0 - 7.9917607) + 0.9904698|R2:|0.7417401626279307
$K$ Beam Energy|400|TestSize|0.05|try 1 Model:|x0*(-7.2168636) + x1*(x0 - 8.056623) - 1*(-0.9899535)|R2:|0.4845782391129342
$K$ Beam Energy|400|TestSize|0.05|try 2 Model:|x0*(-7.212774) - x1*(8.025013 - x0) + 0.99035597|R2:|0.5220184668975778
$K$ Beam Energy|400|TestSize|0.05|try 3 Model:|x0*(x1 - 7.215765) - 8.001726*x1 + 0.9905364|R2:|0.7239901755494591
$K$ Beam Energy|400|TestSize|0.05|try 4 Model:|-x0*(7.210149 - x1) + x1*(-8.0780115) + 0.99030954|R2:|-0.16579612276506217
$K$ Beam Energy|600|TestSize|0.5|try 0 Model:|x0*(-6.5658975) - (x1*(7.224364 - x0) - 0.9857393)|R2:|0.595975776338555
$K$ Beam Energy|600|TestSize|0.5|try 1 Model:|(-x0 + x1*(-1.6329356) - 0.47770017)**3 + 0.6243313|R2:|0.6087983348747148
$K$ Beam Energy|600|TestSize|0.5|try 2 Model:|x1*(-6.8547044) - (x0 - 1*(-2.9193594))**2 + 9.522807|R2:|0.4871238748069713
$K$ Beam Energy|600|TestSize|0.5|try 3 Model:|-x0*(5.093817 - x1) + x1*(-5.9324856) + 0.90910596 - (-1)*0.010836033/(x1 - 1*0.5225182)|R2:|0.5269470755269472
$K$ Beam Energy|600|TestSize|0.5|try 4 Model:|-x0*(x0 - 1*(-5.890273)) + x1*(-6.817158) + 0.9999997|R2:|0.5128870682891208
$K$ Beam Energy|600|TestSize|0.25|try 0 Model:|(x0 - 1*6.1690555)*(x1 - 5.366488) - 1*32.120872|R2:|0.6597438855991549
$K$ Beam Energy|600|TestSize|0.25|try 1 Model:|-(5.7824254 - x1)*(x0 - 6.6041164) - 37.20155|R2:|0.4480462542578447
$K$ Beam Energy|600|TestSize|0.25|try 2 Model:|-x0*(5.307223 - x1) - 6.134874*x1 + 0.98676276|R2:|0.7307171377335817
$K$ Beam Energy|600|TestSize|0.25|try 3 Model:|2.5644894 + (-x0 - 3.2556202)**3/(2.497554 - x1)**3|R2:|0.6772908880469226
$K$ Beam Energy|600|TestSize|0.25|try 4 Model:|(-x0 + x1*(-1.5117053) - 0.7079371)**3 + 0.84958464|R2:|0.6845439469261573
$K$ Beam Energy|600|TestSize|0.15|try 0 Model:|(-x0 + x1/(-0.6432996) - 0.6297234)**3 - 1*(-0.74856913)|R2:|0.7560918516155128
$K$ Beam Energy|600|TestSize|0.15|try 1 Model:|x0*(-x0 - 5.643182) + x1*(-6.419841) + 0.99999595|R2:|0.7874238475511373
$K$ Beam Energy|600|TestSize|0.15|try 2 Model:|x0*(-5.526173) - (x1*(6.469384 - x0) - 0.9847142)|R2:|0.5776461334159393
$K$ Beam Energy|600|TestSize|0.15|try 3 Model:|x0*(-x0 - 5.6868) + x1*(-6.4846826) - 1*(-1.0000216)|R2:|0.5256054360202238
$K$ Beam Energy|600|TestSize|0.15|try 4 Model:|x0*(-x0 - 5.656976) - (x1*6.334873 - 1.0000025)|R2:|0.8962936757524296
$K$ Beam Energy|600|TestSize|0.1|try 0 Model:|x0*(-x0 - 5.93164) + x1*(-6.605489) - 1*(-1.0000092)|R2:|0.920908136160331
$K$ Beam Energy|600|TestSize|0.1|try 1 Model:|x0*(-x0 - 5.565051) + x1*(-6.3088403) + 1.0000026|R2:|0.7086741972828956
$K$ Beam Energy|600|TestSize|0.1|try 2 Model:|-x0*(x0 + 5.783328) + x1*(-6.479507) + 0.9999991|R2:|0.7190897868901545
$K$ Beam Energy|600|TestSize|0.1|try 3 Model:|(1.4254028 - x1)*6.450633 - (x0 + 2.8626668)**2|R2:|0.8223658208532394
$K$ Beam Energy|600|TestSize|0.1|try 4 Model:|x0*(-x0 - 5.7651) + x1*(-6.459031) - 1*(-1.0000048)|R2:|0.8001695911514974
$K$ Beam Energy|600|TestSize|0.05|try 0 Model:|x0*(-x0 - 5.8627634) + x1*(-6.5613565) + 0.99998355|R2:|0.7353856676041144
$K$ Beam Energy|600|TestSize|0.05|try 1 Model:|(x0 - 1*6.4501157)*(x1 - 5.5851192) - 35.039715|R2:|0.23311932294397852
$K$ Beam Energy|600|TestSize|0.05|try 2 Model:|x0*(-x0 - 5.672487) + x1*(-6.453379) + 0.9999958|R2:|0.6694078662762402
$K$ Beam Energy|600|TestSize|0.05|try 3 Model:|x0*(x1 - 5.546577) + x1*(-6.3919244) - 1*(-0.98488647)|R2:|0.6512450205946461
$K$ Beam Energy|600|TestSize|0.05|try 4 Model:|x0*(-x0 - 5.7375164) - 6.5093784*x1 + 1.0000025|R2:|0.11002454830908537
$K$ Beam Energy|800|TestSize|0.5|try 0 Model:|x1*(x0 - 1*6.2222853) - (x0*5.4840884 - 0.98031294)|R2:|0.8709191057351127
$K$ Beam Energy|800|TestSize|0.5|try 1 Model:|(x0 - 8.058152)*(x1 - 1*6.762355)/1.6177356 - 33.079807|R2:|0.7952616865212306
$K$ Beam Energy|800|TestSize|0.5|try 2 Model:|x0*(-x0 - 5.097923) + x1*(-5.809329) - 1*(-0.99999905)|R2:|0.7687585256809744
$K$ Beam Energy|800|TestSize|0.5|try 3 Model:|-5.275703*x0 + x1*(x0 - 6.1506104) + 0.97934496|R2:|0.8476957548424295
$K$ Beam Energy|800|TestSize|0.5|try 4 Model:|x0*(x1 - 5.292251) + x1*(-6.0260644) + 0.9779247|R2:|0.8579715912276835
$K$ Beam Energy|800|TestSize|0.25|try 0 Model:|x1*(-5.721853) - (x0*(4.883222 - x1) - 0.9769914)|R2:|0.7825298875556057
$K$ Beam Energy|800|TestSize|0.25|try 1 Model:|x0*(-5.1717854) + x1*(x0 - 5.948397) + 0.97964454|R2:|0.8217343834207134
$K$ Beam Energy|800|TestSize|0.25|try 2 Model:|-(6.008389 - x0)*(x1 - 1*5.1134424) - 29.745827|R2:|0.8885614370265462
$K$ Beam Energy|800|TestSize|0.25|try 3 Model:|x0*(-5.0559196) - (x1*(5.960199 - x0) - 0.9793302)|R2:|0.8758157988780455
$K$ Beam Energy|800|TestSize|0.25|try 4 Model:|-5.0499487*x0 + x1*(x0 - 1*5.879621) + 0.9778831|R2:|0.874129232338844
$K$ Beam Energy|800|TestSize|0.15|try 0 Model:|x0*(-5.153426) + x1*(x0 - 6.0241303) - 1*(-0.98189384)|R2:|0.7256034718398998
$K$ Beam Energy|800|TestSize|0.15|try 1 Model:|-x0*(5.1775694 - x1) - 6.0214825*x1 + 0.9805402|R2:|0.8595058349947189
$K$ Beam Energy|800|TestSize|0.15|try 2 Model:|x0*(x1 - 5.0189924) - 5.8570743*x1 + 0.97894794|R2:|0.8943482479410201
$K$ Beam Energy|800|TestSize|0.15|try 3 Model:|(x0 - 6.052612)*(x1 - 5.207857) - 1*30.541962|R2:|0.8616740739581794
$K$ Beam Energy|800|TestSize|0.15|try 4 Model:|x0*(-5.1817536) + x1*(x0 - 5.935226) + 0.98157924|R2:|0.8894720209052752
$K$ Beam Energy|800|TestSize|0.1|try 0 Model:|x0*(-5.044941) - x1*(5.8851013 - x0) - 1*(-0.9804409)|R2:|0.8519027904290508
$K$ Beam Energy|800|TestSize|0.1|try 1 Model:|x0*(-5.06547) + x1*(x0 - 5.946362) + 0.9801315|R2:|0.9081574684317762
$K$ Beam Energy|800|TestSize|0.1|try 2 Model:|(5.0096097 - x1)*(5.82529 - x0) - 1*28.203014|R2:|0.9016540263425823
$K$ Beam Energy|800|TestSize|0.1|try 3 Model:|x1*(-6.033596) - (x0 - 1*(-2.689582))**2 + 8.23398|R2:|0.8624785126849817
$K$ Beam Energy|800|TestSize|0.1|try 4 Model:|-x0**2 - x0/0.18373862 + (x1 - 0.16288586)/(-0.1628859)|R2:|0.8154764214975571
$K$ Beam Energy|800|TestSize|0.05|try 0 Model:|x0*(-5.118725) + x1*(x0 - 1*5.936353) + 0.97979295|R2:|0.9300025632453415
$K$ Beam Energy|800|TestSize|0.05|try 1 Model:|(x0 - 1*5.865473)*(x1 - 1*5.0542173) - 28.665846|R2:|0.7652219353623364
$K$ Beam Energy|800|TestSize|0.05|try 2 Model:|x0*(x1 - 5.0511107) + x1*(-5.880767) - 1*(-0.9788118)|R2:|0.7953119679750028
$K$ Beam Energy|800|TestSize|0.05|try 3 Model:|x0*(-5.028088) - x1*(5.86955 - x0) + 0.97919875|R2:|0.5427239839084592
$K$ Beam Energy|800|TestSize|0.05|try 4 Model:|(x0 - 5.950109)*(x1 - 5.1158814) - 29.459362|R2:|0.898781401927009
$K$ Beam Energy|1000|TestSize|0.5|try 0 Model:|(x0 - 5.758706)*(x1 - 4.869502) - 27.068005|R2:|0.8640336720359615
$K$ Beam Energy|1000|TestSize|0.5|try 1 Model:|(x1 + (x0*0.3889948 + 1.1231321)**2 - 1.4127473)*(-5.0979815)|R2:|0.8313639361809244
$K$ Beam Energy|1000|TestSize|0.5|try 2 Model:|x0*(-x0 - 5.1677494) - 5.9421973*x1 + 1.000032|R2:|0.8283893257858023
$K$ Beam Energy|1000|TestSize|0.5|try 3 Model:|x1*(-5.8646746) - (x0 - 1*(-2.5134826))**2 + 7.317674|R2:|0.8107522553370596
$K$ Beam Energy|1000|TestSize|0.5|try 4 Model:|x0*(-x0 - 5.0100365) + x1*(-5.7878375) + 0.9999996|R2:|0.7844334601660877
$K$ Beam Energy|1000|TestSize|0.25|try 0 Model:|-x0*(x0 + 5.0720806) + x1*(-5.85009) + 0.9999903|R2:|0.7738457832835629
$K$ Beam Energy|1000|TestSize|0.25|try 1 Model:|x1*(-5.9074316) - (x0 - 1*(-2.6431618))**2 + 7.9863358|R2:|0.8762437951573931
$K$ Beam Energy|1000|TestSize|0.25|try 2 Model:|x0*(-x0 - 5.1600275) - 5.820205*x1 + 1.0000006|R2:|0.8647667005791575
$K$ Beam Energy|1000|TestSize|0.25|try 3 Model:|x0*(-x0 - 5.030313) + x1*(-5.792125) + 0.99999607|R2:|0.7329595291088327
$K$ Beam Energy|1000|TestSize|0.25|try 4 Model:|x0*(-4.7267323) + x1*(x0 - 1*5.655672) + 0.9793933|R2:|0.8904792317420128
$K$ Beam Energy|1000|TestSize|0.15|try 0 Model:|-(0.3175361 - x0)**2 + (x0 + x1)/(-0.16596895) + 1.1007303|R2:|0.8234762199679242
$K$ Beam Energy|1000|TestSize|0.15|try 1 Model:|-x0*(x0 + 5.1628795) + x1*(-5.8543367) + 1.0000024|R2:|0.8296780198809824
$K$ Beam Energy|1000|TestSize|0.15|try 2 Model:|-x0*(x0 + 5.351352) + x1*(-6.0604734) + 1.0000008|R2:|0.8354573746215468
$K$ Beam Energy|1000|TestSize|0.15|try 3 Model:|x1*(-5.844104) - (-x0 - 2.5955322)**2 - 1*(-7.7369523)|R2:|0.9214828614825805
$K$ Beam Energy|1000|TestSize|0.15|try 4 Model:|x0*(-x0 - 5.265341) + x1*(-6.021283) + 1.0000006|R2:|0.9061521540253326
$K$ Beam Energy|1000|TestSize|0.1|try 0 Model:|x0*(-x0 - 5.289061) + x1*(-5.9481874) - 1*(-1.0000005)|R2:|0.882623253105358
$K$ Beam Energy|1000|TestSize|0.1|try 1 Model:|-(-0.7631507)*(x0 - 1*6.636387)*(x1 - 1*5.627169) - 27.751816|R2:|0.7100517207133771
$K$ Beam Energy|1000|TestSize|0.1|try 2 Model:|x0*(-x0 - 5.230073) + x1*(-5.9253345) + 1.0000179|R2:|0.7012581644645012
$K$ Beam Energy|1000|TestSize|0.1|try 3 Model:|x0*(-x0 - 5.181038) + x1*(-5.885557) - 1*(-1.0000026)|R2:|0.8066487413574362
$K$ Beam Energy|1000|TestSize|0.1|try 4 Model:|(x0 - 5.833922)*(x1 - 5.0152783) - 28.278793|R2:|0.5989446133069212
$K$ Beam Energy|1000|TestSize|0.05|try 0 Model:|x0*(-x0 - 5.209092) - (x1*5.902262 - 1*1.0000025)|R2:|0.515442984473107
$K$ Beam Energy|1000|TestSize|0.05|try 1 Model:|x1*(-5.90656) - ((x0 + 2.5711513)**2 - 7.6109476)|R2:|0.4462251378098927
$K$ Beam Energy|1000|TestSize|0.05|try 2 Model:|x0*(x1 - 4.893378) - (x1*5.760978 - 0.97873664)|R2:|0.9537133454742776
$K$ Beam Energy|1000|TestSize|0.05|try 3 Model:|x0*(-x0 - 5.129505) - 5.8441844*x1 + 0.9999987|R2:|0.7504635618136184
$K$ Beam Energy|1000|TestSize|0.05|try 4 Model:|x0*(-x0 - 5.1187487) - (x1*5.8878355 - 1*0.99998826)|R2:|0.16325453264218726
$K$ Beam Energy|1200|TestSize|0.5|try 0 Model:|x0*(-4.0623503) + x1*(x0 - 4.9037795) + 0.9753555|R2:|0.695836912520055
$K$ Beam Energy|1200|TestSize|0.5|try 1 Model:|x1*(x0 - 4.9317074) - (x0*4.090417 - 1*0.9725912)|R2:|0.6811395195444305
$K$ Beam Energy|1200|TestSize|0.5|try 2 Model:|-x0*(2.7930446 - (-0.5402616)*x0) + x1*(-3.527629) + 0.54026365|R2:|0.7212548429487164
$K$ Beam Energy|1200|TestSize|0.5|try 3 Model:|(x0/(-1.6370629) - x1 - 0.8377336)**3 - 1*(-0.9912981)|R2:|0.5643791365319415
$K$ Beam Energy|1200|TestSize|0.5|try 4 Model:|0.8724772/(x0/((x1 - 0.14629501)**2) - 1*(-0.41271764))|R2:|0.45459190801767113
$K$ Beam Energy|1200|TestSize|0.25|try 0 Model:|(-x1 + (x0 + 1.348843)*(-0.5278037))**3 + 0.82341343|R2:|0.45394444489139074
$K$ Beam Energy|1200|TestSize|0.25|try 1 Model:|x0*(x1 - 4.2188697) - 5.146102*x1 + 0.9742258|R2:|0.42462012001908256
$K$ Beam Energy|1200|TestSize|0.25|try 2 Model:|(1.1424052 - x1)*5.0425963 - (-x0 - 2.1818826)**2|R2:|0.6201422283697762
$K$ Beam Energy|1200|TestSize|0.25|try 3 Model:|x0*(-4.33984) + x1*(x0 - 5.19196) + 0.97473115|R2:|0.6166195285606124
$K$ Beam Energy|1200|TestSize|0.25|try 4 Model:|(-x0 + (x1/(-4.375294) - 1*1.3953272)**3 + 2.9307673)/0.41087672|R2:|0.6414340428507228
$K$ Beam Energy|1200|TestSize|0.15|try 0 Model:|-4.945942*x1 - (x0 - 1*(-2.0811105))**2 + 5.3311143|R2:|0.6554188863853112
$K$ Beam Energy|1200|TestSize|0.15|try 1 Model:|x0*(-x0 - 4.490628) - 5.140101*x1 + 0.9999989|R2:|0.7368236014909759
$K$ Beam Energy|1200|TestSize|0.15|try 2 Model:|-x0*(x0 - 1*(-4.082188)) + x1*(-4.9060006) + 1.000003|R2:|0.6255082861420611
$K$ Beam Energy|1200|TestSize|0.15|try 3 Model:|x1*(-4.947974) - (x0*(x0 + 4.289803) - 1*0.99999887)|R2:|0.6759177968120976
$K$ Beam Energy|1200|TestSize|0.15|try 4 Model:|x1*(-5.0644264) - (x0 + 2.1726775)**2 + 5.7205534|R2:|0.5083843965024766
$K$ Beam Energy|1200|TestSize|0.1|try 0 Model:|x0*(x1 - 1*4.0600314) + x1*(-4.922543) + 0.9763494|R2:|0.8053469116098813
$K$ Beam Energy|1200|TestSize|0.1|try 1 Model:|-x0*(x0 + 4.4956436) - 5.2166743*x1 + 1.000009|R2:|0.7922694483394955
$K$ Beam Energy|1200|TestSize|0.1|try 2 Model:|(x0 - 2.7269168)*(x0*0.6361259 + x1 - 0.12764338)|R2:|0.7236853474222357
$K$ Beam Energy|1200|TestSize|0.1|try 3 Model:|x0*(x1 - 1*4.217912) + x1*(-4.997581) + 0.97587705|R2:|0.5381734879395893
$K$ Beam Energy|1200|TestSize|0.1|try 4 Model:|-3.9445107*x0 + x1*(x0 - 4.877264) + 0.97332406|R2:|-0.11090111606124031
$K$ Beam Energy|1200|TestSize|0.05|try 0 Model:|x1*(x0 - 1*5.0462747) - (x0*4.198528 - 1*0.97486156)|R2:|0.2282831582174536
$K$ Beam Energy|1200|TestSize|0.05|try 1 Model:|-5.1062174*x1 - (-x0 - 2.1688457)**2 + 5.70415|R2:|0.7272474982688844
$K$ Beam Energy|1200|TestSize|0.05|try 2 Model:|-5.049465*x1 - (-x0 - 2.183213)**2 + 5.7664285|R2:|0.8618490369485048
$K$ Beam Energy|1200|TestSize|0.05|try 3 Model:|-x0/0.3344383 + x1*(-(-0.6412512)*x0 - 3.833397) + 0.6245567|R2:|-1.3179276337687198
$K$ Beam Energy|1200|TestSize|0.05|try 4 Model:|x1*(-5.0987787) - (x0 - 1*(-2.1573462))**2 + 5.6542115|R2:|0.28950081890637214
