$K$ Beam Energy|150|TestSize|0.5|try 0 Model:|x0*1225.786 - (-2860.7053)*x1|R2:|0.26919911336528046
$K$ Beam Energy|150|TestSize|0.5|try 1 Model:|(x0*(-80.40575) + x1*(-201.38567))**2|R2:|0.42331119414320273
$K$ Beam Energy|150|TestSize|0.5|try 2 Model:|-(-1237.9822)*x0 + x1*2776.9949|R2:|0.30497810896317223
$K$ Beam Energy|150|TestSize|0.5|try 3 Model:|(x0 + 3.713372)**4|R2:|-0.07882456165673402
$K$ Beam Energy|150|TestSize|0.5|try 4 Model:|x0*1285.266 + x1*3030.8196|R2:|0.3060859401991761
$K$ Beam Energy|150|TestSize|0.25|try 0 Model:|(x0 + x1/0.43326503)*1254.0358|R2:|0.30771615284794585
$K$ Beam Energy|150|TestSize|0.25|try 1 Model:|(-(-0.42740732)*x0 + x1)*2957.4321|R2:|0.2605915029916396
$K$ Beam Energy|150|TestSize|0.25|try 2 Model:|x0*1249.3584 - (-2911.603)*x1|R2:|0.3809610144225488
$K$ Beam Energy|150|TestSize|0.25|try 3 Model:|x0*1228.2192 - (-2799.2666)*x1|R2:|0.3570453680569078
$K$ Beam Energy|150|TestSize|0.25|try 4 Model:|x0*1241.8386 - (-2894.881)*x1|R2:|0.3719201041785144
$K$ Beam Energy|150|TestSize|0.15|try 0 Model:|x0*1259.797 + x1*2949.829|R2:|0.24864380603106706
$K$ Beam Energy|150|TestSize|0.15|try 1 Model:|x0*1245.8882 + x1*2889.922|R2:|0.28041980052567084
$K$ Beam Energy|150|TestSize|0.15|try 2 Model:|x0*1251.5989 + x1*2866.007|R2:|0.16648557696650812
$K$ Beam Energy|150|TestSize|0.15|try 3 Model:|x0*1251.8131 + x1*2914.0713|R2:|0.41358433941917594
$K$ Beam Energy|150|TestSize|0.15|try 4 Model:|x0*1263.1838 + x1*2975.6252|R2:|0.2654747401699368
$K$ Beam Energy|150|TestSize|0.1|try 0 Model:|x0*1258.2269 + x1*2953.7869|R2:|0.35176468226948976
$K$ Beam Energy|150|TestSize|0.1|try 1 Model:|-(-1264.6185)*x0 + x1*2956.873|R2:|0.161834322180196
$K$ Beam Energy|150|TestSize|0.1|try 2 Model:|x0*1248.8024 + x1*2913.4128|R2:|0.31371461781370624
$K$ Beam Energy|150|TestSize|0.1|try 3 Model:|x0*1282.2144 + x1*3048.071|R2:|-0.7410427344994241
$K$ Beam Energy|150|TestSize|0.1|try 4 Model:|-(-1254.0209)*x0 + x1*2939.5415|R2:|0.481141172826826
$K$ Beam Energy|150|TestSize|0.05|try 0 Model:|-(-1243.7408)*x0 + x1*2890.8054|R2:|-0.12503463036804274
$K$ Beam Energy|150|TestSize|0.05|try 1 Model:|(x0 - x1/(-0.42901194))*1250.7952|R2:|0.13710052449865462
$K$ Beam Energy|150|TestSize|0.05|try 2 Model:|x0*1258.8425 + x1*2963.0024|R2:|0.431658795265617
$K$ Beam Energy|150|TestSize|0.05|try 3 Model:|x0*1240.6064 - (-2871.3828)*x1|R2:|-1.3137285046633624
$K$ Beam Energy|150|TestSize|0.05|try 4 Model:|-(-1249.4751)*x0 + x1*2893.032|R2:|0.47044233638195754
$K$ Beam Energy|250|TestSize|0.5|try 0 Model:|x1*(-549.3488) - 1*(-232.44296)|R2:|0.46035291502884135
$K$ Beam Energy|250|TestSize|0.5|try 1 Model:|228.40874 - (-(-1493.7224)*x0**2 + x1*4079.538)|R2:|0.5067292631971216
$K$ Beam Energy|250|TestSize|0.5|try 2 Model:|(0.038960762 - x1)*994.7573/x0|R2:|0.5295342220018582
$K$ Beam Energy|250|TestSize|0.5|try 3 Model:|x1*(-956.8595)/(x0 - 0.14268872)|R2:|0.2881811258255107
$K$ Beam Energy|250|TestSize|0.5|try 4 Model:|(x0 + 3.638904)**4|R2:|0.24568146126874768
$K$ Beam Energy|250|TestSize|0.25|try 0 Model:|224.42627 + x1*(-611.45123)|R2:|0.41800670707653664
$K$ Beam Energy|250|TestSize|0.25|try 1 Model:|(x0 - 1*(-3.6413379))**4|R2:|0.37036661281000605
$K$ Beam Energy|250|TestSize|0.25|try 2 Model:|(x0 + 3.6508737)**4|R2:|0.29158120266743814
$K$ Beam Energy|250|TestSize|0.25|try 3 Model:|(x0 + 3.647143)**4|R2:|0.4028987865172441
$K$ Beam Energy|250|TestSize|0.25|try 4 Model:|234.15012 + x1*(-563.07837)|R2:|0.4476857351290294
$K$ Beam Energy|250|TestSize|0.15|try 0 Model:|(x0 + 3.6438115)**4|R2:|0.20150166468739905
$K$ Beam Energy|250|TestSize|0.15|try 1 Model:|(x0 + 3.641063)**4|R2:|-0.019424926447079605
$K$ Beam Energy|250|TestSize|0.15|try 2 Model:|230.77425 + x1*(-585.82764)|R2:|0.7012605387063637
$K$ Beam Energy|250|TestSize|0.15|try 3 Model:|230.68752 - 593.9397*x1|R2:|0.566593566341492
$K$ Beam Energy|250|TestSize|0.15|try 4 Model:|(x0 + 3.6409593)**4|R2:|0.29146817334845654
$K$ Beam Energy|250|TestSize|0.1|try 0 Model:|(x0 + 3.6390748)**4|R2:|-0.8719211008700647
$K$ Beam Energy|250|TestSize|0.1|try 1 Model:|230.64189 + x1*(-580.0532)|R2:|0.6062119867022479
$K$ Beam Energy|250|TestSize|0.1|try 2 Model:|(x0 - 1*(-3.6443858))**4|R2:|0.47153649800797903
$K$ Beam Energy|250|TestSize|0.1|try 3 Model:|(-x0 - 3.6502135)**4|R2:|0.5112687156881246
$K$ Beam Energy|250|TestSize|0.1|try 4 Model:|(x0 - 1*(-3.649447))**4|R2:|0.1481083832015886
$K$ Beam Energy|250|TestSize|0.05|try 0 Model:|(-x0 - 3.6481898)**4|R2:|0.568141490276799
$K$ Beam Energy|250|TestSize|0.05|try 1 Model:|(x0 - 1*(-3.6469529))**4|R2:|-0.4190339872603239
$K$ Beam Energy|250|TestSize|0.05|try 2 Model:|(-x0 - 3.6472526)**4|R2:|-0.6149109052574626
$K$ Beam Energy|250|TestSize|0.05|try 3 Model:|(x0 - 1*(-3.6441169))**4|R2:|-0.39271409713401306
$K$ Beam Energy|250|TestSize|0.05|try 4 Model:|(x0 - 1*(-3.6503901))**4|R2:|0.6724143764656956
$K$ Beam Energy|400|TestSize|0.5|try 0 Model:|x0*(-1157.7122) + (221.83073 + x1*(-5987.799))/(x0 + 0.42347157) - (-1)*0.15556048/(x0 - 0.24701716)|R2:|0.7940299150086785
$K$ Beam Energy|400|TestSize|0.5|try 1 Model:|(-x0 - 0.0027245255/x1)*853.4485 + x1*(-3585.7341)/x0|R2:|0.47871468985502574
$K$ Beam Energy|400|TestSize|0.5|try 2 Model:|(30.47788 + 3182.40016777076*x1**2/x0**2)/x0|R2:|0.7304368009418427
$K$ Beam Energy|400|TestSize|0.5|try 3 Model:|(31.410686 + 3089.33126655301*x1**2/x0**2)/x0|R2:|0.7028031346078503
$K$ Beam Energy|400|TestSize|0.5|try 4 Model:|x0**2*(-1807.3077) + x1*(-5658.245) + 205.11201|R2:|0.7420226549258808
$K$ Beam Energy|400|TestSize|0.25|try 0 Model:|x0**2*(-2017.1381) - 6263.9434*x1 - 1*(-203.35733)|R2:|0.5496046618117358
$K$ Beam Energy|400|TestSize|0.25|try 1 Model:|x1*(-1056.3975)/(x0 - 1*0.15162607)|R2:|0.5226130789714019
$K$ Beam Energy|400|TestSize|0.25|try 2 Model:|((x1**2/x0**2)*3171.951 + 29.217161)/x0|R2:|0.6442508096343258
$K$ Beam Energy|400|TestSize|0.25|try 3 Model:|(-35.784023 - (-1)*88.88951/x0)**2*(x1 - 1*0.024095329)**2|R2:|0.7273017020642829
$K$ Beam Energy|400|TestSize|0.25|try 4 Model:|(x1*x1*3699.9 + 1.3071517)/(x0**3)|R2:|0.7370089486754736
$K$ Beam Energy|400|TestSize|0.15|try 0 Model:|(28.991653 + 3175.20799783226*x1**2/x0**2)/x0|R2:|0.7032179928713171
$K$ Beam Energy|400|TestSize|0.15|try 1 Model:|(42.301403 - x1**3*(-1*7.7348757 + 28.083244/x0)**3)/x0|R2:|0.7575806108325114
$K$ Beam Energy|400|TestSize|0.15|try 2 Model:|((x0 - 1*(-0.12813225))**2 + (x1 - 1*0.046108216)*3.8229494)*(-1926.8535)|R2:|0.6266270883519462
$K$ Beam Energy|400|TestSize|0.15|try 3 Model:|(29.227396 + 3176.15687290441*x1**2/x0**2)/x0|R2:|0.6125546038552416
$K$ Beam Energy|400|TestSize|0.15|try 4 Model:|x1*(-1056.3143)/(x0 - 1*0.14776711)|R2:|0.2831937459937649
$K$ Beam Energy|400|TestSize|0.1|try 0 Model:|(-32.515415 - (-1)*86.100876/x0)**2*(x1 - 0.025344202)**2|R2:|0.6490352072873653
$K$ Beam Energy|400|TestSize|0.1|try 1 Model:|x1*(-7251.772) + (x0 + 0.16760792)**2*(-1789.9625) + 383.3699|R2:|0.808461438514749
$K$ Beam Energy|400|TestSize|0.1|try 2 Model:|(28.65605 + 3165.61575307802*x1**2/x0**2)/x0|R2:|0.7972025181502792
$K$ Beam Energy|400|TestSize|0.1|try 3 Model:|(x0 - 1.4092826)**4*(x0*(-3.2850282) - 26.601564*x1 + 3.5926921)**4|R2:|0.817736257727381
$K$ Beam Energy|400|TestSize|0.1|try 4 Model:|-(x0 + 4.0024486)**4 + (74.141556 + x1*(-2848.2258))/x0|R2:|0.5324195217902499
$K$ Beam Energy|400|TestSize|0.05|try 0 Model:|(-32.81957 - (-1)*86.23328/x0)**2*(x1 - 1*0.025679933)**2|R2:|0.7554630468420003
$K$ Beam Energy|400|TestSize|0.05|try 1 Model:|-2108.5212*x0**2 + x1*(-6504.813) - 1*(-200.60847)|R2:|0.3928432460656639
$K$ Beam Energy|400|TestSize|0.05|try 2 Model:|(29.06271 + 3163.671/((x0**2/x1**2)))/x0|R2:|0.4302063870702102
$K$ Beam Energy|400|TestSize|0.05|try 3 Model:|(1093.733 - 3145.38/x0)*(x1 - 1*0.029060073) - 364.73685|R2:|0.5274769146279412
$K$ Beam Energy|400|TestSize|0.05|try 4 Model:|202.86143 - (x0**2*2004.7216 + x1*6216.485)|R2:|-0.10140042259778381
$K$ Beam Energy|600|TestSize|0.5|try 0 Model:|-628.14307*x0 + (x1 - 0.015970381)*(-3353.5383)/x0|R2:|0.6267713730970248
$K$ Beam Energy|600|TestSize|0.5|try 1 Model:|x1*(-1206.4451)/(x0 - 0.18649283)|R2:|0.5558233033327298
$K$ Beam Energy|600|TestSize|0.5|try 2 Model:|(-2.324041 + x1*7.601701/x0)**4/x0|R2:|0.5506857108903938
$K$ Beam Energy|600|TestSize|0.5|try 3 Model:|x1*(-1204.1116)/(x0 - 1*0.1846694)|R2:|0.6037910170275764
$K$ Beam Energy|600|TestSize|0.5|try 4 Model:|x0*(-2121.455)*x0 - (x1*7623.182 - 252.19447)|R2:|0.5807193224882721
$K$ Beam Energy|600|TestSize|0.25|try 0 Model:|x0**2*(-1678.8678) + x1*(-6129.1567) + 257.985|R2:|0.6920646986507639
$K$ Beam Energy|600|TestSize|0.25|try 1 Model:|x0**2*(-1888.8441) + x1*(-6816.6084) - 1*(-255.91812)|R2:|0.522162847522395
$K$ Beam Energy|600|TestSize|0.25|try 2 Model:|x1*(-1239.8198)/(x0 - 1*0.17740706)|R2:|0.6628059743383676
$K$ Beam Energy|600|TestSize|0.25|try 3 Model:|x1*(-1201.9521)/(x0 - 1*0.18892045)|R2:|0.3674176652462272
$K$ Beam Energy|600|TestSize|0.25|try 4 Model:|x1*(-1247.2646)/(x0 - 0.1778182)|R2:|0.7633941809557954
$K$ Beam Energy|600|TestSize|0.15|try 0 Model:|x1*(-1242.7009)/(x0 - 0.17828028)|R2:|0.7881585040164651
$K$ Beam Energy|600|TestSize|0.15|try 1 Model:|x1*(-1236.0394)/(x0 - 1*0.17782052)|R2:|0.6535040351141552
$K$ Beam Energy|600|TestSize|0.15|try 2 Model:|x1*(-1232.0956)/(x0 - 1*0.17873809)|R2:|0.4290463692150359
$K$ Beam Energy|600|TestSize|0.15|try 3 Model:|x1*(-1235.3773)/(x0 - 0.17776743)|R2:|0.6083758271688156
$K$ Beam Energy|600|TestSize|0.15|try 4 Model:|x1*(-1234.9148)/(x0 - 0.17860122)|R2:|0.7968370121702516
$K$ Beam Energy|600|TestSize|0.1|try 0 Model:|x1*(-1231.873)/(x0 - 1*0.17868698)|R2:|0.8922513173642104
$K$ Beam Energy|600|TestSize|0.1|try 1 Model:|x1*(-1245.2988)/(x0 - 1*0.17827316)|R2:|0.6367412720377723
$K$ Beam Energy|600|TestSize|0.1|try 2 Model:|x1*(-1231.1726)/(x0 - 1*0.1785224)|R2:|0.5935162424091589
$K$ Beam Energy|600|TestSize|0.1|try 3 Model:|x1*(-1203.8022)/(x0 - 0.18621056)|R2:|0.30989102516475975
$K$ Beam Energy|600|TestSize|0.1|try 4 Model:|x1*(-1239.2898)/(x0 - 1*0.17847097)|R2:|0.8189226679119348
$K$ Beam Energy|600|TestSize|0.05|try 0 Model:|(0.031872947 - x1)/((x0/1351.0929))|R2:|0.7375845763747215
$K$ Beam Energy|600|TestSize|0.05|try 1 Model:|x1*(-1239.3795)/(x0 - 0.17840187)|R2:|0.051151307237010335
$K$ Beam Energy|600|TestSize|0.05|try 2 Model:|x1*(-1243.4712)/(x0 - 0.17830743)|R2:|0.36363464015138436
$K$ Beam Energy|600|TestSize|0.05|try 3 Model:|x1*(-1237.826)/(x0 - 1*0.17760195)|R2:|0.4337461546106536
$K$ Beam Energy|600|TestSize|0.05|try 4 Model:|x1*(-1233.211)/(x0 - 1*0.17847556)|R2:|-0.6066381621793318
$K$ Beam Energy|800|TestSize|0.5|try 0 Model:|x0*(-484.75632) + (0.020736812 - x1)/((x0/3389.1096))|R2:|0.8252579531425411
$K$ Beam Energy|800|TestSize|0.5|try 1 Model:|x0**2*(-1532.9587) + x1*(-6596.547) + 303.4981|R2:|0.7905677828117054
$K$ Beam Energy|800|TestSize|0.5|try 2 Model:|x0*(-814.514) - 1*(-299.40915) + x1*(-3580.7595)/x0|R2:|0.826771913713648
$K$ Beam Energy|800|TestSize|0.5|try 3 Model:|x0*(-793.25073 + 2654.2012/(x0 + x1)) - 2304.5142|R2:|0.8523167115456696
$K$ Beam Energy|800|TestSize|0.5|try 4 Model:|x0**2*(-1537.8516) + x1*(-6577.3853) - 1*(-301.8826)|R2:|0.8406921630782265
$K$ Beam Energy|800|TestSize|0.25|try 0 Model:|x0*(-736.69696) + 293.92645 + x1*(-3277.789)/x0|R2:|0.788196971643692
$K$ Beam Energy|800|TestSize|0.25|try 1 Model:|(3.3779497 + x1*(-16.436197)/x0)**3/x0|R2:|0.8194055956445568
$K$ Beam Energy|800|TestSize|0.25|try 2 Model:|x0*(-776.8008) - 1*(-306.79114) - 3363.8198*x1/x0|R2:|0.8825323910609219
$K$ Beam Energy|800|TestSize|0.25|try 3 Model:|(-906.70264 - 2926.9575/x0)*(x0 + x1) + 3290.4253|R2:|0.8641568509568295
$K$ Beam Energy|800|TestSize|0.25|try 4 Model:|(-882.31476 - 2895.1416/x0)*(x0 + x1) - 1*(-3248.9517)|R2:|0.8609669603686403
$K$ Beam Energy|800|TestSize|0.15|try 0 Model:|-1597.2618*x0**2 + x1*(-6861.994) + 299.3384|R2:|0.7313190405300067
$K$ Beam Energy|800|TestSize|0.15|try 1 Model:|x0*x0*(-1534.2606) + x1*(-6628.405) + 295.50385|R2:|0.8129472639749833
$K$ Beam Energy|800|TestSize|0.15|try 2 Model:|x0**2*(-1538.6597) - 6668.867*x1 + 293.7913|R2:|0.9249765483438109
$K$ Beam Energy|800|TestSize|0.15|try 3 Model:|(6.6880093 + x1*(-885.784))/((x0 + x1)**2)|R2:|0.8153730655257972
$K$ Beam Energy|800|TestSize|0.15|try 4 Model:|(6.956617 + x1*(-889.8712))/((x0 + x1)**2)|R2:|0.8480698780144705
$K$ Beam Energy|800|TestSize|0.1|try 0 Model:|(-1*(-3.36799) + x1*(-16.503801)/x0)**3/x0|R2:|0.7146307955578918
$K$ Beam Energy|800|TestSize|0.1|try 1 Model:|(6.79656 + x1*(-888.7197))/((x0 + x1)**2)|R2:|0.851466810555902
$K$ Beam Energy|800|TestSize|0.1|try 2 Model:|(6.785726 - 892.7135*x1)/((x0 + x1)**2)|R2:|0.8541585618513339
$K$ Beam Energy|800|TestSize|0.1|try 3 Model:|x0**2*(-1538.6964) - (x1*6640.089 - 296.26425)|R2:|0.8609568691943212
$K$ Beam Energy|800|TestSize|0.1|try 4 Model:|(x1*72.85408 - 1*2.3238082)**2/(x0**3 - 1*(-0.019221611))|R2:|0.7912475592774681
$K$ Beam Energy|800|TestSize|0.05|try 0 Model:|-890.3752*(x1 - 0.007611271)/(x0 + x1)**2|R2:|0.8912784625523367
$K$ Beam Energy|800|TestSize|0.05|try 1 Model:|-1555.7512*x0**2 + x1*(-6718.958) + 295.79654|R2:|0.7430056714280158
$K$ Beam Energy|800|TestSize|0.05|try 2 Model:|297.27158 - (x0**2*1574.7089 - (-6784.876)*x1)|R2:|0.7971997492474276
$K$ Beam Energy|800|TestSize|0.05|try 3 Model:|-774.3505*x0 - 1*(-302.54184) + x1*(-3373.5698)/x0|R2:|0.36933920298911826
$K$ Beam Energy|800|TestSize|0.05|try 4 Model:|x0**2*(-1556.2173) - (x1*6713.6543 - 1*295.90863)|R2:|0.8189133821122253
$K$ Beam Energy|1000|TestSize|0.5|try 0 Model:|346.258 - (x0*781.8895 + x1*3504.5962/x0)|R2:|0.8352008706289114
$K$ Beam Energy|1000|TestSize|0.5|try 1 Model:|x0*(-736.63605) - 1*(-338.39838) + x1*(-3339.9973)/x0|R2:|0.8176497132952556
$K$ Beam Energy|1000|TestSize|0.5|try 2 Model:|(-2.6270869 + x1*8.4682455/x0)**4/x0|R2:|0.8090161939743175
$K$ Beam Energy|1000|TestSize|0.5|try 3 Model:|x0*(-744.4367) + 337.72037 - 3398.9204*x1/x0|R2:|0.8161441400561433
$K$ Beam Energy|1000|TestSize|0.5|try 4 Model:|(x0 - 1.4400817)**4*(x1*24.854641 - 3.1836016)**4|R2:|0.81371471726364
$K$ Beam Energy|1000|TestSize|0.25|try 0 Model:|x0**2*(-1496.075) + x1*(-7003.8438) - 1*(-318.95364)|R2:|0.8539980775841443
$K$ Beam Energy|1000|TestSize|0.25|try 1 Model:|x0*(-742.9806 + 2710.1733/(x0 + x1)) - 2342.963|R2:|0.8509375950585125
$K$ Beam Energy|1000|TestSize|0.25|try 2 Model:|-1448.6095*x0**2 - 6840.8687*x1 + 315.44034|R2:|0.8804044655123854
$K$ Beam Energy|1000|TestSize|0.25|try 3 Model:|(-1*(-3.5438502) + x1*(-17.338888)/x0)**3/x0|R2:|0.7214432755043578
$K$ Beam Energy|1000|TestSize|0.25|try 4 Model:|x0**2*(-1427.1127) + x1*(-6753.417) + 312.99258|R2:|0.8938700673812675
$K$ Beam Energy|1000|TestSize|0.15|try 0 Model:|-1525.7208*x0**2 - 7170.315*x1 + 318.94037|R2:|0.7953399272721724
$K$ Beam Energy|1000|TestSize|0.15|try 1 Model:|(x1 + (-x0 - 0.8019385)**4*0.022994766 - 0.0590183)*(-6952.821)|R2:|0.8112046591184772
$K$ Beam Energy|1000|TestSize|0.15|try 2 Model:|x0**2*(-1489.7574) + x1*(-6970.6772) + 321.37552|R2:|0.7886073116029082
$K$ Beam Energy|1000|TestSize|0.15|try 3 Model:|-1454.332*x0**2 + x1*(-6865.808) + 314.63824|R2:|0.9077058342090492
$K$ Beam Energy|1000|TestSize|0.15|try 4 Model:|x0**2*(-1478.7859) - (-6921.7617)*(0.04622364 - x1)|R2:|0.8810717082091096
$K$ Beam Energy|1000|TestSize|0.1|try 0 Model:|x0**2*(-1517.3694) + x1*(-7155.445) - 1*(-316.94373)|R2:|0.8224315311339039
$K$ Beam Energy|1000|TestSize|0.1|try 1 Model:|(3.5539546 - 17.230942*x1/x0)**3/x0|R2:|0.7433445708032942
$K$ Beam Energy|1000|TestSize|0.1|try 2 Model:|-1469.1017*x0**2 + x1*(-6916.786) + 315.44696|R2:|0.6839359261001121
$K$ Beam Energy|1000|TestSize|0.1|try 3 Model:|-1509.0663*x0*x0 + x1*(-7106.238) - 1*(-316.8969)|R2:|0.8691818798243112
$K$ Beam Energy|1000|TestSize|0.1|try 4 Model:|(10.258077 - 1008.3106*x1)/((x0 + x1)**2)|R2:|0.27294020941892905
$K$ Beam Energy|1000|TestSize|0.05|try 0 Model:|x0**2*(-1501.295) + x1*(-7089.119) - 1*(-316.4088)|R2:|0.5548563686211372
$K$ Beam Energy|1000|TestSize|0.05|try 1 Model:|x1*(-1497.5006*x0*x0/x1 - 7024.8594) + 318.14084|R2:|0.481385840050625
$K$ Beam Energy|1000|TestSize|0.05|try 2 Model:|x0**2*(-1470.7098) - 6924.3286*x1 + 316.98514|R2:|0.980779136256667
$K$ Beam Energy|1000|TestSize|0.05|try 3 Model:|-720.9949*x0 + 335.83545 + x1*(-3311.6658)/x0|R2:|0.7091959991398488
$K$ Beam Energy|1000|TestSize|0.05|try 4 Model:|x0**2*(-1458.6705) + x1*(-6887.6636) + 314.5321|R2:|0.22158866221589646
$K$ Beam Energy|1200|TestSize|0.5|try 0 Model:|(60.453564 + x1*(-1820.2776))/x0|R2:|0.6598021557276379
$K$ Beam Energy|1200|TestSize|0.5|try 1 Model:|(60.548103 - 1830.7057*x1)/x0|R2:|0.6397814124397175
$K$ Beam Energy|1200|TestSize|0.5|try 2 Model:|(59.05994 + x1*(-1858.4103))/x0|R2:|0.649975683837015
$K$ Beam Energy|1200|TestSize|0.5|try 3 Model:|(58.9767 + x1*(-1841.041))/x0|R2:|0.5823739518096286
$K$ Beam Energy|1200|TestSize|0.5|try 4 Model:|x1*(-992.7231) - 1*(-241.79907)|R2:|0.5080101458772946
$K$ Beam Energy|1200|TestSize|0.25|try 0 Model:|(x1 - 0.030467873)*(-1862.6445)/x0|R2:|0.46637185832911565
$K$ Beam Energy|1200|TestSize|0.25|try 1 Model:|(x1*(-1838.1078) - 1*(-59.37342))/x0|R2:|0.550187765201859
$K$ Beam Energy|1200|TestSize|0.25|try 2 Model:|(58.525467 + x1*(-1851.0854))/x0|R2:|0.6295799289744999
$K$ Beam Energy|1200|TestSize|0.25|try 3 Model:|(59.5967 + x1*(-1800.0187))/x0|R2:|0.5524562975994207
$K$ Beam Energy|1200|TestSize|0.25|try 4 Model:|(57.924667 + x1*(-1864.6003))/x0|R2:|0.531836240359159
$K$ Beam Energy|1200|TestSize|0.15|try 0 Model:|(0.032013822 - x1)*1845.5677/x0|R2:|0.639494920279687
$K$ Beam Energy|1200|TestSize|0.15|try 1 Model:|(58.593338 + x1*(-1848.8655))/x0|R2:|0.6868835706344233
$K$ Beam Energy|1200|TestSize|0.15|try 2 Model:|(x1 - 0.031570513)*(-1851.8317)/x0|R2:|0.59631442971882
$K$ Beam Energy|1200|TestSize|0.15|try 3 Model:|(59.585262 + x1*(-1833.3198))/x0|R2:|0.6653624093840582
$K$ Beam Energy|1200|TestSize|0.15|try 4 Model:|(x1 - 0.03168718)*(-1844.1367)/x0|R2:|0.5970613190770035
$K$ Beam Energy|1200|TestSize|0.1|try 0 Model:|-1828.4454*(x1 - 0.032116372)/x0|R2:|0.7312718612915733
$K$ Beam Energy|1200|TestSize|0.1|try 1 Model:|(60.14725 - 1809.2782*x1)/x0|R2:|0.7824642275360657
$K$ Beam Energy|1200|TestSize|0.1|try 2 Model:|(x1*(-1835.8889) - 1*(-59.214764))/x0|R2:|0.7144921831857264
$K$ Beam Energy|1200|TestSize|0.1|try 3 Model:|(58.199677 + x1*(-1849.7605))/x0|R2:|0.6649379827859241
$K$ Beam Energy|1200|TestSize|0.1|try 4 Model:|199.97978 + (x1**3/x0**6)*(-16454.896)|R2:|-0.3854527108124737
$K$ Beam Energy|1200|TestSize|0.05|try 0 Model:|(60.25524 + x1*(-1824.0261))/x0|R2:|0.18558921283491747
$K$ Beam Energy|1200|TestSize|0.05|try 1 Model:|(59.337902 + x1*(-1829.8499))/x0|R2:|0.5590469665321464
$K$ Beam Energy|1200|TestSize|0.05|try 2 Model:|(60.21434 + x1*(-1817.1044))/x0|R2:|0.8271111833017342
$K$ Beam Energy|1200|TestSize|0.05|try 3 Model:|(58.020992 + x1*(-1858.5679))/x0|R2:|-2.540631413762197
$K$ Beam Energy|1200|TestSize|0.05|try 4 Model:|(x1*(-1839.1635) - 1*(-58.895992))/x0|R2:|-0.3105739767709632
