Beam Energy|150|TestSize|0.5|Avg Accuracy R2|-150.29236136922302|Avg Normalized Accuracy R2|-0.020260940850689534|Average 'Best' R2|0.24494995900281946|Average Normalized 'Best' R2|0.25808995287611786
Beam Energy|150|TestSize|0.25|Avg Accuracy R2|0.1518415775903789|Avg Normalized Accuracy R2|-12.47274227258919|Average 'Best' R2|0.33564682849951133|Average Normalized 'Best' R2|0.3505316444947314
Beam Energy|150|TestSize|0.15|Avg Accuracy R2|0.39545826521539196|Avg Normalized Accuracy R2|0.33752695205555516|Average 'Best' R2|0.2749216526224717|Average Normalized 'Best' R2|0.32799693163441157
Beam Energy|150|TestSize|0.1|Avg Accuracy R2|0.3751265325896731|Avg Normalized Accuracy R2|0.37878444215434504|Average 'Best' R2|0.11348241211815875|Average Normalized 'Best' R2|0.015352203804015302
Beam Energy|150|TestSize|0.05|Avg Accuracy R2|-0.2616790503758175|Avg Normalized Accuracy R2|-0.302029141289452|Average 'Best' R2|-0.07991229577703521|Average Normalized 'Best' R2|-0.1821891633237187
Beam Energy|250|TestSize|0.5|Avg Accuracy R2|-1038.5322130608142|Avg Normalized Accuracy R2|0.3972960445699887|Average 'Best' R2|0.4060957974644158|Average Normalized 'Best' R2|0.4711213543735524
Beam Energy|250|TestSize|0.25|Avg Accuracy R2|-2379.497894849256|Avg Normalized Accuracy R2|0.4196407803223246|Average 'Best' R2|0.3861078088400508|Average Normalized 'Best' R2|0.43363539048418576
Beam Energy|250|TestSize|0.15|Avg Accuracy R2|0.3643360931655061|Avg Normalized Accuracy R2|0.12627968782763008|Average 'Best' R2|0.34827980332732633|Average Normalized 'Best' R2|0.40141736380001775
Beam Energy|250|TestSize|0.1|Avg Accuracy R2|-3.200670188869875|Avg Normalized Accuracy R2|0.2449169260256964|Average 'Best' R2|0.17304089654597504|Average Normalized 'Best' R2|0.2612587241526555
Beam Energy|250|TestSize|0.05|Avg Accuracy R2|0.32065103237153486|Avg Normalized Accuracy R2|0.08955452695793813|Average 'Best' R2|-0.03722062458186097|Average Normalized 'Best' R2|0.10566264126109934
Beam Energy|400|TestSize|0.5|Avg Accuracy R2|0.3647158596446948|Avg Normalized Accuracy R2|-2411562.5588628226|Average 'Best' R2|0.6896014390678558|Average Normalized 'Best' R2|0.769234924412902
Beam Energy|400|TestSize|0.25|Avg Accuracy R2|0.6822563354301648|Avg Normalized Accuracy R2|0.6849268213102659|Average 'Best' R2|0.636155840231444|Average Normalized 'Best' R2|0.647111049287247
Beam Energy|400|TestSize|0.15|Avg Accuracy R2|0.5941778364399231|Avg Normalized Accuracy R2|0.5337435103745757|Average 'Best' R2|0.5966348083809563|Average Normalized 'Best' R2|0.6217403017831957
Beam Energy|400|TestSize|0.1|Avg Accuracy R2|0.7262780283259748|Avg Normalized Accuracy R2|0.7413447742266406|Average 'Best' R2|0.7209709886940049|Average Normalized 'Best' R2|0.744365951574962
Beam Energy|400|TestSize|0.05|Avg Accuracy R2|0.46508265081334715|Avg Normalized Accuracy R2|-0.46975306733795935|Average 'Best' R2|0.40091783440160633|Average Normalized 'Best' R2|0.46130618428456804
Beam Energy|600|TestSize|0.5|Avg Accuracy R2|0.6163993801561802|Avg Normalized Accuracy R2|0.5285768888797899|Average 'Best' R2|0.5835581453671994|Average Normalized 'Best' R2|0.5463464259672618
Beam Energy|600|TestSize|0.25|Avg Accuracy R2|0.6869911609762307|Avg Normalized Accuracy R2|0.5797604569009429|Average 'Best' R2|0.6015690733427098|Average Normalized 'Best' R2|0.6400684225127322
Beam Energy|600|TestSize|0.15|Avg Accuracy R2|0.5914163378171512|Avg Normalized Accuracy R2|0.6651908581352842|Average 'Best' R2|0.6551843495369447|Average Normalized 'Best' R2|0.7086121888710486
Beam Energy|600|TestSize|0.1|Avg Accuracy R2|0.7118552626945538|Avg Normalized Accuracy R2|0.7813942426612356|Average 'Best' R2|0.6502645049775672|Average Normalized 'Best' R2|0.7942415064676236
Beam Energy|600|TestSize|0.05|Avg Accuracy R2|0.4264349246187968|Avg Normalized Accuracy R2|0.44649936667314893|Average 'Best' R2|0.19589570323888758|Average Normalized 'Best' R2|0.4798364851456129
Beam Energy|800|TestSize|0.5|Avg Accuracy R2|0.7577216232332333|Avg Normalized Accuracy R2|0.8293324314214672|Average 'Best' R2|0.8271213048583581|Average Normalized 'Best' R2|0.8281213328014863
Beam Energy|800|TestSize|0.25|Avg Accuracy R2|0.8502697381658649|Avg Normalized Accuracy R2|0.8490816391942941|Average 'Best' R2|0.843051753934928|Average Normalized 'Best' R2|0.848554147843951
Beam Energy|800|TestSize|0.15|Avg Accuracy R2|0.847735764802638|Avg Normalized Accuracy R2|0.864026730606582|Average 'Best' R2|0.8265371592778138|Average Normalized 'Best' R2|0.8461207299278186
Beam Energy|800|TestSize|0.1|Avg Accuracy R2|0.8418898313113707|Avg Normalized Accuracy R2|0.859014620487746|Average 'Best' R2|0.8144921192873834|Average Normalized 'Best' R2|0.8679338438771896
Beam Energy|800|TestSize|0.05|Avg Accuracy R2|0.8107436580460241|Avg Normalized Accuracy R2|0.8116920945685069|Average 'Best' R2|0.7239472936658247|Average Normalized 'Best' R2|0.7864083704836298
Beam Energy|1000|TestSize|0.5|Avg Accuracy R2|0.807839282368659|Avg Normalized Accuracy R2|-272106583.97883326|Average 'Best' R2|0.8183451270436535|Average Normalized 'Best' R2|0.8237945299011671
Beam Energy|1000|TestSize|0.25|Avg Accuracy R2|0.8503979956092707|Avg Normalized Accuracy R2|0.825611540031461|Average 'Best' R2|0.8401306962081335|Average Normalized 'Best' R2|0.8276590079741919
Beam Energy|1000|TestSize|0.15|Avg Accuracy R2|0.852790428106909|Avg Normalized Accuracy R2|0.8636442771063091|Average 'Best' R2|0.8367858880823433|Average Normalized 'Best' R2|0.8632493259956734
Beam Energy|1000|TestSize|0.1|Avg Accuracy R2|0.7530774981276511|Avg Normalized Accuracy R2|0.7794485100672739|Average 'Best' R2|0.6783668234561101|Average Normalized 'Best' R2|0.7399052985895188
Beam Energy|1000|TestSize|0.05|Avg Accuracy R2|0.6310874955822761|Avg Normalized Accuracy R2|0.6791698646791113|Average 'Best' R2|0.5895612012568349|Average Normalized 'Best' R2|0.5658199124426166
Beam Energy|1200|TestSize|0.5|Avg Accuracy R2|0.711806388533123|Avg Normalized Accuracy R2|0.3744212898648582|Average 'Best' R2|0.6079886699382587|Average Normalized 'Best' R2|0.6234404639125628
Beam Energy|1200|TestSize|0.25|Avg Accuracy R2|0.5339509394429103|Avg Normalized Accuracy R2|0.5062696143681095|Average 'Best' R2|0.5460864180928108|Average Normalized 'Best' R2|0.551352072938317
Beam Energy|1200|TestSize|0.15|Avg Accuracy R2|0.6823490478916375|Avg Normalized Accuracy R2|0.5801192962116379|Average 'Best' R2|0.6370233298187984|Average Normalized 'Best' R2|0.6404105934665846
Beam Energy|1200|TestSize|0.1|Avg Accuracy R2|0.607992157593598|Avg Normalized Accuracy R2|0.62793294840103|Average 'Best' R2|0.5015427087973631|Average Normalized 'Best' R2|0.5497148158499923
Beam Energy|1200|TestSize|0.05|Avg Accuracy R2|0.15352670125355877|Avg Normalized Accuracy R2|-3.967437878484533|Average 'Best' R2|-0.25589160557287244|Average Normalized 'Best' R2|0.157790575714499
