X Beam Energy|xy|TestSize|0.5|try 0 Model: |x0/(1.1617436 - 0.13076206/(x0 - 0.67113036/x0**3)) + 0.03387591/(x0 + x0 - x1)|R2:|0.07155857241497887
X Beam Energy|xy|TestSize|0.5|try 1 Model: |(x0 - 0.025218155/(x1**2 - 0.6148215))/1.1253033 - 3.80452090332197e-6/(x1**3*(x0 - 1*0.59224033)**3)|R2:|-248378.20036535244
X Beam Energy|xy|TestSize|0.5|try 2 Model: |x0*(-1*(-0.9017489) + 0.15677924/((x0 - 1*(-0.9670013))*((x1 + x1 + 0.024377108)**3 + 0.024377108))) + 0.051176105|R2:|-389.9638180872835
X Beam Energy|xy|TestSize|0.5|try 3 Model: |(x0 - 1*(-0.29349053) + (x1 + (x0 - 0.2678232)*1.35662)/(((x1**3 + 0.71170425)*0.8976195)))*0.8336862|R2:|0.7641483817122328
X Beam Energy|xy|TestSize|0.5|try 4 Model: |(x0 - 0.18018155 + 0.1419256/((x1**2*(x0 - 1.6893786 - (-1)*1.0565593/(x1**2)))))/1.3428313|R2:|0.5832630050870098
X Beam Energy|xy|TestSize|0.25|try 0 Model: |x0*0.77650607 + (-x1 - 0.7250388)**2*(-(-0.54298323)*x1/(0.6647218 - x0) - 0.17680189)**2 - 1*0.23335622|R2:|0.34649592806541574
X Beam Energy|xy|TestSize|0.25|try 1 Model: |(x0 - 1*0.17973614 - (-1)*0.0072340257/(x0**4 - 0.16742499) + 0.161640358924848*x1**4/x0**2)*0.92232305|R2:|0.6465138830120075
X Beam Energy|xy|TestSize|0.25|try 2 Model: |x0 + 0.0957730240045089*x1**2 + (-0.0636032 - 0.07223171/(x1**3 + 0.96184146))/(x0**3 + 0.59353274)|R2:|-2.546902431207362
X Beam Energy|xy|TestSize|0.25|try 3 Model: |(x0 + (x1 - 1*0.76490366 - 0.028548654/(-x0**3 + x1 - 1.1901748))/0.9266076)*(x1 - 1*(-0.110798016))|R2:|0.6876540287426419
X Beam Energy|xy|TestSize|0.25|try 4 Model: |x1*(x0 + (x1 + 3.910411)**2*0.12659985 - 1*2.989131) + 0.010186033/(0.1558748 - x1**6)|R2:|0.5975792517604799
X Beam Energy|xy|TestSize|0.15|try 0 Model: |x0 - 0.06338003/(x0 + 0.8460497) - 0.05356899/(x0 + 0.6270943) - 0.0066584917/(0.60728604 - x0)|R2:|-0.04490135360048475
X Beam Energy|xy|TestSize|0.15|try 1 Model: |(x0 + (x0 + x1)/(x1 + 0.9483084) + 0.015294045/(0.7369003 - x1))*0.8092903 - 1*0.06619555|R2:|0.7159989902943429
X Beam Energy|xy|TestSize|0.15|try 2 Model: |x0 + x1**2*(x1*0.038606033 + 0.15617007 - 0.037958317/(x1**2 - 0.66635257)) - 0.1520514|R2:|0.664324867138153
X Beam Energy|xy|TestSize|0.15|try 3 Model: |x0/0.8909953 + ((x1*(-0.21022089) - 1*0.5928405)**3 + 0.10225715/(x0**3 - 1*(-0.7713423)))**2 - 1*0.17461787|R2:|0.8318115645290194
X Beam Energy|xy|TestSize|0.15|try 4 Model: |-0.127200449378958*x0**2/(x1 + 0.027834509)**2 + x0/0.8362217 + (x1 + 0.33273813)**3*0.11766429|R2:|0.6428334781028047
X Beam Energy|xy|TestSize|0.1|try 0 Model: |x0/0.8447684 + (x1**3/(x0 - 1*0.05389023) + 3.71890050371401/(x0 - 2.4891174)**2)*(-0.29490998)|R2:|0.8266608247065141
X Beam Energy|xy|TestSize|0.1|try 1 Model: |(x0 + (x1*(-0.3825203) - 0.25280735 - 0.080522254/(x0**8 - 1.001833))**2 - 1*0.21550106)/0.89037216|R2:|0.7113764119001238
X Beam Energy|xy|TestSize|0.1|try 2 Model: |x0*1.134525 + ((-x0 - 0.57249355)**4*0.15243283 - (x1 - 0.027835997)**2)*(-0.42148328) - 1*0.20256642|R2:|0.7663874986530546
X Beam Energy|xy|TestSize|0.1|try 3 Model: |x0 + (0.76820445 - x1**2)*(0.0155675050001576*x0**4*(-x0 - 0.8434587)**4/x1**4 - 0.3277342)|R2:|-0.6161733156197493
X Beam Energy|xy|TestSize|0.1|try 4 Model: |x0 - (-0.12698422)*(x1 - 1*(-0.19202483))**2 - 1*0.14546509 - 0.0014216556/((x0 - 1*(-1.0716763))*(x1 - 1*0.7922764))|R2:|0.7770336940130093
X Beam Energy|xy|TestSize|0.05|try 0 Model: |x0/((0.9910293 + (x1 + 0.09090015/x0)**2*(-0.059425242)/(x0 + 0.8337598))**2) - 0.13768168|R2:|-0.3228396541352756
X Beam Energy|xy|TestSize|0.05|try 1 Model: |(x0 + (x1*(-0.37172237) + 0.0229713672190864/((-x0 + x1)**3 - 3.6761577)**2)**2 - 1*0.15474331)/1.079215|R2:|0.7874529426138903
X Beam Energy|xy|TestSize|0.05|try 2 Model: |x0*0.6831191 - 0.42293644 + (x0 + x1*x1*1.5537736 - 1*(-0.30460453))/(x0**4 + 2.5015247)|R2:|0.8186811039652171
X Beam Energy|xy|TestSize|0.05|try 3 Model: |x0 + (0.062252197 + x0**2*(-0.14983848))/(x1**4 - 0.33457994) + 0.0334206217044859*(x1 + 0.6978891)**3|R2:|0.23018218309213356
X Beam Energy|xy|TestSize|0.05|try 4 Model: |x0 + x1**4*(x1 + 0.78344446)*(-0.04209762)/(x0 - (x1 - 1*1.5836816)) - 1*0.11601801 + 0.020726794|R2:|0.9400874860727542
