X Beam Energy|xy|TestSize|0.5|try 0 Model: |1.2110261*(x0 - x1**2 + x1/((-0.69893855 + 0.14467585/x1)**2 - 25.130135) + 0.546437)**3|R2:|0.8131563619756773
X Beam Energy|xy|TestSize|0.5|try 1 Model: |x0**2 + x0*(1.2742151 - (-1)*0.0010619124/(0.71870625 - (x0 + x0))) + x0 + x1**4|R2:|0.8035279918631846
X Beam Energy|xy|TestSize|0.5|try 2 Model: |x0**3 + x0*2.4693263 + (-x0**2 + x0*x0*(-0.33122152)/x1 - 1*1.2808976)**2|R2:|-5820.74279079406
X Beam Energy|xy|TestSize|0.5|try 3 Model: |-x1 + (x0 + x1 - (x0 - 62.67196*x1*(x0 - 0.7475809))**4 - 0.046396066)*3.7044792|R2:|0.7498985127392476
X Beam Energy|xy|TestSize|0.5|try 4 Model: |x0 + (-x0**3 + 0.11781874/(x1 + (-x0**3 + x0)*(-1.4192683) + 0.7334157))**2 + 0.34866968|R2:|0.7327165296541127
X Beam Energy|xy|TestSize|0.25|try 0 Model: |-(-4.2820764)*x0 - (x0**3 + x1*(-7.2568083)/x0) + 1263.47240104794*x1**4/x0**4|R2:|0.7386186902963522
X Beam Energy|xy|TestSize|0.25|try 1 Model: |(x0 + x1 + x1 - (x0 - x1)**4 + x1/x0)/(0.30087963 - (-3.102482)*x1)|R2:|0.664806848489178
X Beam Energy|xy|TestSize|0.25|try 2 Model: |x1**3/(x0 - 0.05990324)**6 + (x0 + 0.63188994 - 0.0007778595/(x0 - 0.36409178))**3|R2:|-207791.17464126783
X Beam Energy|xy|TestSize|0.25|try 3 Model: |x1 + (-x0**4 - (-0.6018134)*x0 + (x0 + x1/0.09418878)**2)*7.713617 - 0.55723774|R2:|0.7358241595825721
X Beam Energy|xy|TestSize|0.25|try 4 Model: |x1 + x1 + (2.05219253076509*x0**2 - (x0/(-0.3313264) - 1*(-1.2094251))**6 + 0.72491115)**2|R2:|0.6545513745394967
X Beam Energy|xy|TestSize|0.15|try 0 Model: |(-x0**8 + x0/0.47958937 + x1/((0.7513753*(0.36497134 - x0)/x1)))**2 + 0.40067023|R2:|-13.279827801294987
X Beam Energy|xy|TestSize|0.15|try 1 Model: |(x0 + (x0 - (-x0**3 + x1*(-11.847943)))**2 - 1*0.03954667 + x1/x0)*4.012411|R2:|0.8378951769198242
X Beam Energy|xy|TestSize|0.15|try 2 Model: |(x0 + (x1*5.470239 + 0.7756443)**4 - (x0**4 + x1*2.833395 + 0.41439295))*6.0728045|R2:|0.7285468269656945
X Beam Energy|xy|TestSize|0.15|try 3 Model: |x1**2 + 0.77112573*((x0 + x1 + 0.7182079)**4 - 0.12074892/((x0 - 0.35919502)/(x1**2)))|R2:|0.8234826650324534
X Beam Energy|xy|TestSize|0.15|try 4 Model: |(x0 + 0.61911017)**3 - 0.00088442134/(x0 + x0 - 0.6785328) - (-1)*0.00065154093/(x0 - 0.37997305)|R2:|0.6880650945542397
X Beam Energy|xy|TestSize|0.1|try 0 Model: |-x0**4 + x1*(-30.429) - x1/(x0/(-12.0983925)) - 1*(-1.085527) - 0.0005178986/x0**4|R2:|0.8081890680061699
X Beam Energy|xy|TestSize|0.1|try 1 Model: |-(x1 + 0.49082816) + (-0.12404006*x0 + x1*x1*(-19.802456) + 0.009632649)/(x1 - 0.007709081)|R2:|0.7809414631484163
X Beam Energy|xy|TestSize|0.1|try 2 Model: |(-x0 + x1)**2*(-3.35148004150466*(x0 + x1)**4 + (x1*17.920258 + 1.2140299)**3 + 2.2238338)**2|R2:|0.7569342564498046
X Beam Energy|xy|TestSize|0.1|try 3 Model: |(x0 + x1**2 - x1 + 0.70683795)**3 + x1/(x0*(-x0**4 - x1 + 0.1966299))|R2:|0.55590845008
X Beam Energy|xy|TestSize|0.1|try 4 Model: |(x0**6 + (x1**2 + 0.003198014)*x0*(-33.19258) - 1*(-0.018611325))/(x1**2 + x1)|R2:|0.6567449365140539
X Beam Energy|xy|TestSize|0.05|try 0 Model: |(x0 - x1/(-0.065457664))**2 + (x0 + x1 + x1 - (-x1 - 0.7899537))**4 - 0.30790448|R2:|0.7399049000235325
X Beam Energy|xy|TestSize|0.05|try 1 Model: |(x0 - (-0.61648095 - 0.00020211194/(0.033548422 - 7.521167e-5/(x1 + 0.033548422))))**3 - 7.521167e-5/(x1 + 0.03355295)|R2:|0.7679725131052344
X Beam Energy|xy|TestSize|0.05|try 2 Model: |(x1/(x0 - 1*0.024318736) + (x0 - 1*(-0.629014))**3)*1.0632205 - 0.00043845957/(x0 + x1 - 0.32606977)|R2:|0.8965750103369191
X Beam Energy|xy|TestSize|0.05|try 3 Model: |-(-5.1345034)*x0 + (x1*(-x0**4 + x1*(-2.5007355)) + 0.0130492)*x1*1917.305 - 0.26525632|R2:|0.53121185888218
X Beam Energy|xy|TestSize|0.05|try 4 Model: |-x1**3/(x0*1.9797771 - 1.0189383) + (x0 + 0.6958638)**3 + x1*2.7957332/x0|R2:|0.9183582406254924
