$X$ Beam Energy|150|TestSize|0.5|try 0 Model:|(1.11518862391391*(-x0 + x1 + 0.43038687)**3 - (-0.31119752*x0 + x1/(-0.41090825) + 0.90970546)**2)**2|R2:|0.992536713587554
$X$ Beam Energy|150|TestSize|0.5|try 1 Model:|x1*(-1.8922077)/(x1 + 0.379403) + (-x0**2 + x1**4 - x1 + 0.9189684)**2 - 0.28140053|R2:|0.9910765930076261
$X$ Beam Energy|150|TestSize|0.5|try 2 Model:|x1*(-7.084507) - (x0 - 0.7029253) - (x1*(-4.4337683) - 3.3529692)**3*(x1*(-1.8910494) - 0.026176237)**3|R2:|0.992082242270366
$X$ Beam Energy|150|TestSize|0.5|try 3 Model:|-(x0 - x1)**2/(x1*(x1 - 1*1.1850153) + 0.83218306)**2 + (x1 - 1*1.0177258)**6 - 0.5593701|R2:|0.9950889627294254
$X$ Beam Energy|150|TestSize|0.5|try 4 Model:|-x0 + (0.945441 - x1/0.48738065)**3 - (x1 + 0.10489192) + (x0**6 - 0.00946429)/x0|R2:|0.9909710415156037
$X$ Beam Energy|150|TestSize|0.25|try 0 Model:|-x0 + (0.8431528 - 2.6463432*x1)**3 + 0.17475069 - 0.006921764/(x1**2 + (x0 - 1*(-0.3476165))**4)|R2:|0.9942874482595827
$X$ Beam Energy|150|TestSize|0.25|try 1 Model:|x0**4 + (0.8135931 + x1*(-3.6093218))**3 - (x1 - (-x0/3.3504927 + x1)/0.26855642)**2|R2:|0.9908399795455628
$X$ Beam Energy|150|TestSize|0.25|try 2 Model:|-x0 + (0.935659 + x1*(-1.7705914))**4 - 0.015438578/((x0 + x0 - x1)**2 - 1*(-0.07225267))|R2:|0.9931974040389929
$X$ Beam Energy|150|TestSize|0.25|try 3 Model:|((x0 - 0.0748369)**2*(x0 - 0.83816427)*3.0137625 - (x1**4 + x1*4.6045437 - 1*0.7328526))**2|R2:|0.994251835808784
$X$ Beam Energy|150|TestSize|0.25|try 4 Model:|((x0**6 + (1.0085069 - x1)**3)**2 - (x0 - x1 + 0.06716749)**2 - 0.52575237)*1.0887293|R2:|0.9886800026890268
$X$ Beam Energy|150|TestSize|0.15|try 0 Model:|(0.7950765 + x1*(-2.8454647))**3 - (x0 - (x0**3 + x0 + x1 - 1*0.5380488)**2)**2|R2:|0.9965636622494519
$X$ Beam Energy|150|TestSize|0.15|try 1 Model:|-(x0 + x1*(7.6694365 + 0.0005583673/(0.10164761 - x0**3))) + (x1**4 + 0.0013638542)*505.11945|R2:|0.9914823210006303
$X$ Beam Energy|150|TestSize|0.15|try 2 Model:|-82.0029735785773*x1**3 + x1*(-6.920459) - (x0*0.83152 - 8.463794e-5/(0.53281087 - x0)) + 0.66079664|R2:|0.997025069030539
$X$ Beam Energy|150|TestSize|0.15|try 3 Model:|8.2937143048889*(0.51987696 - x1)**4 + (x0**4 - (x0**2 + x1))/0.49605998 - 1*0.035501093|R2:|0.9922791784868839
$X$ Beam Energy|150|TestSize|0.15|try 4 Model:|1.98221282075664*(x0**2 - (0.5363581 + (-x0**4 + x1 + x1*1.2717956)*(-1.4792843)))**2 - 0.00049196725|R2:|0.9958492023921803
$X$ Beam Energy|150|TestSize|0.1|try 0 Model:|(-x0 + (x1*1.6766675 - 1*0.93148756)**4 - 0.020530757/x0 + x1**4/x0**4)*1.104975|R2:|0.9925855230240965
$X$ Beam Energy|150|TestSize|0.1|try 1 Model:|0.6962669 - (x0 + 77.5826184635672*x1**3 + x1/0.13616528 - 1.05942222919709*(x0 - 0.31850603)**3)|R2:|0.993138541954428
$X$ Beam Energy|150|TestSize|0.1|try 2 Model:|-(x1 + (x1 + 1.3896996)**2*(x1 - (-x0**4 + x0))**2) + (x1*4.257056 - 0.7550277)**2|R2:|0.9948104068792212
$X$ Beam Energy|150|TestSize|0.1|try 3 Model:|(-x0 + (0.785127 - 2.570975*x1)**3 - (x0 - 1*0.832705)**6 + 0.18586197)/0.8122687|R2:|0.9839362546477823
$X$ Beam Energy|150|TestSize|0.1|try 4 Model:|(0.8528171 + x1*(-2.5838125))**3 - (x0 - (-1)*0.022551002/x0) + 0.19266815 + x1**4/x0**4|R2:|0.9835940432549134
$X$ Beam Energy|150|TestSize|0.05|try 0 Model:|(1.3349919 - x1**2)*(-(x0 - (x0 - 1*0.40967196)**2)**2 + (x1 - 0.9513544)**6 - 0.3453824)|R2:|0.9975864393804846
$X$ Beam Energy|150|TestSize|0.05|try 1 Model:|-x1 + (-(x0 - (x0 - 0.17208432)**3)**2 + (x1 - 1*0.89778924)**6 - 0.14821495)*1.4712428|R2:|0.9927687534490297
$X$ Beam Energy|150|TestSize|0.05|try 2 Model:|(-(1.0252193 - x1)**3 + (x0**4 + x0*(-0.9141134))**2 + (-x1 - 0.07917978)**3)**2 - 0.59789276|R2:|0.9819527224603615
$X$ Beam Energy|150|TestSize|0.05|try 3 Model:|-x1 + (1.02549987666368*x0**4 - x0**2 + (x1 - 1*0.89133334)**4 - 1*(-0.40419087))**2 - 1*0.49978507|R2:|0.9810332875621709
$X$ Beam Energy|150|TestSize|0.05|try 4 Model:|(1.0065107 - x1)**6 - (1.01219435059369*(-x0 + (0.043313887 - 1.0065107*x0)**4)**2 + 0.69874674)**2|R2:|0.9851155391160478
$X$ Beam Energy|250|TestSize|0.5|try 0 Model:|(x0 - 1*(-1.8614299))*(x0 - 7.2517457*(x0**6 + x1)**2) + 7.430904e-6/(x0**6)|R2:|0.9839144722529302
$X$ Beam Energy|250|TestSize|0.5|try 1 Model:|(3.95927052712591*(x1 + x1)**4 + (x0 - (-x1/0.8399162 - 1.4965014) - 1*1.271327)**2)/0.35810053|R2:|0.9810145222295329
$X$ Beam Energy|250|TestSize|0.5|try 2 Model:|(1.05137832408566*x0**3 + x1**3 - (0.4675516 + (x0 + x1)*(-1.3199179)/(x0 - 1.2569013)))**2|R2:|0.9755876311047459
$X$ Beam Energy|250|TestSize|0.5|try 3 Model:|x1 + (x0*0.9589739 + x1 + 1.20504745456881*(x1 + x1)**4 + 0.66437984)**4 - 0.010653551|R2:|0.98263669664941
$X$ Beam Energy|250|TestSize|0.5|try 4 Model:|-x1 + (x1 + (x0/1.0473326 + 0.7080228)/(1.106323 - 19.0626498429207*x1**4))**4 - 1*(-0.05662126)|R2:|0.9838388491769797
$X$ Beam Energy|250|TestSize|0.25|try 0 Model:|4.34914132614025*(x0 + x1)**2 + (-x0**4 + x0**3*(1.0716615 - x1)**3)**2 + 0.3407227|R2:|0.9799131398656026
$X$ Beam Energy|250|TestSize|0.25|try 1 Model:|-(x1 + 0.055292826)**2 + 4.55565387228097*(x0 + 25.6064285527642*x1**4 + x1 - 0.0060367286)**2 + 0.34467414|R2:|0.983396919248284
$X$ Beam Energy|250|TestSize|0.25|try 2 Model:|x0**4 + ((x0 + 0.478625)**2 + (x0*x1/0.31455722 + 0.72959936)**2 - 1*0.28552026)**2|R2:|0.9868481015727094
$X$ Beam Energy|250|TestSize|0.25|try 3 Model:|((x1/(-0.32091886) - (x1 - 1*(-0.35799834)))**3 + (x0 + x1 - 1*(-0.4482264))**4 - 1*(-0.19071089))*1.4861723|R2:|0.9787623329422147
$X$ Beam Energy|250|TestSize|0.25|try 4 Model:|((x0*(x0**6 + 1.15935) + x1 + (x0 - 1*0.5089738)**4)*1.2460318 + 0.41675606)**2|R2:|0.9848035431488825
$X$ Beam Energy|250|TestSize|0.15|try 0 Model:|((x1/(-0.36617273) - 1*0.0011692888)**4 + (x0*x1/((x1*1.1331784)) + x1 - 1*(-0.6706079))**2)**2|R2:|0.992187949275707
$X$ Beam Energy|250|TestSize|0.15|try 1 Model:|((1.672809 - x0**3)*(x1 - (x0**6*(x1 - 1*1.3695306) - x0)) - 1*(-0.37287703))**2|R2:|0.981535189272473
$X$ Beam Energy|250|TestSize|0.15|try 2 Model:|x0**4*(0.90103954 - x1)**6 + (x0*(x1 + 1.4626831) + x1 - 1*(-0.4126866))**2|R2:|0.9831345797705804
$X$ Beam Energy|250|TestSize|0.15|try 3 Model:|(x1 + 2.4928415)*(x0 + 17.4817125888142*x1**4 + x1 + (0.118476026 - (-0.91063833)*x0)**6)|R2:|0.9823343534885797
$X$ Beam Energy|250|TestSize|0.15|try 4 Model:|0.10220739 + (61.0763741185776*x1**4 + (x1 + (x0 + 0.13380842)*0.8551221)**2)/(x1**2 + 0.20043465)|R2:|0.9726986765302813
$X$ Beam Energy|250|TestSize|0.1|try 0 Model:|(x0/(0.39132002 - x1) + (1.7694998 - x0**2)*(-23.6580793878134*x1**3 + x1))**2 + 0.24693824|R2:|0.9456086540447868
$X$ Beam Energy|250|TestSize|0.1|try 1 Model:|(-7.71766128943334*x0**16 + 2.8951926416464*x0**8 + x0 + x1 - 1*0.014825925)*2.6438632|R2:|0.9895133792542715
$X$ Beam Energy|250|TestSize|0.1|try 2 Model:|(x0 + 0.4209441)**4 + (-x1 + (x0 + x1**3)*1.0092756)*(x1*4.908832 + 1.2439694)**2|R2:|0.982663728545101
$X$ Beam Energy|250|TestSize|0.1|try 3 Model:|-x0 + (x0*1.7215744 + x1/0.785016 + (x0 - x1 - 0.4911706)**3 - 1*(-0.51088333))**2|R2:|0.9689213989602494
$X$ Beam Energy|250|TestSize|0.1|try 4 Model:|(6.43051895854978*x1**3 - (x0**6*0.5596488 + x0 + x1 + 0.94161177))**2 - 0.8015786|R2:|0.8693720611177158
$X$ Beam Energy|250|TestSize|0.05|try 0 Model:|((x0 - 1*0.50289506)**4 + (x0**6 + x0 + x1)*0.67317164 + 1.7919326)**2 - 3.237405|R2:|0.9920868263558741
$X$ Beam Energy|250|TestSize|0.05|try 1 Model:|-(x0 - 0.022737311)**3 + ((x0 + 24.5563873804449*x1**4 + x1)*2.56977 - 1*0.13999632)**2 + 0.38141504|R2:|0.9581645546647262
$X$ Beam Energy|250|TestSize|0.05|try 2 Model:|(0.515701511285534*x0**6 + x0 - 3.10782799346335*x1**3 + x1 + 0.28145897)**2*2.1835537|R2:|0.9862865739020563
$X$ Beam Energy|250|TestSize|0.05|try 3 Model:|(x0 + x1 - (-0.094806656)*(x0 + x0 - 0.24628882/x0)**4 - 1*0.040027924)*2.8702955|R2:|0.9802213786283331
$X$ Beam Energy|250|TestSize|0.05|try 4 Model:|(x1 + 0.961678)**4*(x0 - 1*(-0.67010087) + (1.3905323 - x0**3)/((0.0152404365685778/x1**4)))**4|R2:|0.9687455239375014
$X$ Beam Energy|400|TestSize|0.5|try 0 Model:|x0*(x1**2 + (-x0 - 0.34772742)**4 + 0.654914/(0.2445058 - x1)) + x1 + x1|R2:|0.975936332286664
$X$ Beam Energy|400|TestSize|0.5|try 1 Model:|-x1 + (x0 + x0 - 28.296574*x1**3 + x1*3.9576728 - 1*(-0.29642886))**2 + 0.06885006|R2:|0.9728248601626344
$X$ Beam Energy|400|TestSize|0.5|try 2 Model:|(x1 + (x0**4 + (x0 + x1 - 1*(-0.8557933))**2)/1.4802582)**2 + 0.0005330456/(x0 - 0.565898)|R2:|0.9752578261663629
$X$ Beam Energy|400|TestSize|0.5|try 3 Model:|(x0**6 + x0 + (x1 + 0.060078956)*2.4653497)*(x0 + x0 + x0 + 0.95411396)|R2:|0.9850223278314755
$X$ Beam Energy|400|TestSize|0.5|try 4 Model:|-(x1**2 - 0.42965725) + (x0*(108.189141711679*x1**4 + 2.9340336) + x1*4.433427 - 1*0.23974274)**2|R2:|0.9764459946195153
$X$ Beam Energy|400|TestSize|0.25|try 0 Model:|(-x1 - 0.16209558)*x0*(-13.175638) + (x0*(x0**6 + 2.474811) - 0.54667526)**2 - 1*(-0.1286926)|R2:|0.9894237792212466
$X$ Beam Energy|400|TestSize|0.25|try 1 Model:|(x1 + (-x0 - 0.76763237)**2*(x1 + 0.892636)**2)**2 + (-x0/1.0131011 - 0.26177934)**6|R2:|0.9701429989131414
$X$ Beam Energy|400|TestSize|0.25|try 2 Model:|((-(-1.3985198)*x0 + x1*(2.8423114 - (0.66469085 - x1/0.68413013)**4) + 0.32917875)**2 + 0.39235693)**2|R2:|0.9870741661462434
$X$ Beam Energy|400|TestSize|0.25|try 3 Model:|-1.05160676924944*x0**8 + 302.781070041885*x1**4 + (x0 + x1/0.61411047 + 0.6619437)**4|R2:|0.9784645102174041
$X$ Beam Energy|400|TestSize|0.25|try 4 Model:|x0**2*(x1*44.84183*(1.1544769 - x0) + 8.052519) - 1.9079628*x0 - x1 + 0.5960823|R2:|0.9831130101886789
$X$ Beam Energy|400|TestSize|0.15|try 0 Model:|((x0 - x1*((x0 - x1*(x0 - 1*0.15936439)**2)**3 - 1.6376417))*(-1.8257082) - 1*0.3754004)**2|R2:|0.9891232220319635
$X$ Beam Energy|400|TestSize|0.15|try 1 Model:|(x0**4*x1*(-1.031802) + x1**4 + (x1 + (x0 + 0.48996848)*0.60625356)**3)*7.707317|R2:|0.9606052905349528
$X$ Beam Energy|400|TestSize|0.15|try 2 Model:|x0**3*((x1/0.2365761 + 0.88699895)**2 + 1.5443428)**3 + (-x1**3 + x1 - 1*(-0.4371696))/0.97505236|R2:|0.9861996767865095
$X$ Beam Energy|400|TestSize|0.15|try 3 Model:|(x0 - 1*(-0.6327409))**3 - (x1/(6.02821217415864*(-0.037939083*x0 + x1)**3 - 0.21064994) - 1*(-0.20435093))**2|R2:|0.9620937057946692
$X$ Beam Energy|400|TestSize|0.15|try 4 Model:|(x1*1.5707074 - (x0*x0**4*(-0.45337912) - x0 - 0.50444806))**3*1.5968175|R2:|0.983747950629703
$X$ Beam Energy|400|TestSize|0.1|try 0 Model:|(14.8676764575415*x1**4 + (x0**6 + (x0 + x1/0.65849245 + 0.7494711)**2)/1.2096769)**2|R2:|0.9953201820892633
$X$ Beam Energy|400|TestSize|0.1|try 1 Model:|-(-1.0179759)*x0**2 + (1.00904074190404*x0**6 + x0 + x1*2.1675594)*2.44328 - 1*(-0.03628112)|R2:|0.9870666252832513
$X$ Beam Energy|400|TestSize|0.1|try 2 Model:|(-x0**2 + (0.8281582 - 1.9269058*x1*(x0 - 1*0.991197))*(-x0 - 0.8808517)**2)**3/1.4838849|R2:|0.9800617451148642
$X$ Beam Energy|400|TestSize|0.1|try 3 Model:|(x1 + (x0 + x1 + (x0 - 0.49119368)**4 + (x0 - 1*0.17979883)**4 + 0.21894981)*1.7648605)**2|R2:|0.9879666282885892
$X$ Beam Energy|400|TestSize|0.1|try 4 Model:|x0**3 + (x1*5.4738874 + (x0 - 0.07037167)*(129.837657273078*x1**4 + 2.8562636))**2 + 0.42871594|R2:|0.9792650553630885
$X$ Beam Energy|400|TestSize|0.05|try 0 Model:|(x1 + 0.891258048263574*(x0 + x1/0.74585384 + (0.4972516 - x0*x1)**4 - 1*(-0.6606876))**2)**2|R2:|0.9827648221390478
$X$ Beam Energy|400|TestSize|0.05|try 1 Model:|(x0 + x1 - 1*0.00079427054)*2.7483902 + (x0**4 + x1)/(((0.5198701 + x1/x0)*1.4990752))|R2:|0.9422994079935249
$X$ Beam Energy|400|TestSize|0.05|try 2 Model:|246.136810132188*x1**4 + (x0*0.70506054 + (x1 + 0.65019375)*1.1702224)**6 + 0.021979544|R2:|0.9793163464765244
$X$ Beam Energy|400|TestSize|0.05|try 3 Model:|-1.2986064*(x0 - 0.11194084) + ((0.1621805 - x0**3)**2 + (x0 + x1)*2.1868849 + 0.35938373)**2|R2:|0.9851697188291317
$X$ Beam Energy|400|TestSize|0.05|try 4 Model:|(x0*1.1265378 - 10.8019129749874*x1**3 + (x1 - 1*(-0.3088923))*1.8867531)**4 + 0.13839799|R2:|0.954037901628061
$X$ Beam Energy|600|TestSize|0.5|try 0 Model:|x1 + (-0.3346904*(x0**4 - 0.005124384)/(x1 - (x1 + 0.060278844/x0)**4) - 1*(-0.76837915))**2|R2:|0.9856641520192699
$X$ Beam Energy|600|TestSize|0.5|try 1 Model:|x0*0.13801177 + ((0.06370726 - x0)**4 + ((x0 + x1 + x1)**2 + 0.8498599)**3)**2|R2:|0.987526333888062
$X$ Beam Energy|600|TestSize|0.5|try 2 Model:|(x0 + x1**4)*(x0**4 + x0**2*4.985261 - (-14.445302)*x1 + 1.4481682) - 1*(-0.15729249)|R2:|0.9876170918006815
$X$ Beam Energy|600|TestSize|0.5|try 3 Model:|x1*7.0090938 + (x0**4 + x0 - 0.016889669)*2.7823763 - 4.167454e-5*1/(x1*(x0 - 0.64098686))|R2:|0.9844540765616823
$X$ Beam Energy|600|TestSize|0.5|try 4 Model:|(x1 + (x0 + 0.025983661)*(x0*(x0 - 0.22487505) + x1 + x1 + 0.7828884) + 0.6661703)**4|R2:|0.9838167181174309
$X$ Beam Energy|600|TestSize|0.25|try 0 Model:|-x0 + x1 + (0.00552357 - (x0 - 1.3025106*x1**3)**4)/(x1 - 0.012902268) + 0.89411|R2:|0.9852302706873778
$X$ Beam Energy|600|TestSize|0.25|try 1 Model:|x1 + (x0 + (x0*x0 + x1/0.49540484 + 0.7069249)**6)*1.3770378|R2:|0.9906498008142862
$X$ Beam Energy|600|TestSize|0.25|try 2 Model:|(0.7602279 + (x0**4 - (x1 - 0.32135898)**4)*(-0.34573153)/x1)**2 + 0.07820548 - 0.0023976215/x1|R2:|0.9800923438915752
$X$ Beam Energy|600|TestSize|0.25|try 3 Model:|x0 + (x1*10.705006 + (x0 + x1*x1 + 0.7240391)**3)**2/2.7300584 - 1*(-0.08046292)|R2:|0.9843041442496577
$X$ Beam Energy|600|TestSize|0.25|try 4 Model:|(x0 - x1 + 0.08748572)*(x0**2 + x1/(x0*0.15280645 + 0.21297763) + 1.1527932)**3|R2:|0.9812104243021524
$X$ Beam Energy|600|TestSize|0.15|try 0 Model:|(x0 + x1 + x1 + 1.73855465495586*(x0/0.85256445 + x1/x0)**4)*2.3926668|R2:|0.9934396602267733
$X$ Beam Energy|600|TestSize|0.15|try 1 Model:|x1**2 + (x0**4 + x0 + x1*(x0 + 2.1159952) + (x0 + x1)**4)*2.4644237|R2:|0.9856203989856206
$X$ Beam Energy|600|TestSize|0.15|try 2 Model:|(x0 + x1)*(-(-10.622862)*x1 - (-1)*0.609058011232596*(x0 + x0 + 0.09609512)**3 + 2.3218296)|R2:|0.9746735759967654
$X$ Beam Energy|600|TestSize|0.15|try 3 Model:|x0*(x0*(x0 - 0.42430887) + (x1**4 + x1)*1.6140853 + 0.35688597)/0.12900616 + x1|R2:|0.9880352429474974
$X$ Beam Energy|600|TestSize|0.15|try 4 Model:|((x0**4 + (x0 + x1 + x1 - (x0 - 1*0.54012233)**4)*2.0920737)**2 + 0.3368374)*1.0206127|R2:|0.9929635370742245
$X$ Beam Energy|600|TestSize|0.1|try 0 Model:|x0 - x1**2 + (-(-5.0127015)*x1 + (x0*0.65079904 - 1*(-0.6679084))**4)**2 - 1*(-0.13765572)|R2:|0.9634533365760563
$X$ Beam Energy|600|TestSize|0.1|try 1 Model:|(x0**4 + x0*2.1772933 - (-4.4801536)*x1)**2 + 0.3244004 - 7.439152e-6/(x0**3 + x1)|R2:|0.9873375475661245
$X$ Beam Energy|600|TestSize|0.1|try 2 Model:|x1**2 + (-x0 + (x0 + x1)*2.2949395 + 0.36047706)**2*(x0**3 + x1 + 1.1352601)**2|R2:|0.9936851900997573
$X$ Beam Energy|600|TestSize|0.1|try 3 Model:|(-x1 + (x0 + x1*2.9553297*(x1 - 1*(-0.8533632)) - 1*(-0.48871943))**6 + 0.6570052)**2 - 1*0.068889685|R2:|0.9649287460387146
$X$ Beam Energy|600|TestSize|0.1|try 4 Model:|(x1/0.24996528 + (x0 + 0.19163233)**3 + 0.5540228)*(x0 + x0 + x0 + 0.19119082)|R2:|0.9805220999359536
$X$ Beam Energy|600|TestSize|0.05|try 0 Model:|(-(x0 - (-x1 - 0.8480035)**3) - (0.29063419454462*x0**3 + 0.29063419454462*x1))**4 + 0.0799292|R2:|0.9688016893784801
$X$ Beam Energy|600|TestSize|0.05|try 1 Model:|-x0 + x1 + x1 + (0.90630615/(x0 + x1 - 1*1.114562) + 0.067981094/x0)**2 + 0.24799232|R2:|0.981465527443855
$X$ Beam Energy|600|TestSize|0.05|try 2 Model:|x1 + (-x0 - 0.04929007)**6 - 1.1621267 + (x1 + 1.3135326)/(0.988086 - (x0 + x1))|R2:|0.9960184934205052
$X$ Beam Energy|600|TestSize|0.05|try 3 Model:|(x1 - 1.0466238/(x1 + (1.2335513 - x0)*(-1.2242925)))**3 + (x1**4 - 0.0032552734)/(x0**2)|R2:|0.9785143915717357
$X$ Beam Energy|600|TestSize|0.05|try 4 Model:|(x1**3 - (-x0 + (x0**3 + 4.4685774*(x0 + x1))*0.40255123 + 0.68224466)**2)**2|R2:|0.9868923218514308
$X$ Beam Energy|800|TestSize|0.5|try 0 Model:|(x0*(x0**4 + 1.9141035) + x1*3.907733 + 0.00012528832/x1)**2 - 0.4516021 - 1*(-0.7768321)|R2:|0.9838710845920844
$X$ Beam Energy|800|TestSize|0.5|try 1 Model:|-x0 + (x0 + 0.42352608)**4*(x0*(x0**4*(-0.10210653)/x1 - 0.9716596) - 1*(-1.6097724))**4|R2:|0.9818095404013598
$X$ Beam Energy|800|TestSize|0.5|try 2 Model:|(-x1 + (x0/2.0026813 + x0 + 3.6124082*x1 + (x0 - 0.16289052)**4)**2 + 0.58332074)**2|R2:|0.9866885823580265
$X$ Beam Energy|800|TestSize|0.5|try 3 Model:|x0*(-1.8243982*x0**3 + x1*(-5.068629) - 1.4006085)**2 - (-1)*0.00050522626/(0.80580825 - x0)|R2:|0.9853907893105308
$X$ Beam Energy|800|TestSize|0.5|try 4 Model:|-1.367582*x0**3 + (x0 + (x1*3.0902004 + (x0 + 0.31965506)**3 + 0.2974245)**2)*1.1342342|R2:|0.9793305993291499
$X$ Beam Energy|800|TestSize|0.25|try 0 Model:|-x1 + 4.48638745083252*(x0 + x1 + (x0 - 0.28573722)**4 - (-x1 - 0.18300694))**4 + 0.37027618|R2:|0.9788635177952729
$X$ Beam Energy|800|TestSize|0.25|try 1 Model:|((x0 + x1*1.8241674 + (x0 - 1*0.18576667)**4 + 0.33797634)**2 + 0.39497876)**2 - (-1)*9.613162e-5/x1|R2:|0.9802886346444496
$X$ Beam Energy|800|TestSize|0.25|try 2 Model:|-x1 + (x1*4.5366273 + (x0 - 0.023950148)*((-x0 - 0.01745343)**4 - 1*(-1.9957606)))**2 + 0.32445738|R2:|0.9803699944177109
$X$ Beam Energy|800|TestSize|0.25|try 3 Model:|(-x1 + (x0 + x1/(0.30483013 - x0*x0*x1) + 0.23817876)**3 + 0.7421381)**4|R2:|0.9864216901478682
$X$ Beam Energy|800|TestSize|0.25|try 4 Model:|0.84011999629636*((x0 + 0.047478847)*(x0**4*1.6653788 - (-4.647985)*x1 + 1.3995562) + 0.36275917)**2|R2:|0.9829818334785836
$X$ Beam Energy|800|TestSize|0.15|try 0 Model:|(x0**4 + (x0*3.1990674*(x1 + 0.3490435) + x1)**2 + 0.41947013)**2*2.138321|R2:|0.9847215756151074
$X$ Beam Energy|800|TestSize|0.15|try 1 Model:|(x0*(x0**4 + 1.9136689) + x1*3.8452458 - 9.4787894e-5/(0.614889 - x0))**2 + 0.3155049|R2:|0.9886578374502197
$X$ Beam Energy|800|TestSize|0.15|try 2 Model:|((x1 + (x0 - 0.058381885)**3 + 1.0694456 + x1/x0 - 0.25239533/x0)**2 - 1*(-0.7230319))**2|R2:|0.9930625935523071
$X$ Beam Energy|800|TestSize|0.15|try 3 Model:|(-(x0 - 0.100718416)/(1.3120593*(x0 - 1.5762016*(x0 + x1/x0)**3)) - 0.20804326)**2|R2:|0.9813229800129771
$X$ Beam Energy|800|TestSize|0.15|try 4 Model:|-(-0.36586672)*x0 + (x0 + x1 + x1 + (0.19252193 - x0)**4 + 0.46757078)**4 + 0.17127219|R2:|0.9713586641598254
$X$ Beam Energy|800|TestSize|0.1|try 0 Model:|(-1.6477559*(x0 + x1)*(x0**4 + x1 + x1 + 0.9452185) - 0.21975802)**2 + 0.1500463|R2:|0.9869388870107216
$X$ Beam Energy|800|TestSize|0.1|try 1 Model:|(x0**6 + 0.9136289)**2*(x0/0.4883928 + x1*3.9348888)**2 - (x1 - 0.007837067) - 1*(-0.2937923)|R2:|0.9761600284887669
$X$ Beam Energy|800|TestSize|0.1|try 2 Model:|11.9157779210064*(x1 + (0.27875146 - x0)**4 + (x0 - 0.04716163)*(x1**3 + 0.588958))**2 - 1*(-0.36736578)|R2:|0.9445522998010556
$X$ Beam Energy|800|TestSize|0.1|try 3 Model:|(x0**6 + x0*1.8784448 + x1*(122760.671275113*x1**8 + 3.1971886))**2 + 0.3095525|R2:|0.9437619741595749
$X$ Beam Energy|800|TestSize|0.1|try 4 Model:|x0 - x1 + (x0**4 + x0 + x1/0.24962293 - 0.16699716)**2*4.1301494 - 1*(-0.23334481)|R2:|0.9693643881061408
$X$ Beam Energy|800|TestSize|0.05|try 0 Model:|x0*(x1 + x1) + (-x0**3 - x1 + (x1 - 1.4568655/(x0 - 1.8573855))**3)**2|R2:|0.9946668203601051
$X$ Beam Energy|800|TestSize|0.05|try 1 Model:|((x0 - 0.05843361)/(x0 + 0.05747971) + 2.57269994375565*(x0**2 + x1 + x1 - 1*(-0.25900862))**3)**2|R2:|0.9845334643432859
$X$ Beam Energy|800|TestSize|0.05|try 2 Model:|(x1*(-4.081219) - (x0**6 - (-2.26224)*x0 - 0.21987806))**2 + 0.42859405 - (-1)*9.9566605e-5/x1|R2:|0.9836323042891228
$X$ Beam Energy|800|TestSize|0.05|try 3 Model:|(0.090547696 - x1)/0.51203233 + (-x0 + x1*(-2.5622313) - (x0 - 0.15459953)**4 - 1*0.51825976)**4|R2:|0.9827670289317954
$X$ Beam Energy|800|TestSize|0.05|try 4 Model:|(x0**4*(-1.5415939) - 6.093619*x0*(x1 - 1*(-0.667122))**3 + 0.03923198)**2 + 0.34728757|R2:|0.9950637781702223
$X$ Beam Energy|1000|TestSize|0.5|try 0 Model:|x0*1.537331 + x1*2.3873413 + 5.46087540042256*(x0**2 + x1*1.7171302)**2 + 0.0998345|R2:|0.9812292263422852
$X$ Beam Energy|1000|TestSize|0.5|try 1 Model:|(x0**3 + x0 + 2008.2897530249*x1**6 + x1/0.30289778 + 0.42003337)**2/0.8753273|R2:|0.9861023085579806
$X$ Beam Energy|1000|TestSize|0.5|try 2 Model:|(x0**3 + x0*1.5247673 + x1*(3.645668 - (-x0 + x1 + 1.1970464)**4))**2 + 0.3756598|R2:|0.9824907629056958
$X$ Beam Energy|1000|TestSize|0.5|try 3 Model:|x1 - (x1/0.14445591 + 0.5815817)**3 + (x0*x0 - (-2.171768)*x1 + 0.8494928)**4|R2:|0.9809934658131393
$X$ Beam Energy|1000|TestSize|0.5|try 4 Model:|(x0*(x0**4 + 0.9204817) + x0 + 48.9405909946341*x1**4 + x1*4.332956)**2 + 0.29393953|R2:|0.9832376827431195
$X$ Beam Energy|1000|TestSize|0.25|try 0 Model:|(x0 - (x0 - 1*0.38808736)**3)*(x1*10.680359 + 1.7018363) + (x0**4 + 0.015379908)*4.0263486|R2:|0.9680687478285608
$X$ Beam Energy|1000|TestSize|0.25|try 1 Model:|x0**6*2.5462816 - (x1 - 1*0.7440484)**3 + (-x0 + x1*(-2.8201847) - 0.5167348)**8|R2:|0.9797926293447066
$X$ Beam Energy|1000|TestSize|0.25|try 2 Model:|233.167855148049*x1**4 - x1 + (x0**3 + x0 + x1*4.033639 + 0.64619267)**2 - 0.30496252|R2:|0.9892397565445786
$X$ Beam Energy|1000|TestSize|0.25|try 3 Model:|(-27.4473159365723*x1**3 + (x0 + x1 + x1 + 0.15074883)**2)**2*5.2878203 + 0.39455026|R2:|0.976931376187323
$X$ Beam Energy|1000|TestSize|0.25|try 4 Model:|x0**8 + x0 + (0.777561769496837*x0**2 + x1 + x1 - 1*(-0.7730707))**6 - 0.03887633|R2:|0.9832603466578203
$X$ Beam Energy|1000|TestSize|0.15|try 0 Model:|-(x0 - x1**2)**3 + (x0 + (x1/0.5160643 + 0.50886846)**2 + 0.2691473)**6 - 1*(-0.32264453)|R2:|0.9750791512214929
$X$ Beam Energy|1000|TestSize|0.15|try 1 Model:|(x0**8 + ((x0 + x1 + x1)*1.0711051 + 0.24750969)**4 + 0.21415633)*2.6519432 - 0.23817599|R2:|0.9921698946072278
$X$ Beam Energy|1000|TestSize|0.15|try 2 Model:|(4.45683272108944*(x0 + x1 + x1 + (x1 + x1*2.1283696)**4 - 1*0.17011265)**2 + 0.70517576)**2|R2:|0.9881657486187386
$X$ Beam Energy|1000|TestSize|0.15|try 3 Model:|(x0*x1**2 + x1 + x1 + (x0 - 1*0.24592957)**2 - 1*(-0.7909819))**3*x0*4.1099734|R2:|0.9815895777864302
$X$ Beam Energy|1000|TestSize|0.15|try 4 Model:|(x0**4 - x1 - x1 + 2.574468385225*(x0 + x1*3.8053124)**2 + 0.61697364)**2*0.84332955|R2:|0.9882840168519523
$X$ Beam Energy|1000|TestSize|0.1|try 0 Model:|(0.753822353566207*x0**4 - x1 + (x1/1.0537556 + 3.4027832/(3.837975 - x0))**6)**2|R2:|0.9881985605146846
$X$ Beam Energy|1000|TestSize|0.1|try 1 Model:|-x1 + (x0**6 + x1 + 5.1132665*x1 - (0.48027593 + x0*(-2.7509413)))**2 + 0.4791867|R2:|0.9844707480057298
$X$ Beam Energy|1000|TestSize|0.1|try 2 Model:|(x1*x0*(-2.7366576) + (-(x0 - (-3.605369)*x1) - 0.3181289)**4 - 1*(-0.70188975))**4 + 0.11287723|R2:|0.9934256556068165
$X$ Beam Energy|1000|TestSize|0.1|try 3 Model:|-(x0**4 - x0**2)**2 + (x1**2 + (x1 + 2.081391/(2.5023735 - x0))**4)**2|R2:|0.9740539575702338
$X$ Beam Energy|1000|TestSize|0.1|try 4 Model:|(x1 + x1 + (x0 + 72.8129944790553*x1**4 + x1)**2*2.1194277 - 1*(-0.54381377))**2*1.1643679|R2:|0.9847620857718999
$X$ Beam Energy|1000|TestSize|0.05|try 0 Model:|((x1 - (x0/(-0.97257936) - (x1 + (x0 - 0.26449323)**4)))/0.8488014 + 0.39221212)**4 + 0.2839309|R2:|0.9791969638396247
$X$ Beam Energy|1000|TestSize|0.05|try 1 Model:|-(x1 - 1*0.042043123) + (x0**4 - x1 + 11.6227502307814*(x0 - (-3.5252056)*x1)**4 + 0.64752734)**2|R2:|0.9945715238662169
$X$ Beam Energy|1000|TestSize|0.05|try 2 Model:|x0*(x0**3 + x1*3.1287823 + 0.38806307)/0.21060279 - x1 - 0.02529843 - (-1)*0.012506096/x0|R2:|0.9716260056074095
$X$ Beam Energy|1000|TestSize|0.05|try 3 Model:|829.759642766792*x1**4 + ((x0 + x1 + x1*1.0512589)**2 + 0.7971026)**6 - 1*(-0.12284586)|R2:|0.9961467126163462
$X$ Beam Energy|1000|TestSize|0.05|try 4 Model:|x1*14.81334 - x1/(0.81304810218724*(x0 + x1 - 1*(-0.015663687))**2) + (x0 + 0.5756011)**4|R2:|0.9673443256830478
$X$ Beam Energy|1200|TestSize|0.5|try 0 Model:|-x1/1.1914511 + (0.50128220882796*x0**4 + (x0 + x1*2.8390596 + 0.985849)/1.4510084)**4|R2:|0.9654011888593406
$X$ Beam Energy|1200|TestSize|0.5|try 1 Model:|(-x1 + (0.19643345 - x0)*(x0**4 + (x1 + 0.8860347)**4)*2.0875175 - 0.6185383)**2*1.0826368|R2:|0.9720014395992851
$X$ Beam Energy|1200|TestSize|0.5|try 2 Model:|(-1*(-0.44707286) + (x1 + 0.3780999)/(1.1258718 - x0))**4 - (x1 - (x0 - x1) + 0.7842101)**4|R2:|0.9596373515132055
$X$ Beam Energy|1200|TestSize|0.5|try 3 Model:|(1.7875311 - x1)*(x0 + 328.431378009459*(x1 + x1 + (x0 - 0.24688959)**2 + 0.05466378)**3)|R2:|0.9687013768233267
$X$ Beam Energy|1200|TestSize|0.5|try 4 Model:|(-x0**2 + x0/(((x0 + 0.0058888705)*(-x0 - x1 + 1.1321912))) + x1**2 - 0.23805323)**3|R2:|0.9601400835087281
$X$ Beam Energy|1200|TestSize|0.25|try 0 Model:|4.19237458968979*(x0**4*0.3230166 + x1 + (x0 + x1)/1.3264356 + 0.30160698)**4 + 0.30160698|R2:|0.9811254071212665
$X$ Beam Energy|1200|TestSize|0.25|try 1 Model:|x0 + (x0*(1.04446847556078*x0**4 + 1.6884023) + x1*5.0518312)**4 + 0.2426123|R2:|0.943762678484183
$X$ Beam Energy|1200|TestSize|0.25|try 2 Model:|(((x0**4 + 1.194301)*(x0 + x1 + x1)*0.73643243 + 0.39144894)**2 + 0.40943646)**2 - 0.08175308|R2:|0.946247134036791
$X$ Beam Energy|1200|TestSize|0.25|try 3 Model:|((x0 + 0.70793986)**4*(x0**4*0.38559762 + x1*1.6186748 + 0.86922055)**4)*0.8381493 + 0.11739578|R2:|0.9755663417594632
$X$ Beam Energy|1200|TestSize|0.25|try 4 Model:|(x0**4 + (x1 + 1.2466971)**3*(x0 - x1**3 + x1 + x1)**2 + 0.606328)**2|R2:|0.9707039893645992
$X$ Beam Energy|1200|TestSize|0.15|try 0 Model:|(x0**4*2.377313 + x0*9.130368*(x1 + 0.11795966) - x1 + 0.44422305)**2*0.9862096|R2:|0.9598897261208253
$X$ Beam Energy|1200|TestSize|0.15|try 1 Model:|(x0 + (x1 + 0.46408892)*1.1313533 + (x1*4.375823 + (x0 - 1*(-0.24576169))**3)**2 - 0.061201833)**2|R2:|0.957319606092306
$X$ Beam Energy|1200|TestSize|0.15|try 2 Model:|-x1**3 + (-x0 - 0.07404332)**2*(x1*6.685959 + (x0 + 0.1713386)**4 + 1.5160475)**2 - 1*(-0.2678157)|R2:|0.9878220597224562
$X$ Beam Energy|1200|TestSize|0.15|try 3 Model:|(-x0**3 - x1 + (x0 + (x0**3 + x1/0.3547168 - 1*(-0.5815454))**2)**2)/0.67056996|R2:|0.9860722221937055
$X$ Beam Energy|1200|TestSize|0.15|try 4 Model:|-4.86278707785984*x1**2 + (x0 - (-2.198115)*x1)**2*((x0 - x1)**4 + 1.8930473)**2 + 0.30675116|R2:|0.9825744577226686
$X$ Beam Energy|1200|TestSize|0.1|try 0 Model:|(x0**4 + 6.9774404)*(-x1 + (x0**4 + x0 - x1/(-0.17280997) - 0.1509453)**2) + 0.4415714|R2:|0.9880418540968674
$X$ Beam Energy|1200|TestSize|0.1|try 1 Model:|-(-0.414728)*x0 + (-x0**4 + (x0**2 + x1*0.78291583 - 1*(-0.3058351))**3)*9.192849|R2:|0.9819703903773616
$X$ Beam Energy|1200|TestSize|0.1|try 2 Model:|(1.7593933966316*x0**6 - x0**3 + (x0*0.6422536 + x1 - 1*(-0.71012723))**4)**2 - 1*(-0.21050775)|R2:|0.9664895838510792
$X$ Beam Energy|1200|TestSize|0.1|try 3 Model:|(-(-1*0.96679914 + 0.09007523/(x0 + x1)) + (x0*x0 + x1 + x1 - 1*(-0.5056869))**4)**2|R2:|0.9756321558154657
$X$ Beam Energy|1200|TestSize|0.1|try 4 Model:|(x0 + (x0**3 + x1/0.3032605)*(x0 + x1 + 0.5247699)**3 + 0.5542427)**2 - 1*0.13679181|R2:|0.9880868548084278
$X$ Beam Energy|1200|TestSize|0.05|try 0 Model:|(x1/0.20688158 + 1.8732959)**2*(1.55655199877296*x0**6 + x0 + x1)**2 + 0.3019463|R2:|0.9609340292677824
$X$ Beam Energy|1200|TestSize|0.05|try 1 Model:|5.80182990912144*((x0 + x1*1.8300463)**2 + (x0**4 + x1)**2 + 0.18805325)**2 + 0.16916902|R2:|0.9803120925100001
$X$ Beam Energy|1200|TestSize|0.05|try 2 Model:|(x0 + x1 + (x1 + x1 + (-x0**2/(-1.2105446) + x1 + 0.6466981)**3)**2)*1.4315946|R2:|0.9914621733235361
$X$ Beam Energy|1200|TestSize|0.05|try 3 Model:|-x1 + (x0*x0 + x1 + (x0 - 0.5556418)**3 - (x1 + 0.64617074)/(-0.78779733))**4|R2:|0.9778278453864342
$X$ Beam Energy|1200|TestSize|0.05|try 4 Model:|(x0*1.264608 + 0.5140329)**4*(x0**4*0.43534487 + x1 + x1 + 0.8426103)**4 + 0.29020962|R2:|0.9629613284073845
