$X$ Beam Energy|150|TestSize|0.5|try 0 Model:|-x0*(0.44082925 - 0.027964171/x1) - (-1.2385174)*(-x1 - 0.07216154) + (x1 - 1*0.6124576)**3*(-0.04813802)|R2:|-10.240532591914027
$X$ Beam Energy|150|TestSize|0.5|try 1 Model:|-0.6479341*x0 + (x1*(-0.41453388) + 1.74867 - 0.42790037/(x0 + 2.7054915)**2)**2 - 2.9686055|R2:|0.9428078419793898
$X$ Beam Energy|150|TestSize|0.5|try 2 Model:|((2.5675864 - x1)*(x0*(-0.13185742) + (x1*(-0.18885268) - 1*(-0.35351658))**2 + 0.7294851) - 2.2992167)*1.0024841|R2:|0.9922894126084972
$X$ Beam Energy|150|TestSize|0.5|try 3 Model:|(x1 + (4.8091493 + x1*(x1 - 1*(-0.117995925))/x0)**4*(-0.0008757387) - 1*(-0.5587208))*(-0.6629388) - 0.00041924193|R2:|0.9935148724788463
$X$ Beam Energy|150|TestSize|0.5|try 4 Model:|(x0*(-0.2933917) - (x1 - (-0.024964977)*(x1 - 1*1.2837709)**3 - 1*(-0.15137385)))/0.9024493|R2:|0.9912716397132371
$X$ Beam Energy|150|TestSize|0.25|try 0 Model:|(-(x1 - 1*1.5617135)*((0.74517965 + x0*(-0.19586572))**2 + (x1 - 1.4518936)*(-0.34670547)) - 1.7788275)/1.2985369|R2:|0.9947912908729577
$X$ Beam Energy|150|TestSize|0.25|try 1 Model:|(0.709664 - (x1 + (x0*0.18479536 - 0.0635497916119056*x1**2 + 0.8855129)**2))/0.76600194|R2:|0.9912596801590248
$X$ Beam Energy|150|TestSize|0.25|try 2 Model:|-(0.056655314 + x0**3*(-0.025356375)) - 8.844407 + 59.008762/(x0*0.32840908 + x1 + 6.7027397)|R2:|0.9934407242702505
$X$ Beam Energy|150|TestSize|0.25|try 3 Model:|((0.8646808 - x1)**3*0.05159668 - 0.537733*(x0 + (x1 + 0.09785275)*3.348649))/1.5441352|R2:|0.9944970480622081
$X$ Beam Energy|150|TestSize|0.25|try 4 Model:|((x1 + (x0 - 1*0.26506692)**2*(-0.30487078))*0.16954336 - 1.2905713)*(-(-0.3192656)*x0 + x1 + 0.08033047)|R2:|0.9886893997167425
$X$ Beam Energy|150|TestSize|0.15|try 0 Model:|x0*(-(-0.065315865)*x1 - 0.3760314) - x1/1.0654653 + (x1*(-0.20869926) - 1*(-0.73556006))**4 - 0.3808697|R2:|0.9960568917068644
$X$ Beam Energy|150|TestSize|0.15|try 1 Model:|(x1 - (-0.12246676 - 0.002552422/x0))*((x1**2*(x1 - 1*1.9843736)**2/x0**2)*(-0.024122203) - 0.80129427)|R2:|-18798794.07036086
$X$ Beam Energy|150|TestSize|0.15|try 2 Model:|((x1*(-0.3140667) - 1*(-0.33262902))**3 - ((-(-0.31434274)*x0 + x1 + 0.12016576)/0.8018891 - 1*0.0048721535))*0.92371976|R2:|0.9972180763646084
$X$ Beam Energy|150|TestSize|0.15|try 3 Model:|(0.7646025 - x1)/0.9982747 + (x1 + 2.7284768)*(-0.029935597*x0*(x0 + 5.3006577) - 0.31209782)|R2:|0.9915856221199965
$X$ Beam Energy|150|TestSize|0.15|try 4 Model:|(0.43634954 - (x0 + x1))**4 - 0.1306727 + 1.3292772/(x0*(-0.036942933) - 0.10805086 - 1.5074768/x1)|R2:|0.9952281578084745
$X$ Beam Energy|150|TestSize|0.1|try 0 Model:|-0.46179014*x0 + x1*(-(-0.13682714)*x1 - 1.3241619) - (0.1577432 + x0*(-0.30639327))**3 - 1*0.095130116|R2:|0.9937025345157916
$X$ Beam Energy|150|TestSize|0.1|try 1 Model:|x0**3*0.026939422 + (1.401707 - 0.22526951*(-(-0.33707476)*x0 + x1))**3 - 2.8561962|R2:|0.9936154989987267
$X$ Beam Energy|150|TestSize|0.1|try 2 Model:|(-(-0.1874093)*x1 - 1.3689066)*(-(-0.35920462)*x0 + x1 + (x0 - 1*0.44396985)**3*(-0.026344793) + 0.06504278)|R2:|0.9945687368374866
$X$ Beam Energy|150|TestSize|0.1|try 3 Model:|(-x0 + (x1 + (x0 - 1*0.71678597)**3*(-0.028704923))*(x1*0.28329954 - 1*2.498423) - 1*0.14226496)*0.5517746|R2:|0.9850047230260004
$X$ Beam Energy|150|TestSize|0.1|try 4 Model:|-x0/2.5147312 + (x1 + 0.0004362584/x1)*(-0.0337373615559289*(x1 - 1.3027447)**2 - 1.2192204) - 0.097232856|R2:|0.9842487558841788
$X$ Beam Energy|150|TestSize|0.05|try 0 Model:|x0**3*0.027387895 + (1.4397599 - (x0*0.071639635 + x1*0.21417987))**3 - 3.078364|R2:|0.9976631151132977
$X$ Beam Energy|150|TestSize|0.05|try 1 Model:|x0*0.03205503*x0**2 - (1.3667636 + x1*(-0.14612359))*(x0*0.3548588 + x1) - 0.101240195|R2:|0.9947564845603745
$X$ Beam Energy|150|TestSize|0.05|try 2 Model:|x0*(-0.3657264) - 0.0291767319519269*(x1 - 1.7073314)**3 - (x0*x1*(-0.058238436) + x1 - 1*(-0.24432717))|R2:|0.9813931449837837
$X$ Beam Energy|150|TestSize|0.05|try 3 Model:|-0.47745404*x0 + (-0.366473757062978*x0**2 + x1)*x1*0.09198836 - 1.3594697*x1 - 1*0.09841959|R2:|0.9780804938871833
$X$ Beam Energy|150|TestSize|0.05|try 4 Model:|-0.030102808*(0.20870495 - x0)**3 + (x1 - (-0.34070727)*(x0 - 1*(-0.21593156)))*(x1*0.17297672 - 1.3583615)|R2:|0.9868712149058652
$X$ Beam Energy|250|TestSize|0.5|try 0 Model:|x0*0.7593837 + 0.0164766761898681*(0.9172712 - x1)**4 + (x0 + x1)**2*2.7814102 - 1*0.20314528|R2:|0.9801420671591362
$X$ Beam Energy|250|TestSize|0.5|try 1 Model:|x0/1.2262182 - 0.03989886 - (x0 + 0.029831208)*((x0 + 0.3410662)**4*0.05326635 - 0.1208764)/x1|R2:|0.9761778087915544
$X$ Beam Energy|250|TestSize|0.5|try 2 Model:|(0.44977564 - x0)*(x0/((1.6507881 - x0)**4 - 1.627079) - 0.7165134) + 0.12622668|R2:|0.9767401500873099
$X$ Beam Energy|250|TestSize|0.5|try 3 Model:|x0/0.6075179 + 0.252832980625*(x1 - 1*(-1.4261883) + 0.063045494/(-x0 + x1 + 1.1511176))**2 - 0.79095465|R2:|0.9782874599506247
$X$ Beam Energy|250|TestSize|0.5|try 4 Model:|(x0 - 0.25582656)*((0.34324455 - 0.29336098*x1)**2 + 0.73474956 + 0.02402007/(x1*(-2.0053215) - 0.51781905))|R2:|0.9800845885561656
$X$ Beam Energy|250|TestSize|0.25|try 0 Model:|-(0.24872239 + (x0*(x0 - 1*(-5.426835))*0.4436663 + x1)*(-0.6089675)) + (x1*(-0.43536714) - 0.05374464)**3|R2:|0.9804656746664303
$X$ Beam Energy|250|TestSize|0.25|try 1 Model:|1.4566292 + (1.3280023 - x0)/(((-(-0.17803851)*x1 + (x0 + x1*1.0335289)**2 + 0.73171985)*(-1.0550117)))|R2:|0.9858280252602764
$X$ Beam Energy|250|TestSize|0.25|try 2 Model:|(x0 - 1.5533763)/(x1*0.17791268 + 0.7472455) - 1*(-1.8456429) + 0.019060558/(x1 + (x0 - 1*1.3428787)**4)|R2:|0.9867168706693541
$X$ Beam Energy|250|TestSize|0.25|try 3 Model:|-(-0.7172795)*x0 + (x0 + 1.0546052)**4*0.019986462 + ((x0 + x1)**2 - 0.861659)**3 + 0.40433866|R2:|0.9806887189205145
$X$ Beam Energy|250|TestSize|0.25|try 4 Model:|2.24161507865343*(x0 + x1)**2 + (x0 + (x0*(-0.42477927) - 0.39434147)**4)*0.74015206 - 0.22951084|R2:|0.9853135274257899
$X$ Beam Energy|250|TestSize|0.15|try 0 Model:|-(x0*(-3.822979)/(4.3375087 - x0) + 0.2705661) + 3.96360433864387*(x0*0.9278502 + x1 + 0.14116383)**3|R2:|0.9920993120296239
$X$ Beam Energy|250|TestSize|0.15|try 1 Model:|(x1 - 1*0.37110022)**3*(-0.093101375) + (x0*0.6539949 + x1*0.2892368 + 1.0877218)**2 - 1*1.441277|R2:|0.980688212082765
$X$ Beam Energy|250|TestSize|0.15|try 2 Model:|-(-0.7231645)*(x0 - 1*0.27499184) + (x0 + 0.7644085 + 0.027327856/(x0 - x1 - 0.8419078))**4*0.03334092|R2:|0.9746484242210365
$X$ Beam Energy|250|TestSize|0.15|try 3 Model:|(1.9623231 - x1)**3*0.03563512 + (x0 - 1*1.3233831)*0.46439046 + (x0 + x1 - 1*(-0.54815686))**4|R2:|0.9793679388344981
$X$ Beam Energy|250|TestSize|0.15|try 4 Model:|(-0.47445542*x0 + 2.02065343670961*(x0 + x1 + 0.23192684)**2)**2 + (x0 - 0.24945599)/0.9745096|R2:|0.9682292978692201
$X$ Beam Energy|250|TestSize|0.1|try 0 Model:|x0*1.1134208 + (-x0 - 0.6536187)**4*0.030782884 + (x1*(-0.28553018) - 1*0.5840068)**2 - 1*0.56228215|R2:|0.9439435800110795
$X$ Beam Energy|250|TestSize|0.1|try 1 Model:|(x0 - 1*1.4009036)/(x1*0.18798801 + (x0 + x1*1.0568639)**2 + 0.7459311) + 1.6022801|R2:|0.9910100503161093
$X$ Beam Energy|250|TestSize|0.1|try 2 Model:|(x0 - 1.7354239)/(x1*0.16553976 + 0.6826146) + 2.3020804 - 0.0008995625*1/(x1*(x0**3 - 1*0.1908847))|R2:|0.9840842805534706
$X$ Beam Energy|250|TestSize|0.1|try 3 Model:|x0 + 0.4147779*x1 + (x0*0.34106296 + 0.5610539)**4 - 0.33862272 - 0.0020299684/(x0 - 1*0.5570555)|R2:|0.9686735762063098
$X$ Beam Energy|250|TestSize|0.1|try 4 Model:|(x0 + x1*(x0*(-0.2817667) + (x1 + 0.83312315)**2*(-0.0656379) + 0.4334059) - 1*0.1833401)*1.3422924|R2:|0.8730301479282341
$X$ Beam Energy|250|TestSize|0.05|try 0 Model:|(-x0 + x1*(-0.44063744))*(-0.29772925*x0 - 1.4319204) + (x1 - 0.17504461)**3*(-0.08601617) - 0.2375302|R2:|0.9931419565404009
$X$ Beam Energy|250|TestSize|0.05|try 1 Model:|-0.06892423*(x1 - 0.5772148)**3 + 1.4232298/(-0.2569318 + 0.9217915/(x0 + x1*0.4678325 - 0.17541698))|R2:|0.9620038512064895
$X$ Beam Energy|250|TestSize|0.05|try 2 Model:|(x0 - 1.3718709)/(x1*0.19373505 + 1.28090491737849*(x0*0.9509601 + x1)**2 + 0.7550801) + 1.5349773|R2:|0.9822363726184731
$X$ Beam Energy|250|TestSize|0.05|try 3 Model:|(x0 - (x1 - 0.6106971))/(x1*0.4849892 + 2.4418905) + (x0 + x1 - 1*(-0.54033077))**4 - 1*0.5650648|R2:|0.9784407632706646
$X$ Beam Energy|250|TestSize|0.05|try 4 Model:|x0 + x1*0.4155233 + (x0*0.33135608 + 0.5624682)**4 - 1*0.33808056 - (-1)*0.014393952/(-x0 + x1)|R2:|0.9718308446366933
$X$ Beam Energy|400|TestSize|0.5|try 0 Model:|(1.16146 - 0.036993496/(x0 - 1*0.4937109))*(x0 + x1**2*(0.22307669 - 0.13978565/x0) - 1*0.18789089)|R2:|0.9416545135650403
$X$ Beam Energy|400|TestSize|0.5|try 1 Model:|-(-0.79679555 - 0.21841381/(x1/1.0010436 - 0.15101106))*(x0 + 0.072576344) + 0.0594077850146186*(x0 - 1*(-0.3762549))**4|R2:|0.938794525505042
$X$ Beam Energy|400|TestSize|0.5|try 2 Model:|(x0 - (x1*(-0.19390352*x1 - 0.19666553) + 0.20048265) + 0.007112779/(x0 - 1*0.46986523))/0.8905489|R2:|0.967646286228107
$X$ Beam Energy|400|TestSize|0.5|try 3 Model:|(x0 - (-0.67320466)*x1 + 1.9175309)*(x0 + x1**3*(-0.049988613) - (-0.5877772)*x1) - 1*0.2205576|R2:|0.98368545509856
$X$ Beam Energy|400|TestSize|0.5|try 4 Model:|(x0 - 1*(-2.3964012))*(x0*(0.0885416917473936*x1**2 + 1.36694) + x1 + 0.91672504)/2.2099051 - 1.2540525|R2:|0.9757175052375382
$X$ Beam Energy|400|TestSize|0.25|try 0 Model:|(x1 + (x0 - 0.065008655*(x1 - 1*(-0.47241834))**3)*(x0*0.30244943 + 1.6349626) - 0.2111615)/0.84563625|R2:|0.9889705578809531
$X$ Beam Energy|400|TestSize|0.25|try 1 Model:|x0*1.3410671 + x1 + (-x0 - 2.5975924)**4*0.0068583842 - 0.6079278 - 0.005505459/(x0 - 0.159318)|R2:|0.9389253268020981
$X$ Beam Energy|400|TestSize|0.25|try 2 Model:|x0 + (x0**2*(-0.2886274 + 0.50332206/x1)**2 + (x1 + 1.7695148)*(-0.2470089))**2 - 1*0.32740322|R2:|-80.79647309578252
$X$ Beam Energy|400|TestSize|0.25|try 3 Model:|x0 + (4.8243437 - x1)**3*(2.111948 - x0)*(-0.004960328) + (x0 + x1)**2 + 0.9369933|R2:|0.9796012145658533
$X$ Beam Energy|400|TestSize|0.25|try 4 Model:|(x1 + (x0 - 1.5328304)*(x0*0.4339145 + x1**2*0.106803924 + 2.3937583) + 3.3907487)/0.8849247|R2:|0.9837365813004566
$X$ Beam Energy|400|TestSize|0.15|try 0 Model:|((2.3014622 - x1)**2 + (x0 + x1 + 1.0029415)**6 - 7.6815643)/(4.8198137 - 0.10413053/x0)|R2:|0.9923853024297746
$X$ Beam Energy|400|TestSize|0.15|try 1 Model:|(x0 - 1*1.8063475)/(-(-0.15593673)*x1 + 0.55620883959481*(x0 + x1)**2 + 0.6856809) + 2.3703554|R2:|0.9621567036070967
$X$ Beam Energy|400|TestSize|0.15|try 2 Model:|(x0*0.7341674 + (0.073856436 - 0.006539497*x1**2)*(-x1 - 2.5123575)**2 - 1*(-0.6583428))**2 - 1*1.517106|R2:|0.9872173484578843
$X$ Beam Energy|400|TestSize|0.15|try 3 Model:|(-0.0869222822913337*x1**3 + x1 + (x0**2*0.1409877 + x0 - 1*0.15670149)*1.9041309)*0.8934654|R2:|0.9629540718515918
$X$ Beam Energy|400|TestSize|0.15|try 4 Model:|(x1 - 0.23834814)**3*(-0.079947576) + ((x0 + x1*0.5467767 + 1.1317571)**2 - 1*1.6019166)/1.2474421|R2:|0.9857723693493495
$X$ Beam Energy|400|TestSize|0.1|try 0 Model:|x0**2*0.33208287 + x0*1.7783539 + x1 + (x1 + 0.3105375)**3*(-0.09193243) - 0.27245292|R2:|0.9960486444004196
$X$ Beam Energy|400|TestSize|0.1|try 1 Model:|x0*(1.8276137 - (-0.22621253)*x0) + x1 - 0.06407244*(x0 + x1 + x1)**3 - 0.26253855|R2:|0.9879593853834981
$X$ Beam Energy|400|TestSize|0.1|try 2 Model:|0.31602791316496*x0**2 + x0*1.7788926 + x1 + (x1 - 1*(-0.24913101))**3*(-0.09526331) - 1*0.27293|R2:|0.9822152045648008
$X$ Beam Energy|400|TestSize|0.1|try 3 Model:|x1 - (x0 - 0.14429791)*(-(-0.3264095)*(-(-1.2381614)*x0*x1 + (x0 - 1*0.36665273)**2) - 1.9164258)|R2:|0.989264702868651
$X$ Beam Energy|400|TestSize|0.1|try 4 Model:|((x0*1.8238773 + x1 + (x1 - 0.21453696)**3/(-16.823503))*(-0.46287832) - 1.0902987)**2 - 1.4453185|R2:|0.9780467954985459
$X$ Beam Energy|400|TestSize|0.05|try 0 Model:|x1 + (x0 - 0.14151442)*(-(-0.24338573)*x0 + 0.37729102329604*(x0/1.6980006 + x1)**2 - 1*(-1.8775383))|R2:|0.9886416385297412
$X$ Beam Energy|400|TestSize|0.05|try 1 Model:|x1*(0.9425707 + (x1 + 0.30372226)**2*(-0.08822795)) + (-0.5492525*x0 - 1.5916911)**2 - 1*2.8072832|R2:|0.9458867075248533
$X$ Beam Energy|400|TestSize|0.05|try 2 Model:|x1 + (x0 - 0.14029641)*(x0*0.23673049 + (x0*0.64223826 + x1)**2*0.56760794 + 1.8730819)|R2:|0.9794253767807822
$X$ Beam Energy|400|TestSize|0.05|try 3 Model:|x0*1.8366591 + x1*(-0.6577415*x0 + (x1 + 2.1154828)**2*(-0.094362855) + 1.4498947) - 0.27761033|R2:|0.9851062225173376
$X$ Beam Energy|400|TestSize|0.05|try 4 Model:|(x0 + (x0 + (x0*0.4834314 + x1 + 1.0143502)**2*0.53898525)**2 - 1*0.7644498)*0.5663899|R2:|0.9580706996698082
$X$ Beam Energy|600|TestSize|0.5|try 0 Model:|(x0 + 0.08211416920249*(-x1 - 3.2979708)**2)**2 - 1*1.1712507 - 0.032867275/(x1**3/x0**6)|R2:|0.9441220504716346
$X$ Beam Energy|600|TestSize|0.5|try 1 Model:|-(0.35773674 - x1) - 1.7407031/(0.14494063 - 0.90869594/x0) - 0.0345739071356045*(x0 - 1*0.1759626)**3/x1**3|R2:|-19330.47214087225
$X$ Beam Energy|600|TestSize|0.5|try 2 Model:|(x1 - 0.4576871 - 2.973854/(-(-0.23146461 - 0.07042182/((x1 - 0.20154832)**2)) - 1.4338694/x0))*0.8510424|R2:|0.98748481758804
$X$ Beam Energy|600|TestSize|0.5|try 3 Model:|x0/(x0*(-0.08634979) + 0.538878 - 0.001311358/(x0**3 + x1 + 0.001311358)) + x1 - 0.30662593|R2:|0.9850317658863179
$X$ Beam Energy|600|TestSize|0.5|try 4 Model:|x0*1.776417 + x1 + (x0*0.08937658 + 0.470312)**2*(x0*2.2162135 + x1)**2 - 1*0.34432387|R2:|0.98256878558482
$X$ Beam Energy|600|TestSize|0.25|try 0 Model:|x1*(x0 + x1 + (x0*0.24120075 + 0.95896155)**4 - 1*1.0164077)/(x1 - 1*(-0.029049937)) - 0.1835563|R2:|0.19623599094700173
$X$ Beam Energy|600|TestSize|0.25|try 1 Model:|x0*11.7164545/(6.232255 - (x1 + 0.0288203)/((x1 + 0.06570462)/x0)) + x1 - 1*0.32031816|R2:|0.9894620585015683
$X$ Beam Energy|600|TestSize|0.25|try 2 Model:|x0*(1.7194442 - x0**2*(-1*0.09117494 + 0.30494875/(x1 - 1*(-0.030076496)))) + x1*0.8865088 - 0.3170577|R2:|0.9793070177773602
$X$ Beam Energy|600|TestSize|0.25|try 3 Model:|(x0 + x1*0.5254158 - 1*0.16802469)*(-0.23509794*x0*x1 + x0*0.72191703 + 1.8924673)|R2:|0.9828492920038857
$X$ Beam Energy|600|TestSize|0.25|try 4 Model:|x1**2*(-0.15669745) + (x1 - (-x0 - 0.42753986))**2 + (x0*(-0.29536948) - 0.88153195)**4 - 1.0865018|R2:|0.9793752443668171
$X$ Beam Energy|600|TestSize|0.15|try 0 Model:|-x0*(x0**2*(-0.09765931) + x0*(-0.6345354) + x1*(-0.32616842) - 1.8148719) + x1 - 1*0.31460494|R2:|0.9929236125018289
$X$ Beam Energy|600|TestSize|0.15|try 1 Model:|(x0*(x1*0.23196283 + 0.7129395) + x1 + (x0*0.4492964 + 0.9297019)**3 - 1*1.1351539)*0.95738304|R2:|0.9859801159404556
$X$ Beam Energy|600|TestSize|0.15|try 2 Model:|x0 + x1 - 0.022702405*(x1 + 0.1986788)**4 + (x0*0.26898032 + 0.92446524)**4 - 1*1.0624559|R2:|0.9713032859947051
$X$ Beam Energy|600|TestSize|0.15|try 3 Model:|x0*((x1 - 0.7840197)*0.33391243 + (-0.31184262*x0 - 1.0410203)**2) + x0 + x1 - 1*0.3200725|R2:|0.9873407278027159
$X$ Beam Energy|600|TestSize|0.15|try 4 Model:|(x0*(x0*0.45872328 + (-x1 - 1.264914)**3*(-0.024497481) + 1.7321568) + x1 - 0.3169272)/0.9408178|R2:|0.9921577652773718
$X$ Beam Energy|600|TestSize|0.1|try 0 Model:|0.0821654129324755*(x0 - 1*(-2.2484622))**3 + ((x1 - 1*(-1.959437))*x0*0.28197902 + x1 - 1.3524427)/1.0935627|R2:|0.9638277548119567
$X$ Beam Energy|600|TestSize|0.1|try 1 Model:|(1.0076381 - (-1)*0.0022948133/(0.5476618 - x0))*(x0 + x1 + (x0*0.24081811 - 1*(-0.95924556))**4 - 1*1.1779864)|R2:|0.9870812578841608
$X$ Beam Energy|600|TestSize|0.1|try 2 Model:|x0**2*0.0022551897/(x1 + 1.4490368) + x1 + (x0*(-0.1611605) - 1.4418004)**4 - 1*4.6453896|R2:|0.9899711060210328
$X$ Beam Energy|600|TestSize|0.1|try 3 Model:|x1 - (x0*(x0*(x0*(-0.09726441) - 1*0.6870547) - 0.38012856*x1 - 1*1.8144419) + 0.31682178)|R2:|0.9647883773928313
$X$ Beam Energy|600|TestSize|0.1|try 4 Model:|x1 + (x0 - 1*0.18063127)*((0.09040266 - 0.29998273/x1)*(x0*x0 - 1*(-0.11828341)) - 1*(-1.8599949))|R2:|0.9861237748484748
$X$ Beam Energy|600|TestSize|0.05|try 0 Model:|x0/0.75034666 + x1 + (0.609633 - x0*(-(-0.09813514)*x0/x1 - 0.329406))**3 - 1*0.5640535|R2:|0.9674067531297359
$X$ Beam Energy|600|TestSize|0.05|try 1 Model:|x0*0.4677936 + 1.16869050738801*(x0 + x1*(0.6835083 - 0.1205044*x0) + 0.5114605)**2 - 1*0.60514903|R2:|0.9796710977838624
$X$ Beam Energy|600|TestSize|0.05|try 2 Model:|x1*0.3093851*x0 + x1/1.0557997 + (x0*(-0.26497486) - 1*1.1902841)**4 - 1*2.3093235 + 0.002752132|R2:|0.9963839879255132
$X$ Beam Energy|600|TestSize|0.05|try 3 Model:|x1 + (x0 - 1*0.16567345)*(x1*0.30562064 + (1.0348877 - (-0.29825178)*x0)**2 - 1*(-0.79099554))|R2:|0.9792031071617805
$X$ Beam Energy|600|TestSize|0.05|try 4 Model:|x0 + x1 + (x0*0.23110276 - 1*(-0.97948277))**4 - 3.134803 + 1.906153 - 0.00023201268/(x0 + x1)|R2:|0.9589365154019621
$X$ Beam Energy|800|TestSize|0.5|try 0 Model:|x0 + (x1 + (x0*(-0.29247087) - 0.8583191)**4 - 1*0.9374356)/1.401572 + 0.0029020573/x0|R2:|0.9829210704338245
$X$ Beam Energy|800|TestSize|0.5|try 1 Model:|(x0 + x1*0.4027481 - 0.2012658 + 0.0017358628/((x1 - 0.060939997)**2))/(0.6420836 + x0*(-0.19186647))|R2:|0.9401920689698474
$X$ Beam Energy|800|TestSize|0.5|try 2 Model:|x0 - 0.5055043 + (x1 + (x0*0.5160267 + 0.70312226)**3)/(1.7693192 - 6.09653233768706e-8/x1**6)|R2:|0.9809424840329497
$X$ Beam Energy|800|TestSize|0.5|try 3 Model:|-1*0.32906106 + (x0 + x0 + x1)/(1.2795615 + (x0 + 0.013397354/(2.1866553 - x0**3))*(-0.42726567))|R2:|0.7250560919299822
$X$ Beam Energy|800|TestSize|0.5|try 4 Model:|x0 + (x1 + (x0*(-0.34082267) - 0.78384084)**4 - 0.008288334/(x0 - 1*0.16836505))*0.609484 - 1*0.5178469|R2:|0.978575292739583
$X$ Beam Energy|800|TestSize|0.25|try 0 Model:|(x0*3.1672404 + x1 + (x0 - 1.53191)**2*(x1*(-0.07906571) - 1*(-0.76531255))**2 - 1.6188794)/0.7943679|R2:|0.9804305317943226
$X$ Beam Energy|800|TestSize|0.25|try 1 Model:|(x0*0.2742118 + x1**2*0.1276569 + 0.7323278)*(x0 + x0 + x1 - 1*(-0.09166353)) - 0.38092458|R2:|0.9805628192363591
$X$ Beam Energy|800|TestSize|0.25|try 2 Model:|x0*1.5703069 + x1*0.41294202 + (0.39982516 + x1*(-0.110825))*(x0**2 + x1) - 0.3149247|R2:|0.9799100220834799
$X$ Beam Energy|800|TestSize|0.25|try 3 Model:|x0/(1.1582003 + x0*(-0.31966245)) + 0.726306899249714*((x0 + x1)/1.1113207 + 0.5610183)**4 - 0.3832199|R2:|0.9841954896949943
$X$ Beam Energy|800|TestSize|0.25|try 4 Model:|(x0 + ((x0 - 0.7806065)**2 - 6.6272364)*(x1 - 1*4.0942674)*(-0.052832358) + 1.4489133)*2.2861981 - 0.65519524|R2:|0.9843470179647394
$X$ Beam Energy|800|TestSize|0.15|try 0 Model:|(x0 + x1*0.5075707)*(x0*0.6129683 + x1*x1*0.26233208 + 1.5872661) - 0.3248247|R2:|0.9859780080257113
$X$ Beam Energy|800|TestSize|0.15|try 1 Model:|(x0 + x1/2.3221226 - 0.19628803)/(0.61334693 - 0.19959183*x0*x1/(x1 - 1*0.04390364))|R2:|0.9887569697340246
$X$ Beam Energy|800|TestSize|0.15|try 2 Model:|(x1 + (x0*(0.20042624 + 0.0034316909/x1) + 1.1578152)**4)*(x0*0.36469468 + 0.581008) - 1.329214|R2:|0.9920305267586768
$X$ Beam Energy|800|TestSize|0.15|try 3 Model:|(x0 - (x1*(-0.44327828) - 1*(-0.1924261) + 0.0014410266/(x1 + 0.044436775)))/(0.62058413 - 0.19816671*x0)|R2:|0.9825487115880643
$X$ Beam Energy|800|TestSize|0.15|try 4 Model:|x0 + (1.5699769 - x0)*(-0.087729536)*(x1 - 2.231089)**2 - 1*(-0.4170351) - 0.003931484/(0.06236232 - x1)|R2:|0.9640632771272815
$X$ Beam Energy|800|TestSize|0.1|try 0 Model:|x0 + (x1 + (x0 + x1)**2)*0.6122295 + (x0*(-0.3010994) - 0.71608)**4 - 1*0.5801702|R2:|0.986523498807453
$X$ Beam Energy|800|TestSize|0.1|try 1 Model:|x0*2.464241 - (3.1086433 - x0)**2*(x1*(x1*0.032742925 - 0.087691955) - 0.13142803) - 1.5971758|R2:|0.9754344012190417
$X$ Beam Energy|800|TestSize|0.1|try 2 Model:|(x0**2*0.123195685 + 0.5714757)*((-(x0 + x1*0.41093606) - 1.083076)**2 - 1.0919286) - 1*0.33367756|R2:|0.9409124669799825
$X$ Beam Energy|800|TestSize|0.1|try 3 Model:|(x0 + (0.77795947 - (-0.093423635)*x1)**4)**2 + (x1 + (x0 - 1.8584689)**3*0.13551679)*0.51531357|R2:|0.9455993418268489
$X$ Beam Energy|800|TestSize|0.1|try 4 Model:|(1.4649757 + 0.04773189/x1)*(x0 + (3.5384953 - x1)*(x0**2*0.058656726 - 1*0.44621825) + 1.3795248)|R2:|0.9674500366107963
$X$ Beam Energy|800|TestSize|0.05|try 0 Model:|x1**3*(-0.00807935051816326*x1**3 - 0.13248987) + x1 + (x0*(-0.58961064) - 1.4949726)**2 - 2.5929623|R2:|0.9814255811838727
$X$ Beam Energy|800|TestSize|0.05|try 1 Model:|(x1 + (x0 - 0.19351868)*2.4682598)/(1.6152546 + (x0 + x1/((24.307365331461*x1**2)))*(-0.5022679))|R2:|0.9851004913467494
$X$ Beam Energy|800|TestSize|0.05|try 2 Model:|x1*0.8894027 + (0.17981511 - x0)*(x0*(-0.5469512) - (-0.3461216*x1 - 0.3506749)**2 - 1*1.6210511)|R2:|0.9835557951766326
$X$ Beam Energy|800|TestSize|0.05|try 3 Model:|(x0 + (0.32634956 + (1.1091793 - x0)**2*(-0.04473725))*(x1 - 4.616409) - 1*(-1.0289731))*2.939145 - 1*(-0.32945135)|R2:|0.9849825017239423
$X$ Beam Energy|800|TestSize|0.05|try 4 Model:|(x0 - (-0.45070595)*x1 - 1*0.18273549)*(x0 - (x0*0.38125005 - 0.242300788598736*x1**2) + 1.6837691)|R2:|0.9930368889949381
$X$ Beam Energy|1000|TestSize|0.5|try 0 Model:|(x0*(0.92341965 - (-0.2259053)*x0)**2 + x1)*0.72144693 + (x0 - 1*0.28969854 + 0.005971556)/0.9581916|R2:|0.9787119325552288
$X$ Beam Energy|1000|TestSize|0.5|try 1 Model:|x0 + (0.6744322 - (-1)*0.003061896/x0)*(x1 - 0.50145537) + (x0/3.5186043 + 0.7926033)**4 - 1*0.36170834|R2:|0.9847598380147969
$X$ Beam Energy|1000|TestSize|0.5|try 2 Model:|x0*(x0*0.46498442 + (-x1 - 0.9030336)**3*(-0.033650097) + 1.6410066) + x1*0.8007233 - 0.33551145|R2:|0.9835343991378505
$X$ Beam Energy|1000|TestSize|0.5|try 3 Model:|x0*1.7985531 + (0.871594 + x1*(-0.23038596))*(0.66480654823489*x0**2 + x1 - 0.7161069) + 0.2634417|R2:|0.9805690754716494
$X$ Beam Energy|1000|TestSize|0.5|try 4 Model:|x0 + (x1 + (x0 + x1)**2)*0.6411057 + (x0*(-0.30024663) - 1*0.7176812)**4 - 1*0.59285355|R2:|0.9856952570448766
$X$ Beam Energy|1000|TestSize|0.25|try 0 Model:|x0 + (x1 - (-0.014515349)*(-x0 - 2.2675633)**4 + (x0 + x1)**2 - 0.9060963)*0.59213686|R2:|0.9715357682716929
$X$ Beam Energy|1000|TestSize|0.25|try 1 Model:|x0 + x1*0.6575533 + (x0 + 2.695969)**4*0.0062878565 + (x0 + x1)**2 - 0.66085905|R2:|0.9781511706577622
$X$ Beam Energy|1000|TestSize|0.25|try 2 Model:|(x0*(x0*0.6131104 + (x1 + 1.4159207)**2*0.11252389 + 1.6184324) + x1 - 1*0.33444786)/1.0537074|R2:|0.9910200530179264
$X$ Beam Energy|1000|TestSize|0.25|try 3 Model:|x0*0.895388 + x1*0.57573867 - (0.65613085 + 0.0035458514/x0) + (x0 + 1.8657154)**3*0.05415704|R2:|0.9698182667758409
$X$ Beam Energy|1000|TestSize|0.25|try 4 Model:|x0 + 0.239686862873062*(x1 + 0.28768793)**2 + (x0*1.2447773 + x1 + 0.31231132)**4 - 1*0.3305679|R2:|0.978415889204729
$X$ Beam Energy|1000|TestSize|0.15|try 0 Model:|x0*(-(-0.5980949)*x0 + (x1 - 1*(-2.1348054))**3*0.019270582 + 1.5069283) + x1*0.9192707 - 0.3423401|R2:|0.9761873778873107
$X$ Beam Energy|1000|TestSize|0.15|try 1 Model:|x1**3*(-0.057230476) + x1 + (x0 + (x0 + x1)**4 + 3.1729083)**2/3.4166646 - 1*3.2671666|R2:|0.9896516480957199
$X$ Beam Energy|1000|TestSize|0.15|try 2 Model:|x0 + x1*0.70111066 + (x0 + x1)**2 + (x0*0.27516338 + 0.8087939)**4 - 0.7692671|R2:|0.9878898149864993
$X$ Beam Energy|1000|TestSize|0.15|try 3 Model:|(-1*(-0.27228183) - 2.8753388/(x0 - 4.7655835))**2*(x0 + (x0 + x1 + 0.44182414)**2) - 1*0.4590141|R2:|0.9844422828431658
$X$ Beam Energy|1000|TestSize|0.15|try 4 Model:|(x1 + (x0 - 0.19368339)*2.3885295)/((-0.43026662 - 0.15004064/x1)*(x0 - 0.2708336) - 1*(-1.2396941))|R2:|0.9888942711353966
$X$ Beam Energy|1000|TestSize|0.1|try 0 Model:|x0*(x0*0.60290396 - (-0.10979064)*(x1 + 1.377461)**2 + 1.6126411) + x1/1.0057048 - 0.3280339|R2:|0.9925854475276824
$X$ Beam Energy|1000|TestSize|0.1|try 1 Model:|x0/3.0173297 + (-0.28075013*x0 - 0.78022695)**4 + (-(x0 + x1) - 0.3373802)**2 - 0.82008135|R2:|0.9793990861571013
$X$ Beam Energy|1000|TestSize|0.1|try 2 Model:|x0*(-0.11060736)*x1*(-x1 - 2.9378853) + x1 + 0.615490568858485*(x0 + 1.4752847)**2 - 1.6612245|R2:|0.9920345500444617
$X$ Beam Energy|1000|TestSize|0.1|try 3 Model:|0.00263242175338199*(x0 + 4.3837347)**4 + 0.109179570905476*(x0 + x1/1.0292947 + 1.1744418)**4 - 1.5222446|R2:|0.9807635172792704
$X$ Beam Energy|1000|TestSize|0.1|try 4 Model:|x0 + x1/1.4394711 + (x0 + x1)**2 + (x0*0.27138752 + 0.79084057)**4 - 0.7229232|R2:|0.9868346326164136
$X$ Beam Energy|1000|TestSize|0.05|try 0 Model:|-(-1)*0.41487753*x0 + (x0*0.41350195 - 1*(-0.58359957))**3 + (x0 + x1 - 1*(-0.3422659))**2 - 0.65722454|R2:|0.9797055366920889
$X$ Beam Energy|1000|TestSize|0.05|try 1 Model:|x1*1.1621909 - (x1*0.4687642 + 0.25108367)**3 + (-0.6700071*x0 - 1.4195595)**2 - 2.3171833|R2:|0.9905727990154328
$X$ Beam Energy|1000|TestSize|0.05|try 2 Model:|(x0*(1.6426808 - (x0*(-0.61404264) - (x1*0.26561397 + 0.57150483)**3)) + x1 - 0.35029745)/1.0159608|R2:|0.9760385357910937
$X$ Beam Energy|1000|TestSize|0.05|try 3 Model:|(-0.21988955*x0 - 1.0094032)**4 + (0.423780645401682*(x0 + x1 + 0.8610846)**2 - 1*(-0.13304204))**2 - 1.5748469|R2:|0.9954409840261532
$X$ Beam Energy|1000|TestSize|0.05|try 4 Model:|(x0*0.98313135 + x1 + 0.32475254)**2 - 0.43751648 - (-1)*4.054292/(-2.4330707 + (4.702841 - x1)/x0)|R2:|0.9746501050314691
$X$ Beam Energy|1200|TestSize|0.5|try 0 Model:|(x0*0.24403557 - 1*(-0.74154407))*(2.2786627*x0 + x1 - 1*0.49695846) + (x0*0.49865276 - 1*(-0.105556875))**3|R2:|0.9647787693166381
$X$ Beam Energy|1200|TestSize|0.5|try 1 Model:|x0 + (x1 + (0.20957397 - 0.19895291/(x1 + 0.05926979))*(x0 + 0.22828883)**4)*0.33119887 - 1*0.23421396|R2:|0.955672514477084
$X$ Beam Energy|1200|TestSize|0.5|try 2 Model:|x1 + (0.55094165*x0 - 1*(-0.88833845))**3 + (x1 + 0.55094165)*(x0*0.43376258 - 1*0.1950547) - 1*0.9660352|R2:|0.9590212672472507
$X$ Beam Energy|1200|TestSize|0.5|try 3 Model:|(x0 - (-0.4357052)*x1 - 1*0.14228025)*6.248767/(-x0 + 3.9734838 - 0.00243762222988752/(x0 + 0.20090213)**2)|R2:|0.9672507537656619
$X$ Beam Energy|1200|TestSize|0.5|try 4 Model:|(x0 + x1*0.44352102 - 0.20045707)/((-x0 + 4.40394545872028e-5*x1**12)*0.21037106 + 0.59036857)|R2:|0.9604162718715783
$X$ Beam Energy|1200|TestSize|0.25|try 0 Model:|(x0*2.2247212 + x1)*(x1*0.1321099 + (x0*(-0.15846738) - 1*0.841247)**4 + 0.1437765) - 1*0.31766135|R2:|0.9805429898201503
$X$ Beam Energy|1200|TestSize|0.25|try 1 Model:|((x0 + x0 + (x0 + 1.096805)**3)*0.09187543 - 1*(-1.3358204))*(x0 + x1*0.39994618 - 1*0.21363959)|R2:|0.9438587296060397
$X$ Beam Energy|1200|TestSize|0.25|try 2 Model:|(x0 - (-0.42392316)*x1)*4.4502807/(-x0 + 6.18962727329695e-7*x1**16 + 3.0908644) - 0.3100158|R2:|0.9458052101162854
$X$ Beam Energy|1200|TestSize|0.25|try 3 Model:|(1.4981629 - x1*(0.29578504 + 0.5406629/(0.20613304 - x0)))*(x0 - 1*0.10343135 - 0.0010569731) - 0.08792495|R2:|0.9385051090813601
$X$ Beam Energy|1200|TestSize|0.25|try 4 Model:|x0*x1*(-1*0.22327091 + 0.06749619/(x0 - 0.20898983)) + x0 + (x0 + x1)**3 - 0.20898983|R2:|0.9312533195537332
$X$ Beam Energy|1200|TestSize|0.15|try 0 Model:|-x1 + (x0*0.13855563 + 1.1593164)**4*(-(x0*(x1*0.18724194 - 0.9777567) - x1) - 0.17929022)|R2:|0.9594964916742559
$X$ Beam Energy|1200|TestSize|0.15|try 1 Model:|(4.525794 - x1)*(x0*0.31349137 - 1*0.5184703) + 2.0263927 + 0.010257002/(-0.34968257*x0 + x1)|R2:|0.9083524894837649
$X$ Beam Energy|1200|TestSize|0.15|try 2 Model:|(-x0 + x1*(-0.4518019))*9.238824/(-(-1.893725)*x0 - 6.041977 + 0.20948274/x1) - 1*0.27164432|R2:|0.9883058044724726
$X$ Beam Energy|1200|TestSize|0.15|try 3 Model:|(x0*(-0.3191129) - 1.0444654)**4 + (x0*0.49496138*(x1 + 0.11106235) + x1)/1.3655032 - 1.5193195|R2:|0.9871783735858979
$X$ Beam Energy|1200|TestSize|0.15|try 4 Model:|(0.82847136 - (-1)*0.34683847*x0)**4 + 0.8229399*(x0 - 0.19478421*x1**2 + x1) - 0.81515855|R2:|0.9823269596084996
$X$ Beam Energy|1200|TestSize|0.1|try 0 Model:|(-0.08053154*x0**3 - 0.97380704)**2 + ((x0 + x1/2.1478486 - 1*(-0.7545646))**2 - 1.885355)/1.0453959|R2:|0.9878998367498584
$X$ Beam Energy|1200|TestSize|0.1|try 1 Model:|-(-0.41703543)*x0 + (x0/1.4256353 + (-0.2526879*x1 - 0.82790965)**2)**3 - 0.6378911|R2:|0.9787806418490406
$X$ Beam Energy|1200|TestSize|0.1|try 2 Model:|(x0 + 0.0747949890104748*(x1 + 3.4730303)**2)**2 - 1.2117136 - 0.010538013/(0.075331025 - x1**3/x0**3)|R2:|0.9612571857079661
$X$ Beam Energy|1200|TestSize|0.1|try 3 Model:|-1*(-0.016479634) + (x0*2.2872312 + x1 - 0.46041965)/(0.43965238*(x0/(-0.96867305) + 3.2115164))|R2:|0.9752498423207858
$X$ Beam Energy|1200|TestSize|0.1|try 4 Model:|(x0 + x1*0.4449306 - 1*0.18226694)*((x0*0.23884952 - 1*(-0.8725736))**4 + 0.9699922 + 0.08835357/x1)|R2:|0.9897326984643701
$X$ Beam Energy|1200|TestSize|0.05|try 0 Model:|x0 + x1*0.73439336 - (0.6856292 - 0.0067922976/(0.22773996 - x0)) + (x0*(-0.30234125) - 0.7632434)**4|R2:|0.9460764898766311
$X$ Beam Energy|1200|TestSize|0.05|try 1 Model:|(x0 + x1*0.42180133)/(x0*(-0.21752849 + 0.06430346/(x0 - 1*0.2206807)) + 0.6302847) - 0.2944844|R2:|0.9813722777295606
$X$ Beam Energy|1200|TestSize|0.05|try 2 Model:|x0 + (x1 + (x0*0.30840576 + 0.85592216)**4 - 1*0.974024)*0.78953224 + 0.004752447/(x0 - 0.1804987)|R2:|0.9886988817269312
$X$ Beam Energy|1200|TestSize|0.05|try 3 Model:|(x1 + (x0*0.20717683 - 1*(-1.1630795))**4)*(x0 + x1*0.20138839 - 1*(-1.410623))*0.40321812 - 1*1.367254|R2:|0.9774045413593213
$X$ Beam Energy|1200|TestSize|0.05|try 4 Model:|(x0 + (-x0**3/((x0 + 0.07464633)**4 + 0.34867233) + x1)*0.34015253 - 1*(-1.0168433))**2 - 1*1.3364437|R2:|0.9683816792635845
