$X$ Beam Energy|150|TestSize|0.5|try 0 Model:|-0.7824681*x1 + (x1 - 1*0.6742309)**3*(-0.048672583) - 1*0.13090959|R2:|0.9907813843148305
$X$ Beam Energy|150|TestSize|0.5|try 1 Model:|(x0*(-0.15032154) + x1*(-0.4652451) + 1.5256991)**2 - 2.4274795|R2:|0.9900571845996822
$X$ Beam Energy|150|TestSize|0.5|try 2 Model:|(x0*(-0.28581676) - x1)/(x1*0.09082497 - 1*(-0.78238344)) - 1*0.11428523|R2:|0.9924818843052278
$X$ Beam Energy|150|TestSize|0.5|try 3 Model:|(x1 - 2.401815)/(-0.21615516*x0 + x1*(-0.3241754) - 1.3051407) - 1.9245515|R2:|0.9939691978524021
$X$ Beam Energy|150|TestSize|0.5|try 4 Model:|(x1 + 0.12390827)/(-0.12522347*x1 - 1.0392553)|R2:|0.9880046573533007
$X$ Beam Energy|150|TestSize|0.25|try 0 Model:|(x1 - 1*4.2706323)**2*0.1114973 - 2.144993|R2:|0.9906821366910603
$X$ Beam Energy|150|TestSize|0.25|try 1 Model:|(x1 - 1*2.1729002)/(x0*(-0.22546215) + x1*(-0.35533598) - 1.3213022) - 1*1.7436172|R2:|0.989238234850702
$X$ Beam Energy|150|TestSize|0.25|try 2 Model:|-8.51672 + 75.52849/(x1 + 8.984321)|R2:|0.9916791617301091
$X$ Beam Energy|150|TestSize|0.25|try 3 Model:|(1.5613513 - 0.3114812*x1)**2 - 1*2.5348077|R2:|0.9901234096414707
$X$ Beam Energy|150|TestSize|0.25|try 4 Model:|x1/(x1*(-0.12872356) - 1.0924453) - 1*0.11643084|R2:|0.9862285278919949
$X$ Beam Energy|150|TestSize|0.15|try 0 Model:|(x1*(-0.09887235) - 1*(-1.3376975))**4 - 3.3085656|R2:|0.9949234246048263
$X$ Beam Energy|150|TestSize|0.15|try 1 Model:|x1*((x1**2*(1.7932432 - x1)**2/x0**2)*(-0.025204046) - 0.79954135) - 1*0.10485023|R2:|-3706.761565118451
$X$ Beam Energy|150|TestSize|0.15|try 2 Model:|(x1*(-0.16131687) - 1*(-1.3955497))**3 - 2.8282127|R2:|0.994077956148195
$X$ Beam Energy|150|TestSize|0.15|try 3 Model:|x1/(x1*(-0.1076034) - 1.0779929) - 1*0.0986932|R2:|0.9885978693040163
$X$ Beam Energy|150|TestSize|0.15|try 4 Model:|(-(x1 - (x1*0.2713418 - 1*0.4483764)**4) - 0.15327437)*0.8085045|R2:|0.9929197503505759
$X$ Beam Energy|150|TestSize|0.1|try 0 Model:|(-x1 - 0.11434716)*8.638517/(x1 + 9.195427)|R2:|0.9893504642461463
$X$ Beam Energy|150|TestSize|0.1|try 1 Model:|(1.4251018 - 0.21382599*(-(-0.27662095)*x0 + x1))**3 - 2.9984183|R2:|0.9891965848397828
$X$ Beam Energy|150|TestSize|0.1|try 2 Model:|x1/(-0.11599454*x1 - 1.0697426) - 0.10704969|R2:|0.9942627824012363
$X$ Beam Energy|150|TestSize|0.1|try 3 Model:|x0*(-0.2167086) - x1 + (x1*(-0.31365335) - 1*(-0.3323325))**3 - 0.14219062|R2:|0.9861095998119203
$X$ Beam Energy|150|TestSize|0.1|try 4 Model:|x1/(x1*(-0.11966638) - 1.0784222) - 0.109649636|R2:|0.9822588970465838
$X$ Beam Energy|150|TestSize|0.05|try 0 Model:|(1.426059 - 0.15615025*x1)**3 - 3.0053744|R2:|0.9929723174842902
$X$ Beam Energy|150|TestSize|0.05|try 1 Model:|(-(x0*0.26670483 + x1) - 0.08235858)/(x1*0.08338504 + 0.7797098)|R2:|0.9879707025851138
$X$ Beam Energy|150|TestSize|0.05|try 2 Model:|-8.290573 - 72.195076/(-x1 - 8.82702)|R2:|0.9808870789156487
$X$ Beam Energy|150|TestSize|0.05|try 3 Model:|-x1/(1.0730968 - (-0.1191125)*x1) - 0.10961628|R2:|0.9833089071609867
$X$ Beam Energy|150|TestSize|0.05|try 4 Model:|x1/(x1*(-0.11931835) - 1.0728018) - 0.10983964|R2:|0.9777939423128479
$X$ Beam Energy|250|TestSize|0.5|try 0 Model:|x0*0.7593837 + 0.0164766761898681*(0.9172712 - x1)**4 + (x0 + x1)**2*2.7814102 - 1*0.20314528|R2:|0.9801420671591362
$X$ Beam Energy|250|TestSize|0.5|try 1 Model:|x0/1.106244 + x0*(0.12903519 - 0.0588005*x1**4)/x1|R2:|0.971870843340239
$X$ Beam Energy|250|TestSize|0.5|try 2 Model:|(0.34337783 - x0)*(x0/((1.6399382 - x0)**4 - 1.6400231) - 0.68132305)|R2:|0.974372777875115
$X$ Beam Energy|250|TestSize|0.5|try 3 Model:|(x0 + 0.149087403373824*(x1 - 1*(-1.4787971) - 0.020330215/(x0 - 1*0.6543378))**2 - 0.47818622)/0.60262936|R2:|0.9790495748667888
$X$ Beam Energy|250|TestSize|0.5|try 4 Model:|(x0 - 0.20901419)/(x1*0.20077838 + 1.073731 - 0.0049480502/(x0 - 0.520265))|R2:|0.9801415939058884
$X$ Beam Energy|250|TestSize|0.25|try 0 Model:|x0 + x1**2*0.194667 - 0.19466716|R2:|0.9729420718274073
$X$ Beam Energy|250|TestSize|0.25|try 1 Model:|(-0.16423035*x0 - 1.1297688)**4 - 1.8361508|R2:|0.974741733907817
$X$ Beam Energy|250|TestSize|0.25|try 2 Model:|(x0*0.16504641 + 1.1187321)**4 - 1.7730117|R2:|0.9828633522729677
$X$ Beam Energy|250|TestSize|0.25|try 3 Model:|-4.5414267 - 21.14392/(x0 - 4.869942)|R2:|0.9723590288851911
$X$ Beam Energy|250|TestSize|0.25|try 4 Model:|(x0*(-0.16390473) - 1.129231)**4 - 1.8319857|R2:|0.9827385566467713
$X$ Beam Energy|250|TestSize|0.15|try 0 Model:|-4.672941 - (-1)*22.319868/(4.984176 - x0)|R2:|0.9897941059219799
$X$ Beam Energy|250|TestSize|0.15|try 1 Model:|-4.6422853 - 21.32922/(x0 - 4.803901)|R2:|0.9742307380863411
$X$ Beam Energy|250|TestSize|0.15|try 2 Model:|(x0 - 0.21381268)/(x1*0.21707933 + 1.0819025)|R2:|0.9782408058198078
$X$ Beam Energy|250|TestSize|0.15|try 3 Model:|(4.3945556 - x1)**3*0.01576367 + (x0 + x1 - 1*(-0.63375956))**4 - 1.7604835|R2:|0.9771382291418964
$X$ Beam Energy|250|TestSize|0.15|try 4 Model:|(x0 - 0.21455611)/(1.0877566 - (-0.21763615)*x1)|R2:|0.9688058005755782
$X$ Beam Energy|250|TestSize|0.1|try 0 Model:|(x0*0.16751714 - 1*(-1.1179943))**4 - 1.7738076|R2:|0.943656628855037
$X$ Beam Energy|250|TestSize|0.1|try 1 Model:|-4.619279 - 21.471725/(x0 - 4.8586197)|R2:|0.9903830142453752
$X$ Beam Energy|250|TestSize|0.1|try 2 Model:|-4.5684233 - 21.28706/(x0 - 4.872189)|R2:|0.9905448089974267
$X$ Beam Energy|250|TestSize|0.1|try 3 Model:|-4.546261 - 20.838518/(x0 - 4.797509)|R2:|0.9649113937518686
$X$ Beam Energy|250|TestSize|0.1|try 4 Model:|x0 + x1**2*0.20024204 - 1*0.20024146|R2:|0.8487322302101638
$X$ Beam Energy|250|TestSize|0.05|try 0 Model:|x0**4*0.06365204 + x0 - 0.11765551|R2:|0.987887207812462
$X$ Beam Energy|250|TestSize|0.05|try 1 Model:|-4.662194 - 22.02838/(x0 - 4.933547)|R2:|0.967422308296742
$X$ Beam Energy|250|TestSize|0.05|try 2 Model:|(-x0 - 6.9061694)**4*0.000716103 - 1.8344197|R2:|0.9863060912976249
$X$ Beam Energy|250|TestSize|0.05|try 3 Model:|x0**4*0.065852955 + x0 - 1*0.12082315|R2:|0.9537405274840732
$X$ Beam Energy|250|TestSize|0.05|try 4 Model:|(x0*0.16142406 + 1.1300732)**4 - 1*1.8323555|R2:|0.9659683252123294
$X$ Beam Energy|400|TestSize|0.5|try 0 Model:|x0 - 1*0.23591521 + (x1 - 1*(-0.07675101))**3*(-0.22549932)/x0|R2:|0.9605107406189065
$X$ Beam Energy|400|TestSize|0.5|try 1 Model:|(x0 - 1*1.7740192)*6.0667076/(x1 - 1*(-3.8719568)) + 2.5260017|R2:|0.9731367293354879
$X$ Beam Energy|400|TestSize|0.5|try 2 Model:|x0*0.91145325 - (-0.19439624)*x1**2 - 1*0.20334086 + 0.007674656/(x0 - 1*0.47074273)|R2:|0.9635932403321233
$X$ Beam Energy|400|TestSize|0.5|try 3 Model:|x0/(x1*0.06462336 - 1*(-0.5380534)) + x1 - 1*0.23604022|R2:|0.9868086370888649
$X$ Beam Energy|400|TestSize|0.5|try 4 Model:|x0/(0.5339668 + x0*(-0.08044431)) + x1 - 0.29691905|R2:|0.9762144052504031
$X$ Beam Energy|400|TestSize|0.25|try 0 Model:|x0 + (x1**4 + x1)*0.06368923 - 0.11676399|R2:|0.9811351931632982
$X$ Beam Energy|400|TestSize|0.25|try 1 Model:|x1 - (-0.0005865734)*(x0 - 1*(-9.334072))**4 - 4.7614155|R2:|0.9662127042675601
$X$ Beam Energy|400|TestSize|0.25|try 2 Model:|x0 + (0.272829610881284*x0**2/x1**2 + (x1 + 0.67541146)*(-0.5326342))**2 - 0.3087468|R2:|-92.25693216378453
$X$ Beam Energy|400|TestSize|0.25|try 3 Model:|(x0 + (x1 - 1*(-1.2824198))**2*0.15821968 - 1*0.41842872)*1.5067478|R2:|0.9758042265997513
$X$ Beam Energy|400|TestSize|0.25|try 4 Model:|x0/(0.52350974 + x0*(-0.08421957)) + x1 - 0.3159897|R2:|0.9840668079592898
$X$ Beam Energy|400|TestSize|0.15|try 0 Model:|-12.547412*x0/(x0 - 6.616523) + x1 - 0.29675338|R2:|0.9906157359236676
$X$ Beam Energy|400|TestSize|0.15|try 1 Model:|(x0 - 0.1883923)/(1.0903487 - (-0.19009575)*x1)|R2:|0.948176082704004
$X$ Beam Energy|400|TestSize|0.15|try 2 Model:|(x0*0.22774333 + 1.1805218)**3 - 1*1.828814|R2:|0.9736151310570909
$X$ Beam Energy|400|TestSize|0.15|try 3 Model:|x0 + 0.198929568356627*(x1 - 1*(-0.20121305))**2 - 1*0.20698147|R2:|0.9560523740433992
$X$ Beam Energy|400|TestSize|0.15|try 4 Model:|x0/(0.5305392 + x0*(-0.07462828)) + x1 - 0.27645934|R2:|0.9825544728160951
$X$ Beam Energy|400|TestSize|0.1|try 0 Model:|(x0*(-0.1528771) - 1.1528684)**4 - 1.9543593|R2:|0.9857819973370604
$X$ Beam Energy|400|TestSize|0.1|try 1 Model:|(x0 - 0.20025325)/(x1*0.20261034 + 1.0886003)|R2:|0.9821123247864172
$X$ Beam Energy|400|TestSize|0.1|try 2 Model:|(x0*(-0.15410799) - 1*1.1491479)**4 - 1.9338566|R2:|0.9681327678879379
$X$ Beam Energy|400|TestSize|0.1|try 3 Model:|(0.1968787 - x0)/(-0.19904779*x1 - 1.0793018)|R2:|0.9830929499808975
$X$ Beam Energy|400|TestSize|0.1|try 4 Model:|(x0 - 0.19086593)/(x1*0.19301195 + 1.077704)|R2:|0.9833708433700112
$X$ Beam Energy|400|TestSize|0.05|try 0 Model:|x0/(x0*(-0.07959471) - 1*(-0.53297895)) + x1 - 0.2933193|R2:|0.9768551587376542
$X$ Beam Energy|400|TestSize|0.05|try 1 Model:|(x0 - 1*1.8681128)/(x1*0.15841718 + 0.6263647) - 1*(-2.7348645)|R2:|0.9384545347070371
$X$ Beam Energy|400|TestSize|0.05|try 2 Model:|(x0 - 0.19455943)/(x1*0.19677825 + 1.0728291)|R2:|0.9726707396184938
$X$ Beam Energy|400|TestSize|0.05|try 3 Model:|(0.9958462 + x1*(-0.19624673))*(x0 - 0.19624667)|R2:|0.9815097340460124
$X$ Beam Energy|400|TestSize|0.05|try 4 Model:|(x0 - 0.19873391)/(x1*0.20096028 + 1.0874677)|R2:|0.9226245939830582
$X$ Beam Energy|600|TestSize|0.5|try 0 Model:|(x0 + 0.078207478336*(-x1 - 3.62272)**2)**2 - 1*1.4278723|R2:|0.9838039227977776
$X$ Beam Energy|600|TestSize|0.5|try 1 Model:|x1 + (x0 + 5.821046)**3*0.019199757 - 4.120817|R2:|0.9869899223423063
$X$ Beam Energy|600|TestSize|0.5|try 2 Model:|x1 + 0.31559580213914*(-x0 - 3.1642985)**2 - 3.475689|R2:|0.9840657550689837
$X$ Beam Energy|600|TestSize|0.5|try 3 Model:|x0/(0.5413979 + x0*(-0.08964899)) + x1 - 0.3251292|R2:|0.984997103581736
$X$ Beam Energy|600|TestSize|0.5|try 4 Model:|x1 + (x0*0.16167659 - 1*(-1.4313219))**4 - 4.520842|R2:|0.9860512569358684
$X$ Beam Energy|600|TestSize|0.25|try 0 Model:|x1 + (x0*0.16556871 + 1.4227253)**4 - 4.4317846|R2:|0.9852389921627054
$X$ Beam Energy|600|TestSize|0.25|try 1 Model:|x1 - 12.305136 + 75.83426/(6.322067 - x0)|R2:|0.9895921451900377
$X$ Beam Energy|600|TestSize|0.25|try 2 Model:|x1 + 0.31518208635664*(x0 + 3.1267073)**2 - 1*3.3964531|R2:|0.9745101037051336
$X$ Beam Energy|600|TestSize|0.25|try 3 Model:|x1 + (x0*0.2605522 + 1.5572171)**3 - 4.0949025|R2:|0.984116627276391
$X$ Beam Energy|600|TestSize|0.25|try 4 Model:|x1 + (x0*(-0.15896404) - 1.43728)**4 - 4.584335|R2:|0.9806589845177573
$X$ Beam Energy|600|TestSize|0.15|try 0 Model:|-x0/(x0*0.08382326 - 0.5361094) + x1 - 1*0.30638194|R2:|0.9937922387348521
$X$ Beam Energy|600|TestSize|0.15|try 1 Model:|x1 + (x0*0.26741862 + 1.5521799)**3 - 4.072093|R2:|0.9841115551589948
$X$ Beam Energy|600|TestSize|0.15|try 2 Model:|x1 + (x0*0.2609441 + 1.5807824)**3 - 4.2717643|R2:|0.9730146424734962
$X$ Beam Energy|600|TestSize|0.15|try 3 Model:|x1 + (1.4386846 - (-0.16082774)*x0)**4 - 4.606663|R2:|0.9879537646754768
$X$ Beam Energy|600|TestSize|0.15|try 4 Model:|x1 + (x0*0.16223082 + 1.4372216)**4 - 4.5932946|R2:|0.9917088586548404
$X$ Beam Energy|600|TestSize|0.1|try 0 Model:|x1 + 0.0006437043141244*(x0 - 1*(-9.052406))**4 - 4.640985|R2:|0.958983178899069
$X$ Beam Energy|600|TestSize|0.1|try 1 Model:|x1 - 12.089528 - 74.40837/(x0 - 6.3167806)|R2:|0.9874012497298924
$X$ Beam Energy|600|TestSize|0.1|try 2 Model:|x1 - (4.6721897 - (x0*(-0.16028087) - 1.4442288)**4)|R2:|0.9902670523327475
$X$ Beam Energy|600|TestSize|0.1|try 3 Model:|x1 - (-0.26117322*x0 - 1.5624795)**3 - 4.1350727|R2:|0.9652945557768515
$X$ Beam Energy|600|TestSize|0.1|try 4 Model:|x1 + (1.440427 - (-0.15831824)*x0)**4 - 4.620111|R2:|0.9804912556856682
$X$ Beam Energy|600|TestSize|0.05|try 0 Model:|x1 + (1.5610008 - (-0.26119187)*x0)**3 - 1*4.1243725|R2:|0.9669726669483364
$X$ Beam Energy|600|TestSize|0.05|try 1 Model:|x1 + (x0 + 6.0129833)**3*0.017829515 - 4.197417|R2:|0.9746543548921051
$X$ Beam Energy|600|TestSize|0.05|try 2 Model:|x1 + (x0*(-0.15793528) - 1*1.4493052)**4 - 4.727067|R2:|0.9948680143534043
$X$ Beam Energy|600|TestSize|0.05|try 3 Model:|x1 + (x0 + 3.0595982)**2*0.31624526 - 3.2766795|R2:|0.9734387920423712
$X$ Beam Energy|600|TestSize|0.05|try 4 Model:|x1 + (x0*0.15946224 - 1*(-1.4414991))**4 - 4.636594|R2:|0.9842383845045396
$X$ Beam Energy|800|TestSize|0.5|try 0 Model:|x1 - 1*11.319893 - 66.25268/(x0 - 6.024344)|R2:|0.9814277446170516
$X$ Beam Energy|800|TestSize|0.5|try 1 Model:|(x0 + x1*0.41516182 - 0.18663089 - 0.003886926/x1)/(0.6343425 + x0*(-0.18772767))|R2:|0.9781539424492237
$X$ Beam Energy|800|TestSize|0.5|try 2 Model:|x1 + (x0*(-0.17658034) - 1.4045415)**4 - 4.257961|R2:|0.9822726213733084
$X$ Beam Energy|800|TestSize|0.5|try 3 Model:|x0/(0.55217123 + x0*(-0.10547545)) + x1 - 0.371394|R2:|0.9845060143232534
$X$ Beam Energy|800|TestSize|0.5|try 4 Model:|(1.4768047 + x1*(-0.29454693))*(x0 - 1*2.0177457) + 2.6925275|R2:|0.9731271691391881
$X$ Beam Energy|800|TestSize|0.25|try 0 Model:|x1 + 0.338864672362306*(x0 + 2.9545393)**2 - 3.2968879|R2:|0.9700773050027741
$X$ Beam Energy|800|TestSize|0.25|try 1 Model:|x1 + (x0*0.18078433 + 1.3748424)**4 - 3.9461908|R2:|0.9793393541436375
$X$ Beam Energy|800|TestSize|0.25|try 2 Model:|x1 + (x0*0.17894898 + 1.3745888)**4 - 3.937989|R2:|0.9736147382269424
$X$ Beam Energy|800|TestSize|0.25|try 3 Model:|x0/(0.5355847 + x0*(-0.102212094)) + x1 - 0.37205777|R2:|0.9841678256360794
$X$ Beam Energy|800|TestSize|0.25|try 4 Model:|0.2985674*(5.0421157 - x1)*(x0 - 1.9020829) + 2.570713|R2:|0.9782531956042535
$X$ Beam Energy|800|TestSize|0.15|try 0 Model:|x1 + (x0*0.28890544 - 1*(-1.4854242))**3 - 3.6490848|R2:|0.9777763787538719
$X$ Beam Energy|800|TestSize|0.15|try 1 Model:|x0/(0.542529 - 0.10113942*x0) + x1 - 0.3627796|R2:|0.9878060303118373
$X$ Beam Energy|800|TestSize|0.15|try 2 Model:|(x1 + (x0*(0.20042624 + 0.0034316909/x1) + 1.1578152)**4)*(x0*0.36469468 + 0.581008) - 1.329214|R2:|0.9920305267586768
$X$ Beam Energy|800|TestSize|0.15|try 3 Model:|x0/(0.54850966 - 0.1016738*x0) + x1 - 0.36119092|R2:|0.9842446889336198
$X$ Beam Energy|800|TestSize|0.15|try 4 Model:|(x0*2.4043024 + x1 - 0.43982616)/(1.4953655 + x0*(-0.4611791))|R2:|0.971383919689196
$X$ Beam Energy|800|TestSize|0.1|try 0 Model:|x1 + (x0*0.18074751 + 1.3813139)**4 - 4.0153975|R2:|0.9841619028073677
$X$ Beam Energy|800|TestSize|0.1|try 1 Model:|(x0 - 1.9074544)*(x1*(-0.29980603) - 1*(-1.5113013)) + 2.5890284|R2:|0.9679845327697061
$X$ Beam Energy|800|TestSize|0.1|try 2 Model:|x1 - 9.683887 - 47.897346/(x0 - 5.1475077)|R2:|0.9457301430266541
$X$ Beam Energy|800|TestSize|0.1|try 3 Model:|x1 + (x0 + 5.0773892)**3*0.025165753 - 3.67461|R2:|0.947019582060901
$X$ Beam Energy|800|TestSize|0.1|try 4 Model:|x0/(0.54530686 + x0*(-0.102142364)) + x1 - 0.36578172|R2:|0.9711192843398303
$X$ Beam Energy|800|TestSize|0.05|try 0 Model:|x1 + (x0*0.18212545 + 1.3771946)**4 - 3.9754815|R2:|0.9825398753905518
$X$ Beam Energy|800|TestSize|0.05|try 1 Model:|x0/(0.54560834 + x0*(-0.101104155)) + x1 - 1*0.3612712|R2:|0.9844545208752441
$X$ Beam Energy|800|TestSize|0.05|try 2 Model:|(2.17138 - x0)*(x1*0.31229246 - 1*1.610154) + 3.190497|R2:|0.9880163412709309
$X$ Beam Energy|800|TestSize|0.05|try 3 Model:|-x0/(x0*0.101913325 - 0.53806627) + x1 - 0.36941835|R2:|0.975826648090065
$X$ Beam Energy|800|TestSize|0.05|try 4 Model:|x1 + (-x0 - 5.335985)**3*(-0.022875799) - 3.8386636|R2:|0.9898922624976542
$X$ Beam Energy|1000|TestSize|0.5|try 0 Model:|x1 - 11.784128 - 68.84782/(x0 - 1*6.008732)|R2:|0.9781016972352433
$X$ Beam Energy|1000|TestSize|0.5|try 1 Model:|x1 + (x0/5.8220344 + 1.421291)**4 - 4.4336123|R2:|0.9847027370684419
$X$ Beam Energy|1000|TestSize|0.5|try 2 Model:|x1 + (x0*0.6040644 + 1.64471)**2 - 3.0699198|R2:|0.9786543568359906
$X$ Beam Energy|1000|TestSize|0.5|try 3 Model:|x1 - 1*10.232686 - 52.758675/(x0 - 5.345988)|R2:|0.9804330930540421
$X$ Beam Energy|1000|TestSize|0.5|try 4 Model:|x1 + (x0*(-0.18578908) - 1*1.3580089)**4 - 3.7871509|R2:|0.9804318433191687
$X$ Beam Energy|1000|TestSize|0.25|try 0 Model:|x1 - (-0.0010333846)*(x0 + 7.6776605)**4 - 3.9596846|R2:|0.9732076923118126
$X$ Beam Energy|1000|TestSize|0.25|try 1 Model:|x1 - 1*10.539088 - 56.964787/(x0 - 5.590319)|R2:|0.9780507613650326
$X$ Beam Energy|1000|TestSize|0.25|try 2 Model:|x1 + (x0*0.1741484 + 1.3957169)**4 - 1*4.1509113|R2:|0.9870631057975828
$X$ Beam Energy|1000|TestSize|0.25|try 3 Model:|x1 + (x0 + 7.8837523)**4*0.0009797018 - 4.1497965|R2:|0.9770743471426506
$X$ Beam Energy|1000|TestSize|0.25|try 4 Model:|x1 + (x0*0.28102615 + 1.5028124)**3 - 3.7508616|R2:|0.9813725768365128
$X$ Beam Energy|1000|TestSize|0.15|try 0 Model:|x1 + 0.00104373625499285*(x0 + 7.6599083)**4 - 3.963853|R2:|0.973157696972651
$X$ Beam Energy|1000|TestSize|0.15|try 1 Model:|x1 + (x0 + 2.9736283)**2/3.0142186 - 3.2653208|R2:|0.9880523680380531
$X$ Beam Energy|1000|TestSize|0.15|try 2 Model:|x1 + (x0*0.17690279 + 1.3984802)**4 - 4.1901865|R2:|0.9899511746087717
$X$ Beam Energy|1000|TestSize|0.15|try 3 Model:|x1 - 10.704538 - 59.415493/(x0 - 5.732344)|R2:|0.9813352114900521
$X$ Beam Energy|1000|TestSize|0.15|try 4 Model:|x1 + (x0*0.17787352 - 1*(-1.388627))**4 - 4.084714|R2:|0.9891269966175692
$X$ Beam Energy|1000|TestSize|0.1|try 0 Model:|x1 + (x0*0.28521046 + 1.5052712)**3 - 3.7756557|R2:|0.9807303757614295
$X$ Beam Energy|1000|TestSize|0.1|try 1 Model:|x1 + (x0*(-0.17775224) - 1*1.3933641)**4 - 4.1362586|R2:|0.9816775980251014
$X$ Beam Energy|1000|TestSize|0.1|try 2 Model:|x1 + (x0 + 5.445335)**3*0.021687647 - 3.8548186|R2:|0.9875181803323441
$X$ Beam Energy|1000|TestSize|0.1|try 3 Model:|x1 + 0.000930944255868187*(x0 + 8.022784)**4 - 4.2156267|R2:|0.970012797382597
$X$ Beam Energy|1000|TestSize|0.1|try 4 Model:|x1 + (x0*(-0.17603563) - 1*1.3885863)**4 - 4.0784993|R2:|0.9832829653644601
$X$ Beam Energy|1000|TestSize|0.05|try 0 Model:|x1 + (x0*0.177737 - 1*(-1.386561))**4 - 4.0621324|R2:|0.9873106302308949
$X$ Beam Energy|1000|TestSize|0.05|try 1 Model:|x1 + (-0.17496558*x0 - 1.4001294)**4 - 4.202513|R2:|0.9910136791446407
$X$ Beam Energy|1000|TestSize|0.05|try 2 Model:|x1 + (x0*0.28300947 - 1*(-1.5096687))**3 - 3.8015625|R2:|0.9531775540482486
$X$ Beam Energy|1000|TestSize|0.05|try 3 Model:|x1 + (x0*0.17353834 - 1*(-1.4033635))**4 - 4.2343316|R2:|0.992500029530967
$X$ Beam Energy|1000|TestSize|0.05|try 4 Model:|x1 - 0.3559113 - (-1)*7.5619235/(-0.74168575 + 4.061044/x0)|R2:|0.9626828315217769
$X$ Beam Energy|1200|TestSize|0.5|try 0 Model:|x1 + (-0.19510037*x0 - 1.360192)**4 - 3.8388138|R2:|0.9609729968334041
$X$ Beam Energy|1200|TestSize|0.5|try 1 Model:|-3.54666 + (13.213234 + 0.38057634/(x1*(-92.11398) - 1*6.1133933))/(4.012194 - x0)|R2:|0.9562445964739754
$X$ Beam Energy|1200|TestSize|0.5|try 2 Model:|x1 - 1*9.315766 - 43.684383/(x0 - 4.8976235)|R2:|0.9562869268454542
$X$ Beam Energy|1200|TestSize|0.5|try 3 Model:|x1 + (x0*0.16421233 + 1.4136304)**4 - 4.3205414|R2:|0.964278602127479
$X$ Beam Energy|1200|TestSize|0.5|try 4 Model:|x1 - (-0.026933985)*(x0 - 1*(-4.910943))**3 - 1*3.582995|R2:|0.9551226327324438
$X$ Beam Energy|1200|TestSize|0.25|try 0 Model:|x1 + (-0.1810481*x0 - 1.3808444)**4 - 4.0088854|R2:|0.9751455444251945
$X$ Beam Energy|1200|TestSize|0.25|try 1 Model:|(x0 + (x1*0.18327 + 0.96701235)**3)**2 - 1.2594208|R2:|0.9452965953299769
$X$ Beam Energy|1200|TestSize|0.25|try 2 Model:|9.732957*x0/(5.2631383 - x0) + x1 - 0.36916372|R2:|0.9468189482929944
$X$ Beam Energy|1200|TestSize|0.25|try 3 Model:|(1.40695 - x1*(0.2531148 + 0.441408/(0.20966862 - x0)))*(x0 - 1*0.15225714)|R2:|0.9437652009422841
$X$ Beam Energy|1200|TestSize|0.25|try 4 Model:|x1 + (x0 - 1*(-2.6143098))**2*0.37016857 - 2.9001653|R2:|0.9587486304834224
$X$ Beam Energy|1200|TestSize|0.15|try 0 Model:|-x0/(x0*0.10151396 - 0.53021604) + x1 - 0.37156913|R2:|0.9534371982154716
$X$ Beam Energy|1200|TestSize|0.15|try 1 Model:|(4.782183 - x1)*(x0*0.31235132 - 1*0.59982353) + 2.563442|R2:|0.9446075928322931
$X$ Beam Energy|1200|TestSize|0.15|try 2 Model:|x1 - 9.972074 - 50.656174/(x0 - 1*5.26952)|R2:|0.9844291235838555
$X$ Beam Energy|1200|TestSize|0.15|try 3 Model:|(x0*(-0.16242902) - 1.1272385)**4 - 1.8166862|R2:|0.9731930350488063
$X$ Beam Energy|1200|TestSize|0.15|try 4 Model:|x1 + (-0.18829603*x0 - 1.3662529)**4 - 3.8790376|R2:|0.9772766310322372
$X$ Beam Energy|1200|TestSize|0.1|try 0 Model:|-1*4.7712965 + 23.092297/(5.041544 - x0)|R2:|0.9709243857758911
$X$ Beam Energy|1200|TestSize|0.1|try 1 Model:|x1 + (-0.18500233*x0 - 1.368353)**4 - 3.8908093|R2:|0.9835247520359517
$X$ Beam Energy|1200|TestSize|0.1|try 2 Model:|(x0 + 0.0753663009841613*(x1 + 3.4637806)**2 - 0.0016416609/(0.22270444 - x0))**2 - 1.2375652|R2:|0.9575716181058672
$X$ Beam Energy|1200|TestSize|0.1|try 3 Model:|x1 - (-1)*0.0258013578597064*(x0 + 4.960455)**3 - 3.5319006|R2:|0.9743285281340367
$X$ Beam Energy|1200|TestSize|0.1|try 4 Model:|x1 + (x0*0.18597052 - 1*(-1.3662441))**4 - 3.8718672|R2:|0.9863657920483453
$X$ Beam Energy|1200|TestSize|0.05|try 0 Model:|x1 + (x0*(-0.18408282) - 1.3678684)**4 - 3.882712|R2:|0.9547517037489969
$X$ Beam Energy|1200|TestSize|0.05|try 1 Model:|(x0 + x1*0.42180133)/(x0*(-0.21752849 + 0.06430346/(x0 - 1*0.2206807)) + 0.6302847) - 0.2944844|R2:|0.9813722777295606
$X$ Beam Energy|1200|TestSize|0.05|try 2 Model:|x1 + (x0*0.18121746 + 1.3806938)**4 - 1*4.0090475|R2:|0.9847743000456395
$X$ Beam Energy|1200|TestSize|0.05|try 3 Model:|x1 + (x0*0.1853732 - 1*(-1.3650837))**4 - 1*3.857698|R2:|0.9667770341522441
$X$ Beam Energy|1200|TestSize|0.05|try 4 Model:|x1 + (x0*0.18274279 - 1*(-1.3718586))**4 - 1*3.920072|R2:|0.9522078355079158
