X Beam Energy|xy|TestSize|0.5|try 0 Model: |x0 - 0.018190471/(x0 + 0.8802784)|R2:|0.6643474312504629
X Beam Energy|xy|TestSize|0.5|try 1 Model: |x0 - 0.014940911/(x1 - 0.7839002)|R2:|0.7917809909130415
X Beam Energy|xy|TestSize|0.5|try 2 Model: |x0 + 0.07701335/(x0**4 + x1 - 1.7458948)|R2:|0.725509157902637
X Beam Energy|xy|TestSize|0.5|try 3 Model: |x0 + 0.04123344/(x1 - 0.33065885)|R2:|0.6912771734069959
X Beam Energy|xy|TestSize|0.5|try 4 Model: |x0*(0.85138315 - 0.031463977/(-x1 - 1.4515809))|R2:|-294.0635005298051
X Beam Energy|xy|TestSize|0.25|try 0 Model: |(-0.84431803 + 0.64679253/(0.820472 - x0))*(x1 - 1*(-0.8449578))|R2:|-37.717525320744514
X Beam Energy|xy|TestSize|0.25|try 1 Model: |x0 + 0.166523018350182*x1**2 - 1*0.15980558 - (-1)*0.00636353/(x0**4 - 0.16702056)|R2:|0.6442000493196846
X Beam Energy|xy|TestSize|0.25|try 2 Model: |x0 - 0.06824723/(x0 + 0.8331728)|R2:|-41.36895933717847
X Beam Energy|xy|TestSize|0.25|try 3 Model: |x1*(x0 + x1 - 0.8082146)|R2:|0.7187545456302491
X Beam Energy|xy|TestSize|0.25|try 4 Model: |x1*(x0 + (x1 + 3.910411)**2*0.12659985 - 1*2.989131) + 0.010186033/(0.1558748 - x1**6)|R2:|0.5975792517604799
X Beam Energy|xy|TestSize|0.15|try 0 Model: |x0 - 0.05682626/(x0 + 0.8683498)|R2:|-6.813835182091375
X Beam Energy|xy|TestSize|0.15|try 1 Model: |(x0 + (x0 + x1)/(x1 + 0.9483084) + 0.015294045/(0.7369003 - x1))*0.8092903|R2:|0.6736033635342331
X Beam Energy|xy|TestSize|0.15|try 2 Model: |x0 - 0.013857224/(x1 - 0.8160351)|R2:|0.5273318455910088
X Beam Energy|xy|TestSize|0.15|try 3 Model: |x0 - 0.012958369/(x1 - 0.808037)|R2:|0.7368164134642473
X Beam Energy|xy|TestSize|0.15|try 4 Model: |x0/0.85271496 + (x1 + 0.4282994)**3*0.09940398 - 1*0.14906402|R2:|0.6695637089155508
X Beam Energy|xy|TestSize|0.1|try 0 Model: |x0*0.88399273|R2:|0.7859370175493569
X Beam Energy|xy|TestSize|0.1|try 1 Model: |x0*0.8668327|R2:|0.8873008221952083
X Beam Energy|xy|TestSize|0.1|try 2 Model: |x0 + (-x1**2 + (-x0 - 0.42167038)**4*0.15076184)*(-0.3212202) - 0.18950723|R2:|0.7498831985346277
X Beam Energy|xy|TestSize|0.1|try 3 Model: |x0 - x1**2*((x0*(-0.33292243) - 0.19427547)**4 - 0.31524378) - 0.21857858|R2:|0.5284556685625006
X Beam Energy|xy|TestSize|0.1|try 4 Model: |x1*(x0 + x1 - 0.7875797)|R2:|0.6041578647731068
X Beam Energy|xy|TestSize|0.05|try 0 Model: |x0 - 0.04526126/(x0 + 0.7673155)|R2:|-0.40562282471556244
X Beam Energy|xy|TestSize|0.05|try 1 Model: |x0*0.88423896|R2:|0.7774940303462696
X Beam Energy|xy|TestSize|0.05|try 2 Model: |(x0 - 1*0.4010214)*0.74018395 + (x1 - 0.26460636)**2/(x0**4 + 1.6429098)|R2:|0.8169513409912619
X Beam Energy|xy|TestSize|0.05|try 3 Model: |x0*(0.8794539 + 0.015380122/(x1 - 0.7512872))|R2:|0.17475784617377277
X Beam Energy|xy|TestSize|0.05|try 4 Model: |x0 + x1**4*(-0.07436434)/(x0 - x1 - 1*(-1.5798151))|R2:|0.9569461026925801
