$X$ Beam Energy|150|TestSize|0.5|try 0 Model:|-x0**2 + (x1/(-0.36626083) + 0.81050754)**3|R2:|0.9922770074544287
$X$ Beam Energy|150|TestSize|0.5|try 1 Model:|-x0**2 + x1*(-2.5549135)/(x1 + 0.44663605) + 0.5315487|R2:|0.9921824556969366
$X$ Beam Energy|150|TestSize|0.5|try 2 Model:|-x0**2 + (x1*2.0716736 - 1*0.8554507)**4|R2:|0.9912991328456662
$X$ Beam Energy|150|TestSize|0.5|try 3 Model:|-x0**2 + (x1 - 1*0.99182034)**6 - 0.4244093|R2:|0.994311414800523
$X$ Beam Energy|150|TestSize|0.5|try 4 Model:|(0.78761405 - x1/0.42796043)**3|R2:|0.9868647067286312
$X$ Beam Energy|150|TestSize|0.25|try 0 Model:|(0.7879991 - 2.342001*x1)**3|R2:|0.9908105095959204
$X$ Beam Energy|150|TestSize|0.25|try 1 Model:|-x0**2 + (0.8087156 + x1*(-2.7502184))**3|R2:|0.9900998155434388
$X$ Beam Energy|150|TestSize|0.25|try 2 Model:|-x0**2 + (0.8108787 + x1*(-2.7381718))**3|R2:|0.9926572083334564
$X$ Beam Energy|150|TestSize|0.25|try 3 Model:|((x0 - 0.94638354)*x0**2*2.0485454 - (x1*4.742938 - 1*0.7626573))**2|R2:|0.9947750276827012
$X$ Beam Energy|150|TestSize|0.25|try 4 Model:|-x0**2 + (0.8113801 - 2.7202325*x1)**3|R2:|0.9875815794876894
$X$ Beam Energy|150|TestSize|0.15|try 0 Model:|(0.78930825 + x1*(-2.3267376))**3|R2:|0.9948436826013553
$X$ Beam Energy|150|TestSize|0.15|try 1 Model:|(0.8581668 - 0.35153154*(x0 + x1*9.229066))**3|R2:|0.9908418536775946
$X$ Beam Energy|150|TestSize|0.15|try 2 Model:|(0.7901058 + x1*(-2.3123605))**3|R2:|0.9942397551464273
$X$ Beam Energy|150|TestSize|0.15|try 3 Model:|(0.7903028 - 2.3126287*x1)**3|R2:|0.9883792966501346
$X$ Beam Energy|150|TestSize|0.15|try 4 Model:|(0.78985035 + x1*(-2.3163874))**3|R2:|0.9934146398699154
$X$ Beam Energy|150|TestSize|0.1|try 0 Model:|(0.7896425 - 2.3247232*x1)**3|R2:|0.9870450317024368
$X$ Beam Energy|150|TestSize|0.1|try 1 Model:|(x1*(-2.3192787) - 1*(-0.7896201))**3|R2:|0.9890681952190242
$X$ Beam Energy|150|TestSize|0.1|try 2 Model:|-x0**3 + (x1*1.9824809 - 0.84043926)**4|R2:|0.9944841731517033
$X$ Beam Energy|150|TestSize|0.1|try 3 Model:|-x0**2 + (0.8107804 - 2.7281406*x1)**3|R2:|0.984615755431862
$X$ Beam Energy|150|TestSize|0.1|try 4 Model:|(0.78943986 + x1*(-2.3263283))**3|R2:|0.9809834492538015
$X$ Beam Energy|150|TestSize|0.05|try 0 Model:|(0.78988457 + x1*(-2.320827))**3|R2:|0.9934532457776275
$X$ Beam Energy|150|TestSize|0.05|try 1 Model:|(0.78934795 - 2.3226757*x1)**3|R2:|0.9820101816677637
$X$ Beam Energy|150|TestSize|0.05|try 2 Model:|((1.0253439 - x1)**3 - (x0**4 + x0*(-0.9146065))**2)**2 - 0.59834224|R2:|0.9823096460209885
$X$ Beam Energy|150|TestSize|0.05|try 3 Model:|(0.91632867 - x1)**8 - 1.497042790369*(x0 - 0.22829956)**2|R2:|0.9844970380255293
$X$ Beam Energy|150|TestSize|0.05|try 4 Model:|(0.7892626 - 2.3245728*x1)**3|R2:|0.9751382953756248
$X$ Beam Energy|250|TestSize|0.5|try 0 Model:|(x0 + x0*x0**4 + x1)*2.4622107|R2:|0.9824981302228909
$X$ Beam Energy|250|TestSize|0.5|try 1 Model:|(x0 + 0.39438844)**3 - 1*(-0.29630178)|R2:|0.9747956081297595
$X$ Beam Energy|250|TestSize|0.5|try 2 Model:|9.08390182032246/(x0 - 2.2301846)**4|R2:|0.977290110650702
$X$ Beam Energy|250|TestSize|0.5|try 3 Model:|(x0 + 0.39634776)**3 + 0.31099433|R2:|0.9795810757334668
$X$ Beam Energy|250|TestSize|0.5|try 4 Model:|(x0 + 0.40315908)**3 - 1*(-0.29036483)|R2:|0.9773307500338686
$X$ Beam Energy|250|TestSize|0.25|try 0 Model:|(x0 + 0.40800333)**3 + 0.27576676|R2:|0.9724928657273336
$X$ Beam Energy|250|TestSize|0.25|try 1 Model:|(x0 + 0.4059105)**3 + 0.28245994|R2:|0.9730658252770689
$X$ Beam Energy|250|TestSize|0.25|try 2 Model:|(x0 + 0.40556073)**3 + 0.2850188|R2:|0.9840526536081
$X$ Beam Energy|250|TestSize|0.25|try 3 Model:|9.07039082867404/(x0 - 2.2328093)**4|R2:|0.9713566991712463
$X$ Beam Energy|250|TestSize|0.25|try 4 Model:|(x0 + 0.40329733)**3 - 1*(-0.28863972)|R2:|0.9830923680365232
$X$ Beam Energy|250|TestSize|0.15|try 0 Model:|(x0 + 0.39933053)**3 + 0.29639366|R2:|0.9849231729092802
$X$ Beam Energy|250|TestSize|0.15|try 1 Model:|(x0 + 0.4071424)**3 - 1*(-0.2796803)|R2:|0.9718849767318578
$X$ Beam Energy|250|TestSize|0.15|try 2 Model:|9.37941218523423/(x0 - 1*2.2465599)**4|R2:|0.9794965239046397
$X$ Beam Energy|250|TestSize|0.15|try 3 Model:|(x0 + 0.40283394)**3 + 0.2890094|R2:|0.977994478232802
$X$ Beam Energy|250|TestSize|0.15|try 4 Model:|(x0 + 0.39916697)**3 + 0.29706424|R2:|0.97143240155466
$X$ Beam Energy|250|TestSize|0.1|try 0 Model:|9.22030273486491/(x0 - 1*2.2399457)**4|R2:|0.940711298002531
$X$ Beam Energy|250|TestSize|0.1|try 1 Model:|(x0 + 0.40281442)**3 - 1*(-0.2897356)|R2:|0.9838569437015342
$X$ Beam Energy|250|TestSize|0.1|try 2 Model:|(x0 + 0.40501451)**3 + 0.28547156|R2:|0.9887968179628276
$X$ Beam Energy|250|TestSize|0.1|try 3 Model:|(x0 + 0.40410045)**3 + 0.28624436|R2:|0.9622529727104014
$X$ Beam Energy|250|TestSize|0.1|try 4 Model:|(x0 + 0.4038701)**3 - 1*(-0.28605804)|R2:|0.8647879013859394
$X$ Beam Energy|250|TestSize|0.05|try 0 Model:|(x0 + 0.40299386)**3 + 0.28996843|R2:|0.9812488721777648
$X$ Beam Energy|250|TestSize|0.05|try 1 Model:|9.48147822647662/(x0 - 1*2.250724)**4|R2:|0.9697449774426283
$X$ Beam Energy|250|TestSize|0.05|try 2 Model:|(x0 + 0.40476146)**3 + 0.28448468|R2:|0.9908155109875383
$X$ Beam Energy|250|TestSize|0.05|try 3 Model:|(x0 - 1*(-0.40492654))**3 - 1*(-0.2844672)|R2:|0.9648411666684541
$X$ Beam Energy|250|TestSize|0.05|try 4 Model:|(x0 - 1*(-0.40562415))**3 - 1*(-0.2841219)|R2:|0.9654129265478797
$X$ Beam Energy|400|TestSize|0.5|try 0 Model:|(x0 + 0.3760045)**3 - 1*(-0.35294765)|R2:|0.9668477832533471
$X$ Beam Energy|400|TestSize|0.5|try 1 Model:|x1*4.436114 + (x0 - 1*(-0.63804907))**3|R2:|0.9707969146339177
$X$ Beam Energy|400|TestSize|0.5|try 2 Model:|(x1 + (x0**4 + (x0 + x1 - 1*(-0.8557933))**2)/1.4802582)**2 + 0.0005330456/(x0 - 0.565898)|R2:|0.9752578261663629
$X$ Beam Energy|400|TestSize|0.5|try 3 Model:|x1*4.394456 + (x0 + 0.6362767)**3|R2:|0.984888037970364
$X$ Beam Energy|400|TestSize|0.5|try 4 Model:|x1*4.1622615 + (x0 - 1*(-0.6333075))**3|R2:|0.97261288327451
$X$ Beam Energy|400|TestSize|0.25|try 0 Model:|x1*4.459588 + (x0 + 0.6379458)**3|R2:|0.9888343470896306
$X$ Beam Energy|400|TestSize|0.25|try 1 Model:|x1*4.447408 + (x0 + 0.6366478)**3|R2:|0.9670531131649321
$X$ Beam Energy|400|TestSize|0.25|try 2 Model:|(x0 + 0.3733026)**3 - 1*(-0.3625806)|R2:|0.9808417948842071
$X$ Beam Energy|400|TestSize|0.25|try 3 Model:|(x0 + x1/0.4499335)/(x1 - 1*(-0.37099916))|R2:|0.9773220651888945
$X$ Beam Energy|400|TestSize|0.25|try 4 Model:|(x0 + 0.3778434)**3 + 0.3474265|R2:|0.9770501010628831
$X$ Beam Energy|400|TestSize|0.15|try 0 Model:|-(-4.356892)*x1 + (x0 + 0.63533396)**3|R2:|0.9891646300550672
$X$ Beam Energy|400|TestSize|0.15|try 1 Model:|x1*4.50071 + (x0 - 1*(-0.63780355))**3|R2:|0.9520912958405959
$X$ Beam Energy|400|TestSize|0.15|try 2 Model:|(x0 + 0.3779885)**3 + 0.3490855|R2:|0.973698124561404
$X$ Beam Energy|400|TestSize|0.15|try 3 Model:|-x1**2/(x0**3*x1 - 0.1750034)**2 + (x0 - 1*(-0.5929403))**3|R2:|0.9609547278947075
$X$ Beam Energy|400|TestSize|0.15|try 4 Model:|0.36093634 - (-x0 - 0.37309888)**3|R2:|0.9745922849363644
$X$ Beam Energy|400|TestSize|0.1|try 0 Model:|(x0 + 0.37410858)**3 + 0.35742036|R2:|0.9852869111041973
$X$ Beam Energy|400|TestSize|0.1|try 1 Model:|(x0 - 1*(-0.37589827))**3 + 0.35373077|R2:|0.9782853184567817
$X$ Beam Energy|400|TestSize|0.1|try 2 Model:|12.6667466593121/(x0 - 2.3802292)**4|R2:|0.9667020010767269
$X$ Beam Energy|400|TestSize|0.1|try 3 Model:|(x0 - 1*(-0.37490943))**3 + 0.35596263|R2:|0.9789716580599994
$X$ Beam Energy|400|TestSize|0.1|try 4 Model:|-(-4.407382)*x1 + (x0 + 0.6367683)**3|R2:|0.9766533932614173
$X$ Beam Energy|400|TestSize|0.05|try 0 Model:|(x0 + 0.37568906)**3 + 0.35493976|R2:|0.97401165048091
$X$ Beam Energy|400|TestSize|0.05|try 1 Model:|(x0 + 0.37542403)**3 + 0.35344183|R2:|0.9091810548084613
$X$ Beam Energy|400|TestSize|0.05|try 2 Model:|12.6563454306112/(2.3788052 - x0)**4|R2:|0.9772207376943219
$X$ Beam Energy|400|TestSize|0.05|try 3 Model:|(x0**6 + x0 + x1)*2.481436|R2:|0.9836910334841088
$X$ Beam Energy|400|TestSize|0.05|try 4 Model:|12.5390781247106/(x0 - 1*2.3758507)**4|R2:|0.9182035935380954
$X$ Beam Energy|600|TestSize|0.5|try 0 Model:|0.372489281761/(x0 + x1 - 1.0423031)**2|R2:|0.9840451394903661
$X$ Beam Energy|600|TestSize|0.5|try 1 Model:|-(-4.529569)*x1 + (x0 + 0.6025057)**3|R2:|0.984699075102482
$X$ Beam Energy|600|TestSize|0.5|try 2 Model:|(x0**2 + x1 + 0.113757476)*3.4321637|R2:|0.9810498024283365
$X$ Beam Energy|600|TestSize|0.5|try 3 Model:|x1*5.7030845 + (x0**4 + x0)*2.5246575|R2:|0.9840141972169699
$X$ Beam Energy|600|TestSize|0.5|try 4 Model:|(x0 + 0.5918628 + x1/x0)**4 + 0.19084004|R2:|0.9856418142867479
$X$ Beam Energy|600|TestSize|0.25|try 0 Model:|x1*4.251239 + (x0 - 1*(-0.59578663))**3|R2:|0.9840015532931121
$X$ Beam Energy|600|TestSize|0.25|try 1 Model:|-(-4.4448833)*x1 + (x0 - 1*(-0.60105777))**3|R2:|0.9899222697943797
$X$ Beam Energy|600|TestSize|0.25|try 2 Model:|x1*4.2156076 - (-x0 - 0.59713095)**3|R2:|0.9733196405787722
$X$ Beam Energy|600|TestSize|0.25|try 3 Model:|x1*7.4535236 + (x0 + 0.8643253)**4/2.2530642|R2:|0.9839518192929508
$X$ Beam Energy|600|TestSize|0.25|try 4 Model:|x1*4.3279076 + (x0 + 0.59827113)**3|R2:|0.9768026811130311
$X$ Beam Energy|600|TestSize|0.15|try 0 Model:|x1*4.3424816 + (x0 + 0.59797835)**3|R2:|0.9927263195534168
$X$ Beam Energy|600|TestSize|0.15|try 1 Model:|(x0**2 + x1)/0.2960827 + 0.39828134|R2:|0.9809018730137418
$X$ Beam Energy|600|TestSize|0.15|try 2 Model:|(x0**2 + x1 + 0.11734572)*3.385048|R2:|0.9606525292056362
$X$ Beam Energy|600|TestSize|0.15|try 3 Model:|(x0 + 0.58928674 + x1/x0)**4 + 0.2020285|R2:|0.9878505745554181
$X$ Beam Energy|600|TestSize|0.15|try 4 Model:|x1*5.3554225 + (x0**4 + x0)*2.4809453|R2:|0.9919039538522337
$X$ Beam Energy|600|TestSize|0.1|try 0 Model:|-(-4.337465)*x1 + (x0 - 1*(-0.5983305))**3|R2:|0.949138826963464
$X$ Beam Energy|600|TestSize|0.1|try 1 Model:|-(-4.387366)*x1 + (x0 + 0.59916633)**3|R2:|0.9870275146598277
$X$ Beam Energy|600|TestSize|0.1|try 2 Model:|x1/0.23409232 + (x0 + 0.5964589)**3|R2:|0.9911264027522981
$X$ Beam Energy|600|TestSize|0.1|try 3 Model:|-(-4.2859535)*x1 + (x0 + 0.5977783)**3|R2:|0.96790045562381
$X$ Beam Energy|600|TestSize|0.1|try 4 Model:|0.38030988623329/(x0 + x1 - 1.0483149)**2|R2:|0.9734353077914244
$X$ Beam Energy|600|TestSize|0.05|try 0 Model:|-x1/(-0.23261872) + (x0 - 1*(-0.59807396))**3|R2:|0.9724470451212428
$X$ Beam Energy|600|TestSize|0.05|try 1 Model:|0.3768612/((x0 + x1 - 1*1.0455531)**2)|R2:|0.9579195653035363
$X$ Beam Energy|600|TestSize|0.05|try 2 Model:|0.741710869322115/(1.3342586 - (x0 + x1))**3|R2:|0.9937753888539029
$X$ Beam Energy|600|TestSize|0.05|try 3 Model:|(x0 + x1)**3*6.3550572 + 0.4951532|R2:|0.9673659992724296
$X$ Beam Energy|600|TestSize|0.05|try 4 Model:|-(-4.3198023)*x1 + (x0 - 1*(-0.59819365))**3|R2:|0.9807301660421379
$X$ Beam Energy|800|TestSize|0.5|try 0 Model:|(x0**4 + x0 + x1*2.151203)*2.088496|R2:|0.9799339886599421
$X$ Beam Energy|800|TestSize|0.5|try 1 Model:|(x1 + x1 + (x0 - 1*(-0.12219694))**2 - 1*(-0.6913959))**3|R2:|0.9827485679708613
$X$ Beam Energy|800|TestSize|0.5|try 2 Model:|x1*4.185085 + (x0 + 0.55079883)**3|R2:|0.9780655694409872
$X$ Beam Energy|800|TestSize|0.5|try 3 Model:|(x0**2 + x1/0.80659 + 0.78391176)**3|R2:|0.9837247463750972
$X$ Beam Energy|800|TestSize|0.5|try 4 Model:|(x0**3 + x0 + x1*2.6625144 + 0.47589672)**2|R2:|0.9774318081676104
$X$ Beam Energy|800|TestSize|0.25|try 0 Model:|-(-7.583119)*x1 + (x0*0.8148172 + 0.6659081)**4|R2:|0.9756586518421393
$X$ Beam Energy|800|TestSize|0.25|try 1 Model:|(x0**4 + x0 + 2.1147454*x1 + 0.5004625)**2|R2:|0.9751221695169578
$X$ Beam Energy|800|TestSize|0.25|try 2 Model:|x1*4.2764177 + (x0**4 + x0)*2.0694487|R2:|0.9758091640273673
$X$ Beam Energy|800|TestSize|0.25|try 3 Model:|(x0**2 + x1/0.822949 + 0.7811208)**3|R2:|0.9862845461476275
$X$ Beam Energy|800|TestSize|0.25|try 4 Model:|(x0**4*(-0.4819831) - x1 - 0.24428791)*(-8.353144)*x0|R2:|0.9807005925280186
$X$ Beam Energy|800|TestSize|0.15|try 0 Model:|(x0**4 + x0*(x1*2.725829 + 0.40836367))*4.7951994|R2:|0.9837054155380788
$X$ Beam Energy|800|TestSize|0.15|try 1 Model:|(x0**3 + x0 + x1*2.7075756 + 0.47754842)**2|R2:|0.9933552747268144
$X$ Beam Energy|800|TestSize|0.15|try 2 Model:|(x0*(x0 + x1) + x1 - 1*(-0.8079019))**4|R2:|0.9870732057934699
$X$ Beam Energy|800|TestSize|0.15|try 3 Model:|(x1 + (x0**2 + x1 - 1*(-0.3640925))/0.55713487)**2|R2:|0.9851862230486073
$X$ Beam Energy|800|TestSize|0.15|try 4 Model:|(x0**4 + x0 + x1 + x1)*2.034838|R2:|0.968203204979134
$X$ Beam Energy|800|TestSize|0.1|try 0 Model:|(x0**2 + x1*1.1884984 + 0.7796092)**3|R2:|0.982032700264
$X$ Beam Energy|800|TestSize|0.1|try 1 Model:|(x0**6 + x0 + x1)/0.49414358|R2:|0.9612287939342655
$X$ Beam Energy|800|TestSize|0.1|try 2 Model:|(x0**2 + x1/0.8374887 + 0.77811605)**3|R2:|0.9211833517088754
$X$ Beam Energy|800|TestSize|0.1|try 3 Model:|(-(x0**2 + x1)/0.6951435 - 0.6657638)**2|R2:|0.9189580072000614
$X$ Beam Energy|800|TestSize|0.1|try 4 Model:|((x0**2 + x1)/0.69740206 + 0.6673212)**2|R2:|0.9527102476367788
$X$ Beam Energy|800|TestSize|0.05|try 0 Model:|(x1 - 1.3793973/(x0 - 1*1.8391656))**4|R2:|0.9957291085004936
$X$ Beam Energy|800|TestSize|0.05|try 1 Model:|(x0**2 + x1*1.2013606 + 0.7799749)**3|R2:|0.985912885322969
$X$ Beam Energy|800|TestSize|0.05|try 2 Model:|((x0 + x1 + 0.26466063)**4 + 0.6901248)**2|R2:|0.983560638509101
$X$ Beam Energy|800|TestSize|0.05|try 3 Model:|(x0**2 + x1/0.8373399 + 0.7789585)**3|R2:|0.9545744916048505
$X$ Beam Energy|800|TestSize|0.05|try 4 Model:|(x1 - 1.3853313/(x0 - 1.8440048))**4|R2:|0.9921964741978789
$X$ Beam Energy|1000|TestSize|0.5|try 0 Model:|x1*4.108794 + (x0 + 0.5370195)**3|R2:|0.9683103648349461
$X$ Beam Energy|1000|TestSize|0.5|try 1 Model:|x1*4.5824575 + (x0 + 0.54328626)**3|R2:|0.9773896539663994
$X$ Beam Energy|1000|TestSize|0.5|try 2 Model:|(x1 - 1.3926692/(x0 - 1.8636944))**4|R2:|0.978326442093143
$X$ Beam Energy|1000|TestSize|0.5|try 3 Model:|(x1*(-2.032365) - (x0*x0 + 0.8181597))**4|R2:|0.9784481273929592
$X$ Beam Energy|1000|TestSize|0.5|try 4 Model:|x1/0.12971865 + (x0 - 1*(-0.47394863))**4 + 0.3527639|R2:|0.9764899209869944
$X$ Beam Energy|1000|TestSize|0.25|try 0 Model:|x0*(x0**3*4.279405 + x1*12.431223 + 1.8778497)|R2:|0.9727577335947756
$X$ Beam Energy|1000|TestSize|0.25|try 1 Model:|((x0**2 + x1 + x1)*2.0587406 + 0.62759244)**2|R2:|0.9784223690510033
$X$ Beam Energy|1000|TestSize|0.25|try 2 Model:|x1*4.508973 + (x0 + 0.5433902)**3|R2:|0.9803332724136276
$X$ Beam Energy|1000|TestSize|0.25|try 3 Model:|((x0 + x1 - 1*(-0.24893555))**3 + 0.6039758)**2|R2:|0.9599272944661361
$X$ Beam Energy|1000|TestSize|0.25|try 4 Model:|(x0**3 + x0 + x1*2.9643817 - 1*(-0.46496543))**2|R2:|0.9804831720562989
$X$ Beam Energy|1000|TestSize|0.15|try 0 Model:|(x1/0.4535133 + (x0 + 0.1351476)**2 + 0.6659161)**3|R2:|0.9687876372641281
$X$ Beam Energy|1000|TestSize|0.15|try 1 Model:|x1*4.259098 + (x0**4 + x0)*1.995109|R2:|0.9894391945817542
$X$ Beam Energy|1000|TestSize|0.15|try 2 Model:|(x1*2.3270981 + (x0 - 1*(-0.1488195))**2 - 1*(-0.6550556))**3|R2:|0.9917406805136673
$X$ Beam Energy|1000|TestSize|0.15|try 3 Model:|(x1/0.43850774 + (x0 - 1*(-0.14693919))**2 + 0.65626067)**3|R2:|0.9806192313288152
$X$ Beam Energy|1000|TestSize|0.15|try 4 Model:|(x0**3 + x0 + x1*2.9410207 + 0.46452266)**2|R2:|0.9886238176465486
$X$ Beam Energy|1000|TestSize|0.1|try 0 Model:|(-x1 - 1.3922716/(1.862428 - x0))**4|R2:|0.9869715288043083
$X$ Beam Energy|1000|TestSize|0.1|try 1 Model:|(x0**4 - (-1.8675982)*x0 + x1*4.607981)**2 + 0.3034963|R2:|0.9838908885887693
$X$ Beam Energy|1000|TestSize|0.1|try 2 Model:|(2.05236052427844*x0**2 + x1*4.0948043 + 0.62676567)**2|R2:|0.9899135707024659
$X$ Beam Energy|1000|TestSize|0.1|try 3 Model:|(x1 + 1.3873081/(1.857918 - x0))**4|R2:|0.9780891915707014
$X$ Beam Energy|1000|TestSize|0.1|try 4 Model:|(x1 - 1.3914154/(x0 - 1*1.8622042))**4|R2:|0.986464093033788
$X$ Beam Energy|1000|TestSize|0.05|try 0 Model:|(x1*2.1899924 + (x0 + 0.13122287)**2 + 0.6709092)**3|R2:|0.9880457091943712
$X$ Beam Energy|1000|TestSize|0.05|try 1 Model:|(x0**3 + x0 - (-2.9487078)*x1 - 1*(-0.46537468))**2|R2:|0.9959316117699527
$X$ Beam Energy|1000|TestSize|0.05|try 2 Model:|x0*(x0**3 + 2.9731793*x1 + 0.40052882)/0.21024497|R2:|0.9699601351432561
$X$ Beam Energy|1000|TestSize|0.05|try 3 Model:|(x1 + 1.7637899/(2.2109237 - x0))**6|R2:|0.9947348123405498
$X$ Beam Energy|1000|TestSize|0.05|try 4 Model:|x1*8.33782 + (x0*(-0.83524823) - 0.6499555)**4|R2:|0.97795494189125
$X$ Beam Energy|1200|TestSize|0.5|try 0 Model:|(x0**2 + x1 + 0.753526)**3|R2:|0.9491675219810889
$X$ Beam Energy|1200|TestSize|0.5|try 1 Model:|(x0 + 0.36413032)**3 + 0.30354443|R2:|0.9668234955407067
$X$ Beam Energy|1200|TestSize|0.5|try 2 Model:|(x1 + 1.3681643/(1.8375206 - x0))**4|R2:|0.9576641137605628
$X$ Beam Energy|1200|TestSize|0.5|try 3 Model:|x1/0.20175937 + (x0 + 0.55129766)**3|R2:|0.9522441942209088
$X$ Beam Energy|1200|TestSize|0.5|try 4 Model:|0.40543482/((x0 + x1 - 1*1.1190579)**2)|R2:|0.9563876361333646
$X$ Beam Energy|1200|TestSize|0.25|try 0 Model:|(x0**2 + x1 - 1*(-0.761697))**3|R2:|0.9671093426539805
$X$ Beam Energy|1200|TestSize|0.25|try 1 Model:|(x0**4 + x0 + x1*2.1263587 + 0.48932812)**2|R2:|0.9388691399067122
$X$ Beam Energy|1200|TestSize|0.25|try 2 Model:|(x0**2 + x1 - 1*(-0.7596458))**3|R2:|0.9246015378661747
$X$ Beam Energy|1200|TestSize|0.25|try 3 Model:|(x0 - 1*(-0.35218126))**3 + 0.314838|R2:|0.9539992950681686
$X$ Beam Energy|1200|TestSize|0.25|try 4 Model:|(x0 + 0.37353396)**3 - 1*(-0.2743395)|R2:|0.9460833445204454
$X$ Beam Energy|1200|TestSize|0.15|try 0 Model:|(x0*x0 + x1 + x1 + 0.8162217)**4|R2:|0.9637837866952841
$X$ Beam Energy|1200|TestSize|0.15|try 1 Model:|(x0**3 + x0 + x1*2.8584688 - 1*(-0.46525303))**2|R2:|0.9526458336973925
$X$ Beam Energy|1200|TestSize|0.15|try 2 Model:|(x0 + 0.36494642)**3 + 0.2925397|R2:|0.9674883566825699
$X$ Beam Energy|1200|TestSize|0.15|try 3 Model:|(x0**2 + x1/0.8252657 + 0.7739107)**3|R2:|0.9802095316658206
$X$ Beam Energy|1200|TestSize|0.15|try 4 Model:|(x0**2 + x1*1.2324786 - 1*(-0.7765095))**3|R2:|0.9762159274842002
$X$ Beam Energy|1200|TestSize|0.1|try 0 Model:|((x0**2 + x1*1.9597453)*1.3412325 - 1*(-0.7509192))**3|R2:|0.9868665572380216
$X$ Beam Energy|1200|TestSize|0.1|try 1 Model:|(x0**2 + x1 - 1*(-0.75789607))**3|R2:|0.9692489552637016
$X$ Beam Energy|1200|TestSize|0.1|try 2 Model:|(x0**2 + x1 + 0.7588661)**3|R2:|0.9634890036401694
$X$ Beam Energy|1200|TestSize|0.1|try 3 Model:|(x0**2 + x1*1.2323625 + 0.77679)**3|R2:|0.9757051427733143
$X$ Beam Energy|1200|TestSize|0.1|try 4 Model:|(x0**2 + x1*1.2430371 + 0.777576)**3|R2:|0.9809733369058751
$X$ Beam Energy|1200|TestSize|0.05|try 0 Model:|(x0**2 + (-x1 - 0.97077227)**2)**3 - 1*0.44091994|R2:|0.9611186623830632
$X$ Beam Energy|1200|TestSize|0.05|try 1 Model:|(x0**2 + x1*1.2177567 + 0.7763596)**3|R2:|0.969312123422094
$X$ Beam Energy|1200|TestSize|0.05|try 2 Model:|x1*11.329604 + (x0 - x1 + 0.57993007)**3|R2:|0.9881750564320676
$X$ Beam Energy|1200|TestSize|0.05|try 3 Model:|(x0**2 + x1*1.21009 + 0.77539974)**3|R2:|0.978804992490942
$X$ Beam Energy|1200|TestSize|0.05|try 4 Model:|(x0 + x1)**3*4.811378 + 0.47367698|R2:|0.9445680721808724
