$F_1$ Beam Energy|150|TestSize|0.5|try 0 Model:|x0*0.90564615 + (x1 - (x0 - 0.3592818 + x1*0.041578155/x0)**2 + 1.1628214)*0.15008934|R2:|0.4711061338563435
$F_1$ Beam Energy|150|TestSize|0.5|try 1 Model:|x0*(x0*(x0*0.004971848 - 0.14649777) + 1.0606086) + (x1 - 1*5.573205)**3*0.001648771 + 0.45450833|R2:|0.994971733817467
$F_1$ Beam Energy|150|TestSize|0.5|try 2 Model:|-x0*(x0/7.3421736 - 1.0517249) + x1*((-x0 + x1)/(-74.3782) + 0.15811683) + 0.14633694|R2:|0.9943708570706631
$F_1$ Beam Energy|150|TestSize|0.5|try 3 Model:|x0 + x1*0.11604538 - ((x0 - 0.16798493)*0.39863738 + 0.006396409/(-x0 - 0.25549394))**2 + 0.1605487|R2:|0.9241577946361541
$F_1$ Beam Energy|150|TestSize|0.5|try 4 Model:|x0 + (-0.123232774 + 2.1335894e-7/(x0**3))*(-x1 + (x0 - 0.31474572)**2 - 0.36205992) + 0.0936822|R2:|0.9952915967321075
$F_1$ Beam Energy|150|TestSize|0.25|try 0 Model:|-x1*((x1*0.09053021 - 1*(-0.099984854))**2 - 0.1796138) + (1.0678692 + x0*(-0.12694618))*(x0 + 0.13773017)|R2:|0.9953236272432991
$F_1$ Beam Energy|150|TestSize|0.25|try 1 Model:|-x0*(x0*0.12552372 - 1.0290865) + x1*(0.14361563 + (-x0 + x1)*(-0.015643245)) + 0.13675648|R2:|0.9941274946791131
$F_1$ Beam Energy|150|TestSize|0.25|try 2 Model:|x0 + x1*0.15705349 - ((0.351812*x0 - 0.05116331)**2 + x1*(-0.00055032736)/x0) + 0.12750612|R2:|0.9928403454287879
$F_1$ Beam Energy|150|TestSize|0.25|try 3 Model:|-(-0.1392678)*x1 + (x0 + 0.11393199)*(x0*(-0.11955749) + (0.31200847 - x1)**2*(-0.014499696) + 1.0762849)|R2:|0.9960001836050117
$F_1$ Beam Energy|150|TestSize|0.25|try 4 Model:|x0**2*(-0.12504856) + x0 + x1*((x0 - x1)**3*0.008303887 - 1*(-0.13569055)) - 1*(-0.13890909)|R2:|0.9549147094806714
$F_1$ Beam Energy|150|TestSize|0.15|try 0 Model:|(-0.13451351 - 0.0007363009/(x0 + 0.21798538))*(x0*(x0 - 7.732425) - x1) + 0.13181435|R2:|0.9865003309194988
$F_1$ Beam Energy|150|TestSize|0.15|try 1 Model:|x0 - 0.119838293775822*(0.19397645 - x0)**2 - (x1*(-0.0816922) - 1*(-0.7962948))**3 - 1*(-0.64504266)|R2:|0.9972125510846982
$F_1$ Beam Energy|150|TestSize|0.15|try 2 Model:|(1.051584 - 0.12857942*x0)*(x0 - x1*((-x0 + x1)*0.03285381 - 1*0.5189338)**3 + 0.14625125)|R2:|0.9905207497757752
$F_1$ Beam Energy|150|TestSize|0.15|try 3 Model:|-0.129758974321733*x0**2 - (0.6711082 - 0.10377392*x1)**3 + (x0 + 0.4368976)*1.0375967|R2:|0.9928627671534127
$F_1$ Beam Energy|150|TestSize|0.15|try 4 Model:|-(-0.14314388)*x1 + (x0 + 0.117643066)*(x0*(-0.12059785) + 1.0257884 - 0.031454615/(x1**3 - 1*1.438837))|R2:|0.9937752461929634
$F_1$ Beam Energy|150|TestSize|0.1|try 0 Model:|x0 + (x0*(0.31736472 - x0) + x1 + 0.05130125/(1.429417 - x1))*0.1309419 + 0.12891644|R2:|0.9857180758981009
$F_1$ Beam Energy|150|TestSize|0.1|try 1 Model:|(1.0303618 - 0.12070148*x0)*(x0 + x1*0.13906972 + (-x0 + x1)**2*(-0.017026557)) - 1*(-0.14994617)|R2:|0.9911737601765858
$F_1$ Beam Energy|150|TestSize|0.1|try 2 Model:|x0 - 0.14486845*(-x1 + 0.880785365822756*(x0 - 1*0.11403533)**2 + 0.04714937/(x1 - 1.3903664)) + 0.12813635|R2:|0.990455468815572
$F_1$ Beam Energy|150|TestSize|0.1|try 3 Model:|(x0 - (-0.1441826)*(x1 - (-0.8174111)*(-x0**2 - 0.0668071/(x1 - 1*1.3724812))) + 0.11643723)*1.03547|R2:|0.9972713740613779
$F_1$ Beam Energy|150|TestSize|0.1|try 4 Model:|1.0293578*(-0.11135342085156*x0**2 + x0 + x1*0.15037368 - 1*(-0.10972795)) - 0.006894563/(x1 - 1.4549017)|R2:|0.9938317335822677
$F_1$ Beam Energy|150|TestSize|0.05|try 0 Model:|(x0 + 0.12830238)*((-x1**2 + x1)*0.01314065 + 1.0469924) - 0.13158174*(x0**2 - x1)|R2:|0.9268827487655963
$F_1$ Beam Energy|150|TestSize|0.05|try 1 Model:|x0**2*(-0.13321623) + x0*1.0349967 - x1*(-(-0.016623553)*(-x0 + x1) - 0.13572636) - 1*(-0.1451909)|R2:|0.9778107574076808
$F_1$ Beam Energy|150|TestSize|0.05|try 2 Model:|-0.12805955*x0**2 + x0/0.9792913 + x1*(0.14545117 - 0.0013297133/(x0 + 0.57623404)) - 1*(-0.13102308)|R2:|0.9937360423020957
$F_1$ Beam Energy|150|TestSize|0.05|try 3 Model:|x0 + x1*(0.13675308 - 0.016601348*(-x0 + x1)) - ((0.04807875 - 0.36325866*x0)**2 - 1*0.1462346)|R2:|0.9758281725533655
$F_1$ Beam Energy|150|TestSize|0.05|try 4 Model:|-0.12920621*x0**2 + x0*1.0369526 + x1*(0.14225698 + (-x0 + x1)*(-0.014137931)) + 0.13940924|R2:|0.996453493705135
$F_1$ Beam Energy|250|TestSize|0.5|try 0 Model:|x0*0.9772128 + (0.0175817814256161*(x0 - 0.29164225)**2 - 0.43075413)**2*(-x0**2 + x1 + 0.89697236)|R2:|0.9960197185621477
$F_1$ Beam Energy|250|TestSize|0.5|try 1 Model:|x0 + (-x0**2 + x1)*0.15018661 - 1*(-0.1458158) - 0.0027655242/(x0**2*x1**2 - 1*0.23688427)|R2:|0.6149667863217577
$F_1$ Beam Energy|250|TestSize|0.5|try 2 Model:|x0 + x1*0.15793361 - (x0 + x1*0.048036527)**2*(x1*0.025315274 + 0.39573067)**2 + 0.16745703|R2:|0.9950272769785246
$F_1$ Beam Energy|250|TestSize|0.5|try 3 Model:|x0 - (-0.16746841*x1 - 0.17873323) + (x0 + 0.0541488059850816*x1**2 + 0.008739308)**2*(-0.17627223)|R2:|0.9963308867837852
$F_1$ Beam Energy|250|TestSize|0.5|try 4 Model:|x0 + (x0*(x0 + 0.22127447) - x1 - 0.033635475*x0**3*x1**3)*(-0.16937113) + 0.1614589|R2:|0.9933944625663927
$F_1$ Beam Energy|250|TestSize|0.25|try 0 Model:|(x1 - (x0 - 1*2.9857996)**2 - 0.0147547185406539*(x0 - (x0 - x1)**2)**2)/6.133692 + 1.6251236|R2:|0.9959269000809456
$F_1$ Beam Energy|250|TestSize|0.25|try 1 Model:|x0 + (0.15409324 - 0.0009771882/(x1 + 0.6349531))*(x1*1.0267181 - (-x0 - 0.17818375)**2) - 1*(-0.15919803)|R2:|0.9964906623163394
$F_1$ Beam Energy|250|TestSize|0.25|try 2 Model:|x0 - (x1**2*0.010114079 + 0.66148275) + (-0.116880279706656*x0**2 + x1*0.08864888 + 0.9236037)**2|R2:|0.9972614383363652
$F_1$ Beam Energy|250|TestSize|0.25|try 3 Model:|x1*0.1625403 + (x0**2*((x0 - x1)*0.029203508 - 0.20346493) + x0 - 1*(-0.19358948))*0.9844177|R2:|0.9954828581906774
$F_1$ Beam Energy|250|TestSize|0.25|try 4 Model:|x0**2*((-x0 + x1)*(-0.028350066) - 0.19080126) + x0*0.9497771 + x1*0.1762214 - 1*(-0.18222061)|R2:|0.9965153235220133
$F_1$ Beam Energy|250|TestSize|0.15|try 0 Model:|(x0 + x1*(x0*0.0522504 - 1*(-0.17399158)))*((0.92140037 - 0.060742907*x0)**4 - 1*(-0.2338486)) + 0.1709873|R2:|0.9966919248896418
$F_1$ Beam Energy|250|TestSize|0.15|try 1 Model:|x0*1.1090494 + (-x1 + (-x0 + x1**4*(-0.020197853) - 1*0.37725386)**2)*(-0.16694812) + 0.1950995|R2:|0.997276331887549
$F_1$ Beam Energy|250|TestSize|0.15|try 2 Model:|(x0 - (x1*(-0.043630283) + (-0.23998968*x0 - 0.04371242)**2 - 1.0864438)**3 - 1.1004542)/0.9518552|R2:|0.9956929487814293
$F_1$ Beam Energy|250|TestSize|0.15|try 3 Model:|x1*0.16452183 + (0.9967301 - 0.048561636*(x0 - (-0.10854328)*x1*x1))**4*(x0 - 1*(-0.18688554))|R2:|0.9957650760258264
$F_1$ Beam Energy|250|TestSize|0.15|try 4 Model:|x0 + x1*0.16420445 + (x0 + (x1 - 0.07590783)**4*0.018069318)**2*(-0.15759541) + 0.15697995|R2:|0.9967699111296591
$F_1$ Beam Energy|250|TestSize|0.1|try 0 Model:|(x0 + (-x1 + (x1**4*0.01536585 - (-x0 - 0.42946535))**2)*(-0.14583394))/0.8884364 - 1*(-0.1989374)|R2:|0.9986644245506913
$F_1$ Beam Energy|250|TestSize|0.1|try 1 Model:|x0 + (-x1 + (x0 + (x0 + x1**2)*0.049630728 + 0.044444654)**2)*(-0.15880595) - 1*(-0.17561525)|R2:|0.9933953312338261
$F_1$ Beam Energy|250|TestSize|0.1|try 2 Model:|x0 + (-x0**2 + x1/(1.1524205 - (-0.12018176)*x1*(x0 + 0.55443895)))*0.17833123 + 0.18631329|R2:|0.9968651882598124
$F_1$ Beam Energy|250|TestSize|0.1|try 3 Model:|x0/(x0*(x0*x1**2*0.014954377 + 0.22213525) + 1.068509) + x1*0.16612846 + 0.18363874|R2:|0.9981968355738563
$F_1$ Beam Energy|250|TestSize|0.1|try 4 Model:|x0 + x1*0.16677837 + (x0 + (-x0**3 + x1**4)*0.019221716)**2/(-4.8215146) + 0.189238|R2:|0.9987753005929726
$F_1$ Beam Energy|250|TestSize|0.05|try 0 Model:|x1*0.15421438 - (x0**4*(-0.010514975) + x0*(x0*0.2138296 - 0.9804802)/1.0158685 - 0.18702887)|R2:|0.9987712429425949
$F_1$ Beam Energy|250|TestSize|0.05|try 1 Model:|x0 + x1*0.16085579 + (x0 + (-x0**3 + x1**4)*0.019386007)**2*(-0.20992447) + 0.19019121|R2:|0.9958276947941915
$F_1$ Beam Energy|250|TestSize|0.05|try 2 Model:|x0 - ((x0**2 - x1)*0.15365109 + (x0*0.1551563 + 0.0490926179177316*x1**2)**2) - 1*(-0.18231213)|R2:|0.9933856347033111
$F_1$ Beam Energy|250|TestSize|0.05|try 3 Model:|x0**2*(-0.21759939) + x1*0.1477657 + (x0**4*0.012064291 + x0 + 0.19755322)/1.0310099|R2:|0.990152732029781
$F_1$ Beam Energy|250|TestSize|0.05|try 4 Model:|0.18313129 - (x0*(-x0*(-(-0.026224414)*(x0 - x1) - 0.19142684) - 0.9602919) + x1*(-0.16751316))|R2:|0.9925701178797526
$F_1$ Beam Energy|400|TestSize|0.5|try 0 Model:|x0*(x0 - x1)*x0*0.032125805 + (x1 - (2.5863872 - x0)**2)*0.17845632 + 1.3640016|R2:|0.996027590361813
$F_1$ Beam Energy|400|TestSize|0.5|try 1 Model:|x0*x1**2*(-0.037812952) - x0*(x0*0.18209077 - 1*1.0308069) - (-0.1630166)*x1 + 0.1771044|R2:|0.9964348553937306
$F_1$ Beam Energy|400|TestSize|0.5|try 2 Model:|x0*0.98477894 + x1*0.14594296 - (0.17348824396864*(x0 + 0.00766034218380028*x1**6)**2 - 0.17681177)|R2:|0.9962123061512701
$F_1$ Beam Energy|400|TestSize|0.5|try 3 Model:|x0 - (-0.16667064)*x1 + (x0 + x1*(x1*0.057922535 - 0.11175885))**2*(-0.19602895) + 0.17738105|R2:|0.9957930394992318
$F_1$ Beam Energy|400|TestSize|0.5|try 4 Model:|x0*0.9418358 - 0.18081667*(-x1/1.1235791 + (x0 + x1**2*0.08707241)**2 - 0.9730478)|R2:|0.9962608483215623
$F_1$ Beam Energy|400|TestSize|0.25|try 0 Model:|x0 + (-(x1*0.9340299 - (x0 + (-x1**4 + x1)*(-0.032776628))**2) - 0.9834544)/(-5.658025)|R2:|0.9970673036907677
$F_1$ Beam Energy|400|TestSize|0.25|try 1 Model:|x0 - (-0.15778646)*(-x0**2 + x1) - ((x1**3 + (-x0 + x1)**4)*0.005380956 - 0.17089596)|R2:|0.9976928425399554
$F_1$ Beam Energy|400|TestSize|0.25|try 2 Model:|x0 + (-x0 - 2.86890048135843/(x1 - 1*(-3.616759))**3)**2*(-0.1820251) - (-0.15521866*x1 - 0.16832311)|R2:|0.9951751116421144
$F_1$ Beam Energy|400|TestSize|0.25|try 3 Model:|x0 + x1*0.16148418 + (x0 - 0.030946186*(x0**2 - x1**4))**2*(-0.1889183) + 0.18023509|R2:|0.9979064594627797
$F_1$ Beam Energy|400|TestSize|0.25|try 4 Model:|x0*(x0*(-0.19112839) + (0.6084983 - x1)**2*(-0.024501167) + 1.0091919) - (-0.16327365)*x1 - 1*(-0.17338373)|R2:|0.9963597657954375
$F_1$ Beam Energy|400|TestSize|0.15|try 0 Model:|x0 + x1*0.14665796 + (x0 + (-x0**3 + x1**4)*0.023026679)**2*(-0.21567297) + 0.19187483|R2:|0.9950877802213922
$F_1$ Beam Energy|400|TestSize|0.15|try 1 Model:|x0 + (x1 - (x0 + (x1**4 - (x0**2 - 1.9376917))*0.03517611)**2)*0.17643766 + 0.17244022|R2:|0.9968685092613351
$F_1$ Beam Energy|400|TestSize|0.15|try 2 Model:|x0 - (-0.14157645)*(x1 - (x0*(-1.138378) - 0.01632162108721*(-x0 + x1**3)**2)**2) - 1*(-0.18446772)|R2:|0.9974998228328327
$F_1$ Beam Energy|400|TestSize|0.15|try 3 Model:|(x0 + 0.0091850602512384*x1**6)**2*(-0.18502073) + (x0 + x1*0.13933459 + 0.17716849)*1.0265896|R2:|0.9966806247333275
$F_1$ Beam Energy|400|TestSize|0.15|try 4 Model:|x0 + x1*0.15732858 + (-x0 + x1**4*(-0.02992292) - 0.050589)**2*(-0.17953245) + 0.17969075|R2:|0.9934406554821125
$F_1$ Beam Energy|400|TestSize|0.1|try 0 Model:|x0 - (x0*0.16637988*x0 - 0.13789397*x1 + (-x0 + x1)**4*0.0044716033 - 0.17774904)|R2:|0.9974014398689202
$F_1$ Beam Energy|400|TestSize|0.1|try 1 Model:|x0 + x1*0.15979184 - 0.183719716380144*(x0 + (x1 - 1*0.08514597)**4*0.03099568)**2 + 0.17809954|R2:|0.9967276790661264
$F_1$ Beam Energy|400|TestSize|0.1|try 2 Model:|x0 - (x1*(-0.15526831) + 0.21825789988864*(x0 + (x0**3 - x1**4)*(-0.025670674))**2 - 0.19401038)|R2:|0.9987029873572235
$F_1$ Beam Energy|400|TestSize|0.1|try 3 Model:|x0 + x1*0.15642408 - (x0 + (-x0**2 + x1**4)*0.034951817)**2/5.103111 + 0.18766539|R2:|0.9973989927559753
$F_1$ Beam Energy|400|TestSize|0.1|try 4 Model:|x0 + x1*0.14436777 + (x0 + 0.0109226410908736*(x0 - x1**3)**2)**2*(-0.17474309) + 0.17519598|R2:|0.9957426835486893
$F_1$ Beam Energy|400|TestSize|0.05|try 0 Model:|x0 + (-0.87459296*x1 + (x0 + x1*(x1 - 1.421076)*0.06316746)**2)*(-0.18208021) - 1*(-0.16784589)|R2:|0.9966835814268152
$F_1$ Beam Energy|400|TestSize|0.05|try 1 Model:|x0 + (-0.90610045*x1 + (x0 + (-x1**4 + x1)*(-0.03214528))**2)*(-0.1788386) - 1*(-0.17276983)|R2:|0.9974385002631688
$F_1$ Beam Energy|400|TestSize|0.05|try 2 Model:|x0 + x1*0.15397884 - 0.221384772425794*(-x0 + (-x0**3 + x1**4)*(-0.026803192))**2 - 1*(-0.19399229)|R2:|0.9958673179768719
$F_1$ Beam Energy|400|TestSize|0.05|try 3 Model:|x0 + (x1 - (x0/(-0.8461772) + (x0**3 - x1**4)*0.032871004)**2)*0.15840083 + 0.19365944|R2:|0.9992847282007982
$F_1$ Beam Energy|400|TestSize|0.05|try 4 Model:|x0 + x1*0.15733196 + (x0 + (-x1**4 + x1)*(-0.03180889))**2*(-0.18440011) + 0.17785516|R2:|0.9988795594066657
$F_1$ Beam Energy|600|TestSize|0.5|try 0 Model:|x1*0.10825294 + (0.9814601 + x0*(-0.3100619))*(x0 + (x0 - 1*(-0.28982076))**4*0.06570052 + 0.21018477)|R2:|0.9897127739036355
$F_1$ Beam Energy|600|TestSize|0.5|try 1 Model:|x0*(x0*0.10203948 - 1*0.97864234)**2 + x1*(0.5904066 - (-0.06701144)*x0)**4 - 1*(-0.16933748)|R2:|0.994781176756209
$F_1$ Beam Energy|600|TestSize|0.5|try 2 Model:|x0*(x0*(-0.28187084) + (x0**3 + x1)*0.030097524 + 0.9589538) - (x1*(-0.14919637) - 0.20326693)|R2:|0.9926071438628554
$F_1$ Beam Energy|600|TestSize|0.5|try 3 Model:|(x0 - (-0.16444835)*(x1 - (x0 + (0.1627065 - 0.29863054*x1)**3)**2 - 1*(-0.9477909)))/1.0110079|R2:|0.9904144090344555
$F_1$ Beam Energy|600|TestSize|0.5|try 4 Model:|x0*(x1*0.084195904 - 1*(-0.18537404)) - (-0.25040537*x0 - 0.032941222*x1 + 1.015123)**3 + 1.2154816|R2:|0.9936562459775351
$F_1$ Beam Energy|600|TestSize|0.25|try 0 Model:|x0 - (x1*(-0.1308441) - (-0.16240211)*(x0 - 0.12435589*x1 - 1*(-0.066712715))**2) + 0.14309396|R2:|0.9925549057927262
$F_1$ Beam Energy|600|TestSize|0.25|try 1 Model:|(x1*0.13509864 - (-x0 + (-0.43262866*x0 + x1*0.05376827)**2 - 1*0.16393165))*0.98460114|R2:|0.9946977800627623
$F_1$ Beam Energy|600|TestSize|0.25|try 2 Model:|-x0**2*(0.20033458 - 0.0026697984*x0**4) + x0*0.95863533 - (-0.13801803)*x1 + 0.18125553|R2:|0.9887755187798045
$F_1$ Beam Energy|600|TestSize|0.25|try 3 Model:|x0**2*(-0.15317126) + x0 + x1*0.12809382 + 0.15739335 - 0.000325028*1/(x1*(-x0 - 0.09022336))|R2:|0.993746358740366
$F_1$ Beam Energy|600|TestSize|0.25|try 4 Model:|(x0 + (x1*(-0.08429226) + (x0*(-0.36813632) - 1*0.027629752)**2 - 0.8225653)**2 - 0.49801973)/0.9912546|R2:|0.9920279238052879
$F_1$ Beam Energy|600|TestSize|0.15|try 0 Model:|x0*((0.91957176 + x0*(-0.0653234))**4 + 0.2398513) + (x0 - 1*(-3.4377065))*x1*0.04015629 + 0.17282765|R2:|0.985194675611268
$F_1$ Beam Energy|600|TestSize|0.15|try 1 Model:|x0*(0.97464883 + x0*(-0.17843777)) - x1*(-0.04939425*(x0 + 0.15702525) - 0.5084809)**3 + 0.15785715|R2:|0.9925765820861236
$F_1$ Beam Energy|600|TestSize|0.15|try 2 Model:|x0 + (x1*0.08020402 - 0.132958136273062*(x0 + x1**3*(-0.026754152))**2 + 0.8743261)**2 - 0.5838148|R2:|0.9745288042805875
$F_1$ Beam Energy|600|TestSize|0.15|try 3 Model:|(x0 - (-0.14930554)*(-x0**2*(x0*x1*0.065008074 - 1*1.165774)**2 + x1) + 0.18106861)/1.0338538|R2:|0.9785225322958946
$F_1$ Beam Energy|600|TestSize|0.15|try 4 Model:|x0*0.9809002 + (x1/1.4401581 - (x0 + x1*(-0.11608826))**2 + 0.865226)*0.18397541 + 0.005116496|R2:|0.9913098093840567
$F_1$ Beam Energy|600|TestSize|0.1|try 0 Model:|-x0 + x1*0.13542 + (2.0033782 + x0*(-0.2516785))*(-(-0.0147281485)*x0**4 + x0 + 0.09769343)|R2:|0.9739303372681678
$F_1$ Beam Energy|600|TestSize|0.1|try 1 Model:|x0 - ((0.1825049 + x1*(-0.010372153))*(x1*(-0.6530454) + (x0 + x1*(-0.11783126))**2) - 0.16936518)|R2:|0.9924292526705814
$F_1$ Beam Energy|600|TestSize|0.1|try 2 Model:|(-x0*(x0*0.18060727 + x1*(-0.032463238)) + x0 + x1*0.12761183 + 0.16296022)/1.0196986|R2:|0.9833795041282657
$F_1$ Beam Energy|600|TestSize|0.1|try 3 Model:|x0 + (-0.151372 - 0.006452624*x1**2/x0)*(x0**2 + x1*(-0.8486231) - 1*0.9745659)|R2:|0.9966851218777628
$F_1$ Beam Energy|600|TestSize|0.1|try 4 Model:|x0 + x1*0.14254674 + (x0 + x1*(x1*0.02999242 - 0.10506984))**2*(-0.17214735) - 1*(-0.15670432)|R2:|0.9982554262734891
$F_1$ Beam Energy|600|TestSize|0.05|try 0 Model:|x0 + x1*0.13911688 + (x0 + x1*(x1*0.026766438 - 0.10128093))**2*(-0.17167927) + 0.15645266|R2:|0.998900451511889
$F_1$ Beam Energy|600|TestSize|0.05|try 1 Model:|x0 + x1*(x0*0.045959428 + 0.6029163)**4 - (-0.42905906*x0 - 0.0150071895)**2 + 0.16229954|R2:|0.9809033275743942
$F_1$ Beam Energy|600|TestSize|0.05|try 2 Model:|(x0 + (-x0**2 + x1)*0.13114187 - 1*(-0.15674749))*(x0*(-0.050032143) - (-0.03943785)*x1 + 0.9971883)|R2:|0.991941830516582
$F_1$ Beam Energy|600|TestSize|0.05|try 3 Model:|(x0 + x1*(-0.10316642))**2*(-0.17998835) + (x0 - (x1*(-0.14036629) - 0.577352))*0.9785642 - 0.4023514|R2:|0.9772256336622772
$F_1$ Beam Energy|600|TestSize|0.05|try 4 Model:|x0*(x0*(-0.24940394) + (x0**3 + x1)*0.021077463 + 0.9677555) + x1*0.13620019 + 0.19240656|R2:|0.8141033978815695
$F_1$ Beam Energy|800|TestSize|0.5|try 0 Model:|x0 + x1*0.14525367 - (0.45895895 - 0.02662947*x1)**2*(x0 + x1*(-0.14422874))**2 - 1*(-0.17603174)|R2:|0.9963697381620201
$F_1$ Beam Energy|800|TestSize|0.5|try 1 Model:|x1*0.1756497 - (x0*((x0*0.123509906 + x1*(-0.02221102) - 0.7810327)**3 - 0.39484096) - 0.2000105)|R2:|0.9956546537593854
$F_1$ Beam Energy|800|TestSize|0.5|try 2 Model:|-(-0.06964905)*x1*(x0 + x1*(-0.3727337) + 2.1255896) + (x0 - 2.2796464)**2*(-0.22453949) + 1.3816808|R2:|0.996897542940647
$F_1$ Beam Energy|800|TestSize|0.5|try 3 Model:|x0/(x0*0.2522896 + 1.0959865) + x1*0.12811455 - ((-x0 + x1)**4*0.00652857 - 0.22357714)|R2:|0.9959374350154543
$F_1$ Beam Energy|800|TestSize|0.5|try 4 Model:|x0 + x1*0.14071137 - (-0.18015838)*(-x0**2 + (x0 - x1)**4*(-0.025787784)) + 0.19169347|R2:|0.9964976756993702
$F_1$ Beam Energy|800|TestSize|0.25|try 0 Model:|-0.17889933*x0**2 + x0 + x1*0.1450238 + (x0 - x1)**2*(-0.037156798) + 0.21696751|R2:|0.9974593330945328
$F_1$ Beam Energy|800|TestSize|0.25|try 1 Model:|x0 + x1*0.12988918 + (x0 + (x0 - x1)**3*0.03302297)**2*(-0.18120624) + 0.1984972|R2:|0.9978732884674749
$F_1$ Beam Energy|800|TestSize|0.25|try 2 Model:|x0 - (x1*(-0.12784381) + 0.178148639384496*(x0 + (x0 - x1)**3*0.049482282)**2) + 0.1958014|R2:|0.9945731639648738
$F_1$ Beam Energy|800|TestSize|0.25|try 3 Model:|x0 + x1*0.13567245 + (x0**2 + (-x0 + x1)**4*0.076235436)*(-0.17865546) + 0.20043054|R2:|0.9696237828187214
$F_1$ Beam Energy|800|TestSize|0.25|try 4 Model:|x0 - (-0.12607609)*x1 + (x0 - 0.036090236*(-x0 + x1)**3)**2*(-0.16669765) + 0.18464772|R2:|0.9977950328788909
$F_1$ Beam Energy|800|TestSize|0.15|try 0 Model:|(x0 + (x1*(x0 + 0.59672666) - (x0 - (-0.35273594)*x1)**2)*0.22164091 - 1*(-0.21595655))*1.0233357|R2:|0.9966429634123529
$F_1$ Beam Energy|800|TestSize|0.15|try 1 Model:|x0 - (-0.13707685)*(x1 - 1*(-1.5058352)) - (x0**2*0.17045279 + (x0 - x1)**2*0.0363794)|R2:|0.9983015415061419
$F_1$ Beam Energy|800|TestSize|0.15|try 2 Model:|x0 + x1*0.12591207 - (x0/(-2.368339) + 0.0155327297260333*(-x0 + x1)**3)**2 + 0.19454089|R2:|0.9974989251104918
$F_1$ Beam Energy|800|TestSize|0.15|try 3 Model:|x0 - (-0.12647982)*x1 - 0.18163079027309*(x0 + (x0 - x1)**3*0.034224425)**2 + 0.19923373|R2:|0.9980583488099442
$F_1$ Beam Energy|800|TestSize|0.15|try 4 Model:|x0 + (x0 - x1)**2*(-0.037489217) + (-1.35092571522489*x0**2 + x1)*0.13121007 + 0.21703377|R2:|0.9965552011264736
$F_1$ Beam Energy|800|TestSize|0.1|try 0 Model:|x0 - x1*(-0.23313843*x0 - 0.13883065) - 0.22226414*(-x0 + x1*(-0.36013028))**2 + 0.21346636|R2:|0.9979939335574219
$F_1$ Beam Energy|800|TestSize|0.1|try 1 Model:|-0.18834068*x0**2 + x0 - (-0.12986694)*x1 + (x0 - x1)**4*(-0.0065284586) + 0.20323326|R2:|0.997803270629071
$F_1$ Beam Energy|800|TestSize|0.1|try 2 Model:|x0 - ((-1.444030015684*x0**2 + x1 - 0.048621677*(-x0 + x1)**4)*(-0.13166074) - 0.20575891)|R2:|0.9988187277680052
$F_1$ Beam Energy|800|TestSize|0.1|try 3 Model:|x0**2*(-0.22261988) + x0 + x1*(x0*0.0748146 - 0.032855842*x1 + 0.13867028) + 0.21523727|R2:|0.9987103471996637
$F_1$ Beam Energy|800|TestSize|0.1|try 4 Model:|x1*0.37688535 + (0.99094296 + x0*(-0.04160799))**6*(x0 + x1*(-0.24054463)) + 0.2012639|R2:|0.993851872120472
$F_1$ Beam Energy|800|TestSize|0.05|try 0 Model:|-0.23073965*x0**2 + (x0 + x1/(-x0/0.3568741 + x1 + 7.8677106))*0.9936355 - 1*(-0.21680203)|R2:|0.9953112120550748
$F_1$ Beam Energy|800|TestSize|0.05|try 1 Model:|x0 - x1/(x0/0.3411624 - x1 - 8.026554) + (x0 - 1*(-0.008308814))**2*(-0.23617958) + 0.22031383|R2:|0.9989510842356776
$F_1$ Beam Energy|800|TestSize|0.05|try 2 Model:|x0 + x1*0.13641627 + (x0**2 + (-x0 + x1)**2*0.20295817)*(-0.17835972) + 0.2144548|R2:|0.9989622307818707
$F_1$ Beam Energy|800|TestSize|0.05|try 3 Model:|(x0 + 2.5893326)*(-x0*(0.29687065 + x0*(-0.022279505)) + x1*0.053498115 + 1.7195215) - 4.2520227|R2:|0.9777154430613813
$F_1$ Beam Energy|800|TestSize|0.05|try 4 Model:|-0.18784729*x0**2 + x0 + (x1 - 0.049198806*(x0 - x1)**4)*0.1295798 - 1*(-0.20220284)|R2:|0.9988677627208588
$F_1$ Beam Energy|1000|TestSize|0.5|try 0 Model:|x0 - (-0.15184589)*x1 - (0.2689475 + x0*(-0.024088066))*((x0 + x1*(-0.124571525))**2 - 1*0.8606258)|R2:|0.9945088782495964
$F_1$ Beam Energy|1000|TestSize|0.5|try 1 Model:|x1*0.14016615 + (x0 + 0.18842134)*((0.8098974 - 0.09832424*(x0 + x1*(-0.21692976)))**4 + 0.49149123)|R2:|0.9966916731856921
$F_1$ Beam Energy|1000|TestSize|0.5|try 2 Model:|x0 + x1*0.14159296 - (-0.43070406*x0 + 0.00297306312928205*(x0 - x1)**6)**2 - 1*(-0.19507268)|R2:|0.9916910284700705
$F_1$ Beam Energy|1000|TestSize|0.5|try 3 Model:|x0*(x0 - 4.575098)*(-0.2130148) - (-0.15115923)*x1*(x0*0.12804756 + 0.98968625)**3 + 0.17841|R2:|0.9962015406020454
$F_1$ Beam Energy|1000|TestSize|0.5|try 4 Model:|x0 - (x0*(-0.49792552) - 0.069845214)**2 + (0.0297059173071019*x0**3 + x1*0.16330594 + 0.44887498)**2|R2:|0.9932961177876104
$F_1$ Beam Energy|1000|TestSize|0.25|try 0 Model:|x0 + x1*0.15738066 + (x0 + x1*(-0.110692225))**2*(-0.20238405) + 0.18336646 - 0.0043584607/x1|R2:|0.9952019759406241
$F_1$ Beam Energy|1000|TestSize|0.25|try 1 Model:|x0**3*0.036086 + (-x1 + (x0 - 0.102750525*x1 - 1.8574113)**2)*(-0.2466377) + 1.0564857|R2:|0.9958640627966554
$F_1$ Beam Energy|1000|TestSize|0.25|try 2 Model:|x0/(0.8854085 - (-0.16709988)*x0) - (-(0.16475353 - (-0.052827846)*x0)*(x1 - 4.191105) - 0.8724836)|R2:|0.9980216314398597
$F_1$ Beam Energy|1000|TestSize|0.25|try 3 Model:|(x0 + x1*(0.20800047 - (-0.12127443)*x0)/1.258344 + 0.20160596)/((-0.12608278*x0 - 1.0128572)**2)|R2:|0.9962641836670966
$F_1$ Beam Energy|1000|TestSize|0.25|try 4 Model:|(x0 + (x1 - (x0 - (-0.041052673)*(x0 - x1)**3)**2)*0.15484022 + 0.17044537)*0.97844243|R2:|0.994529253675481
$F_1$ Beam Energy|1000|TestSize|0.15|try 0 Model:|-x0/(x0*(-0.27212155) + x1*0.05634233 - 1*1.1111366) - (-0.08464595)*(x1 + x1) + 0.19454183|R2:|0.997449519641263
$F_1$ Beam Energy|1000|TestSize|0.15|try 1 Model:|-x1*(x0*(-0.05120696) - 0.16861762) + (x0 + 0.20564273)/(x0*0.2697287 + 1.0812327)|R2:|0.9897704598462853
$F_1$ Beam Energy|1000|TestSize|0.15|try 2 Model:|x0 + x1*0.15771063 + (-0.20159185 + 0.002143386/x1)*(x0 + x1*(-0.14683476))**2 + 0.17457347|R2:|0.9970799339178424
$F_1$ Beam Energy|1000|TestSize|0.15|try 3 Model:|x0 - (-0.15907021)*x1 - 0.21331267*(x0 + (2.9830894 - x1)*x1*(-0.042157207))**2 + 0.18974821|R2:|0.9971861076827694
$F_1$ Beam Energy|1000|TestSize|0.15|try 4 Model:|x0 + (-x1 + (-x0 + (x1 - (-1)*0.05671392/x1)*0.12870798)**2*1.3420305)/(-6.4244375) - 1*(-0.18406327)|R2:|0.9956689941677173
$F_1$ Beam Energy|1000|TestSize|0.1|try 0 Model:|(x0 + 0.17339355)/(-(-0.18585676)*x0 + (0.9728753 + x1*(-0.010546802))**4) - 0.1580445*(x0 - x1)|R2:|0.9940644979753089
$F_1$ Beam Energy|1000|TestSize|0.1|try 1 Model:|x0/(-(-0.26708463)*x0 - 0.06050255*x1 + 1.1204647) + x1*0.17501077 + 0.18506634|R2:|0.9966084779672406
$F_1$ Beam Energy|1000|TestSize|0.1|try 2 Model:|-(0.824198 + x0*(-0.30935425))**3 + (x0*(x1*0.34192625 + 1.8818471) + x1)*0.15196422 + 0.7566885|R2:|0.9928411250885232
$F_1$ Beam Energy|1000|TestSize|0.1|try 3 Model:|x0 + x1*0.1534629 + (x0 + (x1 - (-1)*0.042895675/x1)*(-0.1317454))**2*(-0.216849) + 0.1892554|R2:|0.9955695838935469
$F_1$ Beam Energy|1000|TestSize|0.1|try 4 Model:|(x0 + 2.56053)*(x0*(x0*0.031562164 - 0.32445696) + x1*0.06065219 + 1.759119) - 4.3064413|R2:|0.9980390239699184
$F_1$ Beam Energy|1000|TestSize|0.05|try 0 Model:|x1*0.16587314 + (x0 + x0 + 0.40701115)/(x0*0.5108798 + (x1*0.015041877 - 1*1.2054086)**4)|R2:|0.9982607015457646
$F_1$ Beam Energy|1000|TestSize|0.05|try 1 Model:|x1*x0*0.052672192 + x1*0.156794 - 0.0010289445*(x0 - 1*6.117947)**4 - 1*(-1.6344662)|R2:|0.9977231702054913
$F_1$ Beam Energy|1000|TestSize|0.05|try 2 Model:|(x0 + (x1 - 1.4009327*(x0 + x1*(-0.12858988))**2)*0.15448904 - 0.07635612 - 1*(-0.2676026))/1.0064942|R2:|0.9826464089561364
$F_1$ Beam Energy|1000|TestSize|0.05|try 3 Model:|x0 + x1*0.15771015 + (x0 + x1*(x1*0.047006853 - 0.11344115))**2*(-0.20707609) + 0.1858577|R2:|0.9917758942090343
$F_1$ Beam Energy|1000|TestSize|0.05|try 4 Model:|x0*0.81454575 + (-x0**2 + (x0 + x1)/(1.8121722 - 0.43599874*x0))*0.2710556 + 0.19774993|R2:|0.9944236998780042
$F_1$ Beam Energy|1200|TestSize|0.5|try 0 Model:|1.5193709 - 0.17918228*(-x1 + (-x0 + x1*0.69874567)**4*0.102205984 + (x0 - 1*2.704363)**2)|R2:|0.9912258999696821
$F_1$ Beam Energy|1200|TestSize|0.5|try 1 Model:|3.5121255 + ((0.0648760413341701*x1**4 - x1)*(x0*(-0.443584) - 1*0.66139656) - 1*12.478812)/(x0 + 3.7837942)|R2:|0.9951491011957946
$F_1$ Beam Energy|1200|TestSize|0.5|try 2 Model:|(x0 + (x0 - x1)**2*(-0.041403167) + (-x0**2 + x1)*0.1966112 - 1*(-0.23221186))*0.9440082|R2:|0.9893228532655999
$F_1$ Beam Energy|1200|TestSize|0.5|try 3 Model:|(0.9313236 + x1*(-0.05402516))*(x0 + (x1 - (x0 - 0.35368538*x1)**2)*0.2092922 - 1*(-0.20505542))|R2:|0.9923502074680045
$F_1$ Beam Energy|1200|TestSize|0.5|try 4 Model:|x1*0.18447217 + (x0 + 0.19767152)*(x1*0.08938934 - (x0*0.110595286 - 1*0.86857677)**3 + 0.26075104)|R2:|0.9901130036220284
$F_1$ Beam Energy|1200|TestSize|0.25|try 0 Model:|x0 + x1*0.1555815 + (-x0 - 0.0358317878313116*(x0 - x1)**3)**2*(-0.18239075) - 1*(-0.20200852)|R2:|0.9972641072632502
$F_1$ Beam Energy|1200|TestSize|0.25|try 1 Model:|x0*0.95921123 + (x1 - (x0**2 + 0.29299085856769*(x0 - x1)**2) + 1.2664025)*0.16933858|R2:|0.9961246497874191
$F_1$ Beam Energy|1200|TestSize|0.25|try 2 Model:|x0*0.9675392 + (x1 - (-x0 + 0.0434699868851808*(-x0 + x1)**3)**2)*0.17324074 + 0.19491902|R2:|0.9971154457228651
$F_1$ Beam Energy|1200|TestSize|0.25|try 3 Model:|x0 + (-x1 + (x0 + (-x0 + x1)*(2.0100396 - x1)*(-0.08413657))**2)*(-0.1664564) + 0.19600545|R2:|0.9960233164684098
$F_1$ Beam Energy|1200|TestSize|0.25|try 4 Model:|x0 + x1*0.19360194 + (x0 + 0.0581375234252176*(x1 - 1.0263525)**2)**2*(-0.21358609) + 0.19514696|R2:|0.9840003680342431
$F_1$ Beam Energy|1200|TestSize|0.15|try 0 Model:|(x0 + x1*0.19438465 - 0.240900463651854*(x0 + x1*(-0.17966148))**2 + 0.20236698)*0.9528775|R2:|0.9928619753398363
$F_1$ Beam Energy|1200|TestSize|0.15|try 1 Model:|x0 - (x1*(-0.18373294) + (-0.45476285*x0 + x1*0.08047818 - 1*0.05050731)**2 - 0.24593857) - 0.06678044|R2:|0.9809618318081893
$F_1$ Beam Energy|1200|TestSize|0.15|try 2 Model:|x0 + (-x1/1.0815724 + (-x0 + (1.2385659 - x1)**2*(-0.059374675))**2)*(-0.20686619) + 0.18733041|R2:|0.9961025185605396
$F_1$ Beam Energy|1200|TestSize|0.15|try 3 Model:|-((x0 + x1*0.717655)*(-0.39223275) - 0.52788436) + (x0*0.34334132 + x1*(-0.053205244) - 0.6928569)**3|R2:|0.9987540636025914
$F_1$ Beam Energy|1200|TestSize|0.15|try 4 Model:|(x0 + (x1 - (-x0 + 0.0414647840174723*(-x0 + x1)**3)**2)*0.1781467 + 0.19869696)*0.9742814|R2:|0.9955299500460814
$F_1$ Beam Energy|1200|TestSize|0.1|try 0 Model:|(x0 + (-x1 + (x0 + 0.0430403371735981*(x0 - x1)**3)**2)*(-0.17465425) + 0.19404829)/1.0397246|R2:|0.996759983506339
$F_1$ Beam Energy|1200|TestSize|0.1|try 1 Model:|x0**2*(-0.22940965) + x0*0.9775766 + x1*(x0**3*0.022435635 + 0.16747431) + 0.20407948|R2:|0.9839251687446556
$F_1$ Beam Energy|1200|TestSize|0.1|try 2 Model:|(x0 - (x0**2*0.23581493 + x1/(x0 + x0 - x1 - 6.168285) - 0.23100574))*0.98085433|R2:|0.9937159360772841
$F_1$ Beam Energy|1200|TestSize|0.1|try 3 Model:|x0 + (-x0**2 + x1/(((2.7284408 - (x0 - x1/2.3091476))*0.608835)))*0.2476395 + 0.2372495|R2:|0.9970497743445509
$F_1$ Beam Energy|1200|TestSize|0.1|try 4 Model:|(x0 - 2.4678833)**3*0.035094555 + (x1 + 2.8902557)*(x0*0.09256906 + x1*(-0.028442813) + 0.25982022)|R2:|0.9964872041390812
$F_1$ Beam Energy|1200|TestSize|0.05|try 0 Model:|x0*0.966638 + (x1 - (x0 + 0.0424062379631773*(x0 - x1)**3)**2)*0.17080185 + 0.18962584|R2:|0.998393764351771
$F_1$ Beam Energy|1200|TestSize|0.05|try 1 Model:|x0*0.96293914 + (-x1 + (x0 - 0.0442877796114963*(-x0 + x1)**3)**2)*(-0.16772217) - 1*(-0.18457212)|R2:|0.9950326486436584
$F_1$ Beam Energy|1200|TestSize|0.05|try 2 Model:|(x0*(5.204933 - x0) + x1 - 0.0479602956059798*(-x0 + x1 + 0.18755881)**4)*0.18320979 + 0.20433687|R2:|0.99582088582918
$F_1$ Beam Energy|1200|TestSize|0.05|try 3 Model:|(x0 - (-(-0.17850763)*(-x1 + (x0 + (x0 - x1)**3*0.041367237)**2) - 0.19855377))*0.96505415|R2:|0.9865131958572364
$F_1$ Beam Energy|1200|TestSize|0.05|try 4 Model:|-(-0.22207698)*x1 + (0.29977444 - x0)/(-0.32326928*x0 - (-0.07546177)*x1 - 1.2460243) + 0.43360555|R2:|0.9887962226951238
