F_1 Beam Energy|xy|TestSize|0.5|try 0 Model: |((1.1771084 - x0)**3*(x1 - 0.023223143)**3)*(-0.009056282) + (x0 + x1 - 0.01302344/x1)*0.6793643|R2:|0.8028668723047296
F_1 Beam Energy|xy|TestSize|0.5|try 1 Model: |-(0.95172423 - x0*(-0.00712128754848266*x0**3*x1**3 + 0.42656988))**2 + (x1 - 1*(-2.3412206))*0.45326546|R2:|0.8939833269581818
F_1 Beam Energy|xy|TestSize|0.5|try 2 Model: |x0/(1.4527798 - (-0.14580634)*(x0**3 - (x1 + 0.4360499/x1))) + x1*0.50245494 - 1*(-0.07298037)|R2:|0.3306518659136114
F_1 Beam Energy|xy|TestSize|0.5|try 3 Model: |x0*0.76085633 + (x0**8/((-18.37724)*(x1**3 - 1*(-3.324552))) + x1)/2.5345259 + 0.037479017|R2:|0.922320211199726
F_1 Beam Energy|xy|TestSize|0.5|try 4 Model: |x1/1.1327509 + 0.7266776 + (x0 - 1.0128201*x1 - 1*1.345672)/((x0*0.14004965 + 1.3164649)**3)|R2:|0.9695570283677736
F_1 Beam Energy|xy|TestSize|0.25|try 0 Model: |x0**4*(-0.022178713) + x0/((x0 - x1)*0.19842146 + 1.5269802) + x1*0.50890684 - 1*(-0.12637128)|R2:|0.9136923991912564
F_1 Beam Energy|xy|TestSize|0.25|try 1 Model: |x0*0.6112123 + x1*0.48541215 - (x0*0.5041053 - 0.20757325*(x1 - 1*(-0.4711445)))**4 - 1*(-0.10232333)|R2:|0.7658876320071646
F_1 Beam Energy|xy|TestSize|0.25|try 2 Model: |(x1 - 0.0009299783*(x0 - x1/(2.1447697 - 0.04533205*x1) - 6.1157966)**4)*0.75819975 + 1.1205587|R2:|0.9844944760211679
F_1 Beam Energy|xy|TestSize|0.25|try 3 Model: |x0 + ((x0 - 2.4525645)**3*(-0.0069412584) - 1*0.5869996)*(-(-x0/1.043553 + x1) - 0.78423285) - 1*0.2550968|R2:|0.9903610829029054
F_1 Beam Energy|xy|TestSize|0.25|try 4 Model: |x0*0.6724221 + x1*0.12240449*(x0 + 3.7898612) + (x0 - 0.13544172)**4*(-0.063319795) + 0.10875161|R2:|0.8370805379707542
F_1 Beam Energy|xy|TestSize|0.15|try 0 Model: |x0 + (-x0 + x1 + 0.98080593)*(x0**2*(-0.045351226) + x0*0.1330301 + 0.49361357) - 0.35078052|R2:|0.9343638848891613
F_1 Beam Energy|xy|TestSize|0.15|try 1 Model: |(x1 + (0.9296513 + (x0/0.4609722 - x1)*(-0.07212732))**4*(-1.2995813)/0.74762917 + 1.5084432)*0.78771335|R2:|0.989303754549957
F_1 Beam Energy|xy|TestSize|0.15|try 2 Model: |x1*0.4992812 - (x0*(-0.59918725) + 0.0613339153519225*(-x0 + x1)**2*(x0 - 1*0.24438152)**2 - 0.08856824)|R2:|0.5203793683746857
F_1 Beam Energy|xy|TestSize|0.15|try 3 Model: |x0 + (x0 + 1.8407388)*(x0 - (x1 + 1.1205477))/(0.67056787*(-x0**3 - 5.2154756)) - 0.44487962|R2:|0.5515313641851802
F_1 Beam Energy|xy|TestSize|0.15|try 4 Model: |(x0*0.57041115 + x1)*0.56865907 + (-x0 + x1*0.27958667 + 1.7077159)**3*(-0.03895036) + 0.37306997|R2:|0.642470954945549
F_1 Beam Energy|xy|TestSize|0.1|try 0 Model: |(x0 - (-0.6146834)*(x1 + (x0 + x1*(-0.45318434))**2*(-0.42851096)))*0.7297289 + 0.17435645|R2:|0.9721417402240596
F_1 Beam Energy|xy|TestSize|0.1|try 1 Model: |x0*((0.60000515 - (x0*0.13815482 - 0.102225035*x1))**3 + 0.42978713) + x1*0.48899293 + 0.12083591|R2:|0.9874284247343258
F_1 Beam Energy|xy|TestSize|0.1|try 2 Model: |(x0*0.9004552 + x1 - (0.2963218 - 0.3907898*x0)**2*(x1 + 1.8723797) + 0.36807492)*0.56297636|R2:|0.9182166351580983
F_1 Beam Energy|xy|TestSize|0.1|try 3 Model: |x1/2.2229884 - (x0 + 0.16961268)*(-x0*(-0.14363648 - 0.015160379/(x1 + 1.7085297)) - 0.76735514)|R2:|0.8234331260149033
F_1 Beam Energy|xy|TestSize|0.1|try 4 Model: |x0 + (x0 - (x1 + 0.99167997))*(x0**2*0.36859328 - x0 - 3.603827)*0.13487789 - 0.3428362|R2:|0.9905602486696354
F_1 Beam Energy|xy|TestSize|0.05|try 0 Model: |x0*((x0*0.19319506 + x1*(-0.14420058) - 0.41551626)**2 + 0.46639496) + x1*0.49100196 - 1*(-0.12299897)|R2:|0.9976198952743351
F_1 Beam Energy|xy|TestSize|0.05|try 1 Model: |-(-0.8690795)*x1 - 1*(-2.0863087) - 0.4407059*(x1 + 14.534222)**3/((x0 + 8.863707)**3 - 1*0.91618305)|R2:|0.9907707573656619
F_1 Beam Energy|xy|TestSize|0.05|try 2 Model: |x0 + (x0*0.95408154 - (x1 - 1*(-0.8973179)))*((x0*0.22777435 - 1*0.29212305)**2 - 1*0.5806584) - 1*0.31673473|R2:|0.9870696864807147
F_1 Beam Energy|xy|TestSize|0.05|try 3 Model: |(x1 + (x0 - x1)/(x0*0.40946916 + 1.7191787))/(x1*0.042057693 + 0.89034855) - 1*(-0.14906782)|R2:|0.9922373309124102
F_1 Beam Energy|xy|TestSize|0.05|try 4 Model: |(1.0894353 + (-x0 + x1 + 0.62053293)/(x0**2*x1 + 5.3971863))*(x0 + 2.5341828) - 2.933337|R2:|0.9512118865624358
