$F_1$ Beam Energy|150|TestSize|0.5|try 0 Model:|x0*(x0*(-0.2191341) + 0.79535276 - 1.682383/(x1 - 1*77.14855)) + x1*0.00029371568 - 1*0.2103868|R2:|0.9929687742897781
$F_1$ Beam Energy|150|TestSize|0.5|try 1 Model:|x0*(x0*(-0.0726843) + 0.98983854 + (-0.015181327 - 8.108206/(x1 + 2.7452905))/x0)**6|R2:|0.9949414300939406
$F_1$ Beam Energy|150|TestSize|0.5|try 2 Model:|1.4140608 + 2.06494/(-x0 - 1.3183413) + (-x0 - 1.6727885)/(((x1 + 0.511376637153831/x0**3)*0.11409508))|R2:|0.9945642514440277
$F_1$ Beam Energy|150|TestSize|0.5|try 3 Model:|x0*(0.52677625 - 0.056766655*x0**2) - (-(-1*(-0.053131323) - 0.004658953/x0**2) + 21.610048/x1)|R2:|0.992330548410492
$F_1$ Beam Energy|150|TestSize|0.5|try 4 Model:|x0*(x0*(-0.17354338) - 1*(-0.7061689)) - 1*0.01879031 - 8.292177e-5/(0.25250438 - x0)**2 - 20.97155/x1|R2:|0.9954715868444122
$F_1$ Beam Energy|150|TestSize|0.25|try 0 Model:|(x0**8/(x0 - 1*(-0.08181824) - 7.8181534/(-x1 - 2.1176994/x0**2))**8)*1.010065|R2:|0.9965888909190335
$F_1$ Beam Energy|150|TestSize|0.25|try 1 Model:|x0*(0.75953376 + x0*(-0.19606163)) - 1*0.027582102 - 1*0.019433707 - 19.309582/(-x0/0.050199512 + x1)|R2:|0.9939879652381917
$F_1$ Beam Energy|150|TestSize|0.25|try 2 Model:|(x0 + 0.36600855)*(x0**3*(-0.019226344) - 1*(-0.42988932)) - 23.615791/(x1 + 1.8209478) - 0.0355359/x0|R2:|0.9938559704723668
$F_1$ Beam Energy|150|TestSize|0.25|try 3 Model:|(x0 - 0.044448696)*(x0*(-0.18550597) + 0.7214791 - 5.6424525e-8/(x0**12)) - 20.313322/x1|R2:|0.9958207726605174
$F_1$ Beam Energy|150|TestSize|0.25|try 4 Model:|x0*(x0*(-0.23271336) + x1*(-0.00018424142) + 1.0175105 - 41.137188/(x0**4 + x1)) - 0.14296916|R2:|0.9862701576067571
$F_1$ Beam Energy|150|TestSize|0.15|try 0 Model:|(x0 - (-0.00023393947)*x1)*(x0*(-0.20763741) + 0.84047043 - 13.965274/(x0**4 + x1)) - 0.18009834|R2:|0.9892977498854797
$F_1$ Beam Energy|150|TestSize|0.15|try 1 Model:|x0*(x0*(-0.1898035) - 1*(-0.73897207)) - (-1*(-0.027474176) + 1.1964039e-5/((x0 - 1*0.21985263)**3)) - 22.509544/x1|R2:|0.9975605403220817
$F_1$ Beam Energy|150|TestSize|0.15|try 2 Model:|(0.7079688 + x0*(-0.17774205))*(x0 - 0.012376939/x0) - 22.57964/(x1 - (x0 + 0.5029571)**3)|R2:|0.9899984975934497
$F_1$ Beam Energy|150|TestSize|0.15|try 3 Model:|x0**8/(x0 + 0.081308626 - (-1)*7.3991303/(x1 + 0.9621232 + 0.68527/(x0 - 1.1474018)))**8|R2:|0.9920071203781125
$F_1$ Beam Energy|150|TestSize|0.15|try 4 Model:|(1.08695574964089*x0**2/(x0 - 1*(-0.21381311))**2 - 22.964718/(x1 + (x0 - 1*(-0.598744))**4 + 21.327967))**2|R2:|0.9932152380490671
$F_1$ Beam Energy|150|TestSize|0.1|try 0 Model:|x0*(0.5751575 + x0*(-0.1558632)) - 1*(-0.23498315) - 135.59755/(x0*(x1 - 2.325771) + 355.0785)|R2:|0.986728872696728
$F_1$ Beam Energy|150|TestSize|0.1|try 1 Model:|1.04821073076897*x0**6/(x0 + 0.11823556 + 9.799362/(-16.279778*x0 + x1 + 0.99218327))**6|R2:|0.9901371429499949
$F_1$ Beam Energy|150|TestSize|0.1|try 2 Model:|x0**2*(-0.16525084) + x0/1.4605778 - 21.443338/(-x0**4 + x1) - 0.0028057394/x0**2|R2:|0.9904626354591577
$F_1$ Beam Energy|150|TestSize|0.1|try 3 Model:|1.02566538276814*(x0 - 0.031019282)**4/(x0 + 0.13847277 + 16.492067/(x1 - 0.13816626/(x0 - 1*1.1634724)))**4|R2:|0.9974352291145625
$F_1$ Beam Energy|150|TestSize|0.1|try 4 Model:|x0*0.58819354 + (-x0**4 - 0.5303254)*44.32001/(x1 + (0.8189865 - x0/(-0.2082772))**3)|R2:|0.9935768031033352
$F_1$ Beam Energy|150|TestSize|0.05|try 0 Model:|1.02264459039146*(0.034273952 - x0)**4/(x0 + 0.1332981 - (-1)*16.392256/(x1 + 0.244745/(0.30533427 - x0)))**4|R2:|0.9529720497664509
$F_1$ Beam Energy|150|TestSize|0.05|try 1 Model:|-(x0*(x0*0.23016605 - 0.8338593) + 25.181328/(x1 + (x0 - 1*2.4059372)**6)) - 0.07343391|R2:|0.9773654261191046
$F_1$ Beam Energy|150|TestSize|0.05|try 2 Model:|(x0 - (-0.26341006)*(-x0**2 + x1*(-1*(-0.0017154382) - 2.122691e-8/x0**8)) - 0.2769966)*0.7471892|R2:|0.9946408636636641
$F_1$ Beam Energy|150|TestSize|0.05|try 3 Model:|(x0 - 0.00803229/x0**2)*(x0*(-0.17116165) + 0.6936824 - 22.251482/(x0*x1 + 2.1721005))|R2:|0.979769536167475
$F_1$ Beam Energy|150|TestSize|0.05|try 4 Model:|x0*(x0*(-0.17269613 - 0.034373082/(x0 - 0.23768242)) + 0.7351953) - 21.697563/(-x0**3 + x1)|R2:|0.9955513432334676
$F_1$ Beam Energy|250|TestSize|0.5|try 0 Model:|-(-0.98064893 - (-1)*0.26688612/x0)**3 + (x0**4 + x1 + 0.5252889/((0.23935793 - x0)**4))*0.0004332436|R2:|0.9960217031683417
$F_1$ Beam Energy|250|TestSize|0.5|try 1 Model:|(x0 - 1*0.19573937 - 0.27974802*(x0 + x1 + 110.99039)**2/(-52.66666 - x1/x0)**2)/0.84887695|R2:|0.9970188128654066
$F_1$ Beam Energy|250|TestSize|0.5|try 2 Model:|x0*((x0**4 - x0 - x1)*x0*0.0005544733 + x1*0.0010250078 + 0.43703794) - 0.08933842|R2:|0.9946300872146867
$F_1$ Beam Energy|250|TestSize|0.5|try 3 Model:|(x0 - 0.15220216)*((-x1 + (x0**4 + 0.42840937)*13.2490635)*(x0*0.000578445 - 0.0011396479) + 0.42350832)|R2:|0.9960865763508897
$F_1$ Beam Energy|250|TestSize|0.5|try 4 Model:|x0*(x0*(-0.29504982) + 1.1165788 - 52.03066/(x1 + (x0**4 + 6.9959483)**2)) - 0.18084377|R2:|0.9967189210366607
$F_1$ Beam Energy|250|TestSize|0.25|try 0 Model:|x0*(x0*(-0.17935638) - 1*(-0.78373) - 140357.050981926/x1**3) + x1*0.00032141048 - 0.20308569|R2:|0.995801122288544
$F_1$ Beam Energy|250|TestSize|0.25|try 1 Model:|x0*0.19054167 + (x0**4 + 4.679371)/(x0**3*x1/(-16.838867) - 10.81191) + 0.505571|R2:|0.9975272830333054
$F_1$ Beam Energy|250|TestSize|0.25|try 2 Model:|x0*(-(x0*0.24064495 - 1*1.0045737) - 31.648003/(0.714646559946191*x0**8 + x1)) - 0.16145818|R2:|0.996447874828462
$F_1$ Beam Energy|250|TestSize|0.25|try 3 Model:|(-0.99807566 - (-0.17001708 - 18.06104/(x1 + 3.3119695 - x0/(0.22780205/x0)))/x0)**4 - 1*(-0.15064287)|R2:|0.9965566100200408
$F_1$ Beam Energy|250|TestSize|0.25|try 4 Model:|(x1 + 0.0070959951555529/(x0**3 - 1.6435008)**2)*0.00042819337 + (0.15466289 - x0)**6/x0**6|R2:|0.9961883675343758
$F_1$ Beam Energy|250|TestSize|0.15|try 0 Model:|x0*(0.6209675 - 0.067627914*x0**2) + (x0**8 + x1)*0.00041325382 - 0.18544887|R2:|0.9970321564613981
$F_1$ Beam Energy|250|TestSize|0.15|try 1 Model:|(-1.1484577134277*x0**4/(-x0 - 0.10178415)**4 - 1.2950188*(-17.344304299575/(x1 - (-1)*1.332495/(x0**4))))**2|R2:|0.9976073181236459
$F_1$ Beam Energy|250|TestSize|0.15|try 2 Model:|x0*((x0 + (x1 - 0.041860443)*0.0013049664)/(x0**2 + 1.0815859) - 1*(-0.10106984))/1.4729184 - 0.028738342|R2:|0.996685477482384
$F_1$ Beam Energy|250|TestSize|0.15|try 3 Model:|x0*(1.0283537 - 0.25586367*(x0 + 125.39272/(x1 + (x0**4 + 1.4911702)**2))) - 1*0.17095266|R2:|0.9945930743125873
$F_1$ Beam Energy|250|TestSize|0.15|try 4 Model:|x0*(0.677578 - 0.14987531*x0) + x1/1885.7114 - 0.1618595 - 0.00011215014*x1/x0|R2:|0.9967677303821774
$F_1$ Beam Energy|250|TestSize|0.1|try 0 Model:|(0.9155935 - 0.4102245/x0)**2 + (x1 + 0.29735908/(x0 - 1.1144564))*0.00041153282 + 0.1158109|R2:|0.9992779120232169
$F_1$ Beam Energy|250|TestSize|0.1|try 1 Model:|x0*x0/((x0 - 1*0.080320016 + 94.85758/(x0 + x1 + 70.79451))**2 + 0.63422453)|R2:|0.9945397667560719
$F_1$ Beam Energy|250|TestSize|0.1|try 2 Model:|-(-0.00042601104)*x1 + (-0.9950039 + 0.216976/x0)**4 + 2.0515472e-6/((3.660148930283*x0**16))|R2:|0.996722262119901
$F_1$ Beam Energy|250|TestSize|0.1|try 3 Model:|-(-0.0004409774 + 1.2004869e-5/(x0**4))*(x0 + x1) + (-1*(-0.8893504) - 0.437179/x0)**2 + 0.16034007|R2:|0.9978878338237174
$F_1$ Beam Energy|250|TestSize|0.1|try 4 Model:|(0.93066865 - 22.418873/(x0*x1*0.61183834 + 8.362281) - 0.28443354/x0)**2 - 1*(-0.21945447)|R2:|0.9987275681830635
$F_1$ Beam Energy|250|TestSize|0.05|try 0 Model:|0.00044272045*x1 + (0.98219216 - 0.2692547/x0)**3 + 7.21300490133444/(x0**8*(x1 + 1.4994532)**2)|R2:|0.9981091936376376
$F_1$ Beam Energy|250|TestSize|0.05|try 1 Model:|x0*(-0.18899414*x0 + 0.81411403 - 42.776943/(-x0**3 + x1*(x0 - 1*0.087447055) + 53.988804))|R2:|0.9944999136287004
$F_1$ Beam Energy|250|TestSize|0.05|try 2 Model:|(1.0020753 - 0.3196327/x0)**3 - (9.219527*x0/(0.955351*x1) - 0.0002820949*x1 - 1*0.1247647)|R2:|0.9943035167539982
$F_1$ Beam Energy|250|TestSize|0.05|try 3 Model:|x0*(x0*(-0.18966359) - 1*(-0.79523295)) + (x1 + (-x0**4 + x0**3)**2)*0.00039721598 - 1*0.23241265|R2:|0.9911071163532579
$F_1$ Beam Energy|250|TestSize|0.05|try 4 Model:|(-1*0.9158363 + 0.4097385/x0)**2 - ((x1 + 0.5571757/(x0 - 1.2379458/x0))*(-0.0004041962) - 1*0.11796271)|R2:|0.9929935522736347
$F_1$ Beam Energy|400|TestSize|0.5|try 0 Model:|x1**2*2.8773482e-7 + ((7.7903275/(x1 - 1*7.7903275) + (0.16059457 - x0)/x0)**3 - 0.14516194)**2|R2:|0.99691440398211
$F_1$ Beam Energy|400|TestSize|0.5|try 1 Model:|(1.0744729 - 21.159506/(x1 + (x0 + 0.64390826)**2*(-2.3204224)) - 0.2852042/x0)**3 - 1*(-0.12531611)|R2:|0.9970728907986331
$F_1$ Beam Energy|400|TestSize|0.5|try 2 Model:|(1.0522757 - 9.227221/x1 - 0.13175847/x0)**6|R2:|0.9962433573532262
$F_1$ Beam Energy|400|TestSize|0.5|try 3 Model:|(-0.987393141817227*x0**3/(-x0 - 0.13065794)**3 + 0.22322474 - 27.851234/(105.54194 + x1/x0))**4|R2:|0.9962396156293459
$F_1$ Beam Energy|400|TestSize|0.5|try 4 Model:|(1.0785321 - 23.363846/(x1 - 0.95794624 + 1.0189573/(x0 - 0.68940175)) - 0.29301983/x0)**3 + 0.13841972|R2:|-9.133064678704658
$F_1$ Beam Energy|400|TestSize|0.25|try 0 Model:|x0*0.65761566 - (0.03992945 + 22.435343/(-x0**3 + x1/(x0**4 + 1.0547278) + 32.536743))|R2:|0.9977352056317789
$F_1$ Beam Energy|400|TestSize|0.25|try 1 Model:|((x0**4 - (x1**3*1.7249479e-6 - x1))*0.0017210484 + 0.6684995)/(x0/(x0**3) + 1.241098)|R2:|0.9978008468013666
$F_1$ Beam Energy|400|TestSize|0.25|try 2 Model:|x0*(x0*(-0.21357894) + (0.0011296389 + x1*(-1.2459453e-6))*(x0**4 + x1) - 1*(-0.64750147)) - 1*0.17141882|R2:|0.9951913054025486
$F_1$ Beam Energy|400|TestSize|0.25|try 3 Model:|(1.0750009 - 19.78445/(-x0*x0*x0 + x1 + 28.62052) - 0.21683882/x0)**4 - 1*(-0.08894376)|R2:|0.9981178452829471
$F_1$ Beam Energy|400|TestSize|0.25|try 4 Model:|(-1.0701159 + 17.43561/(x1 + 3.9295433/(0.90954065*x0)) + 0.2238078/x0)**4 + 0.10498306|R2:|0.9975851150421139
$F_1$ Beam Energy|400|TestSize|0.15|try 0 Model:|(1.0856657 - (-(-0.0069879196)*x0 + 17.10861/(x0*x0 + x1) - (-1)*0.22932664/x0))**4 - 1*(-0.100619085)|R2:|0.9952263066717656
$F_1$ Beam Energy|400|TestSize|0.15|try 1 Model:|x0*(x0*(-0.26817018) + (1.21188600811309*x0**4 + x1)/(x1 + 45.589634) + 0.09800185) - 1*0.20977703|R2:|0.997244991333225
$F_1$ Beam Energy|400|TestSize|0.15|try 2 Model:|x0/(x0 - 0.24266507 + 143.39111/x1 - (-1)*0.7917313/x0 + 0.00221813835389423/x0**6)|R2:|0.9979902432705705
$F_1$ Beam Energy|400|TestSize|0.15|try 3 Model:|x0*(x0*(-0.14230552) + 0.75974834 - 29.938776/(x1 - 1*0.16348742)) - 0.032445792/(x0**4 + 0.32861054)|R2:|0.9973177568067576
$F_1$ Beam Energy|400|TestSize|0.15|try 4 Model:|x0**2/((x1*(-0.090707615))) + (0.80422163 - 0.15708925*x0)*(x0 + x1*0.0004031103 - 1*0.31076065)|R2:|0.994105670499753
$F_1$ Beam Energy|400|TestSize|0.1|try 0 Model:|(-22.61505/(x1 + 511.44055/(x0*x1)) + (0.2658331 - x0)*(-1.0769917)/x0)**3 - 1*(-0.12730497)|R2:|0.997116352522482
$F_1$ Beam Energy|400|TestSize|0.1|try 1 Model:|x0**3/(0.8636156*(x0 + ((x0 - 0.10437337)*1.0639191 - (-1)*45.400856/(-x0**2 + x1))**3))|R2:|0.9972042526079822
$F_1$ Beam Energy|400|TestSize|0.1|try 2 Model:|(0.30282393 - x1*(x0*0.00034274385 - 0.0008371939))*(x0 - 0.13434388/(x0**4 + x0)) - 1*(-0.067278005)|R2:|0.9986856296076325
$F_1$ Beam Energy|400|TestSize|0.1|try 3 Model:|(x0 - 0.24110508)/(0.174084085585823*(x0 + 0.29518467 + 162.11147/(x0**4 + x1))**2 + 0.95516604)|R2:|0.9970561477231146
$F_1$ Beam Energy|400|TestSize|0.1|try 4 Model:|x0/((x0 + 166.4981/x1 + 0.65993094/x0)*0.91414213 + 0.0226546491221334/x0**4) + 0.004787627|R2:|0.9947408018847962
$F_1$ Beam Energy|400|TestSize|0.05|try 0 Model:|(x0 + 0.5079276)*(x0*(-0.13747737) + x1*0.00026936523 - 1*(-0.61601126) - 0.26472902/(x0 - 1*(-0.12191121)))|R2:|0.9937712341473882
$F_1$ Beam Energy|400|TestSize|0.05|try 1 Model:|x0*(x0*(-0.24462576) - 1*(-1.0454544) - 31.36826/(x1 + (-x0**4 + x0**2)**2)) - 1*0.20291097|R2:|0.9991051651622744
$F_1$ Beam Energy|400|TestSize|0.05|try 2 Model:|x0*(x0 - (-164.59492/x1 - 0.042761307/x0**3) + 0.5414788)*(-0.18393806) + x0 - 0.11671027|R2:|0.9933103758430576
$F_1$ Beam Energy|400|TestSize|0.05|try 3 Model:|x0*(0.8884484 - (-0.0007309247)*(-x0**2 + x1))/(x0 + 1.1998024/(x0 + 0.62674433)) - 1*0.14820951|R2:|0.9987899367539796
$F_1$ Beam Energy|400|TestSize|0.05|try 4 Model:|((x0 - 1*0.14006953)**6/(x0**6*(0.85736054 - (-1)*11.485353/(x1 + 1.1824452))**6))*0.5677681 - 1*(-0.04792041)|R2:|0.9990536586540973
$F_1$ Beam Energy|600|TestSize|0.5|try 0 Model:|x1*(-5.7718773e-7)*(-x1 - 7.798738e-5) + (1.00477 - 0.23658842/x0)**4 - 1*(-0.04781923) - 1*(-0.05892136)|R2:|0.9903979749914326
$F_1$ Beam Energy|600|TestSize|0.5|try 1 Model:|((-24.140661/(x1 - 0.66611654/(0.8748203 - x0)) + (x0 - 0.4048824)/x0)**2 - 1*(-0.21468642))/0.9407755|R2:|0.9800638809383835
$F_1$ Beam Energy|600|TestSize|0.5|try 2 Model:|0.05535747*(x0 - 2.389076)**3 - (-(x0**8/x1**2 + x1*x0*0.00035349638) - 0.5480124)|R2:|0.9926309231116976
$F_1$ Beam Energy|600|TestSize|0.5|try 3 Model:|x1**2*6.315958e-7 + (x0 - 0.027687725)**8*(x0/x1 - 1*1.0276972)**8/(x0 + 0.10139909)**8|R2:|0.990458591816392
$F_1$ Beam Energy|600|TestSize|0.5|try 4 Model:|x1*0.00027760924 + (-1*(-1.004858) - 0.25783354/x0)**4 - 1*(-0.10909971) + 0.00082495844/(x0 - 1.1060085/x0)|R2:|0.9833053109364734
$F_1$ Beam Energy|600|TestSize|0.25|try 0 Model:|x0*(x0*(-0.16117127) + (x0*x0**4 + x1)*0.00033358103 + 0.6048459) - 0.04106288/x0|R2:|0.9928243157612126
$F_1$ Beam Energy|600|TestSize|0.25|try 1 Model:|-(-0.00040712964)*x1 + (-1.007715 + 0.1536321/x0)**6 + 0.0003568637/(-x0**4 + 1.1193846/x0)|R2:|0.9955033834236517
$F_1$ Beam Energy|600|TestSize|0.25|try 2 Model:|x0*((0.23229055 + x0**12*(-5.4780085e-6))*(-x0 + x1*0.00153622) + 0.7930297) - 0.16048549|R2:|0.9890993747639498
$F_1$ Beam Energy|600|TestSize|0.25|try 3 Model:|x0*(x0**8*9.121034e-5 - (-(-0.2152088)*x0 + x1*(-0.0003280454) - 1*0.76665926)) - 0.14411995|R2:|0.995412943972028
$F_1$ Beam Energy|600|TestSize|0.25|try 4 Model:|(1.0014707 - 0.2522052/x0)**4 - ((x1 - 0.746715/(x0**3 - 1*1.0689293))**2*(-6.3705465e-7) - 0.13241763)|R2:|0.9909684794513326
$F_1$ Beam Energy|600|TestSize|0.15|try 0 Model:|(x0 - 1*0.38752577)*(x0*(-0.13090059) - 1*(-0.553456) - (-1)*0.0006416712/(x0/(x0**4 + x1))) - 1*(-0.1290185)|R2:|0.9847413386796164
$F_1$ Beam Energy|600|TestSize|0.15|try 1 Model:|x0*(x0**8*0.00014814446 + x0*(-0.24028292) + x1*0.00034384165 - 1*(-0.8078486)) - 1*0.16352361|R2:|0.9920165743852535
$F_1$ Beam Energy|600|TestSize|0.15|try 2 Model:|x0*(x0*(-0.29333696) + 1.5370561 - 813.2433/(x1 + (x0 + x0)**4 + 1172.6846)) - 1*0.18843573|R2:|0.9780485014280813
$F_1$ Beam Energy|600|TestSize|0.15|try 3 Model:|x1*(0.0004120949 - 0.00016672023/(x0 + 0.06216664))*1.6209756 + (0.9222593 - 0.30287132/x0)**3 + 0.14711656|R2:|0.9789641408347296
$F_1$ Beam Energy|600|TestSize|0.15|try 4 Model:|x0*(x0*(-0.14476943) - 107.952644/(x0**4 + 275.20636 + x1/x0)) + x0 - 1*0.16342089|R2:|0.9902880743229032
$F_1$ Beam Energy|600|TestSize|0.1|try 0 Model:|(x0*1.0363755/(x0 - 1*(-0.08340365)) + (-x0 - 4.1832805)/(x1 - 1*(-5.091867)))**12 - 1*(-0.036769643)|R2:|0.9773905371593052
$F_1$ Beam Energy|600|TestSize|0.1|try 1 Model:|x0*(-0.08392738*x0 + x1*0.00034186794 + 0.36247188) + 0.17312461 + 0.07064185/(-x0**4 - 0.4321048)|R2:|0.9928396015816107
$F_1$ Beam Energy|600|TestSize|0.1|try 2 Model:|(x0 - 1*0.1752765)*(-0.21125284*x0 + 0.93032336 - 31.124468/(x1 + (x0 - 1*0.49962205)**12))|R2:|0.9885319243563072
$F_1$ Beam Energy|600|TestSize|0.1|try 3 Model:|(-9.142085*(x0 - 1*(-0.5331844))/(x1 + 4.1701055) + 1.1997821 - 0.49327278/(x0 - 1*(-0.3889923)))**3|R2:|0.995316058856366
$F_1$ Beam Energy|600|TestSize|0.1|try 4 Model:|(-0.21964622*x0**2 + x0)*((x0**3 + x1)*0.00046739934 - 1*(-0.54452556) - 0.039147627/x0**2)|R2:|0.9986219825667608
$F_1$ Beam Energy|600|TestSize|0.05|try 0 Model:|x0*((1.43378751062516*x0**6 + x1)*0.0023594645 + 3.249978)/(x0**2 + 5.370835) - 1*0.11605346|R2:|0.9987486609550694
$F_1$ Beam Energy|600|TestSize|0.05|try 1 Model:|(-1.0610228 - (-1)*16.978317/(x1 - 0.65314984/(x0**4 - 0.56688946)) - (-1)*0.22931583/x0)**4 + 0.14915995|R2:|0.9755947755447932
$F_1$ Beam Energy|600|TestSize|0.05|try 2 Model:|x0*(-0.16202381*x0 - (x0**4 + x1 - 1*0.6039694)/(-2897.444) + 0.60389316) - 0.04118011/x0|R2:|0.9922723835155496
$F_1$ Beam Energy|600|TestSize|0.05|try 3 Model:|x0*(-(-1)*1.0898513/((-0.081809685 - 1.0427012/x0)*(x0 + 0.05223947)) + 8.2957535/x1)**6|R2:|0.9757656887439495
$F_1$ Beam Energy|600|TestSize|0.05|try 4 Model:|x0*(0.7737703 - (x0*0.22219637 + (0.0190278331508861*x0**12 + x1)*(-0.00035121938))) - 1*0.15094541|R2:|0.8193124781888325
$F_1$ Beam Energy|800|TestSize|0.5|try 0 Model:|(-(1.0835321 - 9.354676/(x1/(x0 + 0.16691756) + 3.5492887)) + 0.20336178/x0)**6 - 1*(-0.18536726)|R2:|0.9971971436110477
$F_1$ Beam Energy|800|TestSize|0.5|try 1 Model:|(x0 + 0.27003807)*(x0*(-0.1378864) + x1*0.00032759772 - 1*(-0.53755873)) - 0.09305866*0.96269786/x0|R2:|0.995636370306682
$F_1$ Beam Energy|800|TestSize|0.5|try 2 Model:|x0*(x0*(-0.3371643) - 1*(-1.1563836) - 29.365501/(x1 + 1.3732637)) - (x0**4*(-0.0129030505) - 1*(-0.18547583))|R2:|0.9971009856458685
$F_1$ Beam Energy|800|TestSize|0.5|try 3 Model:|1.7515497 - (x1 - 1*1.0311639)/(((x0 - 1*(-1.1840829))/(-2.4573772))*(-x1 + 1.90521689492535*(x0 - 1*(-1.2047089))**3))|R2:|0.9966732137213664
$F_1$ Beam Energy|800|TestSize|0.5|try 4 Model:|x0*(-(x0**3*(-0.011485937) + x0*0.3316126 - 0.1528939) - 30.215864/x1) - (0.18193708 - x0)|R2:|0.9968749074489879
$F_1$ Beam Energy|800|TestSize|0.25|try 0 Model:|x0*(-(-0.063459225)*x0**2 - (x0*0.44930482 - 1.2408125) - 30.068785/(x1 + 0.5187724)) - 1*0.20688827|R2:|0.9973558928507185
$F_1$ Beam Energy|800|TestSize|0.25|try 1 Model:|(x0 - 1*0.19602849)*(x0*(x0*0.05851993 - 0.419987) + 1.1553131 - 33.491497/(-x0**4 + x1))|R2:|0.998124574554181
$F_1$ Beam Energy|800|TestSize|0.25|try 2 Model:|((0.9239367 - 11.932673/(x1 - (x0 + x0)**3) - 0.19068061/x0)**4 - 1*(-0.08491358))*1.7411926|R2:|0.9975371149103149
$F_1$ Beam Energy|800|TestSize|0.25|try 3 Model:|x1*(0.00052224024 - 0.0004318049/(x0**2 + 0.78552586)**2) + (0.9446727 - 0.22434586/x0)**4 - 1*(-0.16033615)|R2:|0.9944093657336682
$F_1$ Beam Energy|800|TestSize|0.25|try 4 Model:|x0**3*(-0.026238313 - 13.4307165/(x1 + 0.7608768/(x0 - 1*0.49933973)) + 1.3191174/(x0 + 0.48395753))**3|R2:|0.9982214495244488
$F_1$ Beam Energy|800|TestSize|0.15|try 0 Model:|x0*0.6629931 + (-x0**4 - 1.1048982)/(x0**4 + x1/26.405025 + 3.6940312) - 1*(-0.014720133)|R2:|0.997262963971896
$F_1$ Beam Energy|800|TestSize|0.15|try 1 Model:|(x0 - 1*0.18770678)*(-(-0.04671121)*x0**2 + x0*(-0.37715238) - 1*(-1.0997885) - 33.436752/x1)/0.9757999|R2:|0.9989057118687753
$F_1$ Beam Energy|800|TestSize|0.15|try 2 Model:|(0.9143513 + 99.18252/(x0 - 135.21516 - 0.73302495*(x1 + 98.74502)/(x0**2)))*(x0 - 0.19963402)|R2:|0.9949451951531609
$F_1$ Beam Energy|800|TestSize|0.15|try 3 Model:|(x0 - 0.12222892/x0)*(x0*(-0.15370178) - 1*(-0.7649351) - 31.24504/(-x0**4 + x1)) + 0.102056526|R2:|0.9984406672283584
$F_1$ Beam Energy|800|TestSize|0.15|try 4 Model:|(x0 - 0.19077986)*((x0*(-0.15773693) - 1*(-0.9526339))**3 + 0.29003057 - 34.637886/(x1 - (x0 + x0)))|R2:|0.9972798054482491
$F_1$ Beam Energy|800|TestSize|0.1|try 0 Model:|(x0 - 0.19559282)*(x0*0.055608593 + (1.0508785 - 0.14602481*x0)**3 - 34.60469/(x1 - 0.36554787))|R2:|0.9986077615161052
$F_1$ Beam Energy|800|TestSize|0.1|try 1 Model:|((x1 - (x0 - 0.40353584)**6)*0.0003284034 + 0.3542516)*((-1.3970352 + 0.5570026/x0)**2 + 0.49930155)|R2:|0.9976391734870863
$F_1$ Beam Energy|800|TestSize|0.1|try 2 Model:|x0**4*(0.015646368 + 12.709185/(x0/0.068548575 + x1) - 1.2197478/(x0 + 0.3552771))**4 + 0.039888345|R2:|0.998505652386247
$F_1$ Beam Energy|800|TestSize|0.1|try 3 Model:|(x0 - 1*0.17501153)*(x0**4*x1*8.6095415e-6 + x0*(-0.27971777) + 1.0488261 - 32.511925/x1)|R2:|0.9991041738160104
$F_1$ Beam Energy|800|TestSize|0.1|try 4 Model:|((x1 + (x0 - 1*1.4511942)**8/x0**8)*0.00024476918 + (x0 - 0.097199254)**4/x0**4)**2|R2:|0.9954288614873693
$F_1$ Beam Energy|800|TestSize|0.05|try 0 Model:|(x0 - 0.18706802)*((1.2265409 + x0*(-0.17982183))**3*0.50844 - 1*(-0.2358298) - 36.527573/x1)/1.0363849|R2:|0.9937602395400874
$F_1$ Beam Energy|800|TestSize|0.05|try 1 Model:|x0*0.8092674 - 2.1147*(0.062206373 + 8.959148/x1)*((x0 - 1*(-0.04323427))**3 + 0.21553163)/x0|R2:|0.9984614100894768
$F_1$ Beam Energy|800|TestSize|0.05|try 2 Model:|x0*(x0*(-0.16360223) + x1*0.00036995043 + 0.60268533 - 0.0090435445/(x0**4 + 0.22677377)**2)|R2:|0.998618232607344
$F_1$ Beam Energy|800|TestSize|0.05|try 3 Model:|x0**2*(-1*0.19305642 - 5.367994/(x0**4 + x0**2 + x1*0.19016415)) + x0 - 0.17022127|R2:|0.9885018363977662
$F_1$ Beam Energy|800|TestSize|0.05|try 4 Model:|(x0 - 0.028195243 - 0.102656625/x0)*(x0*(-0.16661659) + 0.79931754 - 32.5765/x1) + 0.091257185|R2:|0.998460302416167
$F_1$ Beam Energy|1000|TestSize|0.5|try 0 Model:|(0.20071372 + 0.82245828709442*(x0 - 0.36109692)**2/(x0**2*(0.77898103 + 45.49278/(x0 + x1))**2))*0.940699|R2:|0.9955903350086353
$F_1$ Beam Energy|1000|TestSize|0.5|try 1 Model:|(x0 + 0.5827377)*(x0*(-0.08326919) + x0/((x1/(-18.233315))) - 1*(-0.6777171) - 0.18650945/x0)|R2:|0.9959045058037405
$F_1$ Beam Energy|1000|TestSize|0.5|try 2 Model:|(1.056257 - 15.71489/(-x0*x0*x0*x0 + x1) - 0.2048516/x0)**4 - 1*(-0.14504616)|R2:|0.9951668072876967
$F_1$ Beam Energy|1000|TestSize|0.5|try 3 Model:|(x0 - 0.007183825/(x0**4))*(x0*(-0.16624358) - (x1 - (-(-0.00040123178)*x1 + x1)) + 0.59604555)|R2:|0.9965315229893729
$F_1$ Beam Energy|1000|TestSize|0.5|try 4 Model:|x0*((0.48895702 - 0.082916565*x0)*(-x0 + x1*0.0009520336 - 1*0.02131541) + 1.0621561) - 0.21594216|R2:|0.9959690599819658
$F_1$ Beam Energy|1000|TestSize|0.25|try 0 Model:|-(-0.5635118)*x0 - 1*(-0.07367657) + (x0**3 + 0.5741282/x0)/(((x0**4 + x1)/(-17.390331)))|R2:|0.9939336291888018
$F_1$ Beam Energy|1000|TestSize|0.25|try 1 Model:|x0*((x1 + (0.8657329 - x0)**4)*0.00039250404 - 1*0.3609566) + 2.4661057 - 4.2994986/(x0 - 1*(-1.5653157))|R2:|0.9963036521688301
$F_1$ Beam Energy|1000|TestSize|0.25|try 2 Model:|(4.31606697052747*x0**4 + x1 + 967.5013)/(1470.8625 + 849.67834/(x0**2 + 0.86889166/x1))|R2:|0.9980096027478547
$F_1$ Beam Energy|1000|TestSize|0.25|try 3 Model:|(x0 - 0.033204827/x0**2)*(-0.1575506*x0 + 0.7900625 - 29.582937/x1) - 1*(-0.032712083)|R2:|0.9949855704812377
$F_1$ Beam Energy|1000|TestSize|0.25|try 4 Model:|(x0 + x0 - 1*0.3635551)*(x0*(x0*0.031377483 - 0.2150228) + 0.5826746 - 18.715235/x1)|R2:|0.9969075854270054
$F_1$ Beam Energy|1000|TestSize|0.15|try 0 Model:|(x0 - 0.15173793/x0)*(-0.1472323*x0 - 1*(-0.7383296) - 35.982407/(x0**3 + x1)) - 1*(-0.1493853)|R2:|0.9972496106585871
$F_1$ Beam Energy|1000|TestSize|0.15|try 1 Model:|(-1*1.0621125 + 16.055267/(x1 - (-x0 - 0.6019766)**4 + 2.3340223) - (-1)*0.20764728/x0)**4 - 1*(-0.14321105)|R2:|0.9882995050833269
$F_1$ Beam Energy|1000|TestSize|0.15|try 2 Model:|(x0 + (x0**3 + 0.7992487/x0)*(-29.658981)/(x1 - 1*(-0.14289726) + 16.897602) + 0.17769642)*0.5409621|R2:|0.9969896208754229
$F_1$ Beam Energy|1000|TestSize|0.15|try 3 Model:|(x0 - 0.18422943/x0)*(x0*(-0.14308026) + 0.71979773 - 37.56366/(x0**4 + x1)) + 0.18180604|R2:|0.997388522515267
$F_1$ Beam Energy|1000|TestSize|0.15|try 4 Model:|(-(-9.846034/(-11.0866*x0*x0 + x1) - 0.14024085/x0) - 1.0472294)**6 - 1*(-0.109224804)|R2:|0.9972390909387091
$F_1$ Beam Energy|1000|TestSize|0.1|try 0 Model:|(x0 - 1*0.20064415)*(x0*(x0*0.08054646 - 0.49615705) - 1*(-1.2348083) - 38.820618/x1) + 0.00035609782|R2:|0.9925890978867121
$F_1$ Beam Energy|1000|TestSize|0.1|try 1 Model:|-x0/x1 - x1*(-0.00078053604 + 0.00035878745/x0) + (0.92029464 - 0.22207555/x0)**4 - 1*(-0.18647952)|R2:|0.9967957814238995
$F_1$ Beam Energy|1000|TestSize|0.1|try 2 Model:|(0.4754873 + x0*(-0.08324328))*(x0 + x1*0.0022172958 + 0.051787525 - 0.0010744917*x1/x0)|R2:|0.9946879989442494
$F_1$ Beam Energy|1000|TestSize|0.1|try 3 Model:|(x0 - 1*(-0.44623217) - 0.1831315/x0)*(x0*(-0.12220123) + x1*0.0003195589 + 0.5005768) - 0.053079147|R2:|0.9979916155698356
$F_1$ Beam Energy|1000|TestSize|0.1|try 4 Model:|((x0/(((x0 + 0.10313095)*1.0298302)) - (x0 + 1.0972234)/(x1*0.3830352))**3 + 0.22112058)**4|R2:|0.998829709848789
$F_1$ Beam Energy|1000|TestSize|0.05|try 0 Model:|x0*0.5209962 - ((x0**3 + 1.9249887)*(9.498189/x1 + 0.03604675*1.1612974/x0) - 1*0.243004)|R2:|0.9972544314840218
$F_1$ Beam Energy|1000|TestSize|0.05|try 1 Model:|(1.0710733 + 3.0506518/(x1*(-0.13744026) - 2.3391678/x0**2) - 0.255192/x0)**3 + 0.13655601|R2:|0.9947773623336695
$F_1$ Beam Energy|1000|TestSize|0.05|try 2 Model:|(0.8045218 - 0.1454869/x0)**2 + (0.93697464 - 44.040874/x1 - 0.2727374/x0)**3 - 0.021838112|R2:|0.9923214144651487
$F_1$ Beam Energy|1000|TestSize|0.05|try 3 Model:|0.12482175 + (x0 - 0.19730571)**4/(x0**4*(-x0/x1 - 0.92767334 - 18.817879/(x1 + 1.0076395))**4)|R2:|0.9940234020280687
$F_1$ Beam Energy|1000|TestSize|0.05|try 4 Model:|(0.6468061 - (-0.00085316855)*(x1 - 1*0.0008532816))*(x0 - 0.31309542)/((x0*0.31789958 + 0.8557148)**2) - 1*(-0.0971532)|R2:|0.9963199768553468
$F_1$ Beam Energy|1200|TestSize|0.5|try 0 Model:|(x0*0.00047076307*x1 + x0*(-0.40039623) - 4.372441/(x0 + 1.590391))*1.0031509 - 1*(-2.4837687)|R2:|0.9923696848064162
$F_1$ Beam Energy|1200|TestSize|0.5|try 1 Model:|(0.02292118 - (25.856571/(-x0 + x1 - 1.4648378) - 1.2606139/(x0 - 1*(-0.39229906))))**2*(0.1272444 - x0)**2|R2:|0.9963486638940802
$F_1$ Beam Energy|1200|TestSize|0.5|try 2 Model:|(x0*(-2.30778)/(-x0 - 1.653403) - x0/(0.9878258*(x1*0.05726223)))**3/((x0/1.0029176))|R2:|0.9907617610541686
$F_1$ Beam Energy|1200|TestSize|0.5|try 3 Model:|-x0**3/((x0 + 0.38250613)**2 + (x0**4 + x1)/147.66933) + x0*0.9874105 - 0.19934176|R2:|0.9927921367153856
$F_1$ Beam Energy|1200|TestSize|0.5|try 4 Model:|(x0 - 1*0.20522644)*((0.9514382 - 0.19399396*x0)**3 + (x0 + x1 + 1.113867)*0.00059120526 + 0.053138603)|R2:|0.9899882753092222
$F_1$ Beam Energy|1200|TestSize|0.25|try 0 Model:|(-14.740526*x0/(x0*(x0 + x0) + x1) + 1.1849059 - 0.37251145/(x0 - 1*(-0.32934773)))**4|R2:|0.9974629515359078
$F_1$ Beam Energy|1200|TestSize|0.25|try 1 Model:|x0*0.57020503 + 0.060346697 + (x0**3 + 0.5539605/x0)/(((x0**4 + x1)/(-18.80544)))|R2:|0.9963436761099282
$F_1$ Beam Energy|1200|TestSize|0.25|try 2 Model:|((-x0/(x0*0.92463636 + 0.16535391) + (x0 + 0.68194383)/((x1*0.15996194)))**3 - 1*0.04574572)**2|R2:|0.9976123587384848
$F_1$ Beam Energy|1200|TestSize|0.25|try 3 Model:|(-1*1.0376289 + 8.1097/(-x0 + x1 + 0.5358081/(x0 - 1*0.75827813)) + 0.0848832/x0)**8|R2:|0.9890494485667262
$F_1$ Beam Energy|1200|TestSize|0.25|try 4 Model:|(x0 - 0.18107754)*(x0**4*0.0042675785 + x0*(-0.30783245) - 1*(-1.1116718) - 45.460323/x1)|R2:|0.9866502360403726
$F_1$ Beam Energy|1200|TestSize|0.15|try 0 Model:|(x0 - 1*0.21205495)*(x0*(x0*0.08873382 - 0.5269833) - 1*(-1.2718911) - 45.625626/(x1 + 3.5325751))|R2:|0.9937272440931282
$F_1$ Beam Energy|1200|TestSize|0.15|try 1 Model:|(x0 - 1*0.19302396)*(x0**3*0.01674105 - (-0.42852092)*(-x0/1.1791896 - 101.880135/x1) + 1.158094)|R2:|0.9839887617673795
$F_1$ Beam Energy|1200|TestSize|0.15|try 2 Model:|(0.013735039 - x0)*(-0.67589927) - 23.186737/((x0 + x1*0.9268554)/(x0**4 + 0.7752551) + 23.26304)|R2:|0.9972635273341817
$F_1$ Beam Energy|1200|TestSize|0.15|try 3 Model:|-x0*(x1*(-0.0004511527) + 0.17754136 + 1.0524307/x1) + (1.006589 - 0.26618904/x0)**3 + 0.173554|R2:|0.9982717471988953
$F_1$ Beam Energy|1200|TestSize|0.15|try 4 Model:|x0 - (x0**3/(x0**2 + x0/1.1594988 + (x1 - 1*0.30192652)*0.0062390156) + 0.19770144)|R2:|0.9967864784681607
$F_1$ Beam Energy|1200|TestSize|0.1|try 0 Model:|x0*(x0*(-0.21965414 - 37.8084/(10.9896603565781*x0**4 + x1)) + 1.0779274) - 1*0.19962102|R2:|0.9979562606961416
$F_1$ Beam Energy|1200|TestSize|0.1|try 1 Model:|x0*(-(-x0*(-1*0.14058939 - 0.0880133/x0**3) - 0.71063) - 34.97279/(x1 + 1.9470414)) + 0.1706089|R2:|0.9943967614418325
$F_1$ Beam Energy|1200|TestSize|0.1|try 2 Model:|(1.020318 + x0*(-0.07207094))**4*(x0**2*(-43.42458)/(x0**4 + x1) + x0 - 0.19183715)|R2:|0.9911516741941059
$F_1$ Beam Energy|1200|TestSize|0.1|try 3 Model:|-(-0.00043221345)*x0*x1 + x0/((x1*(-0.4394795))) - (0.9002677 + x0*(-0.4469499))**3 + 0.50451785|R2:|0.9970871775875046
$F_1$ Beam Energy|1200|TestSize|0.1|try 4 Model:|x0*0.718669 - (-1*(-0.037155643) + 20.642721/(x1 + (x0**2 + x0)**3))*(x0**3 - 1*(-0.75339454))|R2:|0.9980392167259055
$F_1$ Beam Energy|1200|TestSize|0.05|try 0 Model:|x0*(1.1038356 - x0*(0.23194528 + 37.447178/(x1 + (x0 + 0.4235999)**6))) - 0.2122451|R2:|0.997572180541102
$F_1$ Beam Energy|1200|TestSize|0.05|try 1 Model:|0.55927634*x0 - 18.008696*(x0**3 + 0.60902625/x0)/(x0**4 + x1) - 1*(-0.07023663)|R2:|0.9942823439634929
$F_1$ Beam Energy|1200|TestSize|0.05|try 2 Model:|(x0 - 1*0.18538763)*(x0*(-(-0.0035843907)*x0**3 - 0.21201177) + 0.73419297 - 28.687716/x1)*1.5359669|R2:|0.9980410601162508
$F_1$ Beam Energy|1200|TestSize|0.05|try 3 Model:|x1*(-1*(-8.305585e-5) + 1.2953534/(x1 + 158.32678 + (x1 + 0.6361701/(x0**3))/(x0*x0)))|R2:|0.9912751328803582
$F_1$ Beam Energy|1200|TestSize|0.05|try 4 Model:|0.81434723726161*((12.539138/(-24.9774103203453*x0**2 + x1) - (x0 - 1*0.18110268)/x0)**3 - 0.34999865)**2|R2:|0.9924862925163955
