F_1 Beam Energy|xy|TestSize|0.5|try 0 Model: |-0.005358517*x0**4 + (-x1 + 6.6795575e-10/((x0**4/x1**4)))*(-0.0006425055)*x0 - 1*(-0.21391611)|R2:|0.9364870321916454
F_1 Beam Energy|xy|TestSize|0.5|try 1 Model: |(3.3054514 - x0)**2*(-x0 + (x1 - 1*3.3172104)*(-(-0.0038920979)*x0 - 0.0021960186))*0.07572826 - 1*(-0.58334255)|R2:|0.9639248615964139
F_1 Beam Energy|xy|TestSize|0.5|try 2 Model: |(x0 - 1*4.868682)*(-x0*(0.028547676 + (-x1 + 0.02425629/(x0**16))*(-0.00017540119)) - 0.019484442)|R2:|0.6780144538987167
F_1 Beam Energy|xy|TestSize|0.5|try 3 Model: |(-1*(-0.0019888491) + (x1 - 1*(-2.383066))*(-2.1948133e-6)/x0)*(x0**3 + x1 + 0.41326475/(x0 - 1*0.5585861))|R2:|0.8957771307336723
F_1 Beam Energy|xy|TestSize|0.5|try 4 Model: |(0.45283487 - x0)*(-x0*(-x0**3 + x1*0.30775183) + x1 - 4.55827)*(-0.0016248907) - 1*(-0.20460203)|R2:|0.9680877807360495
F_1 Beam Energy|xy|TestSize|0.25|try 0 Model: |(x0 - 1*0.41333213)*(-(x0*(-0.053265553) + x1*(-0.0012266278)) + 0.1941652 + 0.053242452/(x0**3))/x0|R2:|0.9158074787800987
F_1 Beam Energy|xy|TestSize|0.25|try 1 Model: |(x0*(-0.14110295) + (x1 - 0.6421432/(x0 - 0.56454504))*0.0006489198 + 0.34539005)*x0*0.9707294|R2:|0.9892463091420064
F_1 Beam Energy|xy|TestSize|0.25|try 2 Model: |(x0/(x0**2 + x1 - 0.15345585/((0.5796146 - x0)**2)) - 1*0.011608795)*x0*(-47.95111)|R2:|0.8867941611503697
F_1 Beam Energy|xy|TestSize|0.25|try 3 Model: |(x1 + 1.2320713)*1.1274207/(480.49533 + (x1 - 0.39640218/(x0**3 - 0.17563452))/(x0 - 0.22588502))|R2:|0.9903486123235284
F_1 Beam Energy|xy|TestSize|0.25|try 4 Model: |(x0**4 + x1)*(-0.033525478*x0**4 + x0)*0.00068524206 + 0.20442893 - 0.015638044/x0**3|R2:|0.8514149689233326
F_1 Beam Energy|xy|TestSize|0.15|try 0 Model: |x0*(x0*(-0.13093388) - (-0.0006149411)*(x1 - 1*1.4607201) + 0.33106506) - (-1)*0.00059921516/(x0 - 1*0.5584128)|R2:|0.9407546883181435
F_1 Beam Energy|xy|TestSize|0.15|try 1 Model: |x1**2*(-8.478656e-7) - x1*(x1 - (x0*(0.0015254308 + x0*(-0.00036739215)) + x1)) + 0.119124986|R2:|0.9895949978065905
F_1 Beam Energy|xy|TestSize|0.15|try 2 Model: |(x1 + 0.770247/(x0 - 1*0.5552548))*(x0/(x0*896.3589 + x1) - 1*0.00045153886)*3.436431|R2:|0.9395684406801359
F_1 Beam Energy|xy|TestSize|0.15|try 3 Model: |(x0 + x1*(0.022557886 - 3.0326151e-5/(x0 - 0.6657007) - 0.010151848/x0))*0.056180116 + 0.1263141|R2:|0.9030239427169837
F_1 Beam Energy|xy|TestSize|0.15|try 4 Model: |x1*(-x0*(x0*0.00024556523 - 1*0.0011023107) - 0.00020411576) - 1*(-0.221869) - 0.02833747/(x0 - 0.019639883)**2|R2:|0.6284579460666475
F_1 Beam Energy|xy|TestSize|0.1|try 0 Model: |x0**2*0.02567192 + (0.89126384 - 0.0505603781353225/(0.29221845 - x0)**2 - 95.341736/x1)**3 + 0.2643555|R2:|0.9680488586567189
F_1 Beam Energy|xy|TestSize|0.1|try 1 Model: |x0*((x0*(x0**3 + 67.41842)/(-x0**2 + x1) - 0.63411885)**2 + 0.26478264) - 1*0.033688866|R2:|0.9874254810769054
F_1 Beam Energy|xy|TestSize|0.1|try 2 Model: |(0.0013522436 - 0.0006848217/x0)*(x1 + (x0 - 1*(-0.354232))**4) - 1*(-0.1954229) - 0.0007827671/(x0 - 0.5690117)|R2:|0.9615178835825179
F_1 Beam Energy|xy|TestSize|0.1|try 3 Model: |(x0/(x1 + 7.8737993 + 2.1976604/(x0 - 1*0.5675303)) - 0.012227016)*(-43.6766)*x0|R2:|0.9777150364606243
F_1 Beam Energy|xy|TestSize|0.1|try 4 Model: |(x0 - 0.45970878)*((x0*(-0.18972042) - 1*(-1.0447912) - 119.3616/(x0 + x1))**2 + 0.12668481) + 0.21229231|R2:|0.9935986995475714
F_1 Beam Energy|xy|TestSize|0.05|try 0 Model: |(x1 + (x0 - 2.825518)**4)*(x0*(x0*(-0.0003918599) - 1*(-0.0016227273)) - 9.547729e-7*x1) + 0.09740601|R2:|0.9955741829933182
F_1 Beam Energy|xy|TestSize|0.05|try 1 Model: |x0*(x0*(-0.1325125) + (x1 - (x0 + 0.8997386)**2/(0.5573759 - x0))*0.0006100831 - 1*(-0.3310306))|R2:|0.9856742415184533
F_1 Beam Energy|xy|TestSize|0.05|try 2 Model: |(1.303337 + 992.7627/(x0**4 - 823.4334 - (x1 - 0.37305853)/(x0 - 0.45618984)))*(x0 - 0.31966677)|R2:|0.9935673084040146
F_1 Beam Energy|xy|TestSize|0.05|try 3 Model: |0.20231594 + (x1*(x0 - 1*0.46623254) - (-x0*x0 + x0)**4)*0.0017685379/(x0 + 0.50126445)|R2:|0.9881192925169615
F_1 Beam Energy|xy|TestSize|0.05|try 4 Model: |x0*(x0*(-30.01872)/(x1 - (-0.72873574 + 0.2720157/(x0 - 0.5689346))**2) + 0.8341381)**3|R2:|0.9833808120331654
