F_1 Beam Energy|xy|TestSize|0.5|try 0 Model: |(x0 + x1 + (x1**3*(1.225514 - x0)**3)*(-0.0126084285))*0.6741386|R2:|0.8161933336575469
F_1 Beam Energy|xy|TestSize|0.5|try 1 Model: |-(0.95172423 - x0*(-0.00712128754848266*x0**3*x1**3 + 0.42656988))**2 + (x1 - 1*(-2.3412206))*0.45326546|R2:|0.8939833269581818
F_1 Beam Energy|xy|TestSize|0.5|try 2 Model: |x0/(1.5417931 - (-0.28609237)*(x0 - x1)) + x1*0.52593905 - 1*(-0.071837686)|R2:|0.949204820602651
F_1 Beam Energy|xy|TestSize|0.5|try 3 Model: |x0**4/((-9.64436)*(x1**3 - 1*(-3.456661))) + (x0 + x1/1.8870715)*0.7462219|R2:|0.9226040040651613
F_1 Beam Energy|xy|TestSize|0.5|try 4 Model: |x1 + (-x1 - 4.847482)/(x0*0.42182904 + 1.7917536) + 2.8208234|R2:|0.9701808024249059
F_1 Beam Energy|xy|TestSize|0.25|try 0 Model: |x1*0.6780563 + 3.014962 - 13.321253/(x0 + x1*(-0.27137673) + 4.6470695)|R2:|0.9205674161948805
F_1 Beam Energy|xy|TestSize|0.25|try 1 Model: |(x1 + (x0 - x1)/(x0*0.2979869 - 1*(-1.7130555)))*1.1370119|R2:|0.9815941728798647
F_1 Beam Energy|xy|TestSize|0.25|try 2 Model: |(x0 - 1*(-2.6851852))*(x0 - x1 - 6.9941764)/(-6.1361637) - 2.9747229|R2:|0.9864794133523316
F_1 Beam Energy|xy|TestSize|0.25|try 3 Model: |x0 - (-0.20026246*x0 - 0.39301714)*(-x0 + x1 + 0.40537205)|R2:|0.9690275229221939
F_1 Beam Energy|xy|TestSize|0.25|try 4 Model: |x0*(0.7473397 + (x0 - x1)*(-0.17363085)) + x1*0.4745864 + 0.12628633|R2:|0.8796237448004679
F_1 Beam Energy|xy|TestSize|0.15|try 0 Model: |(x1*(x0 + 2.5980165) - (x0 - 2.037776)**2)*0.17711113 - 1*(-0.8520742)|R2:|0.935495760304326
F_1 Beam Energy|xy|TestSize|0.15|try 1 Model: |-(-0.17902863)*x0*(-x0 + x1 + 4.124191) + x1*0.4620614 - 1*(-0.12317334)|R2:|0.9870036602517965
F_1 Beam Energy|xy|TestSize|0.15|try 2 Model: |x1*0.45582968 - (1.0562215 + x0*(-0.31599206))**2 + 1.2154595|R2:|0.8931724133317615
F_1 Beam Energy|xy|TestSize|0.15|try 3 Model: |x0 + (x0 + 1.8407388)*(x0 - (x1 + 1.1205477))/(0.67056787*(-x0**3 - 5.2154756)) - 0.44487962|R2:|0.5515313641851802
F_1 Beam Energy|xy|TestSize|0.15|try 4 Model: |x1*0.6821695 + (x0 - (x1*0.31106564 + 3.3945663))**3*0.020308541 + 0.97959816|R2:|0.6479903608147903
F_1 Beam Energy|xy|TestSize|0.1|try 0 Model: |x0*1.1873072 - (-x0 + x1)*(x0*(-0.13040148) - 0.44785365)|R2:|0.9351361539394546
F_1 Beam Energy|xy|TestSize|0.1|try 1 Model: |x0/((x0 - x1)*0.21601625 + 1.4816473) + x1*0.475662|R2:|0.968586657167497
F_1 Beam Energy|xy|TestSize|0.1|try 2 Model: |-x0/((x0 - x1)*(-0.21621361) - 1.4768583) + x1*0.46726286|R2:|0.9701329305396967
F_1 Beam Energy|xy|TestSize|0.1|try 3 Model: |x1/2.2229884 - (x0 + 0.16961268)*(-x0*(-0.14363648 - 0.015160379/(x1 + 1.7085297)) - 0.76735514)|R2:|0.8234331260149033
F_1 Beam Energy|xy|TestSize|0.1|try 4 Model: |(x0 - (x1 + 6.5452046))*(-x0 - 2.519421)*0.18106383 - 2.8658342|R2:|0.9894298741007709
F_1 Beam Energy|xy|TestSize|0.05|try 0 Model: |x0/((x0 - x1)*0.21620066 + 1.4851968) + x1*0.4769676|R2:|0.9898988467294645
F_1 Beam Energy|xy|TestSize|0.05|try 1 Model: |(x0 - 1*(-2.624261))*(-x0 + x1 + 6.7942405)/5.7734747 - 2.9763403|R2:|0.9833430130615433
F_1 Beam Energy|xy|TestSize|0.05|try 2 Model: |x0 + (x0*(-0.17727679) - 1*0.4534366)*(x0*0.63554776 - x1)|R2:|0.9110782734249423
F_1 Beam Energy|xy|TestSize|0.05|try 3 Model: |x0/((x0 - x1)*0.21083164 + 1.4515175) + x1*0.465248|R2:|0.9780503315065735
F_1 Beam Energy|xy|TestSize|0.05|try 4 Model: |(1.0894353 + (-x0 + x1 + 0.62053293)/(x0**2*x1 + 5.3971863))*(x0 + 2.5341828) - 2.933337|R2:|0.9512118865624358
