$F_1$ Beam Energy|150|TestSize|0.5|try 0 Model:|x0 + (x0**2 - x1)*(-0.13968182) - 1*(-0.13968213)|R2:|0.9926115627420162
$F_1$ Beam Energy|150|TestSize|0.5|try 1 Model:|x0 + (x1 - (x0 - 0.24353701)**2)*0.1443808 + 0.15294397|R2:|0.9952953417874356
$F_1$ Beam Energy|150|TestSize|0.5|try 2 Model:|(-x0*(x0 - 7.341687) + x1)/6.9222474 + 0.14446169|R2:|0.9939726930888955
$F_1$ Beam Energy|150|TestSize|0.5|try 3 Model:|x0 + x1*0.11604538 - ((x0 - 0.16798493)*0.39863738 + 0.006396409/(-x0 - 0.25549394))**2 + 0.1605487|R2:|0.9241577946361541
$F_1$ Beam Energy|150|TestSize|0.5|try 4 Model:|x0*1.0767044 + (x0**2 - x1 - 1.0000051)*(-0.12218956)|R2:|0.9953714509253774
$F_1$ Beam Energy|150|TestSize|0.25|try 0 Model:|(x0 + (x0**2 - x1)*(-0.1281385) - 1*(-0.12813726))*1.0573723|R2:|0.9965835884870179
$F_1$ Beam Energy|150|TestSize|0.25|try 1 Model:|x0 + (-x0**2 + x1)*0.12571555 + 0.12571526|R2:|0.9918795915348928
$F_1$ Beam Energy|150|TestSize|0.25|try 2 Model:|(x0 + (-x0**2 + x1)*0.1290194 - 1*(-0.12901706))*1.0491577|R2:|0.9945498883275571
$F_1$ Beam Energy|150|TestSize|0.25|try 3 Model:|(x0 + (x0**2 - x1)*(-0.12233348) - 1*(-0.12233634))*1.0526394|R2:|0.9951443103519563
$F_1$ Beam Energy|150|TestSize|0.25|try 4 Model:|x0 + (x0**2 - x1 - 0.9998761)*(-0.122939415)|R2:|0.9935372101060681
$F_1$ Beam Energy|150|TestSize|0.15|try 0 Model:|x0 + (x0**2 - x1)*(-0.12681393) + 0.12681395|R2:|0.9916069957495721
$F_1$ Beam Energy|150|TestSize|0.15|try 1 Model:|x0*1.0579933 + (-x0**2 + x1 - 1*(-0.9999098))*0.13174136|R2:|0.9966600846509577
$F_1$ Beam Energy|150|TestSize|0.15|try 2 Model:|x0 - (-0.12808637)*(-x0**2 + x1) + 0.12808646|R2:|0.9918333312324252
$F_1$ Beam Energy|150|TestSize|0.15|try 3 Model:|x0 - 0.12548615*(x0**2 - x1) + 0.12548342|R2:|0.9909023387412844
$F_1$ Beam Energy|150|TestSize|0.15|try 4 Model:|x0 - (-0.12571515)*(-x0**2 + x1) + 0.12571539|R2:|0.9921950234338255
$F_1$ Beam Energy|150|TestSize|0.1|try 0 Model:|x0 + (x1 - (x0 - 0.14893363)**2 + 1.0221494)*0.13085869|R2:|0.9850801114725227
$F_1$ Beam Energy|150|TestSize|0.1|try 1 Model:|x0 - 0.12878418*(x0**2 - x1) + 0.12878361|R2:|0.9950744077166872
$F_1$ Beam Energy|150|TestSize|0.1|try 2 Model:|x0 - 0.12783048*(x0**2 - x1) + 0.12783231|R2:|0.9887127620146343
$F_1$ Beam Energy|150|TestSize|0.1|try 3 Model:|(x0 - (-0.1441826)*(x1 - (-0.8174111)*(-x0**2 - 0.0668071/(x1 - 1*1.3724812))) + 0.11643723)*1.03547|R2:|0.9972713740613779
$F_1$ Beam Energy|150|TestSize|0.1|try 4 Model:|-0.10785379*x0**2 + x0 + x1*0.15577339 + 0.10785419|R2:|0.9922155075966995
$F_1$ Beam Energy|150|TestSize|0.05|try 0 Model:|x0 - 0.12611224*(x0**2 - x1) + 0.12611172|R2:|0.9157891549016192
$F_1$ Beam Energy|150|TestSize|0.05|try 1 Model:|x0 + (x0**2 - x1)*(-0.12629768) - 1*(-0.12629789)|R2:|0.9839194351970243
$F_1$ Beam Energy|150|TestSize|0.05|try 2 Model:|x0 - 0.12832208*(x0**2 - x1) + 0.12832204|R2:|0.991005099451536
$F_1$ Beam Energy|150|TestSize|0.05|try 3 Model:|x0 - 0.12588546*(x0**2 - x1) - 1*(-0.12588543)|R2:|0.9836150201239728
$F_1$ Beam Energy|150|TestSize|0.05|try 4 Model:|x0 + (-x0**2 + x1)*0.12457484 - 1*(-0.124575265)|R2:|0.9912054236353492
$F_1$ Beam Energy|250|TestSize|0.5|try 0 Model:|x0 + (-x0**2 + x1)*0.15764605 + 0.15764612|R2:|0.996517418994693
$F_1$ Beam Energy|250|TestSize|0.5|try 1 Model:|x0 + (-x0**2 + x1)*0.15610708 + 0.1561072|R2:|0.9970301288107735
$F_1$ Beam Energy|250|TestSize|0.5|try 2 Model:|x0 + (-x0**2 + x1)/6.257818 + 0.15979815|R2:|0.9947599405705136
$F_1$ Beam Energy|250|TestSize|0.5|try 3 Model:|x0 - 0.16695248*(x0**2 - x1) + 0.16695796|R2:|0.9953346653970729
$F_1$ Beam Energy|250|TestSize|0.5|try 4 Model:|x0 + (-x1 + (x0 + 0.098137446)**2)*(-0.16077872) + 0.16231197|R2:|0.9941550586430312
$F_1$ Beam Energy|250|TestSize|0.25|try 0 Model:|(x1 - (2.9657161 - x0)**2)/6.07083 + 1.6134874|R2:|0.9959721936062294
$F_1$ Beam Energy|250|TestSize|0.25|try 1 Model:|x0 + (x1 - (x0 - 1*(-0.15681073))**2)*0.15634736 - 1*(-0.16019207)|R2:|0.9968052808986583
$F_1$ Beam Energy|250|TestSize|0.25|try 2 Model:|x0 - (-0.1656385)*(-x0**2 + x1) + 0.16563861|R2:|0.9961220652746839
$F_1$ Beam Energy|250|TestSize|0.25|try 3 Model:|x0 + (x0**2 - x1)*(-0.16530435) - 1*(-0.16530448)|R2:|0.9961162092383332
$F_1$ Beam Energy|250|TestSize|0.25|try 4 Model:|x0 + (-x0**2 + x1 + 1.0000303)*0.16801797|R2:|0.9951835794546049
$F_1$ Beam Energy|250|TestSize|0.15|try 0 Model:|x0 - (-0.1616766)*(-x0**2 + x1) + 0.16167657|R2:|0.9978266744535006
$F_1$ Beam Energy|250|TestSize|0.15|try 1 Model:|x0 + (x0**2 - x1)*(-0.16262738) + 0.1626275|R2:|0.996073826044971
$F_1$ Beam Energy|250|TestSize|0.15|try 2 Model:|x0 - (-0.16226849)*(-x0**2 + x1) + 0.16226844|R2:|0.9954706776693125
$F_1$ Beam Energy|250|TestSize|0.15|try 3 Model:|(x0 + (-x0**2 + x1)*0.17491472 - 1*(-0.174915))*0.95100796|R2:|0.994316374129561
$F_1$ Beam Energy|250|TestSize|0.15|try 4 Model:|x0 + (-x0**2 + x1)*0.15660073 - 1*(-0.15660016)|R2:|0.9965460153238954
$F_1$ Beam Energy|250|TestSize|0.1|try 0 Model:|x0 + (x0**2 - x1)*(-0.1616736) - 1*(-0.1616736)|R2:|0.9982074292565836
$F_1$ Beam Energy|250|TestSize|0.1|try 1 Model:|(-x1 + (x0 - 2.9322166)**2)*(-0.16401894) - 1*(-1.5742372)|R2:|0.9938511237612142
$F_1$ Beam Energy|250|TestSize|0.1|try 2 Model:|x0 + (-x0**2 + x1)*0.16618638 + 0.16618638|R2:|0.9951377326006352
$F_1$ Beam Energy|250|TestSize|0.1|try 3 Model:|x0 - (-0.16554822)*(-x0**2 + x1) + 0.16554825|R2:|0.9977494847680396
$F_1$ Beam Energy|250|TestSize|0.1|try 4 Model:|x0 + (-x0**2 + x1)/5.965888 - 1*(-0.16761951)|R2:|0.9986193043787215
$F_1$ Beam Energy|250|TestSize|0.05|try 0 Model:|(x1 - (x0 - 2.9307942)**2)*0.16451012 + 1.5775809|R2:|0.9982602288451284
$F_1$ Beam Energy|250|TestSize|0.05|try 1 Model:|x0 + (x0**2 - x1)*(-0.16535154) - 1*(-0.16534463)|R2:|0.9964412682764159
$F_1$ Beam Energy|250|TestSize|0.05|try 2 Model:|x0 - 0.16448648*(x0**2 - x1) - 1*(-0.16448657)|R2:|0.9947057462739395
$F_1$ Beam Energy|250|TestSize|0.05|try 3 Model:|x0**2*(-0.18206124) + x0 + x1*0.13733184 + 0.18206142|R2:|0.9898709089070299
$F_1$ Beam Energy|250|TestSize|0.05|try 4 Model:|x0 + (-x0**2 + x1)*0.16452366 + 0.16452377|R2:|0.9921586111219727
$F_1$ Beam Energy|400|TestSize|0.5|try 0 Model:|(x1 - (2.9686775 - x0)**2)*0.16122583 + 1.5821328|R2:|0.9953662931818107
$F_1$ Beam Energy|400|TestSize|0.5|try 1 Model:|-0.18644713*x0**2 + x0 - x1*(x0*(-0.035310578) - 0.14839223) + 0.16940121|R2:|0.9964705892557607
$F_1$ Beam Energy|400|TestSize|0.5|try 2 Model:|x0 + (x1 - (x0 + 0.0373575889597899*x1**4)**2)*0.16359793 + 0.1687397|R2:|0.996153302912266
$F_1$ Beam Energy|400|TestSize|0.5|try 3 Model:|x0 - (-0.15530707)*x1 + (x0 + x1*(-0.14027472))**2*(-0.20819403) + 0.18263595|R2:|0.9952720568819652
$F_1$ Beam Energy|400|TestSize|0.5|try 4 Model:|x0*0.9359089 - 0.17280181*(-x1 + (x0 + x1**2*0.09510418)**2 - 0.9727766)|R2:|0.9958200191034001
$F_1$ Beam Energy|400|TestSize|0.25|try 0 Model:|x0 - (x1 - (x0 - (-0.035985664)*x1**4)**2)/(-5.8941374) + 0.17199014|R2:|0.997056265400064
$F_1$ Beam Energy|400|TestSize|0.25|try 1 Model:|x0 - (-0.16866957)*(x1 - (x0 + x1*(-0.09332449))**2) - 1*(-0.15504768)|R2:|0.9977183673320096
$F_1$ Beam Energy|400|TestSize|0.25|try 2 Model:|x0/(x0*0.2354904 - 0.05190176*x1 + 1.1141903) + x1*0.16911094 - 1*(-0.16447659)|R2:|0.9940324810939263
$F_1$ Beam Energy|400|TestSize|0.25|try 3 Model:|(x0 + x1*0.14901982 + (-x0 + x1**4*(-0.027424568))**2*(-0.17321256) + 0.17204395)*1.0278399|R2:|0.9972662372350733
$F_1$ Beam Energy|400|TestSize|0.25|try 4 Model:|x0 + (-x1 + (x0 - (-0.041605696)*x1**4)**2)/(-5.7903914) - 1*(-0.16980428)|R2:|0.996596601270726
$F_1$ Beam Energy|400|TestSize|0.15|try 0 Model:|x0**2*(-0.17868674) + x0 + x1*0.1276961 + 0.17868666|R2:|0.9883708547684588
$F_1$ Beam Energy|400|TestSize|0.15|try 1 Model:|x0 + (x1 - (x0 + x1**4*0.033642896)**2)*0.16711396 + 0.16852632|R2:|0.9971084880349125
$F_1$ Beam Energy|400|TestSize|0.15|try 2 Model:|1.5784277 - (-0.1623784)*(x1 - (x0 - 2.9530785)**2)|R2:|0.9957800700526414
$F_1$ Beam Energy|400|TestSize|0.15|try 3 Model:|x1*0.13367984 - (1.1686378 + x0*(-0.15386558))**4 + 2.0505543|R2:|0.9959387522134762
$F_1$ Beam Energy|400|TestSize|0.15|try 4 Model:|x0 + (x1 - (x0 + 0.123171995067342*x1**2)**2)*0.1716937 + 0.1746785|R2:|0.9921539370290986
$F_1$ Beam Energy|400|TestSize|0.1|try 0 Model:|x0**2*(-0.18259478) + x0 - x1*(x0*(-0.031078478) - 0.14802004) - 1*(-0.16719976)|R2:|0.9978055976638525
$F_1$ Beam Energy|400|TestSize|0.1|try 1 Model:|(x1 - (x0 - 2.982307)**2)*0.16177739 + 1.6006488|R2:|0.9963023643543304
$F_1$ Beam Energy|400|TestSize|0.1|try 2 Model:|x0 - (-0.16813633)*(x1 - (x0 + 0.0963483152000625*x1**2)**2 + 1.014511)|R2:|0.997470624957497
$F_1$ Beam Energy|400|TestSize|0.1|try 3 Model:|x0 + (x1 - (x0 + x1**4*0.036394574)**2 + 0.9982558)/5.90489|R2:|0.997626098213244
$F_1$ Beam Energy|400|TestSize|0.1|try 4 Model:|x0 + (x1 - (x0 + 0.0379650778612219*x1**4)**2)*0.16922422 + 0.16865984|R2:|0.9962042134587326
$F_1$ Beam Energy|400|TestSize|0.05|try 0 Model:|x0 + (-x1 + (x0 + x1**4*0.035028882)**2)*(-0.16777524) - 1*(-0.16757411)|R2:|0.9982252213947173
$F_1$ Beam Energy|400|TestSize|0.05|try 1 Model:|x0 + (-x1 + (x0 + x1**4*0.037789032)**2)*(-0.17061962) - 1*(-0.17000692)|R2:|0.9969837900151272
$F_1$ Beam Energy|400|TestSize|0.05|try 2 Model:|x1*0.14310472 - (1.186283 - x0/2.4163191)**2 + 1.57853|R2:|0.9939420464660174
$F_1$ Beam Energy|400|TestSize|0.05|try 3 Model:|x0 + (-x1 + (x0 + x1**4*0.038498472)**2)*(-0.17084594) + 0.17081027|R2:|0.997701250498697
$F_1$ Beam Energy|400|TestSize|0.05|try 4 Model:|x0 + (-x1 + (x0 + x1**4*0.040328186)**2)*(-0.17096762) + 0.17068605|R2:|0.9986887193464972
$F_1$ Beam Energy|600|TestSize|0.5|try 0 Model:|x0**2*(-0.18935192) + x0 + x1*0.09119157 + 0.189353|R2:|0.9887124288348177
$F_1$ Beam Energy|600|TestSize|0.5|try 1 Model:|x0 + (x0**2 - x1)*(-0.14311995) - 1*(-0.1431244)|R2:|0.9919684175802458
$F_1$ Beam Energy|600|TestSize|0.5|try 2 Model:|-(-0.15353844)*x1 + (x0 + 0.18837206)/(x0*0.22926085 + x1*(-0.041196257) + 1.0574023)|R2:|0.9920676124754861
$F_1$ Beam Energy|600|TestSize|0.5|try 3 Model:|x0 - (-0.15545084)*(-x0**2 + x1) + 0.15545075|R2:|0.989847694373692
$F_1$ Beam Energy|600|TestSize|0.5|try 4 Model:|2.1741219 - (-0.09604942*x1 + (x0*0.14411843 - 1*1.1895515)**4)|R2:|0.992561355099768
$F_1$ Beam Energy|600|TestSize|0.25|try 0 Model:|x0 - (-0.13674405)*(-x0**2 + x1) + 0.13674407|R2:|0.9886851831242467
$F_1$ Beam Energy|600|TestSize|0.25|try 1 Model:|x0 - 0.14687544*(x0**2 - x1 - 1.0001386)|R2:|0.9942898689890908
$F_1$ Beam Energy|600|TestSize|0.25|try 2 Model:|x0 - 0.15093575*(x0**2 - x1) + 0.1509357|R2:|0.9853399689817842
$F_1$ Beam Energy|600|TestSize|0.25|try 3 Model:|x0 + (-x0**2 + x1 + 0.99999994)*0.13923377|R2:|0.9936481710109755
$F_1$ Beam Energy|600|TestSize|0.25|try 4 Model:|x0 + (-x0**2 + x1)*0.14606673 + 0.14606673|R2:|0.9932793672652364
$F_1$ Beam Energy|600|TestSize|0.15|try 0 Model:|x0 + (-x0**2 + x1)*0.15173008 - 1*(-0.15173009)|R2:|0.9851572804161761
$F_1$ Beam Energy|600|TestSize|0.15|try 1 Model:|x0 + (x0**2 - x1)*(-0.14927436) + 0.14927427|R2:|0.990846658860755
$F_1$ Beam Energy|600|TestSize|0.15|try 2 Model:|-0.16719042*x0**2 + x0 + x1*0.122771524 + 0.16718805|R2:|0.9747626205605129
$F_1$ Beam Energy|600|TestSize|0.15|try 3 Model:|x0 - (-0.15386358)*(x1 - (-x0 - 0.12246784)**2) + 0.15617113|R2:|0.9788581691148932
$F_1$ Beam Energy|600|TestSize|0.15|try 4 Model:|x0 + (-x0**2 + x1 - 1*(-0.99991834))*0.14361508|R2:|0.9902525598516324
$F_1$ Beam Energy|600|TestSize|0.1|try 0 Model:|1.6909802 + (-x1 + (x0 - 3.1718774)**2)*(-0.152881)|R2:|0.9736746303032676
$F_1$ Beam Energy|600|TestSize|0.1|try 1 Model:|x0 + (x0**2 - x1)*(-0.14484812) + 0.14484873|R2:|0.9907472210169153
$F_1$ Beam Energy|600|TestSize|0.1|try 2 Model:|x0 + (-x0**2 + x1)*0.14125714 + 0.14125708|R2:|0.9775276719607361
$F_1$ Beam Energy|600|TestSize|0.1|try 3 Model:|x0 + (-x0**2 + x1)*0.14377214 - 1*(-0.14377515)|R2:|0.9957558258238697
$F_1$ Beam Energy|600|TestSize|0.1|try 4 Model:|x0 - (-0.14825335)*(-x0**2 + x1) + 0.14825284|R2:|0.9986727378295723
$F_1$ Beam Energy|600|TestSize|0.05|try 0 Model:|x0 + (-x0**2 + x1)*0.147257 + 0.14727083|R2:|0.9977730604318629
$F_1$ Beam Energy|600|TestSize|0.05|try 1 Model:|(x1 - (x0 - 3.2642379)**2)/6.7112975 + 1.736661|R2:|0.982333796500024
$F_1$ Beam Energy|600|TestSize|0.05|try 2 Model:|x0 + (-x0**2 + x1 + 0.999993)*0.14745015|R2:|0.9904255093578719
$F_1$ Beam Energy|600|TestSize|0.05|try 3 Model:|x0 + (x0**2 - x1 - 1.0000099)*(-0.14855129)|R2:|0.9687070705363837
$F_1$ Beam Energy|600|TestSize|0.05|try 4 Model:|x0**2*(-0.1714414) + x0 + x1*0.124528565 + 0.17143777|R2:|0.8300979327307514
$F_1$ Beam Energy|800|TestSize|0.5|try 0 Model:|x0 + x1*0.16110966 - 0.20012607*(x0 + x1*(-0.17115325))**2 - 1*(-0.16833284)|R2:|0.9960213573157607
$F_1$ Beam Energy|800|TestSize|0.5|try 1 Model:|x1*0.27501345 + (x0 - (x1*0.11930323 + 2.1242993))**2*(-0.2193526) + 1.184568|R2:|0.995789477658354
$F_1$ Beam Energy|800|TestSize|0.5|try 2 Model:|-(-0.06964905)*x1*(x0 + x1*(-0.3727337) + 2.1255896) + (x0 - 2.2796464)**2*(-0.22453949) + 1.3816808|R2:|0.996897542940647
$F_1$ Beam Energy|800|TestSize|0.5|try 3 Model:|x0/(x0*0.29080153 + x1*(-0.05581903) + 1.1202327) - (x1*(-0.16068809) - 0.20790726)|R2:|0.9961862916493004
$F_1$ Beam Energy|800|TestSize|0.5|try 4 Model:|x0 + x1*0.14071137 - (-0.18015838)*(-x0**2 + (x0 - x1)**4*(-0.025787784)) + 0.19169347|R2:|0.9964976756993702
$F_1$ Beam Energy|800|TestSize|0.25|try 0 Model:|x0 + x1*0.15519892 + (x0 + x1*(-0.1468778))**2*(-0.21235764) + 0.18651001|R2:|0.9979250676255382
$F_1$ Beam Energy|800|TestSize|0.25|try 1 Model:|x0 + x1*0.14149407 + (x0 + x1*(-0.14662202))**2*(-0.221207) + 0.19497935|R2:|0.9975552666478549
$F_1$ Beam Energy|800|TestSize|0.25|try 2 Model:|x0 - (x1*(-0.13224122) + (x0*0.46710908 + x1*(-0.05444952))**2) + 0.1924092|R2:|0.9950706546564401
$F_1$ Beam Energy|800|TestSize|0.25|try 3 Model:|x0 + x1*0.13567245 + (x0**2 + (-x0 + x1)**4*0.076235436)*(-0.17865546) + 0.20043054|R2:|0.9696237828187214
$F_1$ Beam Energy|800|TestSize|0.25|try 4 Model:|x0 - (-0.13679706)*x1 + (x0 - 0.16151884*x1)**2*(-0.20913301) + 0.18074505|R2:|0.9973698751517618
$F_1$ Beam Energy|800|TestSize|0.15|try 0 Model:|3.9870477 - 15.231902/(x0 - x1*(x0*(-0.12336729) - 1*0.1769835) + 4.032343)|R2:|0.9969015146435287
$F_1$ Beam Energy|800|TestSize|0.15|try 1 Model:|x0 - (-0.13707685)*(x1 - 1*(-1.5058352)) - (x0**2*0.17045279 + (x0 - x1)**2*0.0363794)|R2:|0.9983015415061419
$F_1$ Beam Energy|800|TestSize|0.15|try 2 Model:|x0 + x1*0.135999 - (x0/(-2.130484) + x1*0.06899154)**2 + 0.19045013|R2:|0.9958173414042616
$F_1$ Beam Energy|800|TestSize|0.15|try 3 Model:|x0 - (-0.12647982)*x1 - 0.18163079027309*(x0 + (x0 - x1)**3*0.034224425)**2 + 0.19923373|R2:|0.9980583488099442
$F_1$ Beam Energy|800|TestSize|0.15|try 4 Model:|x0 - (-0.14097516)*x1 - (x0*0.46004704 - 0.071938336*x1)**2 + 0.18573512|R2:|0.9961937994420466
$F_1$ Beam Energy|800|TestSize|0.1|try 0 Model:|x0 - (-0.14431074)*x1 - 0.21766417*(-x0 + x1*0.13960508)**2 + 0.19060925|R2:|0.9964748026831249
$F_1$ Beam Energy|800|TestSize|0.1|try 1 Model:|x0 + (x0 - 0.13596493*x1)**2*(-0.21810444) - (-0.1426265*x1 - 0.1906847)|R2:|0.9971800938773754
$F_1$ Beam Energy|800|TestSize|0.1|try 2 Model:|x0 + (x1 - (x0*1.2463264 - 0.18372591*x1)**2)*0.14463052 + 0.19571473|R2:|0.9961850857571329
$F_1$ Beam Energy|800|TestSize|0.1|try 3 Model:|-0.18506156*x0**2 + x0 + x1*0.13751343 - 0.036859035*(x0 - x1)**2 + 0.21913089|R2:|0.9987689350507921
$F_1$ Beam Energy|800|TestSize|0.1|try 4 Model:|x0**2*(-0.22488613) + x0 + x1*(x0*0.05424522 + 0.13795578) - 1*(-0.19686238)|R2:|0.9916357697158936
$F_1$ Beam Energy|800|TestSize|0.05|try 0 Model:|-0.23168072*x0**2 + x0 + x1/(-x0/0.35637003 + x1 + 7.980538) - 1*(-0.21819076)|R2:|0.9954419118249679
$F_1$ Beam Energy|800|TestSize|0.05|try 1 Model:|x0**2*(-0.2364926) + x0 - x1/(x0/0.34452805 - x1 - 8.027565) + 0.22114399|R2:|0.9988021625580794
$F_1$ Beam Energy|800|TestSize|0.05|try 2 Model:|x0 + x1*0.14507316 + (x0 + x1*(-0.1432224))**2*(-0.21079254) + 0.18483941|R2:|0.997998767700053
$F_1$ Beam Energy|800|TestSize|0.05|try 3 Model:|(1.6051261 - (x0*0.21669003 - 0.04819716*x1))*(x0 + 2.8363805) - 4.3617787|R2:|0.9716410555663878
$F_1$ Beam Energy|800|TestSize|0.05|try 4 Model:|x0 + x1*0.14159758 - 0.21824129*(-x0 + x1*0.13189189)**2 - 1*(-0.19148605)|R2:|0.997784705875874
$F_1$ Beam Energy|1000|TestSize|0.5|try 0 Model:|x0 - (-0.15678237)*x1 - ((x0 + x1*(-0.13572782))**2*0.24378559 - 1*0.21656479)|R2:|0.993756893346922
$F_1$ Beam Energy|1000|TestSize|0.5|try 1 Model:|x0*(0.97859246 - 0.051393613*x0)**4 + x1*(x0*0.042846434 + 0.13602242) + 0.16577668|R2:|0.9959782109740821
$F_1$ Beam Energy|1000|TestSize|0.5|try 2 Model:|x0 + x1*0.14169627 - (x0*0.41946954 - 0.0150766459633448*(-x0 + x1)**3)**2 - 1*(-0.18990661)|R2:|0.9943585192699593
$F_1$ Beam Energy|1000|TestSize|0.5|try 3 Model:|x0 - (-0.13982956)*x1 + (-x0 + x1*0.1455573)**2*(-0.21776016) + 0.18553273|R2:|0.9959760211737627
$F_1$ Beam Energy|1000|TestSize|0.5|try 4 Model:|-0.21355101260964*x0**2 + x0 + x1*0.12862267 + 0.2135548|R2:|0.9927651774087201
$F_1$ Beam Energy|1000|TestSize|0.25|try 0 Model:|x0**2*(-0.18306257) + x0 + x1*0.14548345 + 0.18306367|R2:|0.9937839409409207
$F_1$ Beam Energy|1000|TestSize|0.25|try 1 Model:|x0**3*0.036086 + (-x1 + (x0 - 0.102750525*x1 - 1.8574113)**2)*(-0.2466377) + 1.0564857|R2:|0.9958640627966554
$F_1$ Beam Energy|1000|TestSize|0.25|try 2 Model:|x0/(1.1223804 - (-0.2617004)*x0) - (x1*(x0*(-0.05561392) - 1*0.16380353) - 1*0.17807297)|R2:|0.9977218624889919
$F_1$ Beam Energy|1000|TestSize|0.25|try 3 Model:|0.1916898 + (x0 + x1*(0.17967135 - (-0.10694378)*x0))/(1.1136057 - (-0.27870274)*x0)|R2:|0.9961954748412757
$F_1$ Beam Energy|1000|TestSize|0.25|try 4 Model:|x0 + (-x0**2 + x1)*0.16118552 + 0.1611828|R2:|0.9935532172260406
$F_1$ Beam Energy|1000|TestSize|0.15|try 0 Model:|x1*0.2731137 + (x0*0.26330528 - (x1*0.03255138 + 1.1029233))**3 - 1*(-1.5382504)|R2:|0.9973640529301445
$F_1$ Beam Energy|1000|TestSize|0.15|try 1 Model:|-x1*(x0*(-0.05120696) - 0.16861762) + (x0 + 0.20564273)/(x0*0.2697287 + 1.0812327)|R2:|0.9897704598462853
$F_1$ Beam Energy|1000|TestSize|0.15|try 2 Model:|x0 + (x0**2 - x1)*(-0.16658647) + 0.16658656|R2:|0.9959935241955894
$F_1$ Beam Energy|1000|TestSize|0.15|try 3 Model:|x0 - (-0.1485889)*x1 - 0.21959586*(x0 + x1*(-0.13446495))**2 + 0.19293946|R2:|0.9967493041003194
$F_1$ Beam Energy|1000|TestSize|0.15|try 4 Model:|(-x1 + (2.9072905 - x0)**2)/(-5.920543) + 1.59653|R2:|0.9958997420927572
$F_1$ Beam Energy|1000|TestSize|0.1|try 0 Model:|-(-0.1590071)*x1 + (x0 + 0.20226508)/(-(-0.2549464)*x0 + x1*(-0.05270466) + 1.0516145)|R2:|0.9942618201714064
$F_1$ Beam Energy|1000|TestSize|0.1|try 1 Model:|x0/(-(-0.26708463)*x0 - 0.06050255*x1 + 1.1204647) + x1*0.17501077 + 0.18506634|R2:|0.9966084779672406
$F_1$ Beam Energy|1000|TestSize|0.1|try 2 Model:|x1*0.14123449 - (1.1280321 + x0*(-0.16336462))**4 + 1.815852|R2:|0.9900615658599563
$F_1$ Beam Energy|1000|TestSize|0.1|try 3 Model:|x0 - (-0.15254137)*x1 + (x0 + x1*(-0.13059755))**2*(-0.21283032) + 0.18862371|R2:|0.9961030193881171
$F_1$ Beam Energy|1000|TestSize|0.1|try 4 Model:|x0*(0.9865625 + x0*(-0.059799306))**4 + x1*(x0*0.05521115 + 0.15559606) + 0.19346361|R2:|0.9977154835202533
$F_1$ Beam Energy|1000|TestSize|0.05|try 0 Model:|x0/(x0*0.26879328 - 0.053419914*x1 + 1.1108189) + x1*0.17446147 + 0.1932666|R2:|0.9982155066683733
$F_1$ Beam Energy|1000|TestSize|0.05|try 1 Model:|x1/(6.4587474 - x0) + (6.4641576 - x0)**4*(-0.00087356014) - 1*(-1.7205611)|R2:|0.9964888348877721
$F_1$ Beam Energy|1000|TestSize|0.05|try 2 Model:|x0 + (x1 - (x0*1.2000369 + x1*(-0.15099429))**2)*0.15066202 - 1*(-0.19219138)|R2:|0.9823867741330563
$F_1$ Beam Energy|1000|TestSize|0.05|try 3 Model:|x0 + x1*0.14580354 + (x0 + x1*(-0.12200424))**2*(-0.2123834) + 0.18861549|R2:|0.9934534834318649
$F_1$ Beam Energy|1000|TestSize|0.05|try 4 Model:|x0 + x1*0.15150036 - (x0*0.45947286 + x1*(-0.06094697))**2 + 0.18564901|R2:|0.9958054557969604
$F_1$ Beam Energy|1200|TestSize|0.5|try 0 Model:|1.4575675 - ((-x0 + x1)**4*0.0074845334 + (-x1 + (2.5974317 - x0)**2)*0.18550889)|R2:|0.9904754332350856
$F_1$ Beam Energy|1200|TestSize|0.5|try 1 Model:|-(-0.34124842)*x1 + 3.4711156 - 12.55781/(x0 + x1*(-0.16673163) + 3.8258295)|R2:|0.9963146346459283
$F_1$ Beam Energy|1200|TestSize|0.5|try 2 Model:|x0*(0.95187527 + x0*(-0.22223128)) + x1*(x0*0.05523948 + 0.1835967) + 0.19074085|R2:|0.9883616459060502
$F_1$ Beam Energy|1200|TestSize|0.5|try 3 Model:|x0*0.9311688 + (x1 - (x0 - 0.21895078*x1)**2)*0.19525547 - 1*(-0.16422182)|R2:|0.9913059480841678
$F_1$ Beam Energy|1200|TestSize|0.5|try 4 Model:|(x1*(x0 + 2.375892)/2.5583498 - (x0 - 2.1082711)**2)*0.2179792 + 1.1359217|R2:|0.9885404679712804
$F_1$ Beam Energy|1200|TestSize|0.25|try 0 Model:|x0 + x1*0.16866745 + (-x0 + x1*0.16631839)**2*(-0.23087038) - 1*(-0.19943818)|R2:|0.9968788613624685
$F_1$ Beam Energy|1200|TestSize|0.25|try 1 Model:|(x0 + (x1 - (x0 + x1*(-0.20249523))**2 + 0.82015294)*0.21419322)*0.93613964|R2:|0.9962501666846396
$F_1$ Beam Energy|1200|TestSize|0.25|try 2 Model:|x0*0.9438342 + (x1 - (x0 - 0.17743114*x1)**2)*0.2073435 + 0.17605655|R2:|0.9963141994985322
$F_1$ Beam Energy|1200|TestSize|0.25|try 3 Model:|x0 + x0 + (x0 - 0.18037118*x1 - 1*(-2.3873937))**2*(-0.21595283) + 1.4145532|R2:|0.995879291708805
$F_1$ Beam Energy|1200|TestSize|0.25|try 4 Model:|(x0*(4.6539087 - (x0 + x1*(-0.28901395))) + x1 + 0.86662847)/4.903975|R2:|0.9841769747615682
$F_1$ Beam Energy|1200|TestSize|0.15|try 0 Model:|(x0 + x1*0.19438465 - 0.240900463651854*(x0 + x1*(-0.17966148))**2 + 0.20236698)*0.9528775|R2:|0.9928619753398363
$F_1$ Beam Energy|1200|TestSize|0.15|try 1 Model:|(x0*(4.7881317 - (x0 + x1*(-0.3096633))) + x1)*0.19817814 + 0.16740303|R2:|0.9802802546985684
$F_1$ Beam Energy|1200|TestSize|0.15|try 2 Model:|1.4048623 + (-x1 + (2.5678213 - x0)**2)*(-0.18500346)|R2:|0.995058058686838
$F_1$ Beam Energy|1200|TestSize|0.15|try 3 Model:|-((x0 + x1)*(-0.072800115) - 0.95215726)**3 + (x0*0.2997986 - 0.8817143)**3|R2:|0.997910654381075
$F_1$ Beam Energy|1200|TestSize|0.15|try 4 Model:|(x1 - (2.6202502 - x0)**2)*0.18427266 + 1.4494181|R2:|0.993972808441136
$F_1$ Beam Energy|1200|TestSize|0.1|try 0 Model:|1.4533303 + (-x1 + (x0 - 2.6704836)**2)*(-0.17872825)|R2:|0.997856565001711
$F_1$ Beam Energy|1200|TestSize|0.1|try 1 Model:|x0 + (x0**2 - x1)*(-0.17971891) + 0.179719|R2:|0.979230378025866
$F_1$ Beam Energy|1200|TestSize|0.1|try 2 Model:|-(-0.4541425)*x1 + (x0 - 0.27378842*x1 + 0.20985767)/(x0*0.2883719 + 1.0856429)|R2:|0.993086992665263
$F_1$ Beam Energy|1200|TestSize|0.1|try 3 Model:|x0*(0.9168292 + x0*(-0.22189789)) + (x1 + 1.006324)/(5.2436533 - x0)|R2:|0.9955834042454978
$F_1$ Beam Energy|1200|TestSize|0.1|try 4 Model:|(0.18739685 - (-0.07394386)*x0)*(x1 + 3.8189178) + (x0 - 2.496557)**3*0.033407796|R2:|0.9960772451161266
$F_1$ Beam Energy|1200|TestSize|0.05|try 0 Model:|(x1 - (x0 - 2.6161318)**2)*0.18271683 + 1.4332663|R2:|0.9960384447898508
$F_1$ Beam Energy|1200|TestSize|0.05|try 1 Model:|(-x1 + (x0 - 2.7173738)**2)*(-0.17613032) - 1*(-1.4766983)|R2:|0.9676440868571917
$F_1$ Beam Energy|1200|TestSize|0.05|try 2 Model:|(x0*(-x0 + x1*0.28186473 + 4.6830225) + x1)*0.20211524 + 0.17214242|R2:|0.9960208248562133
$F_1$ Beam Energy|1200|TestSize|0.05|try 3 Model:|x0*0.94402575 - 0.201815*(-x1 + (-x0 + x1*0.1571951)**2) - 1*(-0.17335467)|R2:|0.9892964443344144
$F_1$ Beam Energy|1200|TestSize|0.05|try 4 Model:|-x0/(-(-(-0.29962352)*x0 + x1*(-0.07325287)) - 1.156102) - (-0.20803832)*x1 + 0.1925872|R2:|0.9888961813803657
