$F_1$ Beam Energy|150|TestSize|0.5|try 0 Model:|(0.7073614 + x0*(-0.18962285))*(x0 - 41.320957/x1)|R2:|0.9930702954496377
$F_1$ Beam Energy|150|TestSize|0.5|try 1 Model:|((-0.12079709 - 10.227917/x1)/(x0 - 1*(-0.17142451)) + 1.0067369)**6|R2:|0.994701364732749
$F_1$ Beam Energy|150|TestSize|0.5|try 2 Model:|1.3032751 + 1.756559/(-x0 - 1.2406473) - 22.390438/x1|R2:|0.9946021843270039
$F_1$ Beam Energy|150|TestSize|0.5|try 3 Model:|(0.71059406 - 0.18972623*x0)*(x0 - 42.657005/x1)|R2:|0.9908397300208057
$F_1$ Beam Energy|150|TestSize|0.5|try 4 Model:|(0.6946185 + x0*(-0.18215172))*(x0 - 40.07399/x1)|R2:|0.9946329328436425
$F_1$ Beam Energy|150|TestSize|0.25|try 0 Model:|x0**8/(-x0 - 0.081187904 - 7.557612/x1)**8|R2:|0.9964434083683122
$F_1$ Beam Energy|150|TestSize|0.25|try 1 Model:|(0.700653 - 0.18361692*x0)*(x0 - 41.128246/x1)|R2:|0.9932478074567522
$F_1$ Beam Energy|150|TestSize|0.25|try 2 Model:|-x0*(x0*0.16876255 - 0.70051324) - 25.411478/x1|R2:|0.9909281604440149
$F_1$ Beam Energy|150|TestSize|0.25|try 3 Model:|(0.69285166 + x0*(-0.18031535))*(x0 - 39.957554/x1)|R2:|0.9957723184810112
$F_1$ Beam Energy|150|TestSize|0.25|try 4 Model:|(0.696724 + x0*(-0.18026146))*(x0 - 41.001835/x1)|R2:|0.9937511732059302
$F_1$ Beam Energy|150|TestSize|0.15|try 0 Model:|(0.7006404 - 0.18296951*x0)*(x0 - 41.46916/x1)|R2:|0.9923257892238462
$F_1$ Beam Energy|150|TestSize|0.15|try 1 Model:|(x0 - 41.47191/x1)*(x0*(-0.18595234) - 1*(-0.7036141))|R2:|0.9967625138845299
$F_1$ Beam Energy|150|TestSize|0.15|try 2 Model:|(x0 - 42.31906/x1)*(x0*(-0.18979758) - 1*(-0.71063066))|R2:|0.9875527332932096
$F_1$ Beam Energy|150|TestSize|0.15|try 3 Model:|x0**8/(x0 - 1*(-0.08120701) + 7.442249/x1)**8|R2:|0.9934671086371065
$F_1$ Beam Energy|150|TestSize|0.15|try 4 Model:|(-x0 + 12.231217/x1)**4/(x0 - 1*(-0.17374247))**4|R2:|0.9937821871796261
$F_1$ Beam Energy|150|TestSize|0.1|try 0 Model:|(-x0 + 41.16042/x1)*(x0*0.18255463 - 0.69906867)|R2:|0.9909903790418186
$F_1$ Beam Energy|150|TestSize|0.1|try 1 Model:|x0**8/(x0 + 0.080281176 + 7.7364984/x1)**8|R2:|0.9896843009619676
$F_1$ Beam Energy|150|TestSize|0.1|try 2 Model:|x1*0.00034532207 + (x0 - 1*0.32955804)/(x0 + 0.98154587)|R2:|0.9896198891582602
$F_1$ Beam Energy|150|TestSize|0.1|try 3 Model:|x0**8/(x0 + 0.0814957 + 7.3937135/x1)**8|R2:|0.9971946576425565
$F_1$ Beam Energy|150|TestSize|0.1|try 4 Model:|x0*0.595564 + (-0.07489893*x0**3*x1 - 21.600046)/x1|R2:|0.9929884160442077
$F_1$ Beam Energy|150|TestSize|0.05|try 0 Model:|x0**8/(x0 + 0.08123058 - (-1)*7.4564524/x1)**8|R2:|0.9533034654792708
$F_1$ Beam Energy|150|TestSize|0.05|try 1 Model:|(x0 - 41.250477/x1)*(x0*(-0.1842068) - 1*(-0.70111686))|R2:|0.9877419767916815
$F_1$ Beam Energy|150|TestSize|0.05|try 2 Model:|x0*(0.7682603 - 0.20737915*x0) + x1*0.0003354783 - 1*0.2160913|R2:|0.9941050242777156
$F_1$ Beam Energy|150|TestSize|0.05|try 3 Model:|(0.7045492 + x0*(-0.1861083))*(x0 - 41.96159/x1)|R2:|0.9825299784603069
$F_1$ Beam Energy|150|TestSize|0.05|try 4 Model:|(0.69626915 + x0*(-0.18157998))*(x0 - 40.61426/x1)|R2:|0.9948219485547758
$F_1$ Beam Energy|250|TestSize|0.5|try 0 Model:|x1*0.0004436892 + (-1*(-1.0009178) - 0.1206503/x0)**8|R2:|0.9961845740496544
$F_1$ Beam Energy|250|TestSize|0.5|try 1 Model:|x0*(0.75980026 + x0*(-0.17102145)) - 27.806494/x1|R2:|0.9965182000434135
$F_1$ Beam Energy|250|TestSize|0.5|try 2 Model:|-(-0.00044059558)*x1 + (0.9916367 - 0.21551538/x0)**4|R2:|0.996837725795888
$F_1$ Beam Energy|250|TestSize|0.5|try 3 Model:|x0*(x1*(0.0009733851 + x0*(-0.00050337525)) + 0.42885295) - 0.080843754|R2:|0.9945704693921051
$F_1$ Beam Energy|250|TestSize|0.5|try 4 Model:|x0*(0.77946806 - 0.18161486*x0) - 30.314085/x1|R2:|0.9961890328352028
$F_1$ Beam Energy|250|TestSize|0.25|try 0 Model:|x0*(x0*(-0.17657891) - 1*(-0.77025235)) + x1*0.0004069615 - 0.22457793|R2:|0.9959187128603001
$F_1$ Beam Energy|250|TestSize|0.25|try 1 Model:|x0*(0.76576215 + x0*(-0.17389804)) - 29.068281/x1|R2:|0.9968378802320508
$F_1$ Beam Energy|250|TestSize|0.25|try 2 Model:|-x0*(x0*0.1699771 - 1*0.7597676) - 28.527498/x1|R2:|0.9969262623323626
$F_1$ Beam Energy|250|TestSize|0.25|try 3 Model:|x1*0.00041642095 + (-1*(-0.9931441) - 0.21265036/x0)**4|R2:|0.9951826284666893
$F_1$ Beam Energy|250|TestSize|0.25|try 4 Model:|x1*0.0003913719 + (0.21579596 - x0)**4/x0**4|R2:|0.9946981541794193
$F_1$ Beam Energy|250|TestSize|0.15|try 0 Model:|x0*(0.76492226 - 0.17267795*x0) - 29.234337/x1|R2:|0.998994617626268
$F_1$ Beam Energy|250|TestSize|0.15|try 1 Model:|x0*(0.7622752 - 0.17090288*x0) - 29.200716/x1|R2:|0.997069617518676
$F_1$ Beam Energy|250|TestSize|0.15|try 2 Model:|x1*0.00042421411 + (x0 - 0.27674648)**2/(x0 + 0.1928804)**2|R2:|0.9960043124877276
$F_1$ Beam Energy|250|TestSize|0.15|try 3 Model:|x0*(0.76151997 - 0.1709876*x0) - 28.83279/x1|R2:|0.9960259466001352
$F_1$ Beam Energy|250|TestSize|0.15|try 4 Model:|x0*(0.7616479 - 0.17061637*x0) - 28.890362/x1|R2:|0.996784098455956
$F_1$ Beam Energy|250|TestSize|0.1|try 0 Model:|x1*0.0004341437 + (-1*0.9919238 + 0.21451034/x0)**4|R2:|0.9991929928761979
$F_1$ Beam Energy|250|TestSize|0.1|try 1 Model:|x0**2/((x0 + 53.495743/x1)**2 + 0.62183833)|R2:|0.9937667339767217
$F_1$ Beam Energy|250|TestSize|0.1|try 2 Model:|-(-0.00043235274)*x1 + (-0.99195147 + 0.21417966/x0)**4|R2:|0.9968732329027028
$F_1$ Beam Energy|250|TestSize|0.1|try 3 Model:|x1*0.00043401902 + (-1*(-0.99138975) - 0.21396644/x0)**4|R2:|0.9979819884458034
$F_1$ Beam Energy|250|TestSize|0.1|try 4 Model:|(1.0440762 - 9.963132/x1 - 0.119567744/x0)**6|R2:|0.9973418840909825
$F_1$ Beam Energy|250|TestSize|0.05|try 0 Model:|x1*0.00043272352 + (0.99174327 - 0.21398653/x0)**4|R2:|0.9980429950579218
$F_1$ Beam Energy|250|TestSize|0.05|try 1 Model:|x0*(0.765973 + x0*(-0.17305204)) - 29.323746/x1|R2:|0.9945412792829006
$F_1$ Beam Energy|250|TestSize|0.05|try 2 Model:|-(-0.00042758664)*x1 + (0.99217564 - 0.21337287/x0)**4|R2:|0.9942298735457589
$F_1$ Beam Energy|250|TestSize|0.05|try 3 Model:|x0*(x0*(-0.17299882) - 1*(-0.76318824)) - (-0.00039447585)*x1 - 1*0.21760109|R2:|0.9919523200346779
$F_1$ Beam Energy|250|TestSize|0.05|try 4 Model:|-(-0.00042862326)*x1 + (0.99177223 - 0.21309477/x0)**4|R2:|0.9931011857918892
$F_1$ Beam Energy|400|TestSize|0.5|try 0 Model:|x1*0.00045553234 + (1.0069268 - 0.23603101/x0)**4|R2:|0.9955098567319685
$F_1$ Beam Energy|400|TestSize|0.5|try 1 Model:|(1.0723091 - 21.749037/x1 - 0.28281906/x0)**3 - 1*(-0.124958515)|R2:|0.9970333162416978
$F_1$ Beam Energy|400|TestSize|0.5|try 2 Model:|-(-0.00043254095)*x1 + (1.0004401 - 0.2871702/x0)**3|R2:|0.9956139204122734
$F_1$ Beam Energy|400|TestSize|0.5|try 3 Model:|(x0*(-1.0715319)/(-x0 - 0.162182) - 10.159605/x1)**6|R2:|0.9956585562181721
$F_1$ Beam Energy|400|TestSize|0.5|try 4 Model:|(1.0524204 - 9.997661/x1 - 0.12867515/x0)**6|R2:|0.9964219027738049
$F_1$ Beam Energy|400|TestSize|0.25|try 0 Model:|x0*0.60460746 - 13.971786/(x1/(x0**4 + 1.7690792) + 12.858716)|R2:|0.9972297524884863
$F_1$ Beam Energy|400|TestSize|0.25|try 1 Model:|(0.6949327 - (-0.0007922509)*x1)/(1.0379574 + 0.8644317/(x0**2))|R2:|0.9973133333255825
$F_1$ Beam Energy|400|TestSize|0.25|try 2 Model:|x0*(x0*(-0.19773924) + x1*0.00039202283 - 1*(-0.7261012)) - 1*0.1611872|R2:|0.9929433378456244
$F_1$ Beam Energy|400|TestSize|0.25|try 3 Model:|(1.070987 - 14.370476/x1 - 0.18247814/x0)**4|R2:|0.9965340213647439
$F_1$ Beam Energy|400|TestSize|0.25|try 4 Model:|(-1.0424458 + 7.8360915/x1 + 0.10034167/x0)**8|R2:|0.9978792644815241
$F_1$ Beam Energy|400|TestSize|0.15|try 0 Model:|(-1*1.0717992 + 14.716091/x1 - (-1)*0.1817956/x0)**4|R2:|0.9919143347757492
$F_1$ Beam Energy|400|TestSize|0.15|try 1 Model:|x0*(x0*(-0.21001822) + x1/(x1 + 42.40813)) - 1*0.17621562|R2:|0.9969654347902908
$F_1$ Beam Energy|400|TestSize|0.15|try 2 Model:|(x0 - 0.50748336)/(x0 + 187.22975/x1) + 0.19134712|R2:|0.9966761680268333
$F_1$ Beam Energy|400|TestSize|0.15|try 3 Model:|x0*(-0.2042214*x0 + 0.9631324 - 29.887152/x1) - 1*0.16866061|R2:|0.9967594808331605
$F_1$ Beam Energy|400|TestSize|0.15|try 4 Model:|x0*(0.79584646 - 0.17734788*x0) + x1*0.00042402284 - 1*0.25958702|R2:|0.9924472518299104
$F_1$ Beam Energy|400|TestSize|0.1|try 0 Model:|(-1*(-1.1812893) - 0.52009857/(x0 + 0.30457425) - 23.908789/x1)**2|R2:|0.996870714681066
$F_1$ Beam Energy|400|TestSize|0.1|try 1 Model:|x0**2/(0.923527614292931*(x0 + 65.16331/x1)**2 + 0.6717689)|R2:|0.9967580144202534
$F_1$ Beam Energy|400|TestSize|0.1|try 2 Model:|x1*0.0004287284 + (1.008223 - 0.23287556/x0)**4|R2:|0.9977146688454929
$F_1$ Beam Energy|400|TestSize|0.1|try 3 Model:|(x0 - 0.5093923)/(x0 + 187.41104/x1) + 0.1924977|R2:|0.9970907278019713
$F_1$ Beam Energy|400|TestSize|0.1|try 4 Model:|x0/(x0 + 19170.3990009841/x1**2 + 0.8104157/x0)|R2:|0.9944462149718319
$F_1$ Beam Energy|400|TestSize|0.05|try 0 Model:|x0*(x0*(-0.20405595) + x1*0.00038648938 + 0.74243945) - 0.1686974|R2:|0.9924544911346732
$F_1$ Beam Energy|400|TestSize|0.05|try 1 Model:|x0*(x0*(-0.20730996) - 1*(-0.970952) - 30.318714/x1) - 1*0.17203712|R2:|0.9991828908867298
$F_1$ Beam Energy|400|TestSize|0.05|try 2 Model:|-(-0.00042038312)*x1 + (-1.008848 - (-1)*0.23184337/x0)**4|R2:|0.9972816529213581
$F_1$ Beam Energy|400|TestSize|0.05|try 3 Model:|x0*(0.6718747 - (-0.0007637781)*x1)/(x0 + 0.8409735/x0)|R2:|0.9985859866296649
$F_1$ Beam Energy|400|TestSize|0.05|try 4 Model:|(0.5062762 - x0)/(-x0 - 186.45859/x1) + 0.18993853|R2:|0.9991063980994718
$F_1$ Beam Energy|600|TestSize|0.5|try 0 Model:|x1*0.00038040229 + (1.006196 - 0.21206002/x0)**4|R2:|0.9889566251469698
$F_1$ Beam Energy|600|TestSize|0.5|try 1 Model:|((-24.140661/(x1 - 0.66611654/(0.8748203 - x0)) + (x0 - 0.4048824)/x0)**2 - 1*(-0.21468642))/0.9407755|R2:|0.9800638809383835
$F_1$ Beam Energy|600|TestSize|0.5|try 2 Model:|x1*0.00036309537 + 1.2541302 - 1.7788254/(x0 - 1*(-1.0754219))|R2:|0.9917735066957957
$F_1$ Beam Energy|600|TestSize|0.5|try 3 Model:|x1*0.00043298822 + (x0 - 0.21521741)**4/x0**4|R2:|0.9887854449967158
$F_1$ Beam Energy|600|TestSize|0.5|try 4 Model:|x1*0.00033053756 + (-1*(-1.0086602) - 0.20771281/x0)**4|R2:|0.9930752114785919
$F_1$ Beam Energy|600|TestSize|0.25|try 0 Model:|x0*(x0*(-0.18146534) + 0.00033123817*x1 + 0.7005598) - 0.117157914|R2:|0.9924938600960005
$F_1$ Beam Energy|600|TestSize|0.25|try 1 Model:|x1*0.00039324205 + (1.0031244 - 0.21080036/x0)**4|R2:|0.9952067203401421
$F_1$ Beam Energy|600|TestSize|0.25|try 2 Model:|x0*(-0.19294299*x0 + x1*0.0003496601 + 0.7180207) - 0.12617616|R2:|0.9900466677138352
$F_1$ Beam Energy|600|TestSize|0.25|try 3 Model:|-x0*(-(-0.15823153)*x0 - 0.74983114) - 25.189533/x1|R2:|0.993137182746599
$F_1$ Beam Energy|600|TestSize|0.25|try 4 Model:|x1*0.0003475605 - 1*(-1.2476088) - 1.7378265/(x0 - 1*(-1.0569788))|R2:|0.9916957538459132
$F_1$ Beam Energy|600|TestSize|0.15|try 0 Model:|x0*(0.7650442 - 0.16634078*x0) - 27.234514/x1|R2:|0.9849271551000169
$F_1$ Beam Energy|600|TestSize|0.15|try 1 Model:|x0*(0.76261127 + x0*(-0.16498469)) - 26.850159/x1|R2:|0.9902113665600644
$F_1$ Beam Energy|600|TestSize|0.15|try 2 Model:|x0*(0.762335 + x0*(-0.16420741)) - 26.784058/x1|R2:|0.9775807675845576
$F_1$ Beam Energy|600|TestSize|0.15|try 3 Model:|x1*0.0004247854 + (1.000272 - 0.21271355/x0)**4|R2:|0.9749206733781627
$F_1$ Beam Energy|600|TestSize|0.15|try 4 Model:|x0*(0.7476632 + x0*(-0.1579386)) - 25.10368/x1|R2:|0.9891544683615945
$F_1$ Beam Energy|600|TestSize|0.1|try 0 Model:|x0**3*(1.2543277/(x0 - 1*(-0.48031095)) - 14.7169895/x1)**3|R2:|0.9786642849093861
$F_1$ Beam Energy|600|TestSize|0.1|try 1 Model:|-x0*(x0*0.16161144 - 0.75569093) - 26.593237/x1|R2:|0.9892961292363666
$F_1$ Beam Energy|600|TestSize|0.1|try 2 Model:|x0*(0.74180305 - 0.15499733*x0) - 24.497213/x1|R2:|0.9800989839076202
$F_1$ Beam Energy|600|TestSize|0.1|try 3 Model:|(1.0615102 - 12.233169/x1 - 0.17215379/x0)**4|R2:|0.9933099469243153
$F_1$ Beam Energy|600|TestSize|0.1|try 4 Model:|x0*(0.7569402 - 0.16310747*x0) - 25.937454/x1|R2:|0.9970410087116806
$F_1$ Beam Energy|600|TestSize|0.05|try 0 Model:|x0*(0.7559804 + x0*(-0.16169536)) - 26.191353/x1|R2:|0.9976701403535713
$F_1$ Beam Energy|600|TestSize|0.05|try 1 Model:|x1*0.00039630765 + (1.003622 - 0.21187875/x0)**4|R2:|0.9835701324825389
$F_1$ Beam Energy|600|TestSize|0.05|try 2 Model:|x0*(0.7565057 + x0*(-0.16160655)) - 26.369549/x1|R2:|0.9927224919019128
$F_1$ Beam Energy|600|TestSize|0.05|try 3 Model:|-1*(-1.4855336) + 1.9070941/(-x0 - 1.1457819) - 26.11546/x1|R2:|0.9686217302964779
$F_1$ Beam Energy|600|TestSize|0.05|try 4 Model:|x0*(-0.1901496*x0 + x1*0.0003485045 + 0.7117616) - 1*0.123042256|R2:|0.8240658668954627
$F_1$ Beam Energy|800|TestSize|0.5|try 0 Model:|(1.0579332 - 16.44741/x1 - 0.21080579/x0)**4 - 1*(-0.1535467)|R2:|0.9970598484948698
$F_1$ Beam Energy|800|TestSize|0.5|try 1 Model:|x0*(x0*(-0.21507363) - (-0.00039277895)*x1 - 1*(-0.74773973)) - 0.1109491|R2:|0.9959604733408528
$F_1$ Beam Energy|800|TestSize|0.5|try 2 Model:|(x0 - 1*0.13600081)*(-(x0*0.21488787 - 0.95674795) - 33.07549/x1)|R2:|0.9968304105154988
$F_1$ Beam Energy|800|TestSize|0.5|try 3 Model:|(1.037708 - 6.425692/x1 - 0.08821915/x0)**8|R2:|0.9959016124301101
$F_1$ Beam Energy|800|TestSize|0.5|try 4 Model:|x0*(x0*(-0.22869402) + 1.0023953 - 29.982573/x1) - 1*0.12625183|R2:|0.9963177813738018
$F_1$ Beam Energy|800|TestSize|0.25|try 0 Model:|x0*(x0*(-0.21446045) - 1*(-0.97090304) - 29.419031/x1) - 1*0.11364181|R2:|0.9975055250200912
$F_1$ Beam Energy|800|TestSize|0.25|try 1 Model:|x0*(x0*(-0.16222234 - 22.92615/x1) + 0.92900634) - 0.14521274|R2:|0.9969529716889107
$F_1$ Beam Energy|800|TestSize|0.25|try 2 Model:|(-(1.0371203 - 0.08823646/x0) + 6.205562/x1)**8|R2:|0.9961409373654129
$F_1$ Beam Energy|800|TestSize|0.25|try 3 Model:|x1*(0.0006542653 - 0.00027321102/x0) + (0.9452417 - 0.21905345/x0)**4 - 1*(-0.15224142)|R2:|0.9942410263996078
$F_1$ Beam Energy|800|TestSize|0.25|try 4 Model:|x0**3*(1.2309306/(x0 + 0.42818633) - 13.431643/x1)**3|R2:|0.9975625186904941
$F_1$ Beam Energy|800|TestSize|0.15|try 0 Model:|x0*0.63904643 + (-x0**4 - 0.7642803)/(x0**4 + x1/16.917843)|R2:|0.9971188644370632
$F_1$ Beam Energy|800|TestSize|0.15|try 1 Model:|(x0 - 1*0.14402087)*(x0*(-0.2222156) - 1*(-0.9679257) - 32.458275/x1)|R2:|0.9981651217361371
$F_1$ Beam Energy|800|TestSize|0.15|try 2 Model:|x0*(0.9184184 + 193.33917/(((-x1 - 512.7014)/x0))) - 0.13905425|R2:|0.9939436277700012
$F_1$ Beam Energy|800|TestSize|0.15|try 3 Model:|(x0 - 1*0.1436744)*(x0*(-0.22012922) - 1*(-0.96308374) - 32.028725/x1)|R2:|0.9983782774980947
$F_1$ Beam Energy|800|TestSize|0.15|try 4 Model:|(x0 - 0.13793634)*(x0*(-0.21898481) + 0.9661606 - 34.54224/x1)|R2:|0.9967244739056266
$F_1$ Beam Energy|800|TestSize|0.1|try 0 Model:|(x0 - 0.1465894)*(-0.2244013*x0 + 0.9747728 - 33.302246/x1)|R2:|0.9975595858477199
$F_1$ Beam Energy|800|TestSize|0.1|try 1 Model:|(x1*0.00033150925 + 0.3498543)*((-1.3959806 + 0.5513725/x0)**2 + 0.5000771)|R2:|0.9975617163266361
$F_1$ Beam Energy|800|TestSize|0.1|try 2 Model:|x0**4*(1.1639515/(x0 + 0.2979348) - 10.954072/x1)**4|R2:|0.9987141546216677
$F_1$ Beam Energy|800|TestSize|0.1|try 3 Model:|(x0 - 1*0.14169843)*(x0*(-0.2196672) + 0.9643498 - 32.891182/x1)|R2:|0.998438748721738
$F_1$ Beam Energy|800|TestSize|0.1|try 4 Model:|(x1*0.00024046634 + (x0 - 0.096195914)**4/x0**4)**2|R2:|0.9944494768714476
$F_1$ Beam Energy|800|TestSize|0.05|try 0 Model:|(x0 - 0.1419314)*(x0*(-0.22061305) + 0.9697481 - 34.261356/x1)|R2:|0.9918638586469913
$F_1$ Beam Energy|800|TestSize|0.05|try 1 Model:|(0.963918 - (x0*0.22097772 + 31.797695/x1))*(x0 - 0.14441532)|R2:|0.9989344647197106
$F_1$ Beam Energy|800|TestSize|0.05|try 2 Model:|x0*(x0*(-0.21724707) + x1*0.00036242686 + 0.7658726) - 0.11638117|R2:|0.9981897806913451
$F_1$ Beam Energy|800|TestSize|0.05|try 3 Model:|(x0 - 1*0.1439251)*(x0*(-0.22077128) - (-0.96453655 + 32.17776/x1))|R2:|0.9908829329441053
$F_1$ Beam Energy|800|TestSize|0.05|try 4 Model:|(x0 - 0.14416209)*(x0*(-0.22112416) + 0.96654814 - 32.57649/x1)|R2:|0.9983344319556504
$F_1$ Beam Energy|1000|TestSize|0.5|try 0 Model:|(x0 - 0.15365587)**4/(x0**4*(0.92763776 + 15.512399/x1)**4)|R2:|0.9941765965959785
$F_1$ Beam Energy|1000|TestSize|0.5|try 1 Model:|(-(-8.654136/x1 - 0.11128642/x0) - 1.0464191)**6|R2:|0.9958342791281866
$F_1$ Beam Energy|1000|TestSize|0.5|try 2 Model:|(1.038104 - 7.057412/x1 - 0.085391365/x0)**8|R2:|0.9948804495155974
$F_1$ Beam Energy|1000|TestSize|0.5|try 3 Model:|x1*x0*0.00039274726 - 1*(-0.68331045) - 0.25177342/x0|R2:|0.9946509668409005
$F_1$ Beam Energy|1000|TestSize|0.5|try 4 Model:|x0*(-0.20456839*x0 + x1*0.00035125267 + 0.73508) - 0.093069404|R2:|0.99457143264322
$F_1$ Beam Energy|1000|TestSize|0.25|try 0 Model:|-(-0.63580143)*x0 + (x0**3 + 0.4102352)/((x1/(-19.676418)))|R2:|0.9882440351781345
$F_1$ Beam Energy|1000|TestSize|0.25|try 1 Model:|x0*(x1*0.00039247517 - 1*0.36072883) + 2.466186 - 4.299467/(x0 - 1*(-1.5649562))|R2:|0.9962972699091102
$F_1$ Beam Energy|1000|TestSize|0.25|try 2 Model:|(x1 + 1019.6759)/(1475.7616 + 918.87054/(x0**2))|R2:|0.9970016301435511
$F_1$ Beam Energy|1000|TestSize|0.25|try 3 Model:|(x0 - 0.12794061)*(-0.21456623*x0 + 0.9447846 - 30.958527/x1)|R2:|0.9934607075809664
$F_1$ Beam Energy|1000|TestSize|0.25|try 4 Model:|x0*(x0*(-0.21078919) + 0.95621705 - 30.05556/x1) - 1*0.09680634|R2:|0.9955385978448548
$F_1$ Beam Energy|1000|TestSize|0.15|try 0 Model:|x1*0.00041477758 + 1.1015315 - 1.1527331/(x0 + 0.7008651)|R2:|0.9958340061581732
$F_1$ Beam Energy|1000|TestSize|0.15|try 1 Model:|(-1*1.0487208 + 9.303237/x1 - (-1)*0.11077762/x0)**6|R2:|0.985483488841689
$F_1$ Beam Energy|1000|TestSize|0.15|try 2 Model:|(x0 + (-1*0.032753915 - 20.638163/x1)*(x0**3 + 0.69817))*0.6588952|R2:|0.9961634187087433
$F_1$ Beam Energy|1000|TestSize|0.15|try 3 Model:|(1.0478741 - 8.956229/x1 - 0.11143219/x0)**6|R2:|0.9966103341692226
$F_1$ Beam Energy|1000|TestSize|0.15|try 4 Model:|(-(-1*1.039569 + 7.6440916/x1) - 0.08511936/x0)**8|R2:|0.9963484440665672
$F_1$ Beam Energy|1000|TestSize|0.1|try 0 Model:|(x0 - 1*0.20071669)*(x0*(x0*0.08102787 - 0.49787718) - 1*(-1.2365851) - 38.820618/x1)|R2:|0.9925823807278231
$F_1$ Beam Energy|1000|TestSize|0.1|try 1 Model:|-x1*(-0.00080345245 + 0.00036764648/x0) + (0.9151452 - 0.22076005/x0)**4 - 1*(-0.18392958)|R2:|0.9967938515190328
$F_1$ Beam Energy|1000|TestSize|0.1|try 2 Model:|x0*(x0*(-0.21274815) + x1*0.00037360832 + 0.7463608) - 1*0.10270936|R2:|0.9896241566499083
$F_1$ Beam Energy|1000|TestSize|0.1|try 3 Model:|x0*(x0*(-0.20962808) + x1*0.00038584505 + 0.73415315) - 1*0.09732765|R2:|0.9959846377679036
$F_1$ Beam Energy|1000|TestSize|0.1|try 4 Model:|(-(-6.9793954/x1 - 0.08548712/x0) - 1.037705)**8|R2:|0.9993936063915074
$F_1$ Beam Energy|1000|TestSize|0.05|try 0 Model:|(0.004960679 - x0/(x1 + 475.93262))*183.6147*x0 - 1*0.12960923|R2:|0.9992543658369203
$F_1$ Beam Energy|1000|TestSize|0.05|try 1 Model:|(1.0377544 - 7.047253/x1 - 0.085350536/x0)**8|R2:|0.9940357089262649
$F_1$ Beam Energy|1000|TestSize|0.05|try 2 Model:|(1.0379616 - 7.095201/x1 - 0.0853567/x0)**8|R2:|0.9924117183929525
$F_1$ Beam Energy|1000|TestSize|0.05|try 3 Model:|0.10970145 + (x0 - 0.18885675)**4/(x0**4*(-0.93240213 - 18.818005/x1)**4)|R2:|0.9937345947302484
$F_1$ Beam Energy|1000|TestSize|0.05|try 4 Model:|x0*(x0*(-0.21289544) + x1*0.00039242892 - 1*(-0.738857)) - 0.10019693|R2:|0.9949190921738805
$F_1$ Beam Energy|1200|TestSize|0.5|try 0 Model:|(-1*1.5457594 + 0.23418371/x0)**4*(x1*0.00017837415 + 0.12715317)|R2:|0.9919370779530143
$F_1$ Beam Energy|1200|TestSize|0.5|try 1 Model:|(x0 - 1*0.24900068)*(1.7685542/(x0 - 1*(-1.0366894)) - 45.040813/x1)|R2:|0.9962773976683528
$F_1$ Beam Energy|1200|TestSize|0.5|try 2 Model:|(x0*(-1.252195)/(-x0 - 0.44081146) - x0/(x1/17.433342))**3|R2:|0.9913246330381439
$F_1$ Beam Energy|1200|TestSize|0.5|try 3 Model:|x0 - (x0**2/(x1/212.25784 + 2.1232371) + 0.18261667)|R2:|0.9886520697530627
$F_1$ Beam Energy|1200|TestSize|0.5|try 4 Model:|(x0 - 1*0.12795457)*(-0.21542767*x0 + x1*0.0005458317 + 0.6544161)|R2:|0.9885254141993371
$F_1$ Beam Energy|1200|TestSize|0.25|try 0 Model:|(1.0663378 - 16.662746/x1 - 0.15269393/x0)**4|R2:|0.9938645503767878
$F_1$ Beam Energy|1200|TestSize|0.25|try 1 Model:|x0*0.6299867 + (x0**3 + 0.4996401)/((x1/(-20.140102)))|R2:|0.9942985382380547
$F_1$ Beam Energy|1200|TestSize|0.25|try 2 Model:|x0**4*(-1.1734957/(x0 + 0.30206558) + 13.563779/x1)**4|R2:|0.9974155316378074
$F_1$ Beam Energy|1200|TestSize|0.25|try 3 Model:|(-1*1.0376289 + 8.1097/(x1 + 0.5358081/(x0 - 1*0.75827813)) + 0.0848832/x0)**8|R2:|0.9889162083863393
$F_1$ Beam Energy|1200|TestSize|0.25|try 4 Model:|(x0 - 0.13603349)*(x0*(-0.22383921) - 1*(-0.9863241) - 43.231026/x1)|R2:|0.9846076415261574
$F_1$ Beam Energy|1200|TestSize|0.15|try 0 Model:|x0*(x0*(-0.14750095 - 29.26988/x1) - 1*(-0.9200715)) - 1*0.14148708|R2:|0.9910040963794396
$F_1$ Beam Energy|1200|TestSize|0.15|try 1 Model:|(0.96290696 - (-0.21534693)*(-x0 - 190.0115/x1))*(x0 - 1*0.12758349)|R2:|0.98203449781745
$F_1$ Beam Energy|1200|TestSize|0.15|try 2 Model:|-(-0.66276777)*x0 - 23.236523/(x1/(x0**4 + 0.8511931) + 23.22265)|R2:|0.9974121767856109
$F_1$ Beam Energy|1200|TestSize|0.15|try 3 Model:|-(-0.00048180946)*x1 + (0.9884936 - 0.19809744/x0)**4|R2:|0.9963169582512168
$F_1$ Beam Energy|1200|TestSize|0.15|try 4 Model:|-x0**3/(x0**2 + x0 + x1/183.59303) + x0 - 0.19243057|R2:|0.9966352549098745
$F_1$ Beam Energy|1200|TestSize|0.1|try 0 Model:|(x0 - 1*0.13345535)*(x0*(-0.2209955) + 0.97185445 - 40.285748/x1)|R2:|0.9975435566028371
$F_1$ Beam Energy|1200|TestSize|0.1|try 1 Model:|(1.0727425 - 18.556913/x1 - 0.19417736/x0)**3|R2:|0.9897339724687226
$F_1$ Beam Energy|1200|TestSize|0.1|try 2 Model:|(x0 - 1*0.12616482)*(x0*(-0.21728463) + 0.9695818 - 42.28876/x1)|R2:|0.9904781378885242
$F_1$ Beam Energy|1200|TestSize|0.1|try 3 Model:|0.6449957 - (x1*(-0.0004782813) + (0.9684588 + x0*(-0.33307734))**3)|R2:|0.9946622044601714
$F_1$ Beam Energy|1200|TestSize|0.1|try 4 Model:|(0.97721815 - (x0*0.22237957 + 41.41042/x1))*(x0 - 0.13400145)|R2:|0.9974682437736225
$F_1$ Beam Energy|1200|TestSize|0.05|try 0 Model:|(0.960319 - (x0*0.21802282 + 38.253445/x1))*(x0 - 0.13178635)|R2:|0.9980543379085025
$F_1$ Beam Energy|1200|TestSize|0.05|try 1 Model:|x1*0.00044706496 + (-0.99199426 - (-1)*0.1960726/x0)**4|R2:|0.9712586619770128
$F_1$ Beam Energy|1200|TestSize|0.05|try 2 Model:|(x0 - 1*0.12904912)*(x0*(-0.21734685) + 0.96499556 - 40.403877/x1)|R2:|0.9965199106949941
$F_1$ Beam Energy|1200|TestSize|0.05|try 3 Model:|x1*1.4186492/(x1 + 191.43173 + x1/(x0**2))|R2:|0.9914127071562346
$F_1$ Beam Energy|1200|TestSize|0.05|try 4 Model:|((13.455151/x1 - (x0 - 1*0.13157234)/x0)**3 - 0.1746903)**2|R2:|0.9918374512978075
