F_1 Beam Energy|xy|TestSize|0.5|try 0 Model: |(-x0 + x1*0.011781053)*(-(-0.09403643)*x0 - 0.052106895) - 1*(-0.29054517)|R2:|0.9268857067587111
F_1 Beam Energy|xy|TestSize|0.5|try 1 Model: |x0*(x0*(-46.5879)/x1 - 1*(-0.5522713))|R2:|0.9545841621114292
F_1 Beam Energy|xy|TestSize|0.5|try 2 Model: |x1*(0.0014361511 - 0.0007430927/x0) + 0.18785654|R2:|0.9419613416137882
F_1 Beam Energy|xy|TestSize|0.5|try 3 Model: |(-1*(-0.0020325892) + x1*(-2.3163825e-6)/x0)*(x1 + 0.41326475/(x0 - 1*0.55864245))|R2:|0.8742690557525955
F_1 Beam Energy|xy|TestSize|0.5|try 4 Model: |x0*(x0*(-43.20899)/x1 - 1*(-0.5357392))|R2:|0.9484748393232957
F_1 Beam Energy|xy|TestSize|0.25|try 0 Model: |((0.13346525 - x0)**4/x0**4)*(x1*0.0012628126 + 0.31638345)|R2:|0.911075092958275
F_1 Beam Energy|xy|TestSize|0.25|try 1 Model: |x0*(x0*(-0.13899365) + (x1 - 0.6421435/(x0 - 0.5645449))*0.00060956785 + 0.34541002)|R2:|0.9886428702957754
F_1 Beam Energy|xy|TestSize|0.25|try 2 Model: |x0*(x0*(-48.01919)/(x1 - 2.2854223/(0.5669891 - x0)) - 1*(-0.5558765))|R2:|0.93538827341883
F_1 Beam Energy|xy|TestSize|0.25|try 3 Model: |1.1274208*x1/(478.2257 + (x1 - 0.404083/(x0**3 - 0.17560184))/(x0 - 0.2249216))|R2:|0.9899882703477355
F_1 Beam Energy|xy|TestSize|0.25|try 4 Model: |x0*(-0.13108268*x0 + x1/1619.0317 + 0.33030972)|R2:|0.8762105277698387
F_1 Beam Energy|xy|TestSize|0.15|try 0 Model: |x0*(x0*(-0.13093555) - (-0.0006124655)*x1 + 0.33106458) - (-1)*0.00059545686/(x0 - 1*0.5584315)|R2:|0.940901649950464
F_1 Beam Energy|xy|TestSize|0.15|try 1 Model: |x1*(0.0013936167 - 0.00070957164/x0) + 0.19585179|R2:|0.9847156952137641
F_1 Beam Energy|xy|TestSize|0.15|try 2 Model: |(x1 + 0.770247/(x0 - 1*0.5552548))*(x0/(x0*896.3589 + x1) - 1*0.00045153886)*3.436431|R2:|0.9395684406801359
F_1 Beam Energy|xy|TestSize|0.15|try 3 Model: |(x0 + x1*(0.022557886 - 3.0326151e-5/(x0 - 0.6657007) - 0.010151848/x0))*0.056180116 + 0.1263141|R2:|0.9030239427169837
F_1 Beam Energy|xy|TestSize|0.15|try 4 Model: |x1*(0.0016696397 - 0.0012574951/(x0 + 0.26485386)) - 1*(-0.18586259)|R2:|0.6853248366345202
F_1 Beam Energy|xy|TestSize|0.1|try 0 Model: |x0*(x0*(-0.13542283) + x1*0.00060313917 + 0.34206584)|R2:|0.9648289884243448
F_1 Beam Energy|xy|TestSize|0.1|try 1 Model: |x0*(x0*(-43.56548)/x1 - 1*(-0.53957504))|R2:|0.9816136254553679
F_1 Beam Energy|xy|TestSize|0.1|try 2 Model: |x1*(0.0014346711 - 0.0007298298/x0) - 1*(-0.18908031) - 0.0008026533/(x0 - 0.568916)|R2:|0.9655662588295498
F_1 Beam Energy|xy|TestSize|0.1|try 3 Model: |x0*(-43.67664)*(x0/(x1 + 2.2695894/(x0 - 1*0.56772023)) - 0.012326844)|R2:|0.9808998168542694
F_1 Beam Energy|xy|TestSize|0.1|try 4 Model: |x0*(0.54137737 - 43.846485*x0/x1)|R2:|0.9838955262070329
F_1 Beam Energy|xy|TestSize|0.05|try 0 Model: |x1*(0.0014112351 - 0.0007156931/x0) + 0.19202663|R2:|0.9887814885350361
F_1 Beam Energy|xy|TestSize|0.05|try 1 Model: |x0*((x0 + (x1 - 2.0378904/(0.55736244 - x0))*(-0.0046550496))*(-0.13232179) - 1*(-0.331143))|R2:|0.9861721349421995
F_1 Beam Energy|xy|TestSize|0.05|try 2 Model: |x0*(x0*(-37.61625)/x1 + 0.75395954)**2|R2:|0.9844559793613744
F_1 Beam Energy|xy|TestSize|0.05|try 3 Model: |x0*(0.5345753 - (x0 - 1*(-2.4652517))**3/x1)|R2:|0.9877605932510162
F_1 Beam Energy|xy|TestSize|0.05|try 4 Model: |x0*(x0*(-30.018621)/(x1 - (-1)*1.9573328/(x0 - 0.56306297)) + 0.83250153)**3|R2:|0.9781162215403142
