v_2 Beam Energy|xy|TestSize|0.5|try 0 Model: |x0*(x0*0.012497458 + x1*(-0.00011615341) - 0.033516765) - 1*(-0.0070847827) + 3.744361/(-x0**4 + x1)|R2:|0.9571366001327587
v_2 Beam Energy|xy|TestSize|0.5|try 1 Model: |(0.00011305453 - (x0**2*0.0040578065 - 0.014457458)/x1)*(298.94656 - x0*(-x0 + x1)) - 0.03599073|R2:|0.9569900685245174
v_2 Beam Energy|xy|TestSize|0.5|try 2 Model: |(0.021831881 - 0.00020377907*(-1.628554e-10*x0**4*(x1 - 0.866808)**4 + x1))*(x0 - 0.24385361) - 0.0057416433|R2:|0.9770691335706471
v_2 Beam Energy|xy|TestSize|0.5|try 3 Model: |x0*((x0 + 13.010966)/(x1 + 19.344486 - 2.058492/(x0 - 0.5709287)) - 1*0.08241167)/0.99514043|R2:|0.9426245437918048
v_2 Beam Energy|xy|TestSize|0.5|try 4 Model: |(x0 - 1*0.25890672)*(-0.00017573836)*(-(-x1 + (x0 + 1.1855159)**4) + 1.0160104/(x0**4 - 0.097321555))|R2:|0.9835073379207736
v_2 Beam Energy|xy|TestSize|0.25|try 0 Model: |x0*(x1*(-0.00025016803) + (x0**3 - x1)*(-4.070415e-5)*(x0 - (-0.0021379655)*x1)) - 1*(-0.018721143)|R2:|0.9295355205549702
v_2 Beam Energy|xy|TestSize|0.25|try 1 Model: |0.007759457 - x0*x1*(x1*(-0.00035541895)*x0*(x0*9.764094e-5 - 0.000112362985) + 0.0001450022)|R2:|0.9747995055341298
v_2 Beam Energy|xy|TestSize|0.25|try 2 Model: |0.0074946135 - x0*(x1 - 1*8.140578)*(x0**4*(-4.5193564e-9)*(-x0**4 + x1) - 1*(-0.00014884958))|R2:|0.9858123414146959
v_2 Beam Energy|xy|TestSize|0.25|try 3 Model: |-x0*((x1 - (x0 + x0)**3)*0.00010139425 + 0.0127257565) - 1*0.010829705 + 4.9975715/(x1 - 1*(-0.6067012))|R2:|0.9320319737651607
v_2 Beam Energy|xy|TestSize|0.25|try 4 Model: |(0.008016887 + x1*(-0.00017470306))*(x0 - (0.00020727892 - (-6.181174e-5)*x0**4)*(x1 - 2.0387206)) - 1*(-0.0050082942)|R2:|0.9875762199639005
v_2 Beam Energy|xy|TestSize|0.15|try 0 Model: |x0*((x0 + x1)*(-1.2200749e-5)*((x0**4*(-0.106165916) + x0)**4 + 10.693739) + 0.0060700644)|R2:|0.9804892073385681
v_2 Beam Energy|xy|TestSize|0.15|try 1 Model: |x0*(-0.00014905693)*(x1 + (0.83471435 - x0**4)*(-x0**2 + x1*0.021450592)) + 0.00856263|R2:|0.9901371690167204
v_2 Beam Energy|xy|TestSize|0.15|try 2 Model: |0.011903732 - (x1*0.00015781405 + 0.0006866206/(x0**4))*(x0**4*x1*(-6.2904524e-5) + x0)|R2:|0.986142159857505
v_2 Beam Energy|xy|TestSize|0.15|try 3 Model: |(-x0**3 + x1)*(x0**3*(-x0**3 + x1)*(-0.00015147618) + x0)*(-0.00017283039) + 0.013914038|R2:|0.9050436101590204
v_2 Beam Energy|xy|TestSize|0.15|try 4 Model: |x0*(x1 - 1.0668508/(x0/(-0.81183237) + 0.6892721))*(-(-1.6283959e-6)*x0**4 - 0.00014991347) + 0.00968405|R2:|0.9650547013160544
v_2 Beam Energy|xy|TestSize|0.1|try 0 Model: |x0*(-(-2.5456888e-5)*x0 - 0.00018029267)*(x0 + x1 + 0.72127837/(x0**4 - 0.097235434)) + 0.0109281065|R2:|0.9801532173077426
v_2 Beam Energy|xy|TestSize|0.1|try 1 Model: |0.0076745963 - x0*x1*(x1*(4.9434604e-8 + x0*(-3.8525023e-8))*(x0 - 0.1454876) + 0.00014214977)|R2:|0.9939217847869167
v_2 Beam Energy|xy|TestSize|0.1|try 2 Model: |(-(-1.4254508e-6)*x0**4 - 0.00014524226)*(x0*x1 - 1.453417 - 0.1180297/(x0 - 0.563678)) + 0.0074766353|R2:|0.994289003592758
v_2 Beam Energy|xy|TestSize|0.1|try 3 Model: |x0*x1*(-0.00016800566) - (-1.0057045e-5)*(x0**3*x1 - 6.0178423/(x0 - 0.55823374)) - 1*(-0.011607455)|R2:|0.9888868384244206
v_2 Beam Energy|xy|TestSize|0.1|try 4 Model: |x1*(-0.00016189522)/(-1*(-0.50138015) + 0.7438496/(x0**2)) + 1.2366623/x1 - 0.0008918516/x0**3|R2:|0.9635191609561273
v_2 Beam Energy|xy|TestSize|0.05|try 0 Model: |(-(-3.4375055e-6)*x0**3 - 0.00015256628)*(x0*x1 - 2.5697973 + 0.54611117/(x0 - 0.55888903)) + 0.008945955|R2:|0.9887353049477636
v_2 Beam Energy|xy|TestSize|0.05|try 1 Model: |x0/(-0.24557846980243*x0**4 + (x0 - 1*1.0486411)**8 + 6594.657/(14.062956 - x1)) - 1*(-0.007135143)|R2:|0.9853396992265527
v_2 Beam Energy|xy|TestSize|0.05|try 2 Model: |0.006865495 - 0.00014469925*(x0*(-6.63469090801267*x0**3 + x1) + 0.5483068/(x0**3 - 0.17424828))|R2:|0.9843812278565326
v_2 Beam Energy|xy|TestSize|0.05|try 3 Model: |(-(-0.00017434476)*(x0 + x1) - 0.0075508184)*(x1*x0**4*6.401011e-5 - x0 + 0.11779324) + 0.0030833022|R2:|0.9693985473835098
v_2 Beam Energy|xy|TestSize|0.05|try 4 Model: |0.0046789255 - (x0 + x1*(x0**4*(-6.4392756e-5) - 1*0.00023083265))*((x0 + x1)*0.00017891753 - 0.009332491)|R2:|0.9946972017046456
