$v_2$ Beam Energy|150|TestSize|0.5|try 0 Model:|-(-0.014709935 - 4.0333037/(x1*0.9623072*x0 + 15.997213)) + 0.58810395/(-2.2340558 - 2.5960557/x0**2)|R2:|0.9979388139140201
$v_2$ Beam Energy|150|TestSize|0.5|try 1 Model:|x0*(-(-0.06512947)*x0 - 0.2751855) + (x0**4 + x1)*(x1*6.4946556e-7 - 0.0004093758) + 0.18021683|R2:|0.9984631335365269
$v_2$ Beam Energy|150|TestSize|0.5|try 2 Model:|x0*(-(-0.07436099)*x0 - 0.28423518) + 0.098958194 - (-1)*5.4351873/(31.5945097913058*x0**4 + x1 - 5.443332)|R2:|0.9982717124539788
$v_2$ Beam Energy|150|TestSize|0.5|try 3 Model:|x0*(x0**2*0.024874564 - 1*0.22609292) + 0.08993733 + 4.2442813/(x0*(-28.399282) + x1)|R2:|0.9975028740187172
$v_2$ Beam Energy|150|TestSize|0.5|try 4 Model:|0.075744115 - (x0*(0.27254087 + x0*(-0.06417681)) + (-x0 + x1)*(-4.6362897e-5) - 7.509107/x1)|R2:|0.9982321772763331
$v_2$ Beam Energy|150|TestSize|0.25|try 0 Model:|x0**4*(0.021304058 - 0.0015831605*x0**4) + x0*(-0.21452852) + 0.08446063 - (-1)*4.860121/x1|R2:|0.9983666160658544
$v_2$ Beam Energy|150|TestSize|0.25|try 1 Model:|x0**2*0.064212404 + x0*(-0.27395245) + (x1 + 20.277094)*(-(-5.086666e-7)*x1 - 0.0003519651) + 0.1790691|R2:|0.9987940017203457
$v_2$ Beam Energy|150|TestSize|0.25|try 2 Model:|x0*(x0*0.06769394 - 0.27378035) + (x0**3*0.015780248 - 24.95218/x1)**2 + 0.10777579|R2:|0.9980705349988414
$v_2$ Beam Energy|150|TestSize|0.25|try 3 Model:|x0*(x0*0.06114422 - (0.2739694 + x1**2*(-7.923156e-8))) + 0.08903224 + 6.836818/(-x0 + x1)|R2:|0.9989262150270516
$v_2$ Beam Energy|150|TestSize|0.25|try 4 Model:|(x0**3*(-0.019954303) + 25.249544/x1)**2 - (x0*(x0*(-0.06893694) - 1*(-0.27396625)) - 1*0.10723572)|R2:|0.9987576315240128
$v_2$ Beam Energy|150|TestSize|0.15|try 0 Model:|(2.7064006 - (2.0873532 - x0)**2)/(-15.298793) + 4.354187515561/(x0 + x1/(x0**2 - 1*11.616596))**2|R2:|0.9991539001384533
$v_2$ Beam Energy|150|TestSize|0.15|try 1 Model:|(x0*0.17512983 + (x0 + x1 - 0.47239533/x0)*(-0.7527676)/(x1 - 1*5.3414984))**4 - 0.21655455|R2:|0.9986611305236683
$v_2$ Beam Energy|150|TestSize|0.15|try 2 Model:|(x0*(0.13505407 + (x0 - 24.513264/(-x0 + x1))*(-0.37024304)) + 0.0050290436)/((x0 + 0.46136472)**2)|R2:|0.9982109759823379
$v_2$ Beam Energy|150|TestSize|0.15|try 3 Model:|x0*(x0*0.06531099 - 0.27493674) - (x1*(-5.3684274e-5) - 1*0.07203128 - 8.249379/(x0**4 + x1))|R2:|0.9989605425279781
$v_2$ Beam Energy|150|TestSize|0.15|try 4 Model:|x0*((x0 + x1**2*9.641477e-7)*0.06322548 - 0.27635628) - 1*(-0.092706606) + 6.823148/(1.0805529*x1)|R2:|0.9990539529675682
$v_2$ Beam Energy|150|TestSize|0.1|try 0 Model:|x0**2*(0.06360284 - 0.27236724/x0) + 0.10817066 + 589.521692856524/x1**2|R2:|0.9970052869028196
$v_2$ Beam Energy|150|TestSize|0.1|try 1 Model:|x0*(x0*0.06978673 - 0.2781701) + 0.098788165 - (-1)*5.0428867/(20.4697747041309*x0**4 + x1 - 5.043717)|R2:|0.9987674106620269
$v_2$ Beam Energy|150|TestSize|0.1|try 2 Model:|x0*(x0*0.06760767 + (x0*(-0.096322805) + 39.476498/(x1 - 1*(-0.87685394)))**2 - 0.27596217) + 0.112492755|R2:|0.9992847195656924
$v_2$ Beam Energy|150|TestSize|0.1|try 3 Model:|x0*(x0*0.07040246 - 0.28034392) + 0.10016661 + 5.051524/(x0*(x0 + x0)**4 + x1)|R2:|0.9985306689743811
$v_2$ Beam Energy|150|TestSize|0.1|try 4 Model:|((-x0/5.36278 + 0.37941065 + 4.717873/(x1 - (x0 + 2.230199)**2))**2 - 1*0.094703145)*1.8355992|R2:|0.9982610575520745
$v_2$ Beam Energy|150|TestSize|0.05|try 0 Model:|x0*(x0*0.06604975 - 0.27463695) + 0.108280465 + 10.202271/((x0**4 + x1/7.784296)**2)|R2:|0.9957520974983136
$v_2$ Beam Energy|150|TestSize|0.05|try 1 Model:|-(-1)*0.0268618979990441*x0**3 - 0.22524472*x0 + 0.08778216 + 4.853657/(x0**12 + x1)|R2:|0.9976169253972332
$v_2$ Beam Energy|150|TestSize|0.05|try 2 Model:|x0*(x0*0.06571788 - 0.27560365) + (x0**4 + x1)*(x1*4.9521276e-7 - 0.00033241825) + 0.17087848|R2:|0.9951450018306612
$v_2$ Beam Energy|150|TestSize|0.05|try 3 Model:|x0*(x0*0.06953172 - 1*0.27722847) - 1*(-0.09879918) + 4.7542276/(x1 + (x0**4 - 0.55803037)*24.644997)|R2:|0.9989005178424232
$v_2$ Beam Energy|150|TestSize|0.05|try 4 Model:|(x1*x0**4*1.2078913e-5 - 0.6866828 - (-1)*2.3913767/(x0 + 3.0919073) + 4.650195/x1)*1.1283072|R2:|0.9983206386459781
$v_2$ Beam Energy|250|TestSize|0.5|try 0 Model:|x0*(-(-0.06603362)*x0 - 0.34554964 + 18.202002/(x1 + (x0 + 0.3051901)**6)) - 1*(-0.10751841)|R2:|0.9956120127842947
$v_2$ Beam Energy|250|TestSize|0.5|try 1 Model:|x0*(x0*0.05464626 - 0.34792063 + 21.552704/(x1 + (x0 + 1.8080735)**3/x0**3)) + 0.115782276|R2:|0.9940632910408391
$v_2$ Beam Energy|250|TestSize|0.5|try 2 Model:|x0*(-(-0.04694497)*x0 - 0.37234902) + x0/(((x1 - 1*(-0.08699742) + 251.5167)/66.87341)) - 1*(-0.094380796)|R2:|0.9948136364694111
$v_2$ Beam Energy|250|TestSize|0.5|try 3 Model:|x0*(x0*0.042925455 + x1*(-9.40251e-5) - 0.24698308 + 9.58848/(x0**4 + x1)) + 0.09178371|R2:|0.9956375029136376
$v_2$ Beam Energy|250|TestSize|0.5|try 4 Model:|x0*(x0**3*0.0061542406 - 0.27499938 + 37.98886/(x0**6 + x1 + 129.1201)) - 1*(-0.07180212)|R2:|0.9966276973823986
$v_2$ Beam Energy|250|TestSize|0.25|try 0 Model:|x0*(x0*0.05018903 - 0.32539314 + 17.823776/(-x0 + x1 - (-1)*2.5972655/(x0**4))) - 1*(-0.105107754)|R2:|0.9958219484662069
$v_2$ Beam Energy|250|TestSize|0.25|try 1 Model:|x0*(-(-0.049076706)*x0 - 0.34773389 + 41.268257/(1.86762443923797*x0**4 + x1 + 151.43422)) + 0.09739945|R2:|0.9953142306971953
$v_2$ Beam Energy|250|TestSize|0.25|try 2 Model:|x0*(-(-0.016290635)*x0**2 - 0.26714736 + 11.829574/(x0**6 + x1/1.4617763)) - 1*(-0.08243951)|R2:|0.9969458057192899
$v_2$ Beam Energy|250|TestSize|0.25|try 3 Model:|x0*(-(x0*(-0.08235688) - 1*(-0.4336049)) + 80.26901/(x0**3*30.345123 + x1 + 270.64444)) - 1*(-0.10764997)|R2:|0.9963807791356474
$v_2$ Beam Energy|250|TestSize|0.25|try 4 Model:|x0*(-(0.3206385 + x0*(-0.04977139)) + 16.658436/(x1 + 0.632478231225/x0**6)) - 1*(-0.10443862)|R2:|0.99594235731221
$v_2$ Beam Energy|250|TestSize|0.15|try 0 Model:|x0*(-(-0.048909493)*x0 - 1*0.31918612 + 17.250711/(x0 + x1 - (-1)*1.5890379/(x0**4))) + 0.10225278|R2:|0.9909166119560643
$v_2$ Beam Energy|250|TestSize|0.15|try 1 Model:|x0*(-((x0 + 0.0004315323/(x0 - 1.0523857))*(-0.044626974) - 16.82356/x1) - 0.6908164)**3 + 0.094894834|R2:|0.9951636405262592
$v_2$ Beam Energy|250|TestSize|0.15|try 2 Model:|(-x0 - 0.024065739)*(-16.69976)/(x0 + x1) - (x0**3*(-0.012440202) - (-0.25670555)*x0 - 0.07689736)|R2:|0.9941730031764062
$v_2$ Beam Energy|250|TestSize|0.15|try 3 Model:|x0*(-0.106344976) + x1*(-0.00030290522) - 1*(-0.06915985) + (x1 - 1.6474375)*8.6711305e-5/(x0**4 + 0.4148461)|R2:|0.9954686380272468
$v_2$ Beam Energy|250|TestSize|0.15|try 4 Model:|x1*((0.14477521 - 0.22170952*x0)/(x1 + (x0 + 1.6517419)**4 + 37.35674) - 1*0.00016451372)|R2:|0.9953954810609088
$v_2$ Beam Energy|250|TestSize|0.1|try 0 Model:|x0*(x0*0.052037824 - 0.31953898 + 17.651062/(x1 + (x0**4 + 1.208876)*2.9683921)) + 0.09857966|R2:|0.9930220159224877
$v_2$ Beam Energy|250|TestSize|0.1|try 1 Model:|x0*(x0*0.05559449 - 0.3787029 - (-1)*69.04653/(x1 + (x0 + 3.332142)**3 + 191.86124)) - 1*(-0.09277915)|R2:|0.9971347516926881
$v_2$ Beam Energy|250|TestSize|0.1|try 2 Model:|x0*(-(-0.04970107)*x0 - 0.32179826 - (-1)*17.224642/(x0 + x1 + 2.2857535/(x0**4))) + 0.10429196|R2:|0.9969951845291299
$v_2$ Beam Energy|250|TestSize|0.1|try 3 Model:|(x1 + 73.90341)*(x0*(x0*(x0**2 + x1)*2.994797e-7 - 0.000609469) - 1*(-0.00017018284)) + 0.021579998|R2:|0.9981085192582854
$v_2$ Beam Energy|250|TestSize|0.1|try 4 Model:|x0*(x0*0.068136275 - 0.3996489 + 3.5815732/(x0**3 + x1/17.883408 + 12.473081)) - 1*(-0.10302779)|R2:|0.9956337070221876
$v_2$ Beam Energy|250|TestSize|0.05|try 0 Model:|(x0 - 1*4.850662)**3*(-0.004032272) + (-x0*(x1*2.776076e-5 - 5.135628/x1) - 0.15743701)/0.43663296|R2:|0.9947862891961194
$v_2$ Beam Energy|250|TestSize|0.05|try 1 Model:|x0**2*(0.025112592 - 0.27415723/x0) + (x0 + 1.5145024)**3/(x0**4 + x1) + 0.085153565|R2:|0.9965487197136744
$v_2$ Beam Energy|250|TestSize|0.05|try 2 Model:|x0*(-0.10475359) - 0.00031497903*x1 - 1*(-0.06685085) - (-0.00010699445)*(x1 - 1*(-0.20415048))/(x0**3 + 0.39762992)|R2:|0.9912305759841705
$v_2$ Beam Energy|250|TestSize|0.05|try 3 Model:|x0*(-(-0.05088865)*x0 - 0.3418758 - 16.62009/(-x0**4 + (x1 + 109.31397)*(-0.4913178))) - 1*(-0.09825746)|R2:|0.9968126227849291
$v_2$ Beam Energy|250|TestSize|0.05|try 4 Model:|x0*(x0**2*0.014939503 - (0.05439733 - 17.280464/(x0**6 + x1)) - 0.20865506) + 0.07995043|R2:|0.9883671555386813
$v_2$ Beam Energy|400|TestSize|0.5|try 0 Model:|x1*(-0.00013702377) + ((x1*(-2.3074499e-5) - 0.03656831)*(-0.02083507*x0**4 + x0) + 0.027703116)*3.6194353|R2:|0.9961645221853177
$v_2$ Beam Energy|400|TestSize|0.5|try 1 Model:|x0*(x0**2*x1**2*7.738179e-8 + (-x0**2 + x1)*(-0.00028975215) - 0.07731601) + 0.062033754|R2:|0.9981512923858973
$v_2$ Beam Energy|400|TestSize|0.5|try 2 Model:|x0*(0.021635 - 0.07656321/x0)*(x0*(x0 + (x0**4 + x1)*0.0042157294) - 0.5613392)|R2:|0.9971279396947204
$v_2$ Beam Energy|400|TestSize|0.5|try 3 Model:|(x1*3.4016954e-5*x0 - 0.08212516)*(x0*(-x0**3 + x1)*0.0043628984 + x0) + 0.07070215|R2:|0.9978212102484049
$v_2$ Beam Energy|400|TestSize|0.5|try 4 Model:|x0*(-0.15468664) - (-1*(-0.02032828) - 33.444817/(-x0 + x1 - 8.60637424847101*(x0 + 0.20605364)**4 + 141.04114))|R2:|0.9954103891968857
$v_2$ Beam Energy|400|TestSize|0.25|try 0 Model:|x0*(x0*0.051360358 - 1*0.2803951 + 48.955906/(x0*x1 + 199.12035))/0.945009 + 0.042573906|R2:|0.9984739793303852
$v_2$ Beam Energy|400|TestSize|0.25|try 1 Model:|x0*(-((x0 - 68.15908/x1)**2*(-0.011465964) - 60.325436/(x1 + 220.96696)) - 0.28524384) + 0.06684299|R2:|0.9967436189412732
$v_2$ Beam Energy|400|TestSize|0.25|try 2 Model:|x0*(x0**2*0.0121818 - 1*0.62503487 + 18.829563/(x0**4 + x1))**3 + 0.06987532|R2:|0.9972822009825942
$v_2$ Beam Energy|400|TestSize|0.25|try 3 Model:|x0*x1*(x0**2*7.574032e-8*x1 - 1*0.00028466704 - 0.07837137/(x0 + x1)) + 0.06186235|R2:|0.9973182234051626
$v_2$ Beam Energy|400|TestSize|0.25|try 4 Model:|-(-0.01063053)*x0**3 - x0*(-1*(-0.280336) - 53.069767/(x0**3 + x1 + 210.79453)) + 0.07001211|R2:|0.994895347658257
$v_2$ Beam Energy|400|TestSize|0.15|try 0 Model:|0.06296477 - x0*((x0 + (x0**3 + x1)/(x0**3 + 10.176652))*0.0025696445 - 1*(-0.08585286))|R2:|0.9949828476359774
$v_2$ Beam Energy|400|TestSize|0.15|try 1 Model:|x0*(x1*(x0**2*2.786642e-5 - 1*0.00019588211) - 0.12586164 - (-1)*4.7587657/(-x0 + x1)) + 0.06513923|R2:|0.9952908032712701
$v_2$ Beam Energy|400|TestSize|0.15|try 2 Model:|-(-0.003316993)*x0**4 - 0.12400654*x0 + (x0*x1 + x1)*(-0.00010844616) - 1*(-0.09103328)|R2:|0.9945032522197556
$v_2$ Beam Energy|400|TestSize|0.15|try 3 Model:|(x0*(x0**2*0.013603915 - 0.21889786 + 40.41691/(x0*x1 + 152.31152)) + 0.021107756)*1.0115353|R2:|0.9975812068255783
$v_2$ Beam Energy|400|TestSize|0.15|try 4 Model:|x1*(-(-2.7068987e-5)*x0**3 - 0.28918546*x0/(x1 - 1*(-0.0052723396) + 212.19426)) - 0.09812433 - 1*(-0.1634271)|R2:|0.9969593426255791
$v_2$ Beam Energy|400|TestSize|0.1|try 0 Model:|x0*(-0.17680494) - 0.00013161491*x1 + 0.10046778 + (x0**4 + x0*(x0 + 4.0986423))/x1|R2:|0.9946348086686513
$v_2$ Beam Energy|400|TestSize|0.1|try 1 Model:|x0*(-0.00029198857*x1 + (x0**2*(x0**4 - x1)**2)*8.721459e-8 - 1*0.07818799) + 0.063078456|R2:|0.9988958939655489
$v_2$ Beam Energy|400|TestSize|0.1|try 2 Model:|(-0.24217048 + 32.635254/(x1 - 1*2.6365058 + 106.412094))*(x0**4*(-0.023104483) + x0) - 1*(-0.061788492)|R2:|0.9987775037199622
$v_2$ Beam Energy|400|TestSize|0.1|try 3 Model:|(x1 + 72.04471)*(x0**2*(-1.6923782e-6)/(-6.302215/x1) - 0.00054978*x0 + 0.00013831512) + 0.027315622|R2:|0.9983215254096791
$v_2$ Beam Energy|400|TestSize|0.1|try 4 Model:|x0*(-(0.20864242 + (0.9165956 - x0)**2*(-0.026210044)) + 17.166712/(x0**6 + x1)) + 0.054489788|R2:|0.9930563208601816
$v_2$ Beam Energy|400|TestSize|0.05|try 0 Model:|(x0 - 1*0.119690396)*(x1*(x0 - 2.2976253)*0.00010453151 - 1*0.1623283 - (-1)*9.605051/x1) + 0.05420747|R2:|0.9994712667156571
$v_2$ Beam Energy|400|TestSize|0.05|try 1 Model:|x1*(-x0**2*(-0.00032586587 + 0.11163398/(x1 + 172.2915)) + x0*(-0.0006563637) - 1*(-0.00017691366)) + 0.021705633|R2:|0.9952253656283001
$v_2$ Beam Energy|400|TestSize|0.05|try 2 Model:|-(-0.0059453896)*x0**4 + x0*(-1*0.2259585 + 17.179499/(x0*x0**6 + x1)) - 1*(-0.06575548)|R2:|0.9964538125606983
$v_2$ Beam Energy|400|TestSize|0.05|try 3 Model:|x0*(-x1*(x0*(-9.578753e-5) + 0.00024603808 - 6.274238454649/x1**2) - 0.14636603) - 1*(-0.07457529)|R2:|0.9981327425143259
$v_2$ Beam Energy|400|TestSize|0.05|try 4 Model:|x1*(-0.3098921)/(x1 - (-1*11.090362 - 2035.64500499968/(x0 - 1*(-0.4938444))**3)) - (-1)*0.0055987793/(x0**2)|R2:|0.997513785232835
$v_2$ Beam Energy|600|TestSize|0.5|try 0 Model:|x0*((x0**3 + 12.273618)/(x1 - 1*0.32814854 + 1.019463/(x0 - 1*1.0294538)) - 1*0.17913797) + 0.054875664|R2:|0.37380954710753656
$v_2$ Beam Energy|600|TestSize|0.5|try 1 Model:|(x0 - 1*0.031554915)*((2.8630397 - x0)*(-x0**4 + x1)*x1*(-1.9830095e-7) - 0.1030044) + 0.05382055|R2:|0.9782479888176387
$v_2$ Beam Energy|600|TestSize|0.5|try 2 Model:|0.04156508 - (x0 - 0.10601069)*(x1*((x0 - 0.10601218)**2*(-2.4701665e-5) - 0.9997321) + x1 + 0.059253495)|R2:|0.9734695049561246
$v_2$ Beam Energy|600|TestSize|0.5|try 3 Model:|(x0 - 0.35298032)*(x1*(-(-2.7832303e-7)*x0*(x0 + x1) - 0.00050300994) - 0.013077681) - 1*(-0.011504198)|R2:|0.9826789746538743
$v_2$ Beam Energy|600|TestSize|0.5|try 4 Model:|x0*((x0**6 + x1)*((x0 - 1*0.90962976)**2*6.0317783e-5 - 1*0.00022547257) - 1*0.055014193) - 1*(-0.045388557)|R2:|0.9836170716658849
$v_2$ Beam Energy|600|TestSize|0.25|try 0 Model:|x1*(0.00020126207 - x0*(x0*(-2.24003e-7)*x1 + 0.00053175475)) - (-1)*0.39359966/(x0*x1)|R2:|0.9936929748113531
$v_2$ Beam Energy|600|TestSize|0.25|try 1 Model:|x0*(-0.05548647) - (x1*(x0*0.00025319014 - ((x0 - 1*(-0.055565383))**4*7.007663e-6 + 5.074612e-5)) - 1*0.037052818)|R2:|0.9888090915933418
$v_2$ Beam Energy|600|TestSize|0.25|try 2 Model:|x0*((-5.17180298324746*x0**4 + x1 - 0.871804/(x0 - 1*1.017027))*(-0.00019447788) - 0.06865287) - 1*(-0.0495207)|R2:|0.9731413092129606
$v_2$ Beam Energy|600|TestSize|0.25|try 3 Model:|(x0 - 1*(-0.049107596) + ((-x0 - 2.1263049)**3 + 4.923096)*6.185724/(x1 + 133.72318))*(-0.2091383) - 1*(-0.062508635)|R2:|0.9564891572630388
$v_2$ Beam Energy|600|TestSize|0.25|try 4 Model:|x1*x0*(-0.00018854195) - 0.06970118 + 0.12195597/(x0**12 + 4.571369) + 0.029386183/x0|R2:|0.9863287470747907
$v_2$ Beam Energy|600|TestSize|0.15|try 0 Model:|x0*(-0.041076284) - (x1*(x1*x0**3*(-6.3865144e-8) - (x0*(-0.00032496985) - 1*(-6.5209446e-5))) - 0.035090715)|R2:|0.9470378397216788
$v_2$ Beam Energy|600|TestSize|0.15|try 1 Model:|x0*x1*(-0.00019570207) - 0.057873424 + 0.16182691/((x0 - 0.05496314)*(x0**4 + 1.7184148) + 1.4673927)|R2:|0.9926593435684659
$v_2$ Beam Energy|600|TestSize|0.15|try 2 Model:|x0**4*0.0023323807 + x0*(-0.046043232) - (-0.14422429)*x0/(-0.54273415 - 355.0987/x1) + 0.049987834|R2:|0.987438590673967
$v_2$ Beam Energy|600|TestSize|0.15|try 3 Model:|x1*(x0*((-x0**4 + x1)*2.7105423e-7*x0 - 0.0005617276) - 1.5009402e-7*x1 - 1*(-0.0002639401))|R2:|0.9574534734356289
$v_2$ Beam Energy|600|TestSize|0.15|try 4 Model:|(-x0 + (x0 - 1.0775594)**2*(x0 + x1)*0.00057032186)*(x1*0.00020439953 - 1*(-0.053895548)) + 0.0375419|R2:|0.9680322036340093
$v_2$ Beam Energy|600|TestSize|0.1|try 0 Model:|x0*((0.00025861865 + x0**4*(-3.1700113e-6))*(x0**4 - x1) - 1*0.08608311)/1.3085821 - 1*(-0.04766982)|R2:|0.9833595797949418
$v_2$ Beam Energy|600|TestSize|0.1|try 1 Model:|(-0.07653174 + (x1*(-0.007302149) - 1*(-0.67310506))/(x0**4 + 29.062517))*(x0 - 0.17049037) - 1*(-0.02850185)|R2:|0.9874216187717756
$v_2$ Beam Energy|600|TestSize|0.1|try 2 Model:|x0*((x0**3 + 13.337082)/(x1 + 0.98973554/(1.1453338 - x0**6)) - 0.18382719) + 0.056203384|R2:|0.9765004665536948
$v_2$ Beam Energy|600|TestSize|0.1|try 3 Model:|x1*(x0*(-0.0005549979) - (x1 - 0.45542774)*(x0**2*(-2.47191e-7) - 1*(-8.12884e-8)) + 1.0002452) - x1|R2:|0.9792050847807263
$v_2$ Beam Energy|600|TestSize|0.1|try 4 Model:|x0*(-0.06450992 - 0.0002568888/((-1.2719892/(-x1 - 0.024664715)))) - (-0.024664715)*(x0 - 1*0.8942137)**3 + 0.048065927|R2:|0.9605921561393788
$v_2$ Beam Energy|600|TestSize|0.05|try 0 Model:|x0*(-(x0 + x1)*((x0**4*(x0 - 2.3764613)**4)*8.84032e-6 + 0.00016729347) - 0.055335093) + 0.038413938|R2:|0.9919271734671207
$v_2$ Beam Energy|600|TestSize|0.05|try 1 Model:|(x0 - 1*0.35346746)*((x1 + 4.468248)*(x0*x1*2.4696658e-7 - 0.00048894004) - 0.008896548) + 0.008719019|R2:|0.8387405871992276
$v_2$ Beam Energy|600|TestSize|0.05|try 2 Model:|x0*((-x0**3 + x1)*(x0*(-(-5.208955e-5)*x0 - 0.00012562238) - 1*0.00012687121) - 0.05613682) + 0.039303176|R2:|0.9886455090269218
$v_2$ Beam Energy|600|TestSize|0.05|try 3 Model:|-0.00017156398*x0*x1 + (0.18942738 - 7.137278e-5*x0*x1)/(x0**3 + 1.7608403) - 1*0.086272255|R2:|0.9578360558023649
$v_2$ Beam Energy|600|TestSize|0.05|try 4 Model:|(9.08719 - x0**2)*((x0 - 0.19593017)*(-3.2165874e-5*x1 - 0.0025113001) - 1*(-0.020944985)) - 1*0.1676206|R2:|0.9792776658006209
$v_2$ Beam Energy|800|TestSize|0.5|try 0 Model:|(x0*(x0*6.833738e-5 - 0.00034653707) + 5.8968268e-5)*(x0**2/0.07857423 + x1 + 156.26807) + 0.03431417|R2:|0.9981880323944328
$v_2$ Beam Energy|800|TestSize|0.5|try 1 Model:|(-x0 - 0.7995378)**4*0.0010789974 + (x0 - 1*(-0.021384573))*(-0.00021009821*x1 - 0.067705646) + 0.05397329|R2:|0.9978057210940242
$v_2$ Beam Energy|800|TestSize|0.5|try 2 Model:|x0*(x0*(x1*(-0.00043911784)/(x0**2 + x1/x1) - 0.004370989) - 1*0.029851677) + 0.031328235|R2:|0.9979363411528527
$v_2$ Beam Energy|800|TestSize|0.5|try 3 Model:|(x0 + x1)*(x0*(-(-0.00013543514)*x0 - 0.00049879384) + 0.00014441027) - (x0**2*0.018150507 - 1*0.015771383)|R2:|0.9986590210182624
$v_2$ Beam Energy|800|TestSize|0.5|try 4 Model:|0.02843364 - (0.16742502 - x0)*(x0**2*x1*2.2647679e-5 + (x0 + x1)*(-0.00027574154) - 0.039805632)|R2:|0.9987498146837659
$v_2$ Beam Energy|800|TestSize|0.25|try 0 Model:|x0*((24.2569331951541*x0**2 - x1 + (x0 - 1*(-0.17112784))**4)*0.00021147662 - 0.057384472) + 0.04707579|R2:|0.9989710135392842
$v_2$ Beam Energy|800|TestSize|0.25|try 1 Model:|(x0 - 0.3378858)*(-0.018723628*x0 + (x1 - 1*3.7425238e-5)*(-(-0.00014080045)*x0 - 0.00047888834)) + 0.0113413995|R2:|0.9987300936384502
$v_2$ Beam Energy|800|TestSize|0.25|try 2 Model:|x0*(x0*(x0*0.011795382 - 0.015683614) - (x0**3 + x1)/4700.551 - 0.043930106) - 1*(-0.043732524)|R2:|0.9988233797716184
$v_2$ Beam Energy|800|TestSize|0.25|try 3 Model:|(-1*0.042141538 + (2.69026081269626*x0**4 - x1)*0.0011084868/(x0 + 3.1241863))*(x0 - 1*0.19453807) - 1*(-0.029950816)|R2:|0.9984598027537903
$v_2$ Beam Energy|800|TestSize|0.25|try 4 Model:|-(-0.00020626983)*x0*(1.64350130246599*x0**4 - x1) - 0.039584454 + 0.06598937/(x0**3 + 1.024293)|R2:|0.9978561988127657
$v_2$ Beam Energy|800|TestSize|0.15|try 0 Model:|(x0*x1*(-(-5.2800997e-6)*x0**3 - 0.00022078714) - 0.22258426 - 1.0682817/(-x0 - 3.8820915))*0.9974036|R2:|0.9963029362902656
$v_2$ Beam Energy|800|TestSize|0.15|try 1 Model:|0.04628176 - x0*(x1*0.00019623865 - (x0/x1 + (x0 - 0.7434016)**2*0.01082917) + 0.059862696)|R2:|0.9988077411591852
$v_2$ Beam Energy|800|TestSize|0.15|try 2 Model:|(x0 - 0.2209375)*(-x1*(0.00034853647 + ((x0 + 0.80774134)**2 + 1.0908502)*(-1.5740885e-5)) - 0.033825915) - 1*(-0.023663575)|R2:|0.9992035229774945
$v_2$ Beam Energy|800|TestSize|0.15|try 3 Model:|x1*(x0*(x0*(x1*1.6115274e-7 - 1*(-3.2715394e-5)) - 1.0005132) + x0 + 0.0001582448) - 1*(-0.0133602945)|R2:|0.9973399671051804
$v_2$ Beam Energy|800|TestSize|0.15|try 4 Model:|x0*((x0**3 + x1)*(-0.00021297943) - (x0*(-0.010971791)*(x0 - 1*1.2153571) - 1*(-0.045334216))) + 0.043621518|R2:|0.997809558778433
$v_2$ Beam Energy|800|TestSize|0.1|try 0 Model:|(x0**4*(-0.015257804) + x0)*((x0/((-0.062955186)*(-0.44868264)) - x1)*0.00021854085 - 0.06124639) + 0.049157318|R2:|0.9990787963857367
$v_2$ Beam Energy|800|TestSize|0.1|try 1 Model:|x0*(x0*(-(-0.014482731)*x0 - 0.02274998) - (0.038491502 - (-0.00021142974)*(x0**4 + x1))) + 0.042262293|R2:|0.9987972377842246
$v_2$ Beam Energy|800|TestSize|0.1|try 2 Model:|(-x0**3 + x1)*(-0.00020973803)*x0 + 0.029165646 - 0.14788243*x0**2/(x0**3 + 3.2461467)|R2:|0.9986874224108643
$v_2$ Beam Energy|800|TestSize|0.1|try 3 Model:|x0*(-0.03401324) + (-x0**4 + x1)*(x0*(-(-6.993396e-5)*x0 - 0.0003777663) + 9.144418e-5) + 0.03044158|R2:|0.9982009048126972
$v_2$ Beam Energy|800|TestSize|0.1|try 4 Model:|x0*((-x0 + x1)*(-0.00017338639) + 2.9688814/x1) - 0.07463636 - 0.10139885/(-x0**3 - 1.1245508)|R2:|0.9987099833034676
$v_2$ Beam Energy|800|TestSize|0.05|try 0 Model:|x0*(-0.03559959) + x1*(x0*(-0.00036118843) + (-x0 - 0.903153)**3*(-1.2232193e-5) + 5.833602e-5) + 0.03296405|R2:|0.99942745635529
$v_2$ Beam Energy|800|TestSize|0.05|try 1 Model:|(x0*(-0.552485072028317*x0**6 + x0 + x1) - (x0 - 1*4.638242)**4)*(-0.0002105799) - 0.041734047|R2:|0.9993356112380682
$v_2$ Beam Energy|800|TestSize|0.05|try 2 Model:|x0*(-x1 + (0.32984483 - x0)**6)*0.00021126511 - 0.032282695 + 0.051740587/(x0**3 - 1*(-0.8949199))|R2:|0.9971235152437475
$v_2$ Beam Energy|800|TestSize|0.05|try 3 Model:|(0.00014884042 - 0.00046255553*x0)*(-x0*(x1*0.28904578 - 1*38.819244) + x1 + 5.208719) + 0.01250951|R2:|0.9888719986192598
$v_2$ Beam Energy|800|TestSize|0.05|try 4 Model:|(x0 - 0.0070469733)*((x0**3 + 128.74875)*5.0470505/(x1 + 1467.0135) - 0.48503444 - (-1)*0.04561202/x0)|R2:|0.9985424548419154
$v_2$ Beam Energy|1000|TestSize|0.5|try 0 Model:|x0*(-0.003420835*x0 - (x1*(-6.473912e-5) + (2.1505578 - x0)**4*0.0025429265) + 0.007463989)/(-0.31326547)|R2:|0.9960742914376765
$v_2$ Beam Energy|1000|TestSize|0.5|try 1 Model:|x0**2*(-0.0132757 + (x0*(0.0016060177 + x0*(-0.0003175472)) - 0.0023565441)/((4.9502053/x1))) - 1*(-0.0179792)|R2:|0.9983715152317685
$v_2$ Beam Energy|1000|TestSize|0.5|try 2 Model:|(x1 + 50.23933 - 0.49213427/x1)*(-0.00054830214) + (x1*(-0.000907808) - 0.08423223)/(-x0**2 - 1.7195935)|R2:|0.9946075285773738
$v_2$ Beam Energy|1000|TestSize|0.5|try 3 Model:|(x0 - 1*0.18084326)**2*(x0/x1 - x1*(-0.00013399827 - (-1)*0.00043657617/x0) - 0.02641757) + 0.016521541|R2:|0.9969954062462802
$v_2$ Beam Energy|1000|TestSize|0.5|try 4 Model:|0.020300826 + x0**3*(x1*(-x0*(x0*7.065426e-5 - 0.0003497347) - 0.00049340114) - 0.016245218)/x0|R2:|0.9962331904018022
$v_2$ Beam Energy|1000|TestSize|0.25|try 0 Model:|-0.12438479 + (x1*0.00063339307*(x0 - 0.25740698) - 0.32191926 + 0.040181216/x0)/(-x0 - 1.2079742)|R2:|0.9943901858480906
$v_2$ Beam Energy|1000|TestSize|0.25|try 1 Model:|x0*(-0.00018700428*x1 + (x0 - 2.0541945)**4*0.012304976) - 1*0.025297826 + 1.6715828/(x1 - 1*2.7699015)|R2:|0.9964412109790567
$v_2$ Beam Energy|1000|TestSize|0.25|try 2 Model:|(x1*(-0.00028295847) - 1*0.028567247)*(x0**3*(-0.0545655) + x0 + x1*(-0.00035153335) + 0.028940259) - 1*(-0.03830357)|R2:|0.9947233027999777
$v_2$ Beam Energy|1000|TestSize|0.25|try 3 Model:|x1*x0*(-0.00020487339) + (1.0274178 - x0)*(-0.028706986*x0 + 0.06452762 - 0.00078780873/(x0**4))|R2:|0.9940384211695463
$v_2$ Beam Energy|1000|TestSize|0.25|try 4 Model:|x0*(x1*(x0*3.1527044e-5 - 0.00023918043) - 0.014496686) + 0.033797536/(x0*x0**3 + 1.0776076)|R2:|0.99505189227565
$v_2$ Beam Energy|1000|TestSize|0.15|try 0 Model:|(-13.5529110268203*x0**3 + x1 + 240.97807)*(x0 + 0.0003273048/(x0 - 0.9825658))*(-0.00019821891) - 1*(-0.044451736)|R2:|0.9965098255455243
$v_2$ Beam Energy|1000|TestSize|0.15|try 1 Model:|(0.00024415762*x1 - 1*(-0.032185756))*(x0**4*0.023284357 - x0 + (-x0 + x1)*0.00017864842) - 1*(-0.037452225)|R2:|0.9966495870431838
$v_2$ Beam Energy|1000|TestSize|0.15|try 2 Model:|x1*(-0.00020866643 - 0.044534206/(x0/0.094847105 + x1))*(-0.02110888*x0**4 + x0) - 1*(-0.04349613)|R2:|0.9970462021394995
$v_2$ Beam Energy|1000|TestSize|0.15|try 3 Model:|(0.27409127 - x0)*(-x0*((x0**2 + x1)*0.00012365113 - 1*0.018794445) + x1*0.00042191456) - 1*(-0.018333018)|R2:|0.9981543813456841
$v_2$ Beam Energy|1000|TestSize|0.15|try 4 Model:|(x0 - 0.272584)*(-0.01894809*x0 + (-x0**4 + x1)*(x0*0.00011987309 - 0.0004185024)) + 0.018570265|R2:|0.9958244833026355
$v_2$ Beam Energy|1000|TestSize|0.1|try 0 Model:|x0*(-0.031522248) + (x0 - x1)*(x0**3*(-1.9132383e-5) + x0*0.000269756 - 1*3.9533e-5) - 1*(-0.03452698)|R2:|0.9988478805333764
$v_2$ Beam Energy|1000|TestSize|0.1|try 1 Model:|(x1*(-0.00032262385) - 1*0.013839152)*(-0.00015253833*x0**3*x1 + x0 - 0.23381133) + 0.019819126|R2:|0.999052364826242
$v_2$ Beam Energy|1000|TestSize|0.1|try 2 Model:|0.01761029 - (x0 - 0.28248328)*(x0*0.018047236 + (0.0004253833 + x0*(-0.00012510386))*(x0 + x1))|R2:|0.9961880243625839
$v_2$ Beam Energy|1000|TestSize|0.1|try 3 Model:|x0*(-0.029937277) + (x1 - 0.14406489)*(x0**3*1.9524437e-5 - 0.00027589014*x0 + 4.5262528e-5) + 0.033248443|R2:|0.9986951970642535
$v_2$ Beam Energy|1000|TestSize|0.1|try 4 Model:|(x1 - (-x0 - 0.13881528)**4)*x0*(-0.0002059262) - 0.016898483 + 0.032143597/(x0**4 + 0.7994555)|R2:|0.9923856894103925
$v_2$ Beam Energy|1000|TestSize|0.05|try 0 Model:|0.03504128 - (x0*0.031782508 + x1*(-x0*(0.99973243 - (-1.9082405e-5)*x0**2) + x0 - 1*3.7491132e-5))|R2:|0.9982948871901707
$v_2$ Beam Energy|1000|TestSize|0.05|try 1 Model:|x0*(x1*(x0**2*6.2742556e-6 - 0.0002145232) + (x0 - 2.0781295)**4*0.008239682 - 1*0.008872196)|R2:|0.9978228362293935
$v_2$ Beam Energy|1000|TestSize|0.05|try 2 Model:|(-x0 + (-x0**4 + x1*(5.453082 - (x0 - 1*2.534552)**2))*(-0.002279314))*0.0303229 + 0.03410697|R2:|0.99861311659532
$v_2$ Beam Energy|1000|TestSize|0.05|try 3 Model:|0.014364756 - (x0 - 0.310697)*(x1 + 3.075466)*(x1*(-2.1338516e-7)*(x0 - 1*0.42455658) + 0.00039451252)|R2:|0.9984852217547611
$v_2$ Beam Energy|1000|TestSize|0.05|try 4 Model:|0.019647978 - x0**2*((x0 - x1)*(x0*(0.00035361556 + x0*(-7.202852e-5)) - 1*0.0004999015) + 0.014858044)|R2:|0.9892989663564682
$v_2$ Beam Energy|1200|TestSize|0.5|try 0 Model:|x1*(x0 - 1*0.43225548)*(-(-7.5109296e-5)*x0 - 0.00041084015) - 9.947968e-5 + (x0 + 0.6878221)/x1|R2:|0.9897369179245297
$v_2$ Beam Energy|1200|TestSize|0.5|try 1 Model:|x0*(x1*(x0*7.132191e-5 - 0.0004245386 + 0.0001708571/x0) - 1*0.0009418073 + 292.542916300996/x1**2)|R2:|0.9897612508661155
$v_2$ Beam Energy|1200|TestSize|0.5|try 2 Model:|x0*(-0.053156175 + 12.211132/x1) + x1*(-0.0005482446 + 0.0010135729/(x0 + 1.109143)) - 1*0.021065937|R2:|0.9825168842173684
$v_2$ Beam Energy|1200|TestSize|0.5|try 3 Model:|-x0*(x1*0.0002005684 - 0.001976776) + 0.008563599/(-(0.10643801 - x0) + (x0**4 - 0.22458276)**4)|R2:|0.9883461390849241
$v_2$ Beam Energy|1200|TestSize|0.5|try 4 Model:|(x0 - 0.4225986)*(x0**3*(-0.005802404) + x1*(-(-0.00019771833)*x0 - 0.00060241914) + 0.024798445) + 0.0077790585|R2:|0.9819631001794035
$v_2$ Beam Energy|1200|TestSize|0.25|try 0 Model:|-x1*(0.00014696333 - 853.187917076178/x1**3)*(x0 - 1*0.16072372) - 0.14179556 + 0.28689295/(x0 + 1.4327081)|R2:|0.9913140066674738
$v_2$ Beam Energy|1200|TestSize|0.25|try 1 Model:|x1*(0.00021150215 - x0*(x0*(-7.0381335e-5) - 1*(-0.0004195604))) - 0.02619754 + 4.701207/(x0**4 + x1)|R2:|0.9838943623478879
$v_2$ Beam Energy|1200|TestSize|0.25|try 2 Model:|-(x0 + x1)*(-x0*(x0**2*2.0864134e-5 - 0.0003502109) - 0.00026107207) - 1*0.06457319 + 9.7265215/x1|R2:|0.991482505898125
$v_2$ Beam Energy|1200|TestSize|0.25|try 3 Model:|(x0*(-0.00040103952) - 1*(-0.00018627875))*(x0*x1*(-0.19194634) + x1) - 0.0060113906 + 1.7341177/x1|R2:|0.9879756818665029
$v_2$ Beam Energy|1200|TestSize|0.25|try 4 Model:|(x1/3.3550797 - 6.577759)*(-(0.0035525395 + x1*(-1.2262838e-6)) + 0.04218928/((x0 + 3.368171)**2)) - 1*(-0.026895484)|R2:|0.988051541040845
$v_2$ Beam Energy|1200|TestSize|0.15|try 0 Model:|(-1*0.0012270145 + 0.0046552136/(x0 + 3.0800042))*(x1 - (x0**4 + 0.91483223)) - 0.05605177 + 8.589095/x1|R2:|0.9854004632150466
$v_2$ Beam Energy|1200|TestSize|0.15|try 1 Model:|x0**2*x1*(x0*6.727953e-5 - 1*0.00021891235) - 0.02966684 + 3.2270448/x1 + 0.012821885/x0|R2:|0.9894285840754756
$v_2$ Beam Energy|1200|TestSize|0.15|try 2 Model:|-(-1*(-0.047332708) - 7.42372/x1) + (x0 + x1)*(x0**3*2.0088244e-5 + x0*(-0.00034339668) - 1*(-0.00022381083))|R2:|0.9927419391770669
$v_2$ Beam Energy|1200|TestSize|0.15|try 3 Model:|(x1 - 18.368687)*(x0*(x0*8.243224e-5 - 0.00046732847) + 0.00027683584) - 0.045007363 + 6.857182/x1|R2:|0.9929506529748839
$v_2$ Beam Energy|1200|TestSize|0.15|try 4 Model:|x1*(x0*((x0 - 0.37004325)**2*2.2975632e-5 - 0.00032062177) - 1*(-0.00020224597)) - 0.041616574 - (-1)*6.718637/x1|R2:|0.9825722754438487
$v_2$ Beam Energy|1200|TestSize|0.1|try 0 Model:|-(x0 + x1)*(x0*(0.00034645246 + x0**2*(-1.9962512e-5)) - 0.00024135505) - 0.054606806 + 8.303414/x1|R2:|0.9939201220758198
$v_2$ Beam Energy|1200|TestSize|0.1|try 1 Model:|x1*(x0 - 0.00067866704*1.10789206915462*x1)*(x0*7.9658355e-5 - 0.0004249848) - 1*(-0.027564183)|R2:|0.9960682709863414
$v_2$ Beam Energy|1200|TestSize|0.1|try 2 Model:|x1*(0.00022249787 - x0*(0.0004098743 + (x0 - 1*(-1.4773372))**2*(-1.1254031e-5))) - 0.03688454 + 6.023514/x1|R2:|0.9709711562131736
$v_2$ Beam Energy|1200|TestSize|0.1|try 3 Model:|x1*(x0*(x0*8.208426e-5 - 0.00045303052) + (x1 - 1.0618466/x0**4)*3.0698172e-7) + 0.030720811|R2:|0.9933609821936764
$v_2$ Beam Energy|1200|TestSize|0.1|try 4 Model:|x1*(x0*(-0.00038699745) + (x0 - 1*(-0.56989646))**3*1.372183e-5 + 0.00022691667) - (-1*(-0.042721752) - 6.6969695/x1)|R2:|0.997646206687955
$v_2$ Beam Energy|1200|TestSize|0.05|try 0 Model:|(-(-0.00039509838)*x0 - 0.00020985352)*(x0*x1*0.19180667 - x1) - 0.009934052 + 15430984.6932574/x1**4|R2:|0.902141010544802
$v_2$ Beam Energy|1200|TestSize|0.05|try 1 Model:|x1/(x1**2) - (x1*(x0*(x0*(-7.490441e-5) - 1*(-0.00043295146)) + x1*(-2.9758408e-7)) - 0.024396425)|R2:|0.996054895459615
$v_2$ Beam Energy|1200|TestSize|0.05|try 2 Model:|-((0.00048217896 - 0.0010221896/(x0**2 + 1.6456239))*(x0**2 + x1) + 0.04889497) + 7.544072/x1|R2:|0.9909145263273522
$v_2$ Beam Energy|1200|TestSize|0.05|try 3 Model:|-(-1*(-0.04168535) - 6.615413/x1) - 0.01469373*(x0 - 0.64261264)*(x1 - 1.1909447)/((x0 + 5.860459)**2)|R2:|0.997372539031007
$v_2$ Beam Energy|1200|TestSize|0.05|try 4 Model:|x0*x1*(x0*7.495077e-5 - (-1*(-0.00043290952) - 0.00025554284/x0)) - 1*0.046065297 + 7.1663465/x1|R2:|0.9933592806713681
