v_2 Beam Energy|xy|TestSize|0.5|try 0 Model: |(x0*((x0*(-1.5999981) - (-x1 - 0.44294566)**3)*(-0.0593633) - 1*1.3991574) - x1 - 1*0.07832854)/1.9806938|R2:|0.9438423560568739
v_2 Beam Energy|xy|TestSize|0.5|try 1 Model: |(-0.48806286 - (-1)*4.832081e-8/(x1**4))*(-x0*(-(-0.21092452)*(x0 - x1) - 1.5660356) + x1 - 1*(-0.12473493))|R2:|0.376498262753415
v_2 Beam Energy|xy|TestSize|0.5|try 2 Model: |x1*(-0.5957038) - (0.64524895 - 0.024716903*(x0 - x1)**3)*(x0 - 0.028040716/(x1 + 1.5313516))|R2:|0.912406434831958
v_2 Beam Energy|xy|TestSize|0.5|try 3 Model: |x1*(-0.50407606) - (x0 - 0.018561717)*((0.00543061611946574*x0**8)*(x1 - 0.7585098) + 0.75549996)|R2:|0.8698106074114093
v_2 Beam Energy|xy|TestSize|0.5|try 4 Model: |(x0 - 1*1.483492)**4*0.005068046*(x0 + x1 + 2.2334526) + (x0 + x1)*(-0.6597794) - 0.06892025|R2:|0.962509159150952
v_2 Beam Energy|xy|TestSize|0.25|try 0 Model: |(0.5181619 - (-0.08650133)*(x0 - 0.350921*x1))*(x0 - x1) - (x0/0.82824564 + 0.078109875)|R2:|0.922603939970703
v_2 Beam Energy|xy|TestSize|0.25|try 1 Model: |(x1 - (0.0262042375924729*x0**2*(x1 - 1*(-2.0370195))**2 + x0*(x1*(-0.25133288) - 1.2659065)))*(-0.5511235)|R2:|0.9691253438513415
v_2 Beam Energy|xy|TestSize|0.25|try 2 Model: |-(x0 - 1*0.01151803)/0.94595724 + (x0 - 1.4379559*x1 + 0.000389208395770232/(x1 + 1.5821837)**3)*0.32903838|R2:|0.9778692277381971
v_2 Beam Energy|xy|TestSize|0.25|try 3 Model: |x0*(-0.6679915) + (-(x1 + 0.10104658) + (-0.46217784*x0 + x1*0.33266705 - 0.060202166)**4)*0.5201545|R2:|0.7558640529942625
v_2 Beam Energy|xy|TestSize|0.25|try 4 Model: |x0*(-(0.12001048 - 0.0570692*x0)*(x1 + 1.1264012) - 0.59144926) - (x1*0.5448997 - 1*(-0.024192471))|R2:|0.9865582008927656
v_2 Beam Energy|xy|TestSize|0.15|try 0 Model: |-x0*(0.76831913 - 0.06402482*x0) + (0.0408707501914946*x0**3*(x1 - 0.4296898)**3 + x1)*(-0.55092466)|R2:|0.8284175064390444
v_2 Beam Energy|xy|TestSize|0.15|try 1 Model: |x0*(-0.6973322) - (-x0**2*(x1*(-0.12373216) - 0.23120096)**2 + x1*(x0*0.13552739 + 0.56409687))|R2:|0.9747420601899998
v_2 Beam Energy|xy|TestSize|0.15|try 2 Model: |-x0/1.233766 + x1*(-0.49273053) + (x0 + 0.6326439)**3/(((x1 + 1.568358)*39.096924/x0))|R2:|0.9642649400851445
v_2 Beam Energy|xy|TestSize|0.15|try 3 Model: |-0.7052134*x0 - 0.50690573*x1 + (x0*0.28980166 - 0.1810732*x1)**2 - 1*0.08589047|R2:|0.8830474317441619
v_2 Beam Energy|xy|TestSize|0.15|try 4 Model: |x1*(-0.5149142) - (0.7078349 - 0.082365096*(x0 - x1))*(x0 + 0.000116317051894873/(-x1 - 1.4612905)**3)|R2:|0.9552199017249503
v_2 Beam Energy|xy|TestSize|0.1|try 0 Model: |x0*(-0.76674706) - x1/(0.34599476865424*(0.35060188 - x0)**2 + 1.7436326) - (-1)*0.014199403/(x1 + 1.6877917)|R2:|0.9759433401571141
v_2 Beam Energy|xy|TestSize|0.1|try 1 Model: |x0*(x0*0.07565491 - 1*0.728901) + x1*(-(x0*0.19489838 - 1*0.41959932)**3 - 0.6005299) - 0.021374088|R2:|0.9893126507195923
v_2 Beam Energy|xy|TestSize|0.1|try 2 Model: |-0.71485394*x0 + x1/(x1/((((x0 - 1*(-1.7305841))*31.48379))*(x1 - 1.4882272)) - 1.9742553)|R2:|0.9850531604397802
v_2 Beam Energy|xy|TestSize|0.1|try 3 Model: |x0*((x0 - x1)*0.07813475 - 1*0.7382011) + x1*(-0.48957604 - 0.0003859508/(-x0 + x1))|R2:|0.9847704170039433
v_2 Beam Energy|xy|TestSize|0.1|try 4 Model: |(x0 - 1.1666605)**2*(x1 - 1*(-1.4225322))*0.047307104 - (x0 + x1*1.0930904 - 1*(-0.21591723))/1.7648808|R2:|0.967765350443009
v_2 Beam Energy|xy|TestSize|0.05|try 0 Model: |-0.7238486*x0 + x1*(-2.7384765)/(5.7474985 + 1.1656156/((-1.0541371)*(x0**3 + 5.7822537))) + 0.0098771285|R2:|0.9475343100982436
v_2 Beam Energy|xy|TestSize|0.05|try 1 Model: |(x0*0.9510505 + x1 + (1.0835153 - x0)**2*(x1 + 1.1670413)*(-0.079972) + 0.1436204)*(-0.6210688)|R2:|0.9855170499285086
v_2 Beam Energy|xy|TestSize|0.05|try 2 Model: |x0*(-0.74826026) + (x0*0.13492759 + 0.54075223)*(x0**2*(x1 + 1.0572134)*0.08623837 - x1)|R2:|0.9857783336834254
v_2 Beam Energy|xy|TestSize|0.05|try 3 Model: |(0.80176073 - (0.21791115 - (-0.14688182)*x0)**2)*(-x0 + x1*(x0*(-0.23632126) - 1*0.7051156)) - 0.019998329|R2:|0.9676265674769312
v_2 Beam Energy|xy|TestSize|0.05|try 4 Model: |x0*((x0 - x1)/13.656916 - 1*0.6973622) + x1/(-1.9762875 - 0.017942086/(-x0 - 1.7916118))|R2:|0.9962944189102279
