$v_2$ Beam Energy|150|TestSize|0.5|try 0 Model:|0.097717755*x0**2 + x1 - (1.091807 - 0.022189552*x1)*(x1 + (-x0 - 0.120794415)*(-0.96743363))|R2:|0.9982923875243733
$v_2$ Beam Energy|150|TestSize|0.5|try 1 Model:|x0*(x0*(x1*0.0066433107 + 0.10980367) - 1*1.0496943) + (x1*(-0.18149342) - 1*(-0.24314779))**2 - 1*0.20359479|R2:|0.9987502155582995
$v_2$ Beam Energy|150|TestSize|0.5|try 2 Model:|0.02374183*x1**2 + (x0*0.10508989 - 0.81737095)*(x0 + 0.10879746*x1 - 2.218201) - 1*1.9438685|R2:|0.9985753402159929
$v_2$ Beam Energy|150|TestSize|0.5|try 3 Model:|(1.0789877 + x0*(-0.08797628))*(-x0 + (0.2832392 - x1*(x0*0.026552532 + 0.16297962))**2 - 0.18826228)|R2:|0.9990095376335705
$v_2$ Beam Energy|150|TestSize|0.5|try 4 Model:|x0*(-0.8803663*x0 + x0 - 1.0327697) + (1.2247779 - x1)**2*0.03317995 - 1*0.20258594|R2:|0.9981946685545897
$v_2$ Beam Energy|150|TestSize|0.25|try 0 Model:|-1.5028177*x0 + (x1 - (x0 + x1**2*0.05328148 - 1*(-2.236789))**2 + 6.2772527)*(-0.0973755)|R2:|0.9989329984351462
$v_2$ Beam Energy|150|TestSize|0.25|try 1 Model:|x0*(x0*(x1*0.0089085605 + 0.09380904) - 1.048227) + (x1 - 1.9001222)**2*0.025523998 - 1*0.21441846|R2:|0.9989296610452424
$v_2$ Beam Energy|150|TestSize|0.25|try 2 Model:|((x0 - (0.43534073 + x1*(-0.13251425))**3)/9.537442 + 0.021400897)*(x0*0.9995482 - 10.154974)*0.9999563|R2:|0.9980522649626704
$v_2$ Beam Energy|150|TestSize|0.25|try 3 Model:|x0*(x0*0.1042614 - 1.0430508) + (x0*0.12499989 + x1 - 1.4938123)**2*0.02676751 - 0.19304876|R2:|0.9987593534396714
$v_2$ Beam Energy|150|TestSize|0.25|try 4 Model:|x1**2*0.027124487 + (x0*0.1055327 - 1.0428799)*(x0 + x1*0.08148307 - 0.02339586) - 0.15961221|R2:|0.9989009122778005
$v_2$ Beam Energy|150|TestSize|0.15|try 0 Model:|(x0 + x1*0.060322344)*(-(-0.10041382)*x0 - 1.0603262) - 0.7666334/((x1 - 0.46374676)**4 + 5.8904133)|R2:|0.9992996544895265
$v_2$ Beam Energy|150|TestSize|0.15|try 1 Model:|(x0 + 0.18380855)*(-(-0.10473959)*x0 - 1.062858) - (-0.02975934)*(-(-0.1173738)*x0 + x1 - 1.3993402)**2|R2:|0.9986446815760097
$v_2$ Beam Energy|150|TestSize|0.15|try 2 Model:|(x0 + x1*0.066878125 + 2.0998483)*(x0*0.10377738 + x1**2*0.009619453 - 1.2803148) - 1*(-2.559716)|R2:|0.999048857992303
$v_2$ Beam Energy|150|TestSize|0.15|try 3 Model:|-(-1)*0.10025981*x0**2 - (-0.02735708)*x1**2 - (x0*1.0462849 - (-0.08794324)*x1) - 0.12761691|R2:|0.9991362053442684
$v_2$ Beam Energy|150|TestSize|0.15|try 4 Model:|(x0 + x1*0.06828983 - 1*(-2.1249845))*(x0*0.1023703 + x1**2*0.009204165 - 1.2751607) - 1*(-2.583079)|R2:|0.9992575792526874
$v_2$ Beam Energy|150|TestSize|0.1|try 0 Model:|x0**2*0.1061148 + x1**2*0.027215803 - 0.08567952*x1 - 1.0505288*(x0 + 0.12691619)|R2:|0.9975368770488627
$v_2$ Beam Energy|150|TestSize|0.1|try 1 Model:|x1**2*0.02784108 + (x0*(-0.103232674) - 1*(-1.0852122))*(-x0 + x1*(-0.077958524) - 0.32017592) - 1*(-0.214285)|R2:|0.9988650555530539
$v_2$ Beam Energy|150|TestSize|0.1|try 2 Model:|-0.0857311*x1 + (-x0 - 2.4785993)*(x0*(-0.10017923) - 0.009195116*x1**2 - 1*(-1.3099601)) - 1*(-3.1210334)|R2:|0.9995413636629424
$v_2$ Beam Energy|150|TestSize|0.1|try 3 Model:|x1**2*0.029354192 - (-0.10463289)*(x0 - 1*0.24260414)**2 - (x0 - (-0.08364413*x1 - 0.14014338))|R2:|0.9986550092771752
$v_2$ Beam Energy|150|TestSize|0.1|try 4 Model:|x0 + (x0*0.10696199 - 2.0533314)*(x0 + x1**2*(-0.01435663) + x1*0.040671274) - 1*0.13696145|R2:|0.9983782328232839
$v_2$ Beam Energy|150|TestSize|0.05|try 0 Model:|-(-0.10365125)*x0**2/0.9603681 - 1.0521576*x0 + x1*(-(-0.028061971)*x1 - 0.08137973) - 0.13599251|R2:|0.9958778191571752
$v_2$ Beam Energy|150|TestSize|0.05|try 1 Model:|-x0 - (-0.029359315)*(1.4185317 - x1)**2 + (x0*0.32801938 - 1*0.076611616)**2 - 0.20190579|R2:|0.9967163705130325
$v_2$ Beam Energy|150|TestSize|0.05|try 2 Model:|-(x0 - (x0 - 0.29262444)**2*(x1*(-0.017449357) - 0.32499346)**2 - 0.9763887/(x1 + 3.5119534)) - 0.4182903|R2:|0.9953001069918637
$v_2$ Beam Energy|150|TestSize|0.05|try 3 Model:|(0.0248032229423521*x0**2 + (x1 - 1.6167376)*0.16822276)**2 + (x0*0.3404646 - 1.5589278)**2 - 2.6388779|R2:|0.9994529558295062
$v_2$ Beam Energy|150|TestSize|0.05|try 4 Model:|(x0**2*0.10051033 + x1**2*0.027234714 + x1*(-0.07755409) - (x0 + 0.12774494))*1.0519749|R2:|0.9987679676998811
$v_2$ Beam Energy|250|TestSize|0.5|try 0 Model:|-0.22834639*x1 + (x0 + 0.07905426)*(x0*0.08877262 + (x1 - 0.5390807)**2*0.032188803 - 0.96086824)|R2:|0.9967084394598305
$v_2$ Beam Energy|250|TestSize|0.5|try 1 Model:|x1*(-0.20105574) + (x0 - 1*(-0.07603108))*(x0*0.09859073 + (x1 - 1.0870881)**2*0.02253754 - 0.9727149)|R2:|0.9957746841632019
$v_2$ Beam Energy|250|TestSize|0.5|try 2 Model:|x1*(-0.22134767) - (x0 - 1*(-0.09015181))*(-0.1093401*x0 + (x1 - 0.807135)**2*(-0.031801283) - 1*(-0.9709211))|R2:|0.9947833428125311
$v_2$ Beam Energy|250|TestSize|0.5|try 3 Model:|x0*((x0**3 - (-x1**2 + x1))*0.022452615 - 0.93046695) + (x1 + 0.17075652)*(-0.2253379)|R2:|0.9941902566960374
$v_2$ Beam Energy|250|TestSize|0.5|try 4 Model:|x0/(x0*(-0.11274076) - (0.120952494 - 0.21742079*x1)**2 - 1*1.098441) + (-x1 - 0.26513046)*0.25750995|R2:|0.9969751803230985
$v_2$ Beam Energy|250|TestSize|0.25|try 0 Model:|-0.20183307*x1 + (x0 + 0.0779129)*(x0*0.099711135 + (0.40438417 - 0.13792521*x1)**4 - 1*0.96585906)|R2:|0.9962732149972103
$v_2$ Beam Energy|250|TestSize|0.25|try 1 Model:|x1*(-0.20811762) + (x0 + 0.07800539)*(-(-0.096659124)*x0 + (x1*0.16594826 - 0.15016398)**2 - 0.9747582)|R2:|0.9954957555583126
$v_2$ Beam Energy|250|TestSize|0.25|try 2 Model:|(-(x0 + 0.21806389) + (x1 + (1.0221759 - x0)**2*(x1*(-0.101019576) - 0.34523797))*(-0.34784958))*0.7422932|R2:|0.9968232416146541
$v_2$ Beam Energy|250|TestSize|0.25|try 3 Model:|x1 - (-x0 + x1*(x0*(-0.19473143) - 1.3195722))*(x0*0.097645395 - 0.9295438) - 0.07879524|R2:|0.9958225973525661
$v_2$ Beam Energy|250|TestSize|0.25|try 4 Model:|x1*(-0.17439646) - (x0 + 0.10401137) + (x0 + (0.53060824 + x1*(-0.30760062))**2)**2*0.10842751|R2:|0.9965227946521541
$v_2$ Beam Energy|250|TestSize|0.15|try 0 Model:|-1.4079382 + (-x0 + x1*(-0.27652675) + 1.6763828)/(1.262363 - x0*(x1*(-0.04578274) - 0.12864107))|R2:|0.9907543330234413
$v_2$ Beam Energy|250|TestSize|0.15|try 1 Model:|x1*(-0.21933182) + (x0 - 1*(-0.079933256))*(x0*0.09418269 - (-0.026997045)*(x1 - 1*0.8115583)**2 - 0.95521307)|R2:|0.9963891357576787
$v_2$ Beam Energy|250|TestSize|0.15|try 2 Model:|-0.20955975*x1 + (x0 - 1*(-0.08934421))*(-(-0.102639854)*x0 + (0.67814773 - x1)**2*0.02970627 - 0.9721717)|R2:|0.9947029425018404
$v_2$ Beam Energy|250|TestSize|0.15|try 3 Model:|x1*(-0.22579202) - (x0 - 1*(-0.08290957))*((x1 - 0.67412204)**2*(-0.032233376) - (x0*0.09670964 - 1*0.94908154))|R2:|0.9958076741143926
$v_2$ Beam Energy|250|TestSize|0.15|try 4 Model:|(-(x0*(-0.31765944) + x1*(x0*(x0*(-0.0036775651) - 0.03928464) - 0.076119125)) - 1.4588677)**2 - 1*2.2091|R2:|0.995386359210735
$v_2$ Beam Energy|250|TestSize|0.1|try 0 Model:|x1*(-0.21063896) + (x0 - 1*(-0.08173548))*((x0 + (x1*0.5227508 - 1*0.4182769)**2)*0.09973946 - 1*0.9623294)|R2:|0.99228015137964
$v_2$ Beam Energy|250|TestSize|0.1|try 1 Model:|(x0 + x1*(x0*0.17860961 + 0.22271167))*((x0 + x1)*0.09589641 - 0.94321436) - 1*0.09141716|R2:|0.9984284141767722
$v_2$ Beam Energy|250|TestSize|0.1|try 2 Model:|x1*(-0.23130478) + (-x0 - 0.08708094)/(-(-0.12514448)*x0 + 0.0425680373072529*(0.55920565 - x1)**2 + 1.07357)|R2:|0.995742757265344
$v_2$ Beam Energy|250|TestSize|0.1|try 3 Model:|(-x0 + x1*0.33914334)**2*0.09884269 - (x0*0.9175955 + x1*0.21240278 - 0.0006658149 - 1*(-0.08004935))|R2:|0.9983338426510142
$v_2$ Beam Energy|250|TestSize|0.1|try 4 Model:|-x0 + x1*(-0.17838778) + 0.10501909642225*(x0 + (0.78102154 + x1*(-0.14659129))**4)**2 - 0.1053922|R2:|0.9959306944346961
$v_2$ Beam Energy|250|TestSize|0.05|try 0 Model:|x1*(-0.20662563) - 0.90562177*(x0 + 0.08586171) + (x0*0.7814739 - 0.25118095*x1)**2*0.16762894|R2:|0.9951838865290481
$v_2$ Beam Energy|250|TestSize|0.05|try 1 Model:|-(x0 + x1*0.17685011) + 0.105019517709123*(x0 + (x1*0.11454817 - 1*0.8128351)**6)**2 - 0.1016054|R2:|0.9971702516584069
$v_2$ Beam Energy|250|TestSize|0.05|try 2 Model:|-x0 + x1*(-0.17779641) + (x0*0.31107566 + (0.5826878 + x1*(-0.11634848))**4)**2 - 0.098341346|R2:|0.9961024888039872
$v_2$ Beam Energy|250|TestSize|0.05|try 3 Model:|x1*(-0.23274061) - (x0*0.8705791 - 1*(-0.06821223)) - (-0.026573922)*(x0**2 - x0 + x1)**2|R2:|0.9969331369843263
$v_2$ Beam Energy|250|TestSize|0.05|try 4 Model:|((9.640754 - (x0 + (x1 - 1.7366167)**3*(-0.042668372)))*x0*0.43581998 + x1 + 0.324032)*(-0.22496776)|R2:|0.9913932361187003
$v_2$ Beam Energy|400|TestSize|0.5|try 0 Model:|(-x0 + (-x1 - 3.0132754)*(-2.0364916)/(x0*(1.374442 - x0) - 7.228095) + 0.77956)*0.81597096|R2:|0.9967879100369827
$v_2$ Beam Energy|400|TestSize|0.5|try 1 Model:|1.9513744 - (-x0 - 1.8852206)*(x0 + x1*(x0/1.9823011 - 1.6918513) - 13.559709)/12.685223|R2:|0.9976577775426978
$v_2$ Beam Energy|400|TestSize|0.5|try 2 Model:|x0*(-0.88647556) + (x1 + 1.0887488)*(-(-0.046805635)*(x0 - 1*0.18994236)**2 - 0.64368135)**3 + 0.23678209|R2:|0.9971027751922656
$v_2$ Beam Energy|400|TestSize|0.5|try 3 Model:|x1*(-0.25635463) - (0.94980353 - 0.088412866*(x0 + (x1/1.3768617 - 1*0.23160893)**2))*(x0 - 1*(-0.08144675))|R2:|0.9976713861838772
$v_2$ Beam Energy|400|TestSize|0.5|try 4 Model:|x1*0.18118775 + (x0*(x1*(-0.041111358) - 0.28434917) + x1*(-0.12768354) + 1.6261275)**2 - 2.718694|R2:|0.998119416941023
$v_2$ Beam Energy|400|TestSize|0.25|try 0 Model:|x1*(-0.24784899) + (x0 - 1*(-0.061152898))*((x0 + (x1*0.72456527 - 1*0.38755587)**2)*0.076929145 - 0.93782246)|R2:|0.9983888797217313
$v_2$ Beam Energy|400|TestSize|0.25|try 1 Model:|(x0 - x1/(-4.0169168) - 0.086984955*(x0 + x1/(-x1 - 3.7115731))**2)*(-0.9209294) - 0.069182284|R2:|0.996750295443887
$v_2$ Beam Energy|400|TestSize|0.25|try 2 Model:|x1*(-0.24931312) + (x0 - 1*(-0.06782379))*(0.07800366*x0 + (0.09415889 + x1*(-0.20010279))**2 - 0.9362892)|R2:|0.9981610357511087
$v_2$ Beam Energy|400|TestSize|0.25|try 3 Model:|x0*(-0.8428229) - ((x1 + 1.9040358)/(0.819963808173361*(0.54206234 - x0)**2 + 3.808399) - 0.40783095 - 1*0.011623855)|R2:|0.9971815616035034
$v_2$ Beam Energy|400|TestSize|0.25|try 4 Model:|-x0*(x0*(-0.08709443) + (x1 - 0.67968404)**2*(-0.030958084) + 0.9198976) - 0.23787133*x1 - 0.059921566|R2:|0.9962561296575434
$v_2$ Beam Energy|400|TestSize|0.15|try 0 Model:|(0.8606268 + x0*(-0.07809144))*(-x0*(x1*0.09484123 + 1.036002) + x1*(-0.27317205)) - 0.0506625|R2:|0.9937815945477505
$v_2$ Beam Energy|400|TestSize|0.15|try 1 Model:|(x0*0.0653049 - 1*0.24872251)*(x0*x1*0.479701 + x0 + x1 - 1*10.252331) - 2.5969598|R2:|0.9955106343149
$v_2$ Beam Energy|400|TestSize|0.15|try 2 Model:|(-(x0 - 0.41791183) + (x1 - 1*(-1.6961987))*(0.0456395885003776*(x0 - 0.5233865)**2 - 1*0.29491174))*0.8496639|R2:|0.9950972604524385
$v_2$ Beam Energy|400|TestSize|0.15|try 3 Model:|x1*(-0.24165645) - (0.94436383 - (x0*0.08181187 + 0.0406392618909124*(x1 - 1*0.52916753)**2))*(x0 + 0.06835944)|R2:|0.998578382922008
$v_2$ Beam Energy|400|TestSize|0.15|try 4 Model:|x1*(-0.23746419) + (-x0 - 0.07001659)*(x0*(-0.084862284) - 0.039241567*(0.45732728 - x1)**2 + 0.9367504)|R2:|0.9965111563347531
$v_2$ Beam Energy|400|TestSize|0.1|try 0 Model:|x1*(-0.24421258) + (x0 - 1*(-0.06833989))*(x0*0.08201929 + (-x1**2 + x1)*(-0.039758563) - 0.9294247)|R2:|0.9970212116961883
$v_2$ Beam Energy|400|TestSize|0.1|try 1 Model:|x1*(-0.25193596) - (x0/(-(-0.105153754)*x0 + 0.0497112463248361*(x1 - 0.44403738)**2 + 1.0941716) - 1*(-0.061246943))|R2:|0.9988975265791359
$v_2$ Beam Energy|400|TestSize|0.1|try 2 Model:|-0.2502664*x1 + (x0 + 0.06797704)*(-(x0*(-0.07915155) + (x1 - 1*0.45483315)**2*(-0.04265754)) - 0.9374854)|R2:|0.9991972116116205
$v_2$ Beam Energy|400|TestSize|0.1|try 3 Model:|x0*((x1 + 1.6953598)*(x0 - 1.1667498)*0.03947297 - 0.8329864) - 0.2536676*x1 - 0.050603688|R2:|0.9987244478221621
$v_2$ Beam Energy|400|TestSize|0.1|try 4 Model:|-x0 + (-x1 + 0.52536330758025*(x0 + (0.882394 + x1*(-0.098418646))**6)**2)*0.18191895 - 1*0.10240626|R2:|0.9927141965080603
$v_2$ Beam Energy|400|TestSize|0.05|try 0 Model:|x1*(-0.24680845) + (0.93310463 + (x0*1.9734875 + (x1 - 0.46025258)**2)*(-0.040298972))*(-x0 - 0.06597215)|R2:|0.9986697338943809
$v_2$ Beam Energy|400|TestSize|0.05|try 1 Model:|x0*((x0 + (x1*0.66890115 - 0.37931406)**2)*0.084441714 - 0.93062913) - 0.24929677*(x1 + 0.24509789)|R2:|0.9920697459385314
$v_2$ Beam Energy|400|TestSize|0.05|try 2 Model:|(x0 - 1*(-0.051370177))*(-0.93326324) + (-0.2399322*x0*(x0 + (x1 - 1*0.158305)**2) + x1)*(-0.25802854)|R2:|0.9981007542537528
$v_2$ Beam Energy|400|TestSize|0.05|try 3 Model:|x1*(-0.24430881) + (x0 + 0.06994814)/((x0 - (-0.4845301)*(0.4730076 - x1)**2)*(-0.10608081) - 1.0742254)|R2:|0.9975004331494781
$v_2$ Beam Energy|400|TestSize|0.05|try 4 Model:|(x0/(11.523016 - x1**3) - 1*0.91171587)*(x1*(x0*0.09162874 - 1*(-0.26876467)) - (-x0 - 0.066058114))|R2:|0.9984968045840411
$v_2$ Beam Energy|600|TestSize|0.5|try 0 Model:|-0.8430912*x0 + (-0.24842595 - 0.015759923/(x0 - 1*(-0.08022075)))*(x1 + 0.01636432/(0.7896381 - x0))|R2:|0.9441728982026918
$v_2$ Beam Energy|600|TestSize|0.5|try 1 Model:|(-x0 + (x1 + 1.3021195)*((0.22427551 - 0.24145982*x0)**2 - 0.36557266))*0.78744006/0.9944852 + 0.30521646|R2:|0.9803765994040522
$v_2$ Beam Energy|600|TestSize|0.5|try 2 Model:|-0.676324*x0 + (x1 + 2.5656292)/(-(x0*0.46544412 - 1*0.81768185)**4 - 2.9376292) + 0.69721645|R2:|0.9741657792741242
$v_2$ Beam Energy|600|TestSize|0.5|try 3 Model:|(x0 + x1*(0.5715033 - x0*((-0.30364504*x0 - 0.06907703)**2 - 0.20069332))**2)*(-0.8717664)|R2:|0.9785326683746915
$v_2$ Beam Energy|600|TestSize|0.5|try 4 Model:|(-x0 + (0.193436407373684*x0**2 - x1)*(x0*0.08101965 - 1*(-0.2864361)) - 0.015232037)*0.9023232 - 0.0152211115|R2:|0.9827811403062398
$v_2$ Beam Energy|600|TestSize|0.25|try 0 Model:|x0*(-0.8708119) - x1/(x0**2*1.2682539 - (x0 - 0.06552937/(x1 - 1*1.2282795)) + 3.8154132)|R2:|0.9888309693911213
$v_2$ Beam Energy|600|TestSize|0.25|try 1 Model:|(x0*0.045906924 - x1)*(-20.004345) + (x1*4198.08 - (x0 + 1.0486449)**4)/(x0 - 207.44945)|R2:|0.9871612700816469
$v_2$ Beam Energy|600|TestSize|0.25|try 2 Model:|(-x0 + x1*(-0.3618195 - (-1)*0.06775285/((-x0 - 0.1383153)/((0.3015409 - x0)**3))))*0.8749984 - 1*(-0.01685403)|R2:|0.2904770914074407
$v_2$ Beam Energy|600|TestSize|0.25|try 3 Model:|x0*(-0.8659003) - 0.24663399*x1/1.0453871 + (-0.29874355*x0 + x1*0.17392714)**2 - 0.06681473|R2:|0.9566406924195434
$v_2$ Beam Energy|600|TestSize|0.25|try 4 Model:|x1*(-0.24032561) - (-0.09166074*(x0 + x1) - 0.9121124)*(x0**2*0.15962017 - x0) - 0.018175496|R2:|0.9887923951136468
$v_2$ Beam Energy|600|TestSize|0.15|try 0 Model:|(x0 + (-x0 + x1 + 0.1622444)*(x0*0.064966604 - (-0.019577121)*x1**2 - 1*(-0.20171057)))*(-1.084369)|R2:|0.9459314573968126
$v_2$ Beam Energy|600|TestSize|0.15|try 1 Model:|-0.84349364*x0 - 0.2466603*x1 + x1*(-0.032047227)/(x1 - (x0 - (x1 - 1*0.18420999))**2)|R2:|0.5855985793256298
$v_2$ Beam Energy|600|TestSize|0.15|try 2 Model:|x0*(-(2.9800072 - x0)*(x1*0.026380593 + 0.05108503) - 0.7322749) + x1*(-0.25250435) - 0.017768834|R2:|0.9884501347229085
$v_2$ Beam Energy|600|TestSize|0.15|try 3 Model:|(x1 - (x0 + x1*1.3103287))/((x1 - 1*(-1.2361608))*(x0 - 1.9889313)*0.04612186 + 1.2473656)|R2:|0.9542345995022403
$v_2$ Beam Energy|600|TestSize|0.15|try 4 Model:|x0/(-0.04868563*(x0*x1 + x0 - x1**3) - 1.1097292) - (x1*0.24725 + 0.014109263)|R2:|0.9667007257628654
$v_2$ Beam Energy|600|TestSize|0.1|try 0 Model:|-x0/1.1804427 + (-x1 + 0.024811985/(x1 - 1.2608896) - 0.004431592/(x0 + x1))*0.23107532|R2:|0.9711234689060981
$v_2$ Beam Energy|600|TestSize|0.1|try 1 Model:|-x0 + (x0 + 2.7432315)*0.09294136*(x0/(1.6562704 - 0.014845832/x0**2) - x1) - 0.01794067|R2:|0.9852293939893363
$v_2$ Beam Energy|600|TestSize|0.1|try 2 Model:|(-(-0.0347039)*x0*(x1 - (x0**2 + x0 - x1)) + x0 + x1*0.2508178)*(-0.9327842)|R2:|0.9785307969006132
$v_2$ Beam Energy|600|TestSize|0.1|try 3 Model:|-0.848322*x0 + 0.16024014 + 0.6099439/(((x0*(1.3871993 - x0) - 2.4575906)/(x1 + 0.66128707)))|R2:|0.9752049867990568
$v_2$ Beam Energy|600|TestSize|0.1|try 4 Model:|((x0*0.14232552 + 0.1357465)**2 - 1*0.92917585)*(x0 + x1*(x0*0.12560636 + 0.27764365) + 0.0054353443)|R2:|0.9614891424070071
$v_2$ Beam Energy|600|TestSize|0.05|try 0 Model:|(-x0 - 1.8217207)*((x0*(x1*0.20815182 + 0.40488222) - x1)*(-0.14311053) - 1*(-0.9837893)) + 1.7744887|R2:|0.9915500318257855
$v_2$ Beam Energy|600|TestSize|0.05|try 1 Model:|(-x0 + (x1 + 1.6864861)*((x0 - 1*3.5085108)**2*x0*(-0.008549047) - 1*0.38446906))/1.3703078 - 1*(-0.44213665)|R2:|0.8253807987769376
$v_2$ Beam Energy|600|TestSize|0.05|try 2 Model:|x1*(-0.24819207) - ((0.947453 - (-0.102751784)*x1)*(x0 + (-0.26228708*x0 - 0.25410968)**3) - 1*(-0.027450072))|R2:|0.9882170173583188
$v_2$ Beam Energy|600|TestSize|0.05|try 3 Model:|x0*(-0.9009939) - (0.24418202 - x0*(x1*0.018470002 - 0.08243011))*(-0.19369827*x0**2 + x1)|R2:|0.9509901723094845
$v_2$ Beam Energy|600|TestSize|0.05|try 4 Model:|x1*(-0.2667108) + (x0 - 1*(-0.02540213))*(-(0.08740488 + x0*(-0.029140677))*(x1 + 2.0608284) - 0.69545233)|R2:|0.9795301610783547
$v_2$ Beam Energy|800|TestSize|0.5|try 0 Model:|x1*(-0.30193377) - (x0/(-(-0.022231074)*x1**2 + (x0 - x1)*0.13585795 + 1.1975677) - 1*(-0.04484399))|R2:|0.997868272217792
$v_2$ Beam Energy|800|TestSize|0.5|try 1 Model:|(0.7303214 + x0*(-0.09507974))*(-x0 + x1 + 1.7404687) - (x0**3*(-0.006923754) + x1 + 1.3251281)|R2:|0.9972915520428954
$v_2$ Beam Energy|800|TestSize|0.5|try 2 Model:|-x0 + (x1 + (0.404138 - x0)*0.75607103)*((-(-0.1620939)*x0 - 0.32711247)**2 - 1*0.41128924) + 0.07132648|R2:|0.9972001137774618
$v_2$ Beam Energy|800|TestSize|0.5|try 3 Model:|-x0 + x1*(-0.31313926) - (-x0 + x1 - 1*2.619963)/(-x0 + (x1**3 + 17.29256)/x0)|R2:|0.9982960980970904
$v_2$ Beam Energy|800|TestSize|0.5|try 4 Model:|x0*(-0.87046534) - (-0.014991144)*(x0**3 - x1**4 + x1/(-0.053206313) + (x0 - x1)**4)|R2:|0.982953462389089
$v_2$ Beam Energy|800|TestSize|0.25|try 0 Model:|x0*(x0*0.079750955 - (x1*0.14651383 - 0.43848202)**3 - 0.9328186) - 0.32045388*x1 - 1*0.03158641|R2:|0.9980156584362524
$v_2$ Beam Energy|800|TestSize|0.25|try 1 Model:|-x0*(-0.009467658*x1**4 + (x0 - x1)*(-0.094988376) + 0.8564488) + x1*(-0.3010845) - 1*0.044529147|R2:|0.9987976383666212
$v_2$ Beam Energy|800|TestSize|0.25|try 2 Model:|x1*(-0.3184692) + (x0 - 1*(-0.037276715))*(-(-0.08669333)*x0 + (x1 - 1*2.3431096)**2*0.02358566 - 0.97036123)|R2:|0.9988323440661154
$v_2$ Beam Energy|800|TestSize|0.25|try 3 Model:|x0*((-x0 + 0.0695230627070536*x1**3 + x1)*(-0.08784183) - 1*0.8513284) + x1*(-0.27785805) - 1*0.036752064|R2:|0.9981070580516234
$v_2$ Beam Energy|800|TestSize|0.25|try 4 Model:|x0*(x1**4*0.0074830363 - 1.1339535) - ((-x0 + x1)*(x0*0.09324857 + 0.28615308) + 0.035799164)|R2:|0.9976425298736178
$v_2$ Beam Energy|800|TestSize|0.15|try 0 Model:|(x1 - (x0*(-0.40447968) - 7.3998413))*(x0*(x0*0.015089385 - 0.10012597) - 0.29547963) + 2.1614904|R2:|0.9967282501364793
$v_2$ Beam Energy|800|TestSize|0.15|try 1 Model:|-x0 + (x1 - (x0*(x1*0.15385337 + 0.50884515) - 0.10373173))*(x0*(-0.1566692) - 1*0.30015558)|R2:|0.998740745846418
$v_2$ Beam Energy|800|TestSize|0.15|try 2 Model:|x1*(-0.307475) - (0.8419257 - (-0.11879193)*x1)*(-0.09348071*x0**2 + x0 + 0.024653379) - 1*(-0.0005695126)|R2:|0.9990575776536542
$v_2$ Beam Energy|800|TestSize|0.15|try 3 Model:|(x1 - (x0*0.35962263 + 0.47282237)**2)*(x0*(-0.104978934) - 0.29363984) - (x0*0.9847553 - 1*(-0.09138478))|R2:|0.9978070383459068
$v_2$ Beam Energy|800|TestSize|0.15|try 4 Model:|x0*(-0.96394056) - (-x1 + 0.12066883482564*(x0 + 1.3164263)**2)*(-0.11103665*x0 - 0.3015664) - 0.080173746|R2:|0.9978007041462087
$v_2$ Beam Energy|800|TestSize|0.1|try 0 Model:|-x0 + (-(-x0 + x1) - 1.4429739)/(-x0 + 0.343460463025*(0.5784911 - x0)**2 + 3.4904802) + 0.36131504|R2:|0.9988861467240503
$v_2$ Beam Energy|800|TestSize|0.1|try 1 Model:|x0*(-0.9538182) - ((x1 - (x0/(-2.758612) - 0.38047844)**2)*(x0*0.10814333 + 0.29370013) - 1*(-0.059952766))|R2:|0.9988077130872044
$v_2$ Beam Energy|800|TestSize|0.1|try 2 Model:|x0*(-(-0.08922008)*x0 + x1*(-0.1112999)) - 0.84233654*x0 - (x1*0.28764337 + 0.03094057)|R2:|0.9984292535332622
$v_2$ Beam Energy|800|TestSize|0.1|try 3 Model:|x0*((-x0 - (-1)*0.138261427827559*x1**3 + x1)*(-0.087789714) - 0.8473188) - 0.2879066*x1 - 0.031221364|R2:|0.997860168900581
$v_2$ Beam Energy|800|TestSize|0.1|try 4 Model:|x0*(-(x1 + 3.3595603)*(x0*(-0.022934841) - 1*(-0.11233977)) - 0.4720219) - 0.30808693*x1 - 0.02480633|R2:|0.9988112776844325
$v_2$ Beam Energy|800|TestSize|0.05|try 0 Model:|-x0*(x1**4*(-0.00853883) - ((x0 - x1)*0.08868485 - 1*0.85503995)) + x1*(-0.3018398) - 1*0.040572587|R2:|0.9984301400799445
$v_2$ Beam Energy|800|TestSize|0.05|try 1 Model:|x0*(-0.83708674) - (-x0*(-(-0.08580709)*x0 + x1*(-0.111365326)) + x1*0.2936347) - 0.028674327|R2:|0.9994534675895693
$v_2$ Beam Energy|800|TestSize|0.05|try 2 Model:|x0*(-0.012337033*x1**3 + (x0 - x1)*0.085035145 - 1*0.8363723) + x1*(-0.29638755) - 1*0.028626632|R2:|0.9973793774240258
$v_2$ Beam Energy|800|TestSize|0.05|try 3 Model:|(x0*0.08296433 - 0.8381405)*(-(-0.16897242)*x0*x1 + x0 + x1*0.3661165) - 0.02786823|R2:|0.990686097807487
$v_2$ Beam Energy|800|TestSize|0.05|try 4 Model:|((-x0 + x1/0.77684987)*(x0*(-0.08276184) - 0.21413663) - (x0 + 0.061499387) + 0.033689156)*1.0647329|R2:|0.9980536476380623
$v_2$ Beam Energy|1000|TestSize|0.5|try 0 Model:|-x0 + x1*(-0.31761) + (x0*x1 - (x0*0.29936954 + 1.055499)**4)*(-0.11130568) - 0.16024707|R2:|0.9957047957737579
$v_2$ Beam Energy|1000|TestSize|0.5|try 1 Model:|((x1 + 6.7257667)*x0*1.6701322 + x1*4.4777493 - (-x0 + 0.045457747/x1)**2)/(-13.686998)|R2:|0.9851527951032555
$v_2$ Beam Energy|1000|TestSize|0.5|try 2 Model:|(x0 + x1)*(-0.349256) - (x1*0.13231641 + 0.4836999)*(-0.18202147*x0**2 + x0) - 0.026357315|R2:|0.9943791363472245
$v_2$ Beam Energy|1000|TestSize|0.5|try 3 Model:|(x0 + x1*(x0*0.1652818 + 0.34687215))*((x0*0.10532706 + 0.42741784)**3 - 0.9347431) - 1*0.00596336|R2:|0.996516530867761
$v_2$ Beam Energy|1000|TestSize|0.5|try 4 Model:|-x0 + (x0*(-0.12334143) - 0.28543484)*(-0.58120877*x0 + x1 + 1.9749477e-6/((x0**3*x1**3)))|R2:|0.8939375804435657
$v_2$ Beam Energy|1000|TestSize|0.25|try 0 Model:|-x0 + (x0*(-0.15073758) - 0.31044665)*(-x0*(0.0596891329061265*x1**3 + 0.59809923) + x1) - 1*0.020273646|R2:|0.9935566999230192
$v_2$ Beam Energy|1000|TestSize|0.25|try 1 Model:|x0*((x0 - 1.2833881*x1)*0.084279805 - 0.8429777) - 0.30948833*x1 - 1*0.0354925|R2:|0.9960369242252142
$v_2$ Beam Energy|1000|TestSize|0.25|try 2 Model:|(-(-0.076983206)*x0 - 0.48415858)*(x0 + x1*(0.7224192 - (-0.35697243)*x0) - 4.340859) - 1*2.1179996|R2:|0.9945850995363743
$v_2$ Beam Energy|1000|TestSize|0.25|try 3 Model:|-(x0 - 1*0.09674936) + (x0*1.4175719 - (x1 + x1 - 1*(-0.8143955)))/(5.2251825 - (x0 - 0.92808783)**3)|R2:|0.9932269979821425
$v_2$ Beam Energy|1000|TestSize|0.25|try 4 Model:|x1*(-1.1227003) + (0.81915504 + x0*(-0.07864352))*(-x0 + x1 + 0.00013737996/(x1**2)) - 0.03936939|R2:|0.9939036223149535
$v_2$ Beam Energy|1000|TestSize|0.15|try 0 Model:|x0 + (-x1 - 18.460196)*(x0*(-6.063928) - x1)/(x0*(-x0 - 1.7027577) - 59.618683)|R2:|0.9951537557599447
$v_2$ Beam Energy|1000|TestSize|0.15|try 1 Model:|x1*(-0.31480554) - (x0 - 0.0138359836851205*(x0 - 1*(-1.6928611))**3)*(x1*0.13060349 + 0.97363305) - 0.08679929|R2:|0.9969265502912965
$v_2$ Beam Energy|1000|TestSize|0.15|try 2 Model:|(0.8244403 + x0*(-0.086140044))*(x0*x1*(-0.17742074) - (x0 + x1*0.37639168)) - 0.025676582|R2:|0.9976998119839595
$v_2$ Beam Energy|1000|TestSize|0.15|try 3 Model:|(x0 + (x1 + (-x0 - 0.2843273)**2*(-0.1444026))*(x0*0.124734476 + 0.3555415) - 1*(-0.012147471))*(-0.8728102)|R2:|0.9982034784240285
$v_2$ Beam Energy|1000|TestSize|0.15|try 4 Model:|(x0*0.07958544 - 0.8272506)*(x1*x0*0.17301773 + x0 - (-0.37960503)*x1) - 0.021487344|R2:|0.9958237543454784
$v_2$ Beam Energy|1000|TestSize|0.1|try 0 Model:|(-x0 + (x0**2*(-0.18717094) + x1)/(-(x0*0.38250604 - 1*0.8870095)**4 - 2.0651076))*0.8596547|R2:|0.9991580047934815
$v_2$ Beam Energy|1000|TestSize|0.1|try 1 Model:|-0.5405792*x0 + (x1 + 2.5957036)*(-(-0.026803836)*(x0 - 2.0844193)**2 - 0.44670877) + 0.84008735|R2:|0.9992883226903544
$v_2$ Beam Energy|1000|TestSize|0.1|try 2 Model:|(x0*0.26663476 - 1*(-0.30986086))**3 - (x0/1.0680771 - (x1*(-0.10504419*x0 - 0.29426855) - 0.047904134))|R2:|0.9959292252419089
$v_2$ Beam Energy|1000|TestSize|0.1|try 3 Model:|(-x0 + x1*(x0*(-0.11749803) - 0.316232) + (0.35565636 - (-0.26133582)*x0)**3 - 0.063674614)*0.9454599|R2:|0.9984513129035855
$v_2$ Beam Energy|1000|TestSize|0.1|try 4 Model:|x0/(-1.6031892) - (x1 + 2.3632019)/((x0*0.425046 - 0.8368154)**4 + 2.5279527) + 0.7455589|R2:|0.9936405030252498
$v_2$ Beam Energy|1000|TestSize|0.05|try 0 Model:|-0.32109213*x1 + (x0 + 0.028109351)*((x1 + 2.816932)*(x0*0.026977383 - 1*0.110400416) - 0.5307671)|R2:|0.997320422941194
$v_2$ Beam Energy|1000|TestSize|0.05|try 1 Model:|x1*(-0.31892237) + (x0 + 0.02243076)*((x0 - 4.243978)*(x1*0.026501676 - 1*(-0.073624335)) - 0.524003)|R2:|0.9980715848699419
$v_2$ Beam Energy|1000|TestSize|0.05|try 2 Model:|-0.84921676*x0 + (x0*(-0.12798952) - 0.3764256)*(x0**2*(-0.19248626) + x1)*0.8278005 - 1*0.012137095|R2:|0.9973140423136352
$v_2$ Beam Energy|1000|TestSize|0.05|try 3 Model:|x0*(-(-x0/(1.530205 - 0.00778909908813964/x0**4) + x1)/8.811674 - 0.819838) + x1*(-0.30518928)|R2:|0.9986415924138641
$v_2$ Beam Energy|1000|TestSize|0.05|try 4 Model:|-x0 + (x0*0.15717039 - 1*(-0.3319661))*(x0*(x1*0.07245944 - 1*(-0.79161906))**3 - x1) - 1*0.02562551|R2:|0.988391233610779
$v_2$ Beam Energy|1200|TestSize|0.5|try 0 Model:|x1*(-0.35518682) - (x0 - 9.652774)*(x1 + 4.562517)*(x0*(-0.018313216) + 7.82446e-5/x1)|R2:|0.9544895009358894
$v_2$ Beam Energy|1200|TestSize|0.5|try 1 Model:|-0.9493465*x0 + (x0*(-0.18726602) - 0.3328789)*(x0*(-0.0255632856601842*x1**3 - 1*0.46906763) + x1)|R2:|0.9890870518604238
$v_2$ Beam Energy|1200|TestSize|0.5|try 2 Model:|-0.012673857 + (x0*(x0*(-0.4747087) - 0.8012262*x1 - 2.366188) - x1)/(x0 + 2.9988399)|R2:|0.9885100169698001
$v_2$ Beam Energy|1200|TestSize|0.5|try 3 Model:|x1*(-0.36295685) + (0.0014019883 - x0)/(x0*0.13300294 + (0.73284936 + x1*(-0.17974192))**2 - 1*(-0.78414524))|R2:|0.9904495185407434
$v_2$ Beam Energy|1200|TestSize|0.5|try 4 Model:|x0*(-0.48554036) - (x1*0.7849612 - 1.3637176*(-x0/1.5475918 + x1)/(x0 + 3.2662015))|R2:|0.9842221030483966
$v_2$ Beam Energy|1200|TestSize|0.25|try 0 Model:|(-x0 + x1*(x0*(-0.3196497) - 0.42574918) - 0.04620415)/(((x0 + x1)*0.025710428 + 1.0548066)**4)|R2:|0.9936777046694991
$v_2$ Beam Energy|1200|TestSize|0.25|try 1 Model:|(0.80425745 + x0*(-0.07271344))*(x1*(x0 + 1.6964892)*(-0.22530481) - (x0 - (-0.01811173)*x1**3))|R2:|0.9817344321138969
$v_2$ Beam Energy|1200|TestSize|0.25|try 2 Model:|-x0 - (-0.033248555)*x1**2 + (x0 + 1.9564154)*(-(-0.0985974)*x0 - 0.15458146*x1 - 0.02879741)|R2:|0.9912305762363983
$v_2$ Beam Energy|1200|TestSize|0.25|try 3 Model:|0.00887426855354354*x1**4 + (0.3044505 - x0*(-(-0.020417195)*x0 - 0.17118742))*(-x1 - 4.893304) + 1.4574343|R2:|0.9887137426460988
$v_2$ Beam Energy|1200|TestSize|0.25|try 4 Model:|-x0 + ((x1 + (x0 - 2.926725)**2)*0.027147524 - 0.5651426)*(x0*(-0.6636608) + x1 + 0.1337488)|R2:|0.9876508646008277
$v_2$ Beam Energy|1200|TestSize|0.15|try 0 Model:|x0**2*(x1*0.077435754 + 0.010791147) - (x0 - 1*(-0.4019143)) + (x1 - 1.1666135)/(x0 - 1*2.9849234)|R2:|0.9866712166411833
$v_2$ Beam Energy|1200|TestSize|0.15|try 1 Model:|x0*(-(x0*(-0.08040207) - (-0.15807247)*x1) - 0.7859507) - x1*(0.32815486 + x1**3*(-0.007777057))|R2:|0.9904423456794446
$v_2$ Beam Energy|1200|TestSize|0.15|try 2 Model:|(-x1/0.13637501 + (x0 + 1.7376137)**2 - 48.342953)*0.01850834*x0 - 0.32554844*(x1 - 1*(-0.014475035))|R2:|0.9916623113388476
$v_2$ Beam Energy|1200|TestSize|0.15|try 3 Model:|x0*(x1 + 3.042076)*(x0*0.117420726 - 1*1.2901605)**2/(-11.072781) - 0.3453394*(x0 + x1)|R2:|0.99223518437739
$v_2$ Beam Energy|1200|TestSize|0.15|try 4 Model:|-0.94860923*x0 + (x0 + 1.7716317)*(x0*(x1**3*0.053173576 + 0.44843298) - x1)*0.19127394|R2:|0.9798950034418211
$v_2$ Beam Energy|1200|TestSize|0.1|try 0 Model:|((-x0 + x1/(-(x0 - 1*0.79701775)**2/(x1 - 1*(-0.30699012))**2 - 1.8460295))/1.2343166 - 1*(-0.055250596))/0.99716437|R2:|0.9867872968674248
$v_2$ Beam Energy|1200|TestSize|0.1|try 1 Model:|(-x0 + (x0*0.20208293 - 1*(-0.3552506))*(x0*(x1*0.14605099 + 0.3922686) - x1))*0.9511675|R2:|0.9967662508800819
$v_2$ Beam Energy|1200|TestSize|0.1|try 2 Model:|x0**3*0.018851733 - x0 + (-x0 + x1 + x1)/(-(0.8921723 - x0)**3 - 4.802091)|R2:|0.9661702156453926
$v_2$ Beam Energy|1200|TestSize|0.1|try 3 Model:|(x0*0.15831411 - 1.5476089)*(x0*(0.53378797 - (-0.11517689)*x1) + x1*0.21314846) - 1*0.013149429|R2:|0.9927131682581024
$v_2$ Beam Energy|1200|TestSize|0.1|try 4 Model:|x0/(-1.2344085) - (x1 + 0.24282657)/((x0 - 0.62520456)**4/(x1 + 0.23803118)**4 + 2.6334367) + 0.082732156|R2:|0.9926448382830837
$v_2$ Beam Energy|1200|TestSize|0.05|try 0 Model:|-0.9973167*x0 + (-x0 - 2.2964458)*(x1 + (-0.19229785*x0 - 0.7650566)**3)*0.13603541 - 0.14546186|R2:|0.9223650843494169
$v_2$ Beam Energy|1200|TestSize|0.05|try 1 Model:|((-x1 + (-0.3211328*x0 - 0.7368614)**2)*x0*0.15308097 - x0 + x1*(-0.3683787))*0.89768696|R2:|0.9953450900510518
$v_2$ Beam Energy|1200|TestSize|0.05|try 2 Model:|-x0 + (x1 - 0.59485996*(x0 + x1**4*0.043583885))*(-0.15700604*x0 - 0.31995168) - 1*0.027487407|R2:|0.9901327186871431
$v_2$ Beam Energy|1200|TestSize|0.05|try 3 Model:|-(x1*0.14378516 - 1*(-0.4802639))*(-0.161755766495238*x0**2 + x0) + (x0 + x1 + 0.021353683)*(-0.33859724)|R2:|0.9972529806816518
$v_2$ Beam Energy|1200|TestSize|0.05|try 4 Model:|x1*(-1.6454) - (x0*(-0.6026955) + x1)*(-(x0*(-0.0980601) - 1*(-0.7156462))**4 - 1.0367906) - 0.010254836|R2:|0.9932896053990053
