$v_2$ Beam Energy|150|TestSize|0.5|try 0 Model:|(1.0468749 - 0.10337447*x0)*(-x0 + (x1*0.16783874 - 1*0.2556865)**2) - 1*0.2038495|R2:|0.9984993737627529
$v_2$ Beam Energy|150|TestSize|0.5|try 1 Model:|x0*(x0*0.109645694 - 1*1.0500839) + (x1*(-0.1879119) - 1*(-0.21030574))**2 - 1*0.18917218|R2:|0.9984567217351563
$v_2$ Beam Energy|150|TestSize|0.5|try 2 Model:|0.02456054*x1**2 + (x0 + x1*0.08440668)*(x0*0.10530535 - 1.0506362) - 1*0.1313724|R2:|0.9986080032811342
$v_2$ Beam Energy|150|TestSize|0.5|try 3 Model:|(x0**2 - x1)*0.087718114 - (x0*1.0602695 + 0.087718554)|R2:|0.9976265179402569
$v_2$ Beam Energy|150|TestSize|0.5|try 4 Model:|x0*(-(-1)*0.11963568*x0 - 1.0327713) + (1.2248657 - x1)**2*0.033177424 - 1*0.20258918|R2:|0.998194743754211
$v_2$ Beam Energy|150|TestSize|0.25|try 0 Model:|(-x0 + (x1 - (x0 - (-0.022557976)*x1**4)**2 + 1.0771585)*(-0.09021395))*1.0634184|R2:|0.9983860752207917
$v_2$ Beam Energy|150|TestSize|0.25|try 1 Model:|x0*(x0*0.09850029 - 1.0453403) + (x1 - 1.5749317)**2*0.028591955 - 1*0.19801188|R2:|0.9987886003377673
$v_2$ Beam Energy|150|TestSize|0.25|try 2 Model:|(x0 - 10.068292)*(x0 - (-0.07414155)*x1)/9.60808 - 0.106209636|R2:|0.9970767054211978
$v_2$ Beam Energy|150|TestSize|0.25|try 3 Model:|x0*(x0*0.10575554 - 1.0533354) + 0.029709546*(x1 - 1.3310906)**2 - 0.18810448|R2:|0.9986578357506698
$v_2$ Beam Energy|150|TestSize|0.25|try 4 Model:|(x0**2*0.10221561 - x0)*1.0463423 + (x1*0.1743933 - 0.2376482)**2 - 0.19384837|R2:|0.9990071718087637
$v_2$ Beam Energy|150|TestSize|0.15|try 0 Model:|(-(-0.10071675)*x0 - 1.0681144)*(x0 + 0.36300313 - 0.86899644/(x1 + 3.5265696))|R2:|0.9991073204022339
$v_2$ Beam Energy|150|TestSize|0.15|try 1 Model:|(-(-0.105339535)*x0 - 1.0632038)*(x0 - 0.026040621*(x1 - 1.4821908)**2 + 0.18312085)|R2:|0.998615138990327
$v_2$ Beam Energy|150|TestSize|0.15|try 2 Model:|(x0*0.10680614 - 1.0647274)*(x0 + (x1*0.13791445 - 0.41202253)**3 + 0.19432351)|R2:|0.9985934104731985
$v_2$ Beam Energy|150|TestSize|0.15|try 3 Model:|(1.0410495 - 0.09794906*x0)*(-x0 + x1*(-0.07608244)) - 0.0999621|R2:|0.9983837672849536
$v_2$ Beam Energy|150|TestSize|0.15|try 4 Model:|x0*(x0*0.10623405 - 1.050621) + x1*(x1*0.026715495 - 0.081794955) - 1*0.13294952|R2:|0.9989957468449866
$v_2$ Beam Energy|150|TestSize|0.1|try 0 Model:|(x0 - (-0.07576385)*x1)*(x0*0.10450404 - 1*1.045469) - 0.106389984|R2:|0.9960319729011156
$v_2$ Beam Energy|150|TestSize|0.1|try 1 Model:|-x0*(x0*(-0.10478919) - 1*(-1.0528977)) + (x1*0.17608672 - 0.23489712)**2 - 0.19097185|R2:|0.9988207797427328
$v_2$ Beam Energy|150|TestSize|0.1|try 2 Model:|(x0 - (x1*(-0.15392473) - 1*(-0.25589454))**2)*(-(-0.102011316)*x0 - 1.0448782) - 0.19606915|R2:|0.999342104444489
$v_2$ Beam Energy|150|TestSize|0.1|try 3 Model:|((x0**2 - x1)*0.09425383 - (x0 - 0.008251821*x1**4 - 1*(-0.11173449)))*1.0442113|R2:|0.9983820097933029
$v_2$ Beam Energy|150|TestSize|0.1|try 4 Model:|(x0*0.1064833 - 1.0643476)*(x0 + (x1*0.1471023 - 1*0.40523204)**3 - 1*(-0.19312696))|R2:|0.9982735073225423
$v_2$ Beam Energy|150|TestSize|0.05|try 0 Model:|(x0 + x1*0.07446225)*(-(-0.106939785)*x0 - 1.0452088) - 0.10921792|R2:|0.992453972008293
$v_2$ Beam Energy|150|TestSize|0.05|try 1 Model:|-x0 - (-0.029359315)*(1.4185317 - x1)**2 + (x0*0.32801938 - 1*0.076611616)**2 - 0.20190579|R2:|0.9967163705130325
$v_2$ Beam Energy|150|TestSize|0.05|try 2 Model:|-(x0 - (0.08957148 + x0*(-0.327731))**2 - 0.69656456/(x1 + 3.2330148)) - 0.35370424|R2:|0.9937165786923768
$v_2$ Beam Energy|150|TestSize|0.05|try 3 Model:|0.0294503078632464*(x1 - 1.4051137)**2 + (x0*0.3275663 - 1.6159656)**2 - 2.8062246|R2:|0.9993504306639472
$v_2$ Beam Energy|150|TestSize|0.05|try 4 Model:|x0**2*0.10574327 + ((0.23501645 + x1*(-0.1650158))**2 - (x0 + 0.18299232))*1.0519801|R2:|0.9987694465893538
$v_2$ Beam Energy|250|TestSize|0.5|try 0 Model:|x0*(x0*0.07325186 - 0.9178322) - 0.21560882*x1 - 0.073256075|R2:|0.9949155879547054
$v_2$ Beam Energy|250|TestSize|0.5|try 1 Model:|x1*(-0.18495052) + (x0 - 1*(-0.0822688))*(x0*0.07663513 - 0.9315209)|R2:|0.9927349274715345
$v_2$ Beam Energy|250|TestSize|0.5|try 2 Model:|-x1 + (0.91404265 - 0.10985363*x0)*(-x0 + x1*0.8531771 - 1*0.0703233)|R2:|0.9922992296540397
$v_2$ Beam Energy|250|TestSize|0.5|try 3 Model:|x0*(x0*0.06313212 - 0.89797944) + x1*(-0.21732698) - 0.063132145|R2:|0.9926459077368933
$v_2$ Beam Energy|250|TestSize|0.5|try 4 Model:|x0/(x0*(-0.12190071) - (-0.073130675)*x1 - 1*1.1478254) - 0.23999612*x1 - 0.065784186|R2:|0.9966429762056928
$v_2$ Beam Energy|250|TestSize|0.25|try 0 Model:|x0*(x0*0.07735568 - 1*0.9178862) - 0.18119334*x1 - 0.07735634|R2:|0.9920406911708878
$v_2$ Beam Energy|250|TestSize|0.25|try 1 Model:|x1*(-0.52370125) + (-(-0.31499892)*x0 + x1*(-0.111948684) - 1.4621828)**2 - 2.215251|R2:|0.9941594084490982
$v_2$ Beam Energy|250|TestSize|0.25|try 2 Model:|x0*(x0*0.07483153 - 0.9140425) - 0.20418708*x1 - 0.07483121|R2:|0.9964123948237414
$v_2$ Beam Energy|250|TestSize|0.25|try 3 Model:|-x0*(0.92545646 + x0*(-0.080276676)) - 0.20370938*x1 - 0.08027659|R2:|0.9947818124758522
$v_2$ Beam Energy|250|TestSize|0.25|try 4 Model:|x1*(-0.17439646) - (x0 + 0.10401137) + (x0 + (0.53060824 + x1*(-0.30760062))**2)**2*0.10842751|R2:|0.9965227946521541
$v_2$ Beam Energy|250|TestSize|0.15|try 0 Model:|x1*(-0.18495193) - (x0*(0.926527 - 0.0818473*x0) + 0.08184966)|R2:|0.9860016498240683
$v_2$ Beam Energy|250|TestSize|0.15|try 1 Model:|x1*(-0.20337723) + (x0 - 1*(-0.08075151))*(x0*0.07424478 - 0.9194298)|R2:|0.9939422847940846
$v_2$ Beam Energy|250|TestSize|0.15|try 2 Model:|-0.20955975*x1 + (x0 - 1*(-0.08934421))*(-(-0.102639854)*x0 + (0.67814773 - x1)**2*0.02970627 - 0.9721717)|R2:|0.9947029425018404
$v_2$ Beam Energy|250|TestSize|0.15|try 3 Model:|-x0*(-0.096197024*x0 + x1*0.051785395 - 1*(-0.90182334)) + x1*(-0.21427347) - 1*0.07035465|R2:|0.9958507750759855
$v_2$ Beam Energy|250|TestSize|0.15|try 4 Model:|(x0*(-0.31154022) + x1*(x0*(-0.03507008) - 0.07546217) - 1*(-1.4915805))**2 - 1*2.3042011|R2:|0.995422757263104
$v_2$ Beam Energy|250|TestSize|0.1|try 0 Model:|-1.5782065*(x0 - 1*(-0.7281622)) + (x0*0.32016912 + x1*(-0.095963374) + 1.034405)**2|R2:|0.9909463585264225
$v_2$ Beam Energy|250|TestSize|0.1|try 1 Model:|x0*(x0*0.08044975 - 0.92218876) - 0.18663962*x1 - 0.08044971|R2:|0.9904272784189914
$v_2$ Beam Energy|250|TestSize|0.1|try 2 Model:|-x0/(1.1284114 - (-0.12946251*x0 + x1*0.06429437)) + x1*(-0.21832788) - 0.07407786|R2:|0.9970558593317099
$v_2$ Beam Energy|250|TestSize|0.1|try 3 Model:|x1*(-0.20886724) - (x0*(0.9221704 + x0*(-0.074550055)) - 1*(-0.0745498))|R2:|0.997816059027551
$v_2$ Beam Energy|250|TestSize|0.1|try 4 Model:|x1*(-0.22348115) - 0.07584794 - 26.245733/(x1 + 2.4343796 + 28.804844/x0)|R2:|0.9904584922716069
$v_2$ Beam Energy|250|TestSize|0.05|try 0 Model:|x0*(x0*0.07335979 - 1*0.90700895) + x1*(-0.2009983) - 0.07335944|R2:|0.9904578404339898
$v_2$ Beam Energy|250|TestSize|0.05|try 1 Model:|x1*(-0.21054031) - (x0/(1.1103021 - (-0.06456098)*(x0 + x0 - x1)) - 1*(-0.07639853))|R2:|0.9967912579406603
$v_2$ Beam Energy|250|TestSize|0.05|try 2 Model:|-x0 + x1*(-0.17779641) + (x0*0.31107566 + (0.5826878 + x1*(-0.11634848))**4)**2 - 0.098341346|R2:|0.9961024888039872
$v_2$ Beam Energy|250|TestSize|0.05|try 3 Model:|-x0*(0.9182974 - 0.07520015*x0) + x1*(-0.19725096) - 1*0.07520018|R2:|0.9952667977290715
$v_2$ Beam Energy|250|TestSize|0.05|try 4 Model:|x1*(-0.20346667) + (1.6635835 - 0.2727877*x0)**2 - 2.8419776|R2:|0.9921779697754035
$v_2$ Beam Energy|400|TestSize|0.5|try 0 Model:|(0.32817185 - x0)*0.9027384 - 2.2763386*(-x1 - 1.5131289)/(-x0**4 + x0 - 10.097409)|R2:|0.9957316852016715
$v_2$ Beam Energy|400|TestSize|0.5|try 1 Model:|1.6589717 - (-x0 - 1.6708604)*(x0 + x1*(x0 - 2.614528) - 16.99554)/16.587557|R2:|0.9971925079119154
$v_2$ Beam Energy|400|TestSize|0.5|try 2 Model:|-0.9130574*x0 + 0.15096618 + (x1 + 0.7617668)/(-x0**4 - 3.8600488)|R2:|0.9958701002117452
$v_2$ Beam Energy|400|TestSize|0.5|try 3 Model:|x1*(-0.26781717) - (x0 + 0.07799351)/(1.0528599 - (-0.09284503)*(x0 + x1**2))|R2:|0.996973322416281
$v_2$ Beam Energy|400|TestSize|0.5|try 4 Model:|(x0*(x1*(-0.035187226) - 0.2971362) + x1*(-0.07704604) + 1.5422027)**2 - 2.447614|R2:|0.997518337821263
$v_2$ Beam Energy|400|TestSize|0.25|try 0 Model:|x0*((x0 + x1**2)*0.053481475 - 0.92549324) + x1*(-0.25681046) - 1*0.05320885|R2:|0.9969224301620008
$v_2$ Beam Energy|400|TestSize|0.25|try 1 Model:|-x1 + (x0 - 0.8418537*(x1 - 0.062144086))*(-(-0.07750494)*x0 - 0.9016971)|R2:|0.9954258816639193
$v_2$ Beam Energy|400|TestSize|0.25|try 2 Model:|-x0*(0.9329632 + (x0 + x1*x1)*(-0.05484628)) + x1*(-0.25489143) - 0.054803364|R2:|0.997719928123051
$v_2$ Beam Energy|400|TestSize|0.25|try 3 Model:|x0*(-0.9246341) - 1*(-0.17401831) - (x1 + 0.91932684)/(x0**4 + 4.1083064)|R2:|0.9967203407113956
$v_2$ Beam Energy|400|TestSize|0.25|try 4 Model:|-(-x0*((x0 - 1.66507)*(x1*0.029734802 + 0.07705228) - 0.77072644) + x1*0.24160998) - 0.051260125|R2:|0.9961294481958749
$v_2$ Beam Energy|400|TestSize|0.15|try 0 Model:|x1*(-0.23276229) - (x0*(0.8771948 - (-0.07468694)*(-x0 + x1)) + 0.03498726)|R2:|0.9915013320330239
$v_2$ Beam Energy|400|TestSize|0.15|try 1 Model:|(x0*0.0653049 - 1*0.24872251)*(x0*x1*0.479701 + x0 + x1 - 1*10.252331) - 2.5969598|R2:|0.9955106343149
$v_2$ Beam Energy|400|TestSize|0.15|try 2 Model:|(-(x0 - 0.41791183) + (x1 - 1*(-1.6961987))*(0.0456395885003776*(x0 - 0.5233865)**2 - 1*0.29491174))*0.8496639|R2:|0.9950972604524385
$v_2$ Beam Energy|400|TestSize|0.15|try 3 Model:|x1*(-0.24165645) - (0.94436383 - (x0*0.08181187 + 0.0406392618909124*(x1 - 1*0.52916753)**2))*(x0 + 0.06835944)|R2:|0.998578382922008
$v_2$ Beam Energy|400|TestSize|0.15|try 4 Model:|x1*(-0.23746419) + (-x0 - 0.07001659)*(x0*(-0.084862284) - 0.039241567*(0.45732728 - x1)**2 + 0.9367504)|R2:|0.9965111563347531
$v_2$ Beam Energy|400|TestSize|0.1|try 0 Model:|x1*(-0.24421258) + (x0 - 1*(-0.06833989))*(x0*0.08201929 + (-x1**2 + x1)*(-0.039758563) - 0.9294247)|R2:|0.9970212116961883
$v_2$ Beam Energy|400|TestSize|0.1|try 1 Model:|-x0/(-(-1)*0.11144306*x0 + x1*(-0.06190938) + 1.1401306) - 0.23329838*x1 - 1*0.06005167|R2:|0.9979219297523813
$v_2$ Beam Energy|400|TestSize|0.1|try 2 Model:|x0*((x0 + x1**2)*0.056987222 - 0.9326837) - 0.2574945*x1 - 0.05720408|R2:|0.9979282587586165
$v_2$ Beam Energy|400|TestSize|0.1|try 3 Model:|x0*(x0*0.04187074*(x1 + 1.0612049) - 0.91421) - (x1*0.24871501 + 0.053008188)|R2:|0.998613645707975
$v_2$ Beam Energy|400|TestSize|0.1|try 4 Model:|-x0 + (-x1 + 0.531242920000657*(x0 + (0.82871765 + x1*(-0.14512989))**4)**2)*0.18123153 - 1*0.10230316|R2:|0.9926268681660235
$v_2$ Beam Energy|400|TestSize|0.05|try 0 Model:|-x0*(0.9286185 + (x0 + x1**2)*(-0.05620495)) + x1*(-0.25434706) - 0.05331724|R2:|0.9971202027776789
$v_2$ Beam Energy|400|TestSize|0.05|try 1 Model:|x0*((x1 + 2.033055)*(x0*0.03438049 - 0.049200743) - 0.8067942) + x1*(-0.25202447) - 1*0.051477775|R2:|0.9928916505681367
$v_2$ Beam Energy|400|TestSize|0.05|try 2 Model:|(-0.062679976*x0*(x0 + x1**2) + x0 + x1*0.27013546 - 1*(-0.05889362))*(-0.93347144)|R2:|0.9976327794977327
$v_2$ Beam Energy|400|TestSize|0.05|try 3 Model:|x0*(-12.67697)/(x0 + x1**2 + 13.587149) + x1*(-0.25059754) - 0.057248123|R2:|0.9968509592455715
$v_2$ Beam Energy|400|TestSize|0.05|try 4 Model:|(x0/(11.523016 - x1**3) - 1*0.91171587)*(x1*(x0*0.09162874 - 1*(-0.26876467)) - (-x0 - 0.066058114))|R2:|0.9984968045840411
$v_2$ Beam Energy|600|TestSize|0.5|try 0 Model:|-0.838201*x0 + x1*(-0.2489766 - 0.015567489/(x0 - 1*(-0.08105929)))|R2:|0.9589892545418195
$v_2$ Beam Energy|600|TestSize|0.5|try 1 Model:|(-x0 + (0.19834784 - (-0.06358696)*x0)*(x0 - x1))*1.094278|R2:|0.9812628802185909
$v_2$ Beam Energy|600|TestSize|0.5|try 2 Model:|(-x0 + x1)/(x0 - 3.9423594) - (x0*1.1528301 - 1*(-0.046522584))|R2:|0.9717827576298385
$v_2$ Beam Energy|600|TestSize|0.5|try 3 Model:|(x0 + x1*(x0*(x0**2*0.1144309 - 0.23009121) - 1*0.5446614)**2)*(-0.865)|R2:|0.9774036780820341
$v_2$ Beam Energy|600|TestSize|0.5|try 4 Model:|(-x0 + x1*(-0.298914))*0.85884225|R2:|0.9763897292095388
$v_2$ Beam Energy|600|TestSize|0.25|try 0 Model:|x0*(-0.8531471) - x1/(4.6260495 + 0.048705585/(x1 - 1*1.2254448))|R2:|0.9839892624460218
$v_2$ Beam Energy|600|TestSize|0.25|try 1 Model:|-0.85723025*x0 + x1*(-0.21344303)|R2:|0.9837369615585306
$v_2$ Beam Energy|600|TestSize|0.25|try 2 Model:|(-x0 + x1*(-0.3568652 - (-1)*0.060903948/((-x0 - 0.13854653)/((0.30410588 - x0)**3))))*0.8633871|R2:|0.1913717858273103
$v_2$ Beam Energy|600|TestSize|0.25|try 3 Model:|-x0 + (0.25315484 - (-0.097388946)*x0)*(x0*0.6020247 - x1)|R2:|0.962444555941937
$v_2$ Beam Energy|600|TestSize|0.25|try 4 Model:|(-x0 + x1*(-0.26349118))*0.85652006|R2:|0.9872638494049644
$v_2$ Beam Energy|600|TestSize|0.15|try 0 Model:|(x1 + (-x0 + x1)*(x0*0.055217765 - 0.7742967))*(-1.1063783)|R2:|0.9483934362029008
$v_2$ Beam Energy|600|TestSize|0.15|try 1 Model:|x0*(-0.8528045) - 0.23250666*x1|R2:|0.9850344245168233
$v_2$ Beam Energy|600|TestSize|0.15|try 2 Model:|x0*(-0.85873777) + x1*(-0.22488876)|R2:|0.9738389707399261
$v_2$ Beam Energy|600|TestSize|0.15|try 3 Model:|-(x0/((x0 - x1)*0.10233818 + 1.1648985) + x1*0.24866185) - 0.036040165|R2:|0.9583314213071311
$v_2$ Beam Energy|600|TestSize|0.15|try 4 Model:|(x0 - (-0.24402703)*x1)*(-0.8672742)|R2:|0.9557673093866621
$v_2$ Beam Energy|600|TestSize|0.1|try 0 Model:|-0.85509986*x0 + x1*(-0.22052418)|R2:|0.9719938747588307
$v_2$ Beam Energy|600|TestSize|0.1|try 1 Model:|-x0 + (x0 + 2.730667)*(x0/(1.6562704 - 0.014845832/x0**2) - x1)*0.09294136|R2:|0.9818010424259394
$v_2$ Beam Energy|600|TestSize|0.1|try 2 Model:|(x0 + x1*0.26197472)*(-0.8622165)|R2:|0.975291474615219
$v_2$ Beam Energy|600|TestSize|0.1|try 3 Model:|x0*(-0.8570214) - 0.21480602*x1|R2:|0.9697106590440273
$v_2$ Beam Energy|600|TestSize|0.1|try 4 Model:|-x0*(0.87380046 + (x0 - x1)*(-0.062251985)) + x1*(-0.24180728)|R2:|0.9762791957696815
$v_2$ Beam Energy|600|TestSize|0.05|try 0 Model:|(-x0 + x1*(-0.2693648))*0.85154766|R2:|0.9851914334661824
$v_2$ Beam Energy|600|TestSize|0.05|try 1 Model:|(-x0 + x1*(-0.29524964))/(1.1695099 + (-x0 + x1)*(-0.089608364))|R2:|0.8365709235576726
$v_2$ Beam Energy|600|TestSize|0.05|try 2 Model:|-0.849066*x0 + x1*(-0.23671255)|R2:|0.9901909914530963
$v_2$ Beam Energy|600|TestSize|0.05|try 3 Model:|x0*(-0.8564395) - 0.22249404*x1|R2:|0.9349245464257566
$v_2$ Beam Energy|600|TestSize|0.05|try 4 Model:|x0*(-0.84908265) - 0.2367967*x1|R2:|0.9775550881265253
$v_2$ Beam Energy|800|TestSize|0.5|try 0 Model:|x1*(-0.29358) - (x0/((x0 - x1)*0.13596214 + 1.20996) - 1*(-0.043657247))|R2:|0.9970584105849023
$v_2$ Beam Energy|800|TestSize|0.5|try 1 Model:|(0.7264377 + x0*(-0.101578005))*(-x0 + x1 + 1.5190132) - (x1 + 1.1562327)|R2:|0.9973044331668343
$v_2$ Beam Energy|800|TestSize|0.5|try 2 Model:|-x0 + (-0.66204745*x0 + x1)*((x0*(-0.15837689) - 1*(-0.34134784))**2 - 1*0.42222318)|R2:|0.9970280600868583
$v_2$ Beam Energy|800|TestSize|0.5|try 3 Model:|x1*(-0.32429633) - (x1 - 1*(-6.8746347))/(0.8573983 + 8.595613/x0)|R2:|0.9986533974864059
$v_2$ Beam Energy|800|TestSize|0.5|try 4 Model:|x0*(-0.87046534) - (-0.014991144)*(x0**3 - x1**4 + x1/(-0.053206313) + (x0 - x1)**4)|R2:|0.982953462389089
$v_2$ Beam Energy|800|TestSize|0.25|try 0 Model:|x0*(x0*0.079750955 - (x1*0.14651383 - 0.43848202)**3 - 0.9328186) - 0.32045388*x1 - 1*0.03158641|R2:|0.9980156584362524
$v_2$ Beam Energy|800|TestSize|0.25|try 1 Model:|-x0*(0.8454543 + (x0 - x1)*(-0.09663317)) + x1*(-0.28793913) - 1*0.045375887|R2:|0.999093227031865
$v_2$ Beam Energy|800|TestSize|0.25|try 2 Model:|x1*(-0.3184692) + (x0 - 1*(-0.037276715))*(-(-0.08669333)*x0 + (x1 - 1*2.3431096)**2*0.02358566 - 0.97036123)|R2:|0.9988323440661154
$v_2$ Beam Energy|800|TestSize|0.25|try 3 Model:|x0*((-x0 + x1)*(-0.094376236) - 1*0.8529134) + x1*(-0.27633893) - 1*0.045809817|R2:|0.9973581464004886
$v_2$ Beam Energy|800|TestSize|0.25|try 4 Model:|x0*(x1**4*0.0074830363 - 1.1339535) - ((-x0 + x1)*(x0*0.09324857 + 0.28615308) + 0.035799164)|R2:|0.9976425298736178
$v_2$ Beam Energy|800|TestSize|0.15|try 0 Model:|(x1 - 1*(-8.116737))*(x0*(x0*0.010171872 - 0.10431505) - 0.2938937) + 2.3560693|R2:|0.9966977474665212
$v_2$ Beam Energy|800|TestSize|0.15|try 1 Model:|-1.1257619*x0 + (x0*(-0.096923046) - 0.28086948)*(-x0 + x1 - 1*(-0.17508616))|R2:|0.9979057805733456
$v_2$ Beam Energy|800|TestSize|0.15|try 2 Model:|-x0*(-0.07229407*x0 - (-0.12123835)*x1 + 0.82939965) + x1*(-0.30568197)|R2:|0.9979815855155846
$v_2$ Beam Energy|800|TestSize|0.15|try 3 Model:|-(x0 - 1*(-0.11098675)) + (x1 - (x0*0.3476249 + 0.536902)**2)*(x0*(-0.10529007) - 0.29371536)|R2:|0.9977962729978257
$v_2$ Beam Energy|800|TestSize|0.15|try 4 Model:|-x0 + (0.3044237 - (-0.116308056)*x0)*(x0*0.6236995 - x1)|R2:|0.9966657252463721
$v_2$ Beam Energy|800|TestSize|0.1|try 0 Model:|-x0 + (-(-x0 + x1) - 1.4429739)/(-x0 + 0.343460463025*(0.5784911 - x0)**2 + 3.4904802) + 0.36131504|R2:|0.9988861467240503
$v_2$ Beam Energy|800|TestSize|0.1|try 1 Model:|x0*(-1.0178092) - (x0*0.11330209 + 0.29709178)*(-0.6540491*x0 + x1)|R2:|0.9986530971414646
$v_2$ Beam Energy|800|TestSize|0.1|try 2 Model:|-1.1326282*x1 + (x1 - (x0 - 1*(-0.05269703)))/(1.1904306 - (-0.1402519)*x0)|R2:|0.9984870840539759
$v_2$ Beam Energy|800|TestSize|0.1|try 3 Model:|x0*((-x0 + x1)*(-0.098018415) - 0.85187584) - 0.2858899*x1 - 0.047303624|R2:|0.9981786926014323
$v_2$ Beam Energy|800|TestSize|0.1|try 4 Model:|x0*(x1 + 7.0857754)*(-(-0.010219215)*x0 - 0.11775911) + x1*(-0.30135477)|R2:|0.9985541770498707
$v_2$ Beam Energy|800|TestSize|0.05|try 0 Model:|-x0*(x1**4*(-0.00853883) - ((x0 - x1)*0.08868485 - 1*0.85503995)) + x1*(-0.3018398) - 1*0.040572587|R2:|0.9984301400799445
$v_2$ Beam Energy|800|TestSize|0.05|try 1 Model:|-x0 + (0.17634548 - (-0.06899641)*x0)*(x0 + x1*(-1.675818))|R2:|0.9985309655416107
$v_2$ Beam Energy|800|TestSize|0.05|try 2 Model:|x0*((x0 - x1)*0.094954856 - 1*0.8391812) + x1*(-0.29281768) - 1*0.044696167|R2:|0.9954926919480475
$v_2$ Beam Energy|800|TestSize|0.05|try 3 Model:|(x0*0.08296433 - 0.8381405)*(-(-0.16897242)*x0*x1 + x0 + x1*0.3661165) - 0.02786823|R2:|0.990686097807487
$v_2$ Beam Energy|800|TestSize|0.05|try 4 Model:|-x0 + (-x0 + x1/0.6013616)*(x0*(-0.07051969) - 0.17751123)|R2:|0.9980235198322618
$v_2$ Beam Energy|1000|TestSize|0.5|try 0 Model:|(-x1 + (-x0 + x1 - 0.059408914)/(x0*0.16766444 + 1.400773))/0.870776|R2:|0.9951491068694255
$v_2$ Beam Energy|1000|TestSize|0.5|try 1 Model:|-1*(-2.801703) + (-x0**2 + x1 + 9.362817)/(x0 - 3.3252127)|R2:|0.9935645496000252
$v_2$ Beam Energy|1000|TestSize|0.5|try 2 Model:|x1*(-0.33863583) - (x1*0.13414931 + 0.8284446)*(-0.112439685*x0**2 + x0 + 0.035235047)|R2:|0.9942659158394553
$v_2$ Beam Energy|1000|TestSize|0.5|try 3 Model:|(x0 + x1*(x0*0.17916244 + 0.35976475))*(x0*0.0723836 - 0.8279249)|R2:|0.9964479777470933
$v_2$ Beam Energy|1000|TestSize|0.5|try 4 Model:|-x0 + (x0*(-0.12334143) - 0.28543484)*(-0.58120877*x0 + x1 + 1.9749477e-6/((x0**3*x1**3)))|R2:|0.8939375804435657
$v_2$ Beam Energy|1000|TestSize|0.25|try 0 Model:|-x0 + (x0*(-0.112616144) - 0.29892454)*(-0.6698593*x0 + x1)|R2:|0.9944466564354169
$v_2$ Beam Energy|1000|TestSize|0.25|try 1 Model:|x0*((x0 - x1)*0.090858884 - 0.852293) - 0.30721045*x1 - 1*0.049876884|R2:|0.995523942560679
$v_2$ Beam Energy|1000|TestSize|0.25|try 2 Model:|(x0 + x1*(0.42800716 - (-0.19625029)*x0))*(-(-0.07518685)*x0 - 0.8064316)|R2:|0.9939076624116984
$v_2$ Beam Energy|1000|TestSize|0.25|try 3 Model:|-x0 + (x0 - x1/0.559762)/(4.664803 - (x0 - 0.888035)**3)|R2:|0.993253143009038
$v_2$ Beam Energy|1000|TestSize|0.25|try 4 Model:|(-x0 + x1*(-0.36890885))/((x0 - x1)*0.09189419 + 1.2240777)|R2:|0.9901079264008142
$v_2$ Beam Energy|1000|TestSize|0.15|try 0 Model:|(x0*(-2.7257893) - x1)*(x0 - x1 - 12.180422)/(x1 - 40.277668)|R2:|0.9946380199626016
$v_2$ Beam Energy|1000|TestSize|0.15|try 1 Model:|x0*(-1.1355338) - (-x0 + x1)*(x0*0.097288854 + 0.2972742) - 0.04886671|R2:|0.9969436135822659
$v_2$ Beam Energy|1000|TestSize|0.15|try 2 Model:|x0*((-x0 + x1)*(-0.09659539) - 1*0.82413536) + x1*(-0.2971368) - 0.0428843|R2:|0.9964552934578844
$v_2$ Beam Energy|1000|TestSize|0.15|try 3 Model:|x0*(-0.83614856) - x1/((x0 - 1*0.5242966)**2 + 2.6391563)|R2:|0.9813756062614805
$v_2$ Beam Energy|1000|TestSize|0.15|try 4 Model:|-x0 + (x0 + x1*(-1.6097678))*(x0*0.07301803 + 0.19160193)|R2:|0.9945911220685809
$v_2$ Beam Energy|1000|TestSize|0.1|try 0 Model:|-x0 - 0.62326306 + (x1 - 2.1896744)/(x0 - 3.5769153)|R2:|0.994800125630729
$v_2$ Beam Energy|1000|TestSize|0.1|try 1 Model:|-x0 + (x0*(-0.6070119) + x1)*(-x0 - 2.7212765)*0.115000635|R2:|0.998743345858386
$v_2$ Beam Energy|1000|TestSize|0.1|try 2 Model:|-x0 + (-x0 + x1*1.6048609)*(x0*(-0.07085295) - 0.1866578)|R2:|0.9962212161377352
$v_2$ Beam Energy|1000|TestSize|0.1|try 3 Model:|x0*(-(-0.07329523)*x0 + x1*(-0.115190156) - 0.8156229) + x1*(-0.30183282)|R2:|0.9969922362833742
$v_2$ Beam Energy|1000|TestSize|0.1|try 4 Model:|x0/(-1.6031892) - (x1 + 2.3632019)/((x0*0.425046 - 0.8368154)**4 + 2.5279527) + 0.7455589|R2:|0.9936405030252498
$v_2$ Beam Energy|1000|TestSize|0.05|try 0 Model:|x0*(x1 + 6.985774)*(x0*0.010475602 - 1*0.11788789) - 0.31587362*x1|R2:|0.9975922787132281
$v_2$ Beam Energy|1000|TestSize|0.05|try 1 Model:|x0*(x0 - 11.133504)*(x1*0.010731418 - 1*(-0.07364356)) + x1*(-0.31351662)|R2:|0.994526613310588
$v_2$ Beam Energy|1000|TestSize|0.05|try 2 Model:|-x0 + (x0*(-0.6216861) + x1)*(x0*(-0.11446492) - 0.31484038)|R2:|0.9975568265434307
$v_2$ Beam Energy|1000|TestSize|0.05|try 3 Model:|x0*(-(x0*(-0.072953865) - (-0.11365819)*x1) - 0.8218434) + x1*(-0.30515048)|R2:|0.9990409187766898
$v_2$ Beam Energy|1000|TestSize|0.05|try 4 Model:|-x0 + (x0*0.1166368 - 1*(-0.31860453))*(x0*0.6081844 - x1)|R2:|0.9889060265801853
$v_2$ Beam Energy|1200|TestSize|0.5|try 0 Model:|(x0 + x1/((x0 - 0.5426515)**2 + 2.0685863))*(-0.8411184)|R2:|0.9822739475758929
$v_2$ Beam Energy|1200|TestSize|0.5|try 1 Model:|-x0 + (x0*(-0.597351) + x1)*(x0*(-0.16244872) - 0.32320094)|R2:|0.9892879093270712
$v_2$ Beam Energy|1200|TestSize|0.5|try 2 Model:|(x0*(-x1 - 3.5139835)/1.4004695 - x1)/(0.4354056*(x0 + 7.192208))|R2:|0.9879447448097624
$v_2$ Beam Energy|1200|TestSize|0.5|try 3 Model:|-x0/(x0*0.1335867 + x1*(-0.24605949) + 1.3384709) + x1*(-0.35144)|R2:|0.9895193205399945
$v_2$ Beam Energy|1200|TestSize|0.5|try 4 Model:|(x0 - x1*(x0*(-0.2327263) - 1*0.43999422))*(-(-0.08374024)*x0 - 0.79066366)|R2:|0.9848438040122882
$v_2$ Beam Energy|1200|TestSize|0.25|try 0 Model:|(0.7948377 + x0*(-0.068429254))*(-x0 + x1*(x0*(-0.21453068) - 0.43360713))|R2:|0.9944039678715815
$v_2$ Beam Energy|1200|TestSize|0.25|try 1 Model:|-x0 + (x0 - 1.6889035*x1)*(x0*0.08828534 + 0.19403607)|R2:|0.9805996818044354
$v_2$ Beam Energy|1200|TestSize|0.25|try 2 Model:|-x0 + (x0 + 2.3199446)*(x0*0.07749306 - 0.13538328*x1)|R2:|0.9916752899818245
$v_2$ Beam Energy|1200|TestSize|0.25|try 3 Model:|(0.29147726 - (-0.11147614)*x0)*(x0 - x1 - 1*10.214643) - 1*(-2.9251206)|R2:|0.9848286835163019
$v_2$ Beam Energy|1200|TestSize|0.25|try 4 Model:|-x0 + (x0*(-0.5764373) + x1)*(x0*(-0.15831773) - 0.3203424)|R2:|0.9883932768428022
$v_2$ Beam Energy|1200|TestSize|0.15|try 0 Model:|-(x0 - 1*(-0.58298916)) + (x1 - 1.9111292)/(x0 - 3.3540592)|R2:|0.9817550377729034
$v_2$ Beam Energy|1200|TestSize|0.15|try 1 Model:|(x0 - x1*(x0*(-0.21816331) - 0.43259984))*(x0*0.07527464 - 1*0.7965259)|R2:|0.9919438349720077
$v_2$ Beam Energy|1200|TestSize|0.15|try 2 Model:|x0*(x0 - x1/0.56183803 - 10.082205)*0.079609565 - 0.32831275*x1|R2:|0.9920094963515476
$v_2$ Beam Energy|1200|TestSize|0.15|try 3 Model:|(x0*(12.030234 - x0)/(x1 - 5.2596936) - x1)*0.33370093|R2:|0.9898118863971669
$v_2$ Beam Energy|1200|TestSize|0.15|try 4 Model:|-x0 + (x0*0.14641906 + 0.32026923)*(x0*0.60493624 - x1)|R2:|0.9810118773171981
$v_2$ Beam Energy|1200|TestSize|0.1|try 0 Model:|-0.8239141*x0 + x1/(-(0.71059895 - x0)**2 - 2.3935106)|R2:|0.9794017065729053
$v_2$ Beam Energy|1200|TestSize|0.1|try 1 Model:|-x0 + (x0*0.14522567 - 1*(-0.32028756))*(x0*0.60387254 - x1)|R2:|0.9961887688333385
$v_2$ Beam Energy|1200|TestSize|0.1|try 2 Model:|-x0 + (-0.5741172*x0 + x1)/(x0 - 1*3.2911346)|R2:|0.9584106145650393
$v_2$ Beam Energy|1200|TestSize|0.1|try 3 Model:|x0*(x0*0.08442535 - (x1*0.14683303 + 0.811841)) + x1*(-0.31866306)|R2:|0.9925404916090574
$v_2$ Beam Energy|1200|TestSize|0.1|try 4 Model:|x0/(-1.206785) - x1/((x0 - 0.69648606)**2 + 2.477584)|R2:|0.9874396434332083
$v_2$ Beam Energy|1200|TestSize|0.05|try 0 Model:|-x0 + (-x0 + x1/0.6202795)*(-0.086372115*x0 - 0.19584662)|R2:|0.9290009169043694
$v_2$ Beam Energy|1200|TestSize|0.05|try 1 Model:|(-x0 - 0.3406599)/0.90107536 + 0.0773404109300736*(x1 - (x0 - 1*(-1.9786768)))**2|R2:|0.9910141635029863
$v_2$ Beam Energy|1200|TestSize|0.05|try 2 Model:|-x0 + (-0.14642262*x0 - 0.32525823)*(-0.5989538*x0 + x1)|R2:|0.9884464277891813
$v_2$ Beam Energy|1200|TestSize|0.05|try 3 Model:|-x0*(-0.08215115*x0 + x1*0.14671606 - 1*(-0.8031138)) + x1*(-0.3244552)|R2:|0.9958572243307351
$v_2$ Beam Energy|1200|TestSize|0.05|try 4 Model:|x1*(-1.7696766) - (x0*(-0.55273783) + x1)*(-(-0.14899632)*x0 - 1.4437428)|R2:|0.9941768853927826
