v_2 Beam Energy|xy|TestSize|0.5|try 0 Model: |x0*x1*(x0*3.0670035e-5 - 1*0.00019824076) + 0.015140061|R2:|0.9585146664526109
v_2 Beam Energy|xy|TestSize|0.5|try 1 Model: |(0.00019164913 + x0*(-3.1974963e-5))*(77.72767 - x0*x1)|R2:|0.9637773607793404
v_2 Beam Energy|xy|TestSize|0.5|try 2 Model: |x1*(x0*(-0.0001080941) - 4.5760866e-5) + 0.010250269|R2:|0.9621983778208262
v_2 Beam Energy|xy|TestSize|0.5|try 3 Model: |x0*(-1*0.07817406 + 12.286733/(x1 - 0.3717102/(x0 - 0.5639884)))|R2:|0.9484202515141175
v_2 Beam Energy|xy|TestSize|0.5|try 4 Model: |(x0 - 1*0.25890672)*(-0.00017573836)*(-(-x1 + (x0 + 1.1855159)**4) + 1.0160104/(x0**4 - 0.097321555))|R2:|0.9835073379207736
v_2 Beam Energy|xy|TestSize|0.25|try 0 Model: |x1*(x0*(-9.049791e-5) - 6.839831e-5) - (-1)*0.011560589/x0|R2:|0.9200757793514361
v_2 Beam Energy|xy|TestSize|0.25|try 1 Model: |0.009108547 - x0*x1*(0.0001765917 + x0*(-2.4709105e-5))|R2:|0.9712473512790503
v_2 Beam Energy|xy|TestSize|0.25|try 2 Model: |x1*x0*(-0.00012037456)|R2:|0.9717783301338416
v_2 Beam Energy|xy|TestSize|0.25|try 3 Model: |x0*x1*(x0*2.9077248e-5 - 0.00018963793) + 0.012307179|R2:|0.9398064456348256
v_2 Beam Energy|xy|TestSize|0.25|try 4 Model: |x0*x1*(-0.0001196788)|R2:|0.9616740740596056
v_2 Beam Energy|xy|TestSize|0.15|try 0 Model: |x0*(-0.00012066496)*x1|R2:|0.9669315492547467
v_2 Beam Energy|xy|TestSize|0.15|try 1 Model: |x1*x0*(-0.00012058482)|R2:|0.9695125413872359
v_2 Beam Energy|xy|TestSize|0.15|try 2 Model: |x1*(-0.00012022273)*x0|R2:|0.9676802862498414
v_2 Beam Energy|xy|TestSize|0.15|try 3 Model: |(x1*x0*(-0.0006754071) - 1*(-0.054275937))/(x0 + 3.1810462)|R2:|0.9106281662721913
v_2 Beam Energy|xy|TestSize|0.15|try 4 Model: |x0*(x1 - 1.0058749/(x0/(-0.8115013) + 0.6890974))*(-(-2.1070324e-5)*x0 - 0.00017159412) + 0.009894663|R2:|0.9668316826007628
v_2 Beam Energy|xy|TestSize|0.1|try 0 Model: |x0*(x1 + 1.6201304/(x0 - 0.5543841))*(-(-2.4123254e-5)*x0 - 0.00017740137) + 0.010513678|R2:|0.9741255786786591
v_2 Beam Energy|xy|TestSize|0.1|try 1 Model: |x0*x1*(-0.00012097528)|R2:|0.9715777020299008
v_2 Beam Energy|xy|TestSize|0.1|try 2 Model: |(-(-1.9518811e-5)*x0 - 0.00016581987)*(x0*x1 - 0.118048236/(x0 - 0.5638989)) + 0.007880923|R2:|0.9893817379206351
v_2 Beam Energy|xy|TestSize|0.1|try 3 Model: |x0*x1*(-0.00016800566) - (-1.0057045e-5)*(x0**3*x1 - 6.0178423/(x0 - 0.55823374)) - 1*(-0.011607455)|R2:|0.9888868384244206
v_2 Beam Energy|xy|TestSize|0.1|try 4 Model: |x1*(-0.00045566654)/(-1*(-1.4399413) + 2.29640200285456/x0**2)|R2:|0.9521570282730872
v_2 Beam Energy|xy|TestSize|0.05|try 0 Model: |(x0*2.5641311e-5 - 1*0.00018174615)*(x0*x1 + 0.70836306/(x0 - 0.55679315)) + 0.011249778|R2:|0.9792717479365644
v_2 Beam Energy|xy|TestSize|0.05|try 1 Model: |x0/((7088.993/(x0**6 - x1))) + 0.006383747|R2:|0.985389735419778
v_2 Beam Energy|xy|TestSize|0.05|try 2 Model: |0.006865495 - 0.00014469925*(x0*(-6.63469090801267*x0**3 + x1) + 0.5483068/(x0**3 - 0.17424828))|R2:|0.9843812278565326
v_2 Beam Energy|xy|TestSize|0.05|try 3 Model: |x0*x1*(x0*2.2991962e-5 - 1*0.00017494058) + 0.009708195|R2:|0.9647465146623739
v_2 Beam Energy|xy|TestSize|0.05|try 4 Model: |0.010013297 - x0*x1*(0.0001779304 - 2.449556e-5*x0)|R2:|0.9905841969008176
