$v_2$ Beam Energy|150|TestSize|0.5|try 0 Model:|-(-1*0.09300301 - 4.426333/x1) - 1.4287922/(x0 + 6.0809755/x0)|R2:|0.9985613028300241
$v_2$ Beam Energy|150|TestSize|0.5|try 1 Model:|x0*(-(-0.06481038)*x0 - 0.2754037) + x1*(x1*6.447101e-7 - 0.00040602195) + 0.17991455|R2:|0.9984519954952619
$v_2$ Beam Energy|150|TestSize|0.5|try 2 Model:|x0*(-(-0.06617694)*x0 - 0.2767525) + 0.10029425 - (-1)*4.767074/x1|R2:|0.9983310295737207
$v_2$ Beam Energy|150|TestSize|0.5|try 3 Model:|x0*(x0*0.063638985 - 1*0.27251232) + 0.09799546 + 4.9936795/x1|R2:|0.9984080603148605
$v_2$ Beam Energy|150|TestSize|0.5|try 4 Model:|0.099283636 - (x0*(0.273583 + x0*(-0.06504488)) - 4.6803346/x1)|R2:|0.9980855449572336
$v_2$ Beam Energy|150|TestSize|0.25|try 0 Model:|0.09789803 - (x0*(0.2697867 - 0.062258974*x0) - 4.783341/x1)|R2:|0.9984599729432216
$v_2$ Beam Energy|150|TestSize|0.25|try 1 Model:|x0*(x0*0.06526429 - 0.27582487) + x1*(x1*5.3567726e-7 - 1*0.0003571121) + 0.174819|R2:|0.9987873008716449
$v_2$ Beam Energy|150|TestSize|0.25|try 2 Model:|(x0 - 22.306778/x1)*(x0*0.06292413 - 0.26554212) + 0.093787536|R2:|0.9977698875935472
$v_2$ Beam Energy|150|TestSize|0.25|try 3 Model:|-x0*(0.2731492 + x0*(-0.06433709)) + 0.099745646 + 4.5887976/x1|R2:|0.9986846103207695
$v_2$ Beam Energy|150|TestSize|0.25|try 4 Model:|(-x0 + 21.898691/x1)*(-0.06456158*x0 - 1*(-0.267423)) - 1*(-0.09447052)|R2:|0.9987681602376642
$v_2$ Beam Energy|150|TestSize|0.15|try 0 Model:|-((2.121867 - x0)**2/(-15.559877) - 4.665673/x1) - 0.19014794|R2:|0.9989883346172329
$v_2$ Beam Energy|150|TestSize|0.15|try 1 Model:|(x0*0.15981863 + x1*(-0.75160223)/(x1 - 5.559894))**4 - 0.22781748|R2:|0.9984645298009905
$v_2$ Beam Energy|150|TestSize|0.15|try 2 Model:|(0.1882699 + (x0 - 24.024994/x1)*(-0.48214695))/(x0 + 1.7542224)|R2:|0.9980588641998124
$v_2$ Beam Energy|150|TestSize|0.15|try 3 Model:|x0*(x0*0.065243095 - 0.2747317) - 1*(-0.09964342) - (-1)*4.775551/x1|R2:|0.9986206502656798
$v_2$ Beam Energy|150|TestSize|0.15|try 4 Model:|x0*(x0*0.064722486 - 0.27419075) + 0.100064486 + 4.654278/x1|R2:|0.9985231552839775
$v_2$ Beam Energy|150|TestSize|0.1|try 0 Model:|x0**2*(0.06366874 - 0.27225158/x0) + 0.098610304 + 4.8015246/x1|R2:|0.9965257748287502
$v_2$ Beam Energy|150|TestSize|0.1|try 1 Model:|x0*(x0*0.06504497 - 0.27416277) + 0.10005115 - (-1)*4.6177707/x1|R2:|0.9987947049524964
$v_2$ Beam Energy|150|TestSize|0.1|try 2 Model:|x0*(x0*0.063502006 - 0.27207074) + 0.09925448 + 4.6300545/x1|R2:|0.998894524594317
$v_2$ Beam Energy|150|TestSize|0.1|try 3 Model:|x0*(x0*0.06584966 - 0.27606264) + 0.100274466 + 4.7791805/x1|R2:|0.998370070919098
$v_2$ Beam Energy|150|TestSize|0.1|try 4 Model:|(-x0/3.9658043 + 0.51694655 + 6.0474186/x1)**2 - 1*0.1745137|R2:|0.9982871575588027
$v_2$ Beam Energy|150|TestSize|0.05|try 0 Model:|x0*(x0*0.06413849 - 0.2727327) + 0.09915228 + 4.707827/x1|R2:|0.99479861917819
$v_2$ Beam Energy|150|TestSize|0.05|try 1 Model:|-(-0.024336442)*x0**3 - 0.22143796*x0 + 0.087334566 + 4.5723715/x1|R2:|0.9974785894246573
$v_2$ Beam Energy|150|TestSize|0.05|try 2 Model:|x0*(x0*0.06531913 - 0.2755499) + x1*(x1*5.036121e-7 - 0.00033668586) + 0.17149109|R2:|0.9951702295985126
$v_2$ Beam Energy|150|TestSize|0.05|try 3 Model:|x0*(x0*0.06441157 - 1*0.27319154) - 1*(-0.099588595) + 4.641223/x1|R2:|0.9990549807658373
$v_2$ Beam Energy|150|TestSize|0.05|try 4 Model:|-0.49974373 + 1.0773113/(x0 + 1.7529889) + 4.696897/x1|R2:|0.9979850982193081
$v_2$ Beam Energy|250|TestSize|0.5|try 0 Model:|x0*(-(-0.04522178)*x0 - 0.30691057 + 16.190811/x1) - 1*(-0.09614028)|R2:|0.9960472959294484
$v_2$ Beam Energy|250|TestSize|0.5|try 1 Model:|x0*(x0*17.78778/x1 - 0.27630505) + 0.10711121|R2:|0.9844783425395207
$v_2$ Beam Energy|250|TestSize|0.5|try 2 Model:|x0*(-(-0.04666521)*x0 - 0.31239012) + x0/((x1/17.887167)) - 1*(-0.09500822)|R2:|0.9950674501433623
$v_2$ Beam Energy|250|TestSize|0.5|try 3 Model:|x0*(x0*0.04083551 - 1*0.29637462 + 16.365162/x1) + 0.09153457|R2:|0.9956974241244879
$v_2$ Beam Energy|250|TestSize|0.5|try 4 Model:|x0*(x0*0.044557944 - 0.30627382 + 16.617052/x1) - 1*(-0.09569557)|R2:|0.9969015084994216
$v_2$ Beam Energy|250|TestSize|0.25|try 0 Model:|x0*(x0*0.04495871 - 1*0.30883577 + 17.381874/x1) - 1*(-0.09478681)|R2:|0.9963782131769022
$v_2$ Beam Energy|250|TestSize|0.25|try 1 Model:|x0*(-(-0.042989478)*x0 - 0.30288732 + 16.455822/x1) + 0.09431683|R2:|0.9951945687770242
$v_2$ Beam Energy|250|TestSize|0.25|try 2 Model:|x0*(x0*0.04499598 - 1*0.30648753 + 16.42554/x1) - 1*(-0.09560016)|R2:|0.9970401982843901
$v_2$ Beam Energy|250|TestSize|0.25|try 3 Model:|x0*(x0*0.044293948 - 1*0.30523735 + 16.753157/x1) - 1*(-0.09423952)|R2:|0.9968137190797054
$v_2$ Beam Energy|250|TestSize|0.25|try 4 Model:|x0*(x0*0.045505334 - 1*0.30813175 + 16.387402/x1) + 0.096930034|R2:|0.9961983966918034
$v_2$ Beam Energy|250|TestSize|0.15|try 0 Model:|x0*(-(-0.04601463)*x0 - 0.31036404 + 16.954035/x1) + 0.0967056|R2:|0.9906914734710027
$v_2$ Beam Energy|250|TestSize|0.15|try 1 Model:|x0*(x0*0.0430668 - 0.30161762 - (-1)*16.472235/x1) + 0.09306689|R2:|0.9952682545287787
$v_2$ Beam Energy|250|TestSize|0.15|try 2 Model:|-0.20108058*x0 + 0.03800626 + (11.816271 - (-3.842766)*x0**3)/x1|R2:|0.992950820221452
$v_2$ Beam Energy|250|TestSize|0.15|try 3 Model:|x0*(-0.21712261) + (x0**2 + 6.37302)**2/(x1 + 209.25922)|R2:|0.9949846426685208
$v_2$ Beam Energy|250|TestSize|0.15|try 4 Model:|x0*(-0.21537651) - 1*(-0.054256693) + (x0**2 + 2.885184)**2/x1|R2:|0.9947922155942126
$v_2$ Beam Energy|250|TestSize|0.1|try 0 Model:|x0*(x0*0.044742957 - 0.30613163 + 16.602892/x1) + 0.094889276|R2:|0.993278667676349
$v_2$ Beam Energy|250|TestSize|0.1|try 1 Model:|x0*(x0*0.044460617 - 0.30548987 - (-1)*16.630594/x1) - 1*(-0.09469219)|R2:|0.997599975415769
$v_2$ Beam Energy|250|TestSize|0.1|try 2 Model:|x0*(-(-0.045502596)*x0 - 0.3088336 + 16.746975/x1) + 0.09634742|R2:|0.997144937334651
$v_2$ Beam Energy|250|TestSize|0.1|try 3 Model:|x1*(x0*(x1*4.226732e-7*x0 - 1*0.0007925808) - 1*(-0.00030138128))|R2:|0.9966641105785304
$v_2$ Beam Energy|250|TestSize|0.1|try 4 Model:|x0*(x0*0.04415864 - 1*0.30519292 + 16.679333/x1) - 1*(-0.0947161)|R2:|0.9967826340683098
$v_2$ Beam Energy|250|TestSize|0.05|try 0 Model:|x0*(x0*0.04423394 - 0.30484486 + 16.514154/x1) + 0.09477722|R2:|0.9945997900835772
$v_2$ Beam Energy|250|TestSize|0.05|try 1 Model:|x0*(x0*0.04540835 - 0.00021028382*x1 - 0.18638375) + 0.09542385|R2:|0.9951479372690407
$v_2$ Beam Energy|250|TestSize|0.05|try 2 Model:|x0*(-0.103085406) - (x1*(-1*(-0.00038759594) - 0.00014917279/x0) - 1*0.065363035)|R2:|0.9881325913632156
$v_2$ Beam Energy|250|TestSize|0.05|try 3 Model:|x0*(-(-0.044311337)*x0 - 0.30513462 + 16.56359/x1) - 1*(-0.094708055)|R2:|0.9950328554767753
$v_2$ Beam Energy|250|TestSize|0.05|try 4 Model:|x0*(x0*0.043915246 - 0.30417207 - (-1)*16.645494/x1) + 0.09382754|R2:|0.9883940489629595
$v_2$ Beam Energy|400|TestSize|0.5|try 0 Model:|x0*(-(-0.025989665)*x0 - 0.19262347) + x1*(-0.00022319028) + 0.13765252|R2:|0.9944898992145522
$v_2$ Beam Energy|400|TestSize|0.5|try 1 Model:|x0*(x1*(x0*0.00010355867 - 0.00034395876) - 0.0994827) + 0.07619605|R2:|0.9975642294853765
$v_2$ Beam Energy|400|TestSize|0.5|try 2 Model:|x1*(-0.0001302414*x0 - 9.5422874e-5) - 0.11687931 + 0.22051437/(x0**3 + 1.4413129)|R2:|0.9964621206740512
$v_2$ Beam Energy|400|TestSize|0.5|try 3 Model:|(x1*x0*3.4698132e-5 - 0.08030792)*(x0*x1*0.004564291 + x0) + 0.0705653|R2:|0.9977826045706085
$v_2$ Beam Energy|400|TestSize|0.5|try 4 Model:|x0*(-0.14779972) - (-1)*14.98245/(-10.2038750900507*x0**4 + x1)|R2:|0.9941656199578142
$v_2$ Beam Energy|400|TestSize|0.25|try 0 Model:|x0*(x0*0.035623614 - 1*0.27016005 + 16.369566/x1) + 0.08275448|R2:|0.9975103025142706
$v_2$ Beam Energy|400|TestSize|0.25|try 1 Model:|x0*(x0*0.03778777 - 0.2751412 - (-1)*16.221413/x1) - 1*(-0.08614901)|R2:|0.9957697298203673
$v_2$ Beam Energy|400|TestSize|0.25|try 2 Model:|x0*(x0*0.03680032 - 1*0.2726346 + 16.253141/x1) + 0.084276296|R2:|0.9967205335117606
$v_2$ Beam Energy|400|TestSize|0.25|try 3 Model:|x0*x1*(x0*0.00010066231 - 1*0.00033348464 - 0.10186681/x1) + 0.07625584|R2:|0.9967103340011796
$v_2$ Beam Energy|400|TestSize|0.25|try 4 Model:|0.08400059 - x0*(-0.036910918*x0 - 1*(-0.27502996) - 16.980057/x1)|R2:|0.9945849218865559
$v_2$ Beam Energy|400|TestSize|0.15|try 0 Model:|x0*(x1*(-0.0008551416) - 0.4593386)/(x0 + 2.8308322) - 1*(-0.09164787)|R2:|0.9931468124486403
$v_2$ Beam Energy|400|TestSize|0.15|try 1 Model:|x0*(-x1*(x0*(-9.5910946e-5) - 1*(-0.00032983514)) - 0.09897238) + 0.07418264|R2:|0.9944190128035458
$v_2$ Beam Energy|400|TestSize|0.15|try 2 Model:|x1*(-0.00019881189) - (x0*(0.15629704 - x0**3/x1) - 1*0.11728467)|R2:|0.9950918246981117
$v_2$ Beam Energy|400|TestSize|0.15|try 3 Model:|x0*(x0*0.03651259 - 0.27260742 + 16.379932/x1) + 0.08380006|R2:|0.9968399977768583
$v_2$ Beam Energy|400|TestSize|0.15|try 4 Model:|x0*(-(-0.036205504)*x0 - 0.271093 + 16.229607/x1) + 0.08347784|R2:|0.9957640426914552
$v_2$ Beam Energy|400|TestSize|0.1|try 0 Model:|x0**4/x1 - 0.15546377*x0 + x1*(-0.00019872068) + 0.116643466|R2:|0.9946515348715269
$v_2$ Beam Energy|400|TestSize|0.1|try 1 Model:|x0*(-0.0002829699*x1 + (x0**2*x1**2)*7.6656086e-8 - 1*0.078685194) + 0.062023718|R2:|0.999066580233273
$v_2$ Beam Energy|400|TestSize|0.1|try 2 Model:|x0*(x0*0.03683034 - 0.2728237 + 16.325478/x1) + 0.08412624|R2:|0.998783881696064
$v_2$ Beam Energy|400|TestSize|0.1|try 3 Model:|x1*(x0*(-(-1.8131881e-5)*x0/(50.76195/x1) - 0.00070283015) + 0.00027694533)|R2:|0.9945535922188324
$v_2$ Beam Energy|400|TestSize|0.1|try 4 Model:|x0*(x0*0.037161943 - 0.27524444 + 17.023298/x1) - 1*(-0.0835744)|R2:|0.9903215136434294
$v_2$ Beam Energy|400|TestSize|0.05|try 0 Model:|x0*((x0 - 3.352406)*9.728327e-5*x1 - 1*0.10143719) + 0.07496721|R2:|0.9993791260698585
$v_2$ Beam Energy|400|TestSize|0.05|try 1 Model:|x0*(x1*(x0*9.8305805e-5 - 0.00033064326) - 0.10019115) + 0.07479973|R2:|0.9907288549375849
$v_2$ Beam Energy|400|TestSize|0.05|try 2 Model:|x0*(x0*0.036623728 - 0.27242318 + 16.389893/x1) + 0.08359193|R2:|0.9962426366340347
$v_2$ Beam Energy|400|TestSize|0.05|try 3 Model:|x0*(-x1*(0.0003257419 + x0*(-9.676988e-5)) - 0.101121) - 1*(-0.074752785)|R2:|0.9982366384381557
$v_2$ Beam Energy|400|TestSize|0.05|try 4 Model:|x1*(-0.30571425)/(x1 + 2133.47860857915/(x0 - 1*(-0.57567))**3) - (-1)*0.013118859/x0|R2:|0.9972536823420203
$v_2$ Beam Energy|600|TestSize|0.5|try 0 Model:|x0*((x0**3 + 12.273618)/(x1 + 1.019463/(x0 - 1*1.0294538)) - 1*0.17913797) + 0.054875664|R2:|0.3697023145462922
$v_2$ Beam Energy|600|TestSize|0.5|try 1 Model:|0.06290782 - x0*(6.9178023 - x0)*(x1*3.4180423e-5 + 0.013698202)|R2:|0.981167852055021
$v_2$ Beam Energy|600|TestSize|0.5|try 2 Model:|0.063331075 - x0*(x1*(0.0003009396 + x0*(-7.253819e-5)) + 0.07308778)|R2:|0.9724762164557602
$v_2$ Beam Energy|600|TestSize|0.5|try 3 Model:|x1*(x0 - 0.43924743)*(-(-3.0762604e-7)*x0*x1 - 0.0005570596)|R2:|0.9827523278315504
$v_2$ Beam Energy|600|TestSize|0.5|try 4 Model:|x0*(-0.11325525) + x1*(-0.00023294945) - 1*(-0.106732)|R2:|0.9763801875680991
$v_2$ Beam Energy|600|TestSize|0.25|try 0 Model:|x0*(-0.116228186) - (-1)*11.5224085/x1|R2:|0.9687613051682911
$v_2$ Beam Energy|600|TestSize|0.25|try 1 Model:|x0*(-0.00018194685*x1 - 0.056980483) - 1*(-0.03739181)|R2:|0.9805456181009076
$v_2$ Beam Energy|600|TestSize|0.25|try 2 Model:|x0*((-x0**6 + x1)*(-0.00019468249) - 0.0624187) + 0.04502403|R2:|0.9849380063985684
$v_2$ Beam Energy|600|TestSize|0.25|try 3 Model:|x0*(12.165246*x0/x1 - 0.20750362) + 0.08551683|R2:|0.95182171213143
$v_2$ Beam Energy|600|TestSize|0.25|try 4 Model:|x0*(x1*(-0.00018996999) - 0.054376956) + 0.036535837|R2:|0.9835065384905329
$v_2$ Beam Energy|600|TestSize|0.15|try 0 Model:|x0*(x1*(-(-6.958961e-5)*x0 - 0.00029256064) - 0.07212406) + 0.060399238|R2:|0.9449313275761062
$v_2$ Beam Energy|600|TestSize|0.15|try 1 Model:|x0*(x1*(-0.00019470384) - 0.03524201) + 0.0170886/x0|R2:|0.9864776879643139
$v_2$ Beam Energy|600|TestSize|0.15|try 2 Model:|x0*(-0.11169855) + x1*(-0.00020141863) - 1*(-0.095949665)|R2:|0.9738389630725084
$v_2$ Beam Energy|600|TestSize|0.15|try 3 Model:|0.05879095 + (x0 + x1**3*7.308938e-9)*(-0.111565486)|R2:|0.9494864035930854
$v_2$ Beam Energy|600|TestSize|0.15|try 4 Model:|x0*(x0*0.021889417 - 0.00019365767*x1 - 1*0.10316422) + 0.061530054|R2:|0.9660122772123308
$v_2$ Beam Energy|600|TestSize|0.1|try 0 Model:|x0*(x1*(-0.0001803503) - 1*0.058205165) - 1*(-0.037864644)|R2:|0.9664847713942711
$v_2$ Beam Energy|600|TestSize|0.1|try 1 Model:|x0*(x1*(-0.00019422125) - 0.035419412) + 0.017111575/x0|R2:|0.9808952076104595
$v_2$ Beam Energy|600|TestSize|0.1|try 2 Model:|x0*(-0.1831527 + (x0**3 + 13.254044)/x1) + 0.056064904|R2:|0.9761919607097113
$v_2$ Beam Energy|600|TestSize|0.1|try 3 Model:|x0*(-(-1)*12.992879*x0/x1 - 0.21349601) + 0.08948762|R2:|0.9607915669237624
$v_2$ Beam Energy|600|TestSize|0.1|try 4 Model:|x0*(-0.00019790053*x1 - 0.052321825) + 0.03664194|R2:|0.9593358646367244
$v_2$ Beam Energy|600|TestSize|0.05|try 0 Model:|x0*(-0.00019420669*x1 - 0.035743147) - (-1)*0.017249925/x0|R2:|0.9848053707279395
$v_2$ Beam Energy|600|TestSize|0.05|try 1 Model:|x0*(x1*(-0.00019887595) - 1*0.034342173) + 0.016875034/x0|R2:|0.8552810609395551
$v_2$ Beam Energy|600|TestSize|0.05|try 2 Model:|x0*(-0.00019746443*x1 - 0.035225723) + 0.017352259/x0|R2:|0.9878425179378888
$v_2$ Beam Energy|600|TestSize|0.05|try 3 Model:|0.036778156 - x0*(x1*0.00018534446 + 0.055734437)|R2:|0.9188606492351434
$v_2$ Beam Energy|600|TestSize|0.05|try 4 Model:|x0*(x1*(-0.00019487628) - 1*0.035673928) - (-1)*0.017025296/x0|R2:|0.9800531476171092
$v_2$ Beam Energy|800|TestSize|0.5|try 0 Model:|x0*(x1 + 274.2616)*(x0*3.9971186e-5 - 0.00026033487) + 0.057949442|R2:|0.997620999803641
$v_2$ Beam Energy|800|TestSize|0.5|try 1 Model:|x0*(x0*0.027908385 - 0.00021635031*x1 - 0.095107496) + 0.06339285|R2:|0.9974211366407597
$v_2$ Beam Energy|800|TestSize|0.5|try 2 Model:|(-1*0.0010308141 + 0.0031958905/(x0 + 2.921394))*(x1 + 190.66597) + 0.037066177|R2:|0.9976051434128478
$v_2$ Beam Energy|800|TestSize|0.5|try 3 Model:|x0*(x0*0.024799494 + x1*(-0.00020984828) - 1*0.08952075) + 0.05893642|R2:|0.9986823103853487
$v_2$ Beam Energy|800|TestSize|0.5|try 4 Model:|0.058183495 - x0*(-0.023866378*x0 + x1*0.00020589284 + 0.08879506)|R2:|0.9985905768010082
$v_2$ Beam Energy|800|TestSize|0.25|try 0 Model:|x0*((x0/0.008759395 - x1)*0.00021265296 - 0.08680011) + 0.057717048|R2:|0.9987815256557162
$v_2$ Beam Energy|800|TestSize|0.25|try 1 Model:|(x0 - 0.27306286)*(x1*(-(-8.380908e-5)*x0 - 0.0003838781) - 0.032474812) + 0.020658262|R2:|0.9990704722420037
$v_2$ Beam Energy|800|TestSize|0.25|try 2 Model:|x0*(x0*0.025267638 - x1/4677.261 - 0.088885054) - 1*(-0.059068847)|R2:|0.9986951008398024
$v_2$ Beam Energy|800|TestSize|0.25|try 3 Model:|x0*(x1*(-0.001906985)/(x0**2 + 7.4821877) - 0.051122442) - 1*(-0.050085086)|R2:|0.9977527207687834
$v_2$ Beam Energy|800|TestSize|0.25|try 4 Model:|x1*x0*(-0.00020295773) - 0.029185452 + 0.036478978/(x0**4 + 0.73020446)|R2:|0.9973179944265603
$v_2$ Beam Energy|800|TestSize|0.15|try 0 Model:|x0*x1*(-(-5.2695314e-6)*x0**3 - 0.0002200485) - 0.2225027 - 1.0677018/(-x0 - 3.8822632)|R2:|0.9962878291323342
$v_2$ Beam Energy|800|TestSize|0.15|try 1 Model:|0.060431127 - x0*(x0*(-0.025915487) + x1*0.00021136405 - 1*(-0.09172539))|R2:|0.9985607092235306
$v_2$ Beam Energy|800|TestSize|0.15|try 2 Model:|0.0581501 - x0*(x0*(-0.024186594) + x1*0.00021400792 + 0.08666784)|R2:|0.9987697683517266
$v_2$ Beam Energy|800|TestSize|0.15|try 3 Model:|x0*(x0*0.025659107 + x1*(-0.00021353456) - 0.09034981) + 0.060210742|R2:|0.9975277760138963
$v_2$ Beam Energy|800|TestSize|0.15|try 4 Model:|x0*(x1*(-0.0002137505) - (x0*(-0.024645846) - 1*(-0.08692053))) + 0.057746638|R2:|0.9974218525611661
$v_2$ Beam Energy|800|TestSize|0.1|try 0 Model:|x0*(x0*0.025133912 + x1*(-0.00021195084) - 0.089472465) + 0.059355278|R2:|0.9989919953807783
$v_2$ Beam Energy|800|TestSize|0.1|try 1 Model:|x0*(x0*0.025479263 - (0.08972023 - (-0.00021259302)*x1)) + 0.059365276|R2:|0.998799763082674
$v_2$ Beam Energy|800|TestSize|0.1|try 2 Model:|x1*x0*(-0.00020706527) - 0.02628315 + 0.03337936/(x0**4 + 0.70772755)|R2:|0.9986467420092705
$v_2$ Beam Energy|800|TestSize|0.1|try 3 Model:|x0*(x0*0.025323508 - 0.0002117435*x1 - 0.08993188) + 0.05953464|R2:|0.9981953056503909
$v_2$ Beam Energy|800|TestSize|0.1|try 4 Model:|x1*(-0.00020780931)*x0 - 0.025709871 - (-1)*0.03293091/(x0**4 - 1*(-0.70522034))|R2:|0.9985062064682685
$v_2$ Beam Energy|800|TestSize|0.05|try 0 Model:|x0*(x0*0.024971826 + x1*(-0.00021223692) - 0.088903315) + 0.059005816|R2:|0.9992769174255349
$v_2$ Beam Energy|800|TestSize|0.05|try 1 Model:|x1*(-0.00020764013)*x0 - (-1*(-0.02601462) - 0.033564705/(x0**4 + 0.71294254))|R2:|0.9994863723366438
$v_2$ Beam Energy|800|TestSize|0.05|try 2 Model:|x0*(-0.00020752211)*x1 - 0.026071327 - 0.033482693/(-x0**4 - 0.70962805)|R2:|0.9962821915043127
$v_2$ Beam Energy|800|TestSize|0.05|try 3 Model:|(0.0001564224 - 0.00047099806*x0)*(x0*(39.54337 - 0.29001606*x1) + x1) + 0.011245833|R2:|0.98814216461441
$v_2$ Beam Energy|800|TestSize|0.05|try 4 Model:|x0*((x0**4 + 140.86494)/(x1 + 544.7031) - 0.27873254) + 0.04246053|R2:|0.998985944199623
$v_2$ Beam Energy|1000|TestSize|0.5|try 0 Model:|x0*(-(-0.026566485)*x0 + x1*(-0.00020847803) - 0.085238725) + 0.060352746|R2:|0.9957353528354141
$v_2$ Beam Energy|1000|TestSize|0.5|try 1 Model:|x0*x1*(-0.00020120738) - 1*0.015555014 + 0.026600918/(x0**4 + 0.7113538)|R2:|0.9973962612241112
$v_2$ Beam Energy|1000|TestSize|0.5|try 2 Model:|(x1 + 50.23933)*(-0.00054830214) + (x1*(-0.000907808) - 0.08423223)/(-x0**2 - 1.7195935)|R2:|0.9946060732243636
$v_2$ Beam Energy|1000|TestSize|0.5|try 3 Model:|x1*(0.00013592053 - 0.0005758873/x0)*(0.33105615 - x0)**2|R2:|0.9939896615164727
$v_2$ Beam Energy|1000|TestSize|0.5|try 4 Model:|x0*(-(-0.022146508)*x0 + x1*(-0.00020400307) - 0.07670073) + 0.055462707|R2:|0.9956812052426817
$v_2$ Beam Energy|1000|TestSize|0.25|try 0 Model:|-0.18254988 + (x1*x0*0.0009150125 - 0.79896855)/(-x0 - 3.3079858)|R2:|0.9932847407399589
$v_2$ Beam Energy|1000|TestSize|0.25|try 1 Model:|x1*x0*(-0.0002230885) + (x0 - 1.5266742)**2*0.023552725|R2:|0.9956563402060442
$v_2$ Beam Energy|1000|TestSize|0.25|try 2 Model:|x1*(x0*(x0*9.089951e-5 - 0.0004997997) + 0.00020914288)|R2:|0.9908240980118743
$v_2$ Beam Energy|1000|TestSize|0.25|try 3 Model:|x1*(-0.00022352075)*x0 + (1.5238267 - x0)**2*0.023845831|R2:|0.9932954509060444
$v_2$ Beam Energy|1000|TestSize|0.25|try 4 Model:|x0*(x1*(x0*6.295378e-5 - 0.0002762141) - 0.04884655) + 0.0519927|R2:|0.9938581541823532
$v_2$ Beam Energy|1000|TestSize|0.15|try 0 Model:|x0*(x1 + 212.59747)*(x0*3.6113386e-5 - 0.00025059667) - 1*(-0.04993528)|R2:|0.9977724709741684
$v_2$ Beam Energy|1000|TestSize|0.15|try 1 Model:|x1*(0.0002084692 - x0*(0.00050290435 - 9.344743e-5*x0))|R2:|0.9948013026293954
$v_2$ Beam Energy|1000|TestSize|0.15|try 2 Model:|x1*(x0*(x0*9.2511014e-5 - 0.0005029006) - 1*(-0.00021040508))|R2:|0.9931510010686105
$v_2$ Beam Energy|1000|TestSize|0.15|try 3 Model:|(0.21853676 - x0)*(x1*(x0*(-7.2837734e-5) - 1*(-0.0003454309)) + 0.029250758) + 0.02645795|R2:|0.9985383715308745
$v_2$ Beam Energy|1000|TestSize|0.15|try 4 Model:|x0*x1*(-0.00022315054) - (-0.023779279)*(1.5244745 - x0)**2|R2:|0.9938119734893484
$v_2$ Beam Energy|1000|TestSize|0.1|try 0 Model:|x0*(x0*0.02342281 + x1*(-0.00020442854) - 0.078777745) - 1*(-0.05604467)|R2:|0.9977143474828684
$v_2$ Beam Energy|1000|TestSize|0.1|try 1 Model:|x0*(-(-0.02297085)*x0 + x1*(-0.000205397) - 1*0.07773662) + 0.055942945|R2:|0.9993541777168011
$v_2$ Beam Energy|1000|TestSize|0.1|try 2 Model:|x0*(-(-0.02292802)*x0 - 0.00020385996*x1 - 0.07809727) + 0.05587587|R2:|0.9970857884911443
$v_2$ Beam Energy|1000|TestSize|0.1|try 3 Model:|x0*(x0*0.022816716 - 0.00020505484*x1 - 1*0.07747597) + 0.05571914|R2:|0.9982307542826812
$v_2$ Beam Energy|1000|TestSize|0.1|try 4 Model:|0.057542805 - x0*(x1*0.00020689113 - 0.02406575*(x0 - 1*3.3272424))|R2:|0.9920299077401425
$v_2$ Beam Energy|1000|TestSize|0.05|try 0 Model:|x1*(0.00020834022 - x0*(0.0005003268 - 9.141666e-5*x0))|R2:|0.9875387586607446
$v_2$ Beam Energy|1000|TestSize|0.05|try 1 Model:|(-0.009462573*x0*x1 + (x0 - 1.5231309)**2)*0.023530945|R2:|0.9946300044711458
$v_2$ Beam Energy|1000|TestSize|0.05|try 2 Model:|x0*(6.7302446 - x0)*(x1*(-3.745561e-5) - 1*0.00834243) + 0.051663432|R2:|0.9967777943864795
$v_2$ Beam Energy|1000|TestSize|0.05|try 3 Model:|x1*(x0 - 0.2749634)*(1.9724547e-7*x0*x1 - 0.00041875307) - 1*(-0.017754562)|R2:|0.9978134693705261
$v_2$ Beam Energy|1000|TestSize|0.05|try 4 Model:|x0*(x0*0.023689976 - 0.0002067789*x1 - 1*0.078558415) + 0.05622804|R2:|0.9874965011749042
$v_2$ Beam Energy|1200|TestSize|0.5|try 0 Model:|x1*(-0.00021284417)*x0 + 0.012883569/x0|R2:|0.9879353338180239
$v_2$ Beam Energy|1200|TestSize|0.5|try 1 Model:|x0*x1*(-0.00020934393) - (-1)*0.011408403/x0|R2:|0.9862408973556752
$v_2$ Beam Energy|1200|TestSize|0.5|try 2 Model:|x1*(-0.08802449 + 0.031701848/x0)**3|R2:|0.9864019330457904
$v_2$ Beam Energy|1200|TestSize|0.5|try 3 Model:|x1*(-0.00020887062)*x0 + 0.011683906/x0|R2:|0.9865200344294396
$v_2$ Beam Energy|1200|TestSize|0.5|try 4 Model:|x1*(-0.00021089015)*x0 + 0.012963189/x0|R2:|0.9823376643903046
$v_2$ Beam Energy|1200|TestSize|0.25|try 0 Model:|-0.00021252396*x0*x1 + 0.01248503/x0|R2:|0.9894686544614452
$v_2$ Beam Energy|1200|TestSize|0.25|try 1 Model:|x1*(x0*(-(-6.9191716e-5)*x0 - 0.0004158147) - 1*(-0.00014560901)) + 0.009069692|R2:|0.9823063220138607
$v_2$ Beam Energy|1200|TestSize|0.25|try 2 Model:|-x1*(-x0*(x0*7.675601e-5 - 0.00043834376) - 0.00028340676) - 1*0.05962744 + 9.040037/x1|R2:|0.9919496660155565
$v_2$ Beam Energy|1200|TestSize|0.25|try 3 Model:|x1*(x0*(x0*7.9808364e-5 - 1*0.00044803316) - 1*(-0.0001942447))|R2:|0.9846552647422697
$v_2$ Beam Energy|1200|TestSize|0.25|try 4 Model:|x1*(-0.08832878 + 0.03231304/x0)**3|R2:|0.9871278613860683
$v_2$ Beam Energy|1200|TestSize|0.15|try 0 Model:|x1*(-0.0010742694 - (-1)*0.002903201/(x0 + 2.2259798))|R2:|0.9835652806547042
$v_2$ Beam Energy|1200|TestSize|0.15|try 1 Model:|x0*(-0.00021027951)*x1 + 0.011973037/x0|R2:|0.9866565898468683
$v_2$ Beam Energy|1200|TestSize|0.15|try 2 Model:|x0*(-0.00020961394)*x1 - (-1)*0.011850979/x0|R2:|0.9884520927192672
$v_2$ Beam Energy|1200|TestSize|0.15|try 3 Model:|x1*(-0.0002109172)*x0 + 0.012143894/x0|R2:|0.989581448836813
$v_2$ Beam Energy|1200|TestSize|0.15|try 4 Model:|x1*x0*(-0.00020944803) + 0.011993914/x0|R2:|0.9740961419823639
$v_2$ Beam Energy|1200|TestSize|0.1|try 0 Model:|x1*x0*(-0.00021157625) + 0.012388788/x0|R2:|0.9907698103897822
$v_2$ Beam Energy|1200|TestSize|0.1|try 1 Model:|x0*x1*(-0.00021020128) + 0.012023361/x0|R2:|0.9943549104339622
$v_2$ Beam Energy|1200|TestSize|0.1|try 2 Model:|x1*(x0*(x0*7.717297e-5 - 0.00044210735) + 0.00019237415)|R2:|0.9642015878138932
$v_2$ Beam Energy|1200|TestSize|0.1|try 3 Model:|x1*(-0.08841513 + 0.032376193/x0)**3|R2:|0.9874861144305161
$v_2$ Beam Energy|1200|TestSize|0.1|try 4 Model:|x0*x1*(-0.0002103547) + 0.012147203/x0|R2:|0.9964274225681655
$v_2$ Beam Energy|1200|TestSize|0.05|try 0 Model:|x1*(0.00019344447 - x0*(0.00044539137 - 7.8599536e-5*x0))|R2:|0.8977172344855989
$v_2$ Beam Energy|1200|TestSize|0.05|try 1 Model:|x1*x0*(-0.0002111758) + 0.012250061/x0|R2:|0.9879326091531274
$v_2$ Beam Energy|1200|TestSize|0.05|try 2 Model:|x1*(-0.0010614054 + 0.0027946793/(x0 + 2.1483274))|R2:|0.9818824558065102
$v_2$ Beam Energy|1200|TestSize|0.05|try 3 Model:|x1*(-0.0010467585 + 0.0026985016/(x0 + 2.0926983))|R2:|0.9944475172057169
$v_2$ Beam Energy|1200|TestSize|0.05|try 4 Model:|x1*(-0.00021077807)*x0 - (-1)*0.012110903/x0|R2:|0.9903954658847827
