v_2 Beam Energy|xy|TestSize|0.5|try 0 Model: |x0/(-(-1)*0.0753727062081814*x1**3 - 1.3925909) - x1/1.8877451|R2:|0.9405532590581286
v_2 Beam Energy|xy|TestSize|0.5|try 1 Model: |(-0.48806286 - (-1)*4.832081e-8/(x1**4))*(-x0*(-(-0.21092452)*(x0 - x1) - 1.5660356) + x1 - 1*(-0.12473493))|R2:|0.376498262753415
v_2 Beam Energy|xy|TestSize|0.5|try 2 Model: |x1*(-0.5962205) - (x0 - 0.025966464/(x1 + 1.5322968))*((-x0 + x1)*0.066203445 + 0.64844435)|R2:|0.973229847383044
v_2 Beam Energy|xy|TestSize|0.5|try 3 Model: |-0.6999633*x0 + x1*(-0.039738167*(x0 - 0.7052365)**3 - 0.5906525)|R2:|0.9482826948648867
v_2 Beam Energy|xy|TestSize|0.5|try 4 Model: |(x0 + x1*(1.8341848 - x0)**3*(-0.017388191) + x1)*(-0.73364526)|R2:|0.9618133064199624
v_2 Beam Energy|xy|TestSize|0.25|try 0 Model: |-x0 + (0.30336785 - (-0.06490538)*x0)*(x0 - 1.7542539*x1)|R2:|0.9278478943649225
v_2 Beam Energy|xy|TestSize|0.25|try 1 Model: |(-(-1.3377495)*x0 + x1)*(-0.49396586)|R2:|0.9193535540815805
v_2 Beam Energy|xy|TestSize|0.25|try 2 Model: |-x0 + (0.3047579 - (-0.07365113)*x0)*(x0 - 1.6782931*x1)|R2:|0.9833377704940054
v_2 Beam Energy|xy|TestSize|0.25|try 3 Model: |(x0/((-x0 + x1)*0.07019333 - 0.78708005) - x1)*0.52536994|R2:|0.9267540632289027
v_2 Beam Energy|xy|TestSize|0.25|try 4 Model: |x0*(-(x0*(-0.06214336) + x1*0.14930029) - 0.70258343) - 0.50643307*x1|R2:|0.9810413418597249
v_2 Beam Energy|xy|TestSize|0.15|try 0 Model: |(-x0 + x1*(-0.66196537) + ((x1 - 0.7013615)*(-0.31007302)*x0 + 0.2533679)**3)*0.78491265|R2:|0.8394972391689257
v_2 Beam Energy|xy|TestSize|0.15|try 1 Model: |(x0 - x1*(x0*(-0.28068748) - 0.7947384))*(-(-0.068277724)*x0 - 0.6794606)|R2:|0.9893451150309389
v_2 Beam Energy|xy|TestSize|0.15|try 2 Model: |(-x0 + x1*(-0.66177183) + 0.026518513/(x1 + 1.6096274))/1.331364|R2:|0.9763712410293658
v_2 Beam Energy|xy|TestSize|0.15|try 3 Model: |-x0/1.4201859 - 0.5040078*x1 + (-x0 + x1)**4*0.0038795443|R2:|0.8697307431693984
v_2 Beam Energy|xy|TestSize|0.15|try 4 Model: |-x0*((-(x0 - x1) - 0.100642584/(-x1 - 1.4906527))*0.080623016 + 0.70296097) + x1*(-0.52315956)|R2:|0.956594622148632
v_2 Beam Energy|xy|TestSize|0.1|try 0 Model: |x0*(-0.7251932 - 0.01589575/(x1 + 1.6796873)) - x1/2.0767515|R2:|0.9764418311711754
v_2 Beam Energy|xy|TestSize|0.1|try 1 Model: |(x0 + x1*(0.71559083 - (-0.2620634)*x0))*(x0*0.07086902 - 1*0.708414)|R2:|0.9921138873747398
v_2 Beam Energy|xy|TestSize|0.1|try 2 Model: |-0.73705035*x0 + x1/(-2.0387254 - 0.047398366/(-x0 - 1.7345793))|R2:|0.9800861907806809
v_2 Beam Energy|xy|TestSize|0.1|try 3 Model: |x0*((x0 - x1)*0.07813475 - 1*0.7382011) + x1*(-0.48957604 - 0.0003859508/(-x0 + x1))|R2:|0.9847704170039433
v_2 Beam Energy|xy|TestSize|0.1|try 4 Model: |(-x0 + x1*(-0.14264905*x0 - 0.7078783))/1.4067003|R2:|0.9644207556127837
v_2 Beam Energy|xy|TestSize|0.05|try 0 Model: |-0.71736157*x0 + x1*(-2.7710392)/(5.7441864 - 1.369596/(x0**3 + 5.793466))|R2:|0.9445734279035921
v_2 Beam Energy|xy|TestSize|0.05|try 1 Model: |(x0 + x1*(0.7965377 + (x0 - 0.51102114)**2*(-0.088274784)))*(-0.7265328)|R2:|0.9719985168167958
v_2 Beam Energy|xy|TestSize|0.05|try 2 Model: |-x0 + (0.505731 - (-0.1263784)*x0)*(x0*0.57366717 - x1)|R2:|0.9793062773600111
v_2 Beam Energy|xy|TestSize|0.05|try 3 Model: |(0.6994265 - 0.063517734*x0)*(-x0 + x1*(x0*(-0.26230407) - 1*0.7516747))|R2:|0.9639568989321138
v_2 Beam Energy|xy|TestSize|0.05|try 4 Model: |x0*((x0 - x1)/13.656916 - 1*0.6973622) + x1/(-1.9762875 - 0.017942086/(-x0 - 1.7916118))|R2:|0.9962944189102279
